#
# There is insufficient memory for the Java Runtime Environment to continue.
# Native memory allocation (malloc) failed to allocate 1067456 bytes. Error detail: Chunk::new
# Possible reasons:
#   The system is out of physical RAM or swap space
#   This process is running with CompressedOops enabled, and the Java Heap may be blocking the growth of the native heap
# Possible solutions:
#   Reduce memory load on the system
#   Increase physical memory or swap space
#   Check if swap backing store is full
#   Decrease Java heap size (-Xmx/-Xms)
#   Decrease number of Java threads
#   Decrease Java thread stack sizes (-Xss)
#   Set larger code cache with -XX:ReservedCodeCacheSize=
#   JVM is running with Unscaled Compressed Oops mode in which the Java heap is
#     placed in the first 4GB address space. The Java Heap base address is the
#     maximum limit for the native heap growth. Please use -XX:HeapBaseMinAddress
#     to set the Java Heap base and to place the Java Heap above 4GB virtual address.
# This output file may be truncated or incomplete.
#
#  Out of Memory Error (arena.cpp:168), pid=24552, tid=6680
#
# JRE version: OpenJDK Runtime Environment Temurin-21.0.11+10 (21.0.11+10) (build 21.0.11+10-LTS)
# Java VM: OpenJDK 64-Bit Server VM Temurin-21.0.11+10 (21.0.11+10-LTS, mixed mode, sharing, tiered, compressed oops, compressed class ptrs, parallel gc, windows-amd64)
# No core dump will be written. Minidumps are not enabled by default on client versions of Windows
#

---------------  S U M M A R Y ------------

Command Line: --add-modules=ALL-SYSTEM --add-opens=java.base/java.util=ALL-UNNAMED --add-opens=java.base/java.lang=ALL-UNNAMED --add-opens=java.base/sun.nio.fs=ALL-UNNAMED -Declipse.application=org.eclipse.jdt.ls.core.id1 -Dosgi.bundles.defaultStartLevel=4 -Declipse.product=org.eclipse.jdt.ls.core.product -Djava.import.generatesMetadataFilesAtProjectRoot=false -DDetectVMInstallationsJob.disabled=true -Dfile.encoding=utf8 -XX:+UseParallelGC -XX:GCTimeRatio=4 -XX:AdaptiveSizePolicyWeight=90 -Dsun.zip.disableMemoryMapping=true -Xmx2G -Xms100m -Xlog:disable -javaagent:c:\Users\Administrator\.vscode\extensions\redhat.java-1.55.0-win32-x64\lombok\lombok-1.18.39-4050.jar -XX:+HeapDumpOnOutOfMemoryError -XX:HeapDumpPath=c:\Users\Administrator\AppData\Roaming\Code\User\workspaceStorage\47d38d0315a5049dedd72c8bc73d439b\redhat.java -Daether.dependencyCollector.impl=bf c:\Users\Administrator\.vscode\extensions\redhat.java-1.55.0-win32-x64\server\plugins\org.eclipse.equinox.launcher_1.7.200.v20260619-2039.jar -configuration c:\Users\Administrator\AppData\Roaming\Code\User\globalStorage\redhat.java\1.55.0\config_win -data c:\Users\Administrator\AppData\Roaming\Code\User\workspaceStorage\47d38d0315a5049dedd72c8bc73d439b\redhat.java\jdt_ws --pipe=\\.\pipe\lsp-fa6f0fd3ff0cbcc13c932f974e3cf1a4-sock

Host: AMD Ryzen 5 PRO 5650U with Radeon Graphics     , 12 cores, 15G,  Windows 11 , 64 bit Build 26100 (10.0.26100.8875)
Time: Mon Aug  3 18:19:30 2026 E. Africa Standard Time elapsed time: 26.567558 seconds (0d 0h 0m 26s)

---------------  T H R E A D  ---------------

Current thread (0x000001ec901d6cf0):  JavaThread "C2 CompilerThread2" daemon [_thread_in_native, id=6680, stack(0x000000923d100000,0x000000923d200000) (1024K)]


Current CompileTask:
C2:26567 11791       4       org.eclipse.jdt.internal.compiler.lookup.BinaryTypeBinding::createMethod (1666 bytes)

Stack: [0x000000923d100000,0x000000923d200000]
Native frames: (J=compiled Java code, j=interpreted, Vv=VM code, C=native code)
V  [jvm.dll+0x6d7e19]
V  [jvm.dll+0x8b5096]
V  [jvm.dll+0x8b764e]
V  [jvm.dll+0x8b7d33]
V  [jvm.dll+0x284596]
V  [jvm.dll+0xc685d]
V  [jvm.dll+0xc6da1]
V  [jvm.dll+0x2fb4ee]
V  [jvm.dll+0x5fe9a4]
V  [jvm.dll+0x255d67]
V  [jvm.dll+0x25612d]
V  [jvm.dll+0x24e6a0]
V  [jvm.dll+0x24bbe6]
V  [jvm.dll+0x1cb4ae]
V  [jvm.dll+0x25baad]
V  [jvm.dll+0x25a03a]
V  [jvm.dll+0x3f868e]
V  [jvm.dll+0x85fb0d]
V  [jvm.dll+0x6d664d]
C  [ucrtbase.dll+0x2cd30]
C  [KERNEL32.DLL+0x2e957]
C  [ntdll.dll+0xaad6c]


---------------  P R O C E S S  ---------------

Threads class SMR info:
_java_thread_list=0x000001ec968de270, length=73, elements={
0x000001ec2ee4d230, 0x000001ec2eef3370, 0x000001ec2edfd9b0, 0x000001ec2eef5750,
0x000001ec2eef6640, 0x000001ec2eef8560, 0x000001ec2eefe670, 0x000001ec2ef07540,
0x000001ec87bda560, 0x000001ec87da6f10, 0x000001ec87f3ba40, 0x000001ec8d879a50,
0x000001ec8d82f370, 0x000001ec8da5f730, 0x000001ec8da60070, 0x000001ec8dc65000,
0x000001ec8dda7430, 0x000001ec8da08590, 0x000001ec87e4fa20, 0x000001ec87e50dd0,
0x000001ec87e50740, 0x000001ec87e500b0, 0x000001ec87e51af0, 0x000001ec87e52180,
0x000001ec87e52810, 0x000001ec8ec23dd0, 0x000001ec8ec24af0, 0x000001ec8ec25180,
0x000001ec8ec25ea0, 0x000001ec8ec24460, 0x000001ec8ec27250, 0x000001ec8ec27f70,
0x000001ec8ec26530, 0x000001ec8ec278e0, 0x000001ec8ec26bc0, 0x000001ec8ec28600,
0x000001ec8ec28c90, 0x000001ec8ec25810, 0x000001ec8ec29320, 0x000001ec8ec299b0,
0x000001ec8ec2a6d0, 0x000001ec8ec2ad60, 0x000001ec8ec2b3f0, 0x000001ec87e52ea0,
0x000001ec907f77f0, 0x000001ec907fb300, 0x000001ec907fac70, 0x000001ec907f9230,
0x000001ec907f7e80, 0x000001ec907fb990, 0x000001ec907fa5e0, 0x000001ec907f8510,
0x000001ec907fc020, 0x000001ec901d95d0, 0x000001ec901d6cf0, 0x000001ec907f9f50,
0x000001ec907fe780, 0x000001ec907fee10, 0x000001ec907fc6b0, 0x000001ec8efd7390,
0x000001ec8efd80b0, 0x000001ec8efd5fe0, 0x000001ec8efd7a20, 0x000001ec8efd8740,
0x000001ec8efd6d00, 0x000001ec8efd52c0, 0x000001ec8efd8dd0, 0x000001ec8efd5950,
0x000001ec8efdaea0, 0x000001ec8efdbbc0, 0x000001ec8efdc250, 0x000001ec8efdc8e0,
0x000001ec8efda180
}

Java Threads: ( => current thread )
  0x000001ec2ee4d230 JavaThread "main"                              [_thread_blocked, id=11664, stack(0x0000009238700000,0x0000009238800000) (1024K)]
  0x000001ec2eef3370 JavaThread "Reference Handler"          daemon [_thread_blocked, id=18760, stack(0x0000009238b00000,0x0000009238c00000) (1024K)]
  0x000001ec2edfd9b0 JavaThread "Finalizer"                  daemon [_thread_blocked, id=22900, stack(0x0000009238c00000,0x0000009238d00000) (1024K)]
  0x000001ec2eef5750 JavaThread "Signal Dispatcher"          daemon [_thread_blocked, id=23844, stack(0x0000009238d00000,0x0000009238e00000) (1024K)]
  0x000001ec2eef6640 JavaThread "Attach Listener"            daemon [_thread_blocked, id=23840, stack(0x0000009238e00000,0x0000009238f00000) (1024K)]
  0x000001ec2eef8560 JavaThread "Service Thread"             daemon [_thread_blocked, id=23608, stack(0x0000009238f00000,0x0000009239000000) (1024K)]
  0x000001ec2eefe670 JavaThread "Monitor Deflation Thread"   daemon [_thread_blocked, id=23828, stack(0x0000009239000000,0x0000009239100000) (1024K)]
  0x000001ec2ef07540 JavaThread "C2 CompilerThread0"         daemon [_thread_in_native, id=24080, stack(0x0000009239100000,0x0000009239200000) (1024K)]
  0x000001ec87bda560 JavaThread "C1 CompilerThread0"         daemon [_thread_in_vm, id=4408, stack(0x0000009239200000,0x0000009239300000) (1024K)]
  0x000001ec87da6f10 JavaThread "Common-Cleaner"             daemon [_thread_blocked, id=16716, stack(0x0000009239300000,0x0000009239400000) (1024K)]
  0x000001ec87f3ba40 JavaThread "Notification Thread"        daemon [_thread_blocked, id=24524, stack(0x0000009239500000,0x0000009239600000) (1024K)]
  0x000001ec8d879a50 JavaThread "Active Thread: Equinox Container: da227461-209b-4df3-8368-e8f147820446"        [_thread_blocked, id=13612, stack(0x0000009239d00000,0x0000009239e00000) (1024K)]
  0x000001ec8d82f370 JavaThread "Refresh Thread: Equinox Container: da227461-209b-4df3-8368-e8f147820446" daemon [_thread_blocked, id=22624, stack(0x0000009239e00000,0x0000009239f00000) (1024K)]
  0x000001ec8da5f730 JavaThread "Framework Event Dispatcher: Equinox Container: da227461-209b-4df3-8368-e8f147820446" daemon [_thread_blocked, id=23644, stack(0x0000009239f00000,0x000000923a000000) (1024K)]
  0x000001ec8da60070 JavaThread "Start Level: Equinox Container: da227461-209b-4df3-8368-e8f147820446" daemon [_thread_blocked, id=25148, stack(0x000000923a000000,0x000000923a100000) (1024K)]
  0x000001ec8dc65000 JavaThread "Bundle File Closer"         daemon [_thread_blocked, id=20352, stack(0x000000923a400000,0x000000923a500000) (1024K)]
  0x000001ec8dda7430 JavaThread "SCR Component Actor"        daemon [_thread_blocked, id=6832, stack(0x0000009239400000,0x0000009239500000) (1024K)]
  0x000001ec8da08590 JavaThread "Worker-JM"                         [_thread_blocked, id=20228, stack(0x000000923a600000,0x000000923a700000) (1024K)]
  0x000001ec87e4fa20 JavaThread "JNA Cleaner"                daemon [_thread_blocked, id=7984, stack(0x000000923a100000,0x000000923a200000) (1024K)]
  0x000001ec87e50dd0 JavaThread "Worker-0"                          [_thread_blocked, id=26760, stack(0x000000923a500000,0x000000923a600000) (1024K)]
  0x000001ec87e50740 JavaThread "Worker-1: Initialize workspace"        [_thread_blocked, id=2984, stack(0x000000923a700000,0x000000923a800000) (1024K)]
  0x000001ec87e500b0 JavaThread "Java indexing"              daemon [_thread_blocked, id=28416, stack(0x000000923a900000,0x000000923aa00000) (1024K)]
  0x000001ec87e51af0 JavaThread "Worker-2"                          [_thread_blocked, id=28460, stack(0x000000923ae00000,0x000000923af00000) (1024K)]
  0x000001ec87e52180 JavaThread "Worker-3: Building"                [_thread_blocked, id=28096, stack(0x000000923af00000,0x000000923b000000) (1024K)]
  0x000001ec87e52810 JavaThread "Worker-4"                          [_thread_blocked, id=4976, stack(0x000000923b000000,0x000000923b100000) (1024K)]
  0x000001ec8ec23dd0 JavaThread "Thread-1"                   daemon [_thread_in_native, id=28332, stack(0x000000923b100000,0x000000923b200000) (1024K)]
  0x000001ec8ec24af0 JavaThread "Thread-2"                   daemon [_thread_in_native, id=25248, stack(0x000000923b200000,0x000000923b300000) (1024K)]
  0x000001ec8ec25180 JavaThread "Thread-3"                   daemon [_thread_in_native, id=24696, stack(0x000000923b300000,0x000000923b400000) (1024K)]
  0x000001ec8ec25ea0 JavaThread "Thread-4"                   daemon [_thread_in_native, id=9580, stack(0x000000923b400000,0x000000923b500000) (1024K)]
  0x000001ec8ec24460 JavaThread "Thread-5"                   daemon [_thread_in_native, id=5228, stack(0x000000923b500000,0x000000923b600000) (1024K)]
  0x000001ec8ec27250 JavaThread "Thread-6"                   daemon [_thread_in_native, id=24736, stack(0x000000923b600000,0x000000923b700000) (1024K)]
  0x000001ec8ec27f70 JavaThread "Thread-7"                   daemon [_thread_in_native, id=24788, stack(0x000000923b700000,0x000000923b800000) (1024K)]
  0x000001ec8ec26530 JavaThread "Thread-8"                   daemon [_thread_in_native, id=27436, stack(0x000000923b800000,0x000000923b900000) (1024K)]
  0x000001ec8ec278e0 JavaThread "Thread-9"                   daemon [_thread_in_native, id=12728, stack(0x000000923b900000,0x000000923ba00000) (1024K)]
  0x000001ec8ec26bc0 JavaThread "Thread-10"                  daemon [_thread_in_native, id=252, stack(0x000000923ba00000,0x000000923bb00000) (1024K)]
  0x000001ec8ec28600 JavaThread "Thread-11"                  daemon [_thread_in_native, id=22644, stack(0x000000923bb00000,0x000000923bc00000) (1024K)]
  0x000001ec8ec28c90 JavaThread "Thread-12"                  daemon [_thread_in_native, id=4204, stack(0x000000923bc00000,0x000000923bd00000) (1024K)]
  0x000001ec8ec25810 JavaThread "Thread-13"                  daemon [_thread_in_native, id=16832, stack(0x000000923bd00000,0x000000923be00000) (1024K)]
  0x000001ec8ec29320 JavaThread "pool-2-thread-1"                   [_thread_blocked, id=25464, stack(0x000000923be00000,0x000000923bf00000) (1024K)]
  0x000001ec8ec299b0 JavaThread "WorkspaceEventsHandler"            [_thread_blocked, id=11876, stack(0x000000923bf00000,0x000000923c000000) (1024K)]
  0x000001ec8ec2a6d0 JavaThread "pool-1-thread-1"                   [_thread_blocked, id=21668, stack(0x000000923c000000,0x000000923c100000) (1024K)]
  0x000001ec8ec2ad60 JavaThread "PatternSearchJob-worker-1"  daemon [_thread_blocked, id=5060, stack(0x000000923c100000,0x000000923c200000) (1024K)]
  0x000001ec8ec2b3f0 JavaThread "PatternSearchJob-worker-2"  daemon [_thread_blocked, id=19540, stack(0x000000923c200000,0x000000923c300000) (1024K)]
  0x000001ec87e52ea0 JavaThread "PatternSearchJob-worker-3"  daemon [_thread_blocked, id=7816, stack(0x000000923c300000,0x000000923c400000) (1024K)]
  0x000001ec907f77f0 JavaThread "PatternSearchJob-worker-4"  daemon [_thread_blocked, id=21444, stack(0x000000923c400000,0x000000923c500000) (1024K)]
  0x000001ec907fb300 JavaThread "PatternSearchJob-worker-5"  daemon [_thread_blocked, id=4772, stack(0x000000923c500000,0x000000923c600000) (1024K)]
  0x000001ec907fac70 JavaThread "PatternSearchJob-worker-6"  daemon [_thread_blocked, id=23476, stack(0x000000923c600000,0x000000923c700000) (1024K)]
  0x000001ec907f9230 JavaThread "PatternSearchJob-worker-7"  daemon [_thread_blocked, id=12612, stack(0x000000923c700000,0x000000923c800000) (1024K)]
  0x000001ec907f7e80 JavaThread "PatternSearchJob-worker-8"  daemon [_thread_blocked, id=24420, stack(0x000000923c800000,0x000000923c900000) (1024K)]
  0x000001ec907fb990 JavaThread "PatternSearchJob-worker-9"  daemon [_thread_blocked, id=6500, stack(0x000000923c900000,0x000000923ca00000) (1024K)]
  0x000001ec907fa5e0 JavaThread "PatternSearchJob-worker-10" daemon [_thread_blocked, id=18748, stack(0x000000923ca00000,0x000000923cb00000) (1024K)]
  0x000001ec907f8510 JavaThread "PatternSearchJob-worker-11" daemon [_thread_blocked, id=18812, stack(0x000000923cb00000,0x000000923cc00000) (1024K)]
  0x000001ec907fc020 JavaThread "Worker-5"                          [_thread_blocked, id=27120, stack(0x000000923cc00000,0x000000923cd00000) (1024K)]
  0x000001ec901d95d0 JavaThread "C2 CompilerThread1"         daemon [_thread_in_native, id=22876, stack(0x000000923a800000,0x000000923a900000) (1024K)]
=>0x000001ec901d6cf0 JavaThread "C2 CompilerThread2"         daemon [_thread_in_native, id=6680, stack(0x000000923d100000,0x000000923d200000) (1024K)]
  0x000001ec907f9f50 JavaThread "ForkJoinPool.commonPool-worker-1" daemon [_thread_blocked, id=24944, stack(0x000000923aa00000,0x000000923ab00000) (1024K)]
  0x000001ec907fe780 JavaThread "ForkJoinPool.commonPool-worker-2" daemon [_thread_blocked, id=20260, stack(0x000000923cd00000,0x000000923ce00000) (1024K)]
  0x000001ec907fee10 JavaThread "ForkJoinPool.commonPool-worker-3" daemon [_thread_blocked, id=17508, stack(0x000000923ce00000,0x000000923cf00000) (1024K)]
  0x000001ec907fc6b0 JavaThread "ForkJoinPool.commonPool-worker-4" daemon [_thread_blocked, id=9688, stack(0x000000923cf00000,0x000000923d000000) (1024K)]
  0x000001ec8efd7390 JavaThread "LocalFile Deleter"          daemon [_thread_blocked, id=16720, stack(0x000000923d000000,0x000000923d100000) (1024K)]
  0x000001ec8efd80b0 JavaThread "LocalFile Deleter"          daemon [_thread_blocked, id=26708, stack(0x000000923d200000,0x000000923d300000) (1024K)]
  0x000001ec8efd5fe0 JavaThread "Compiler Source File Reader" daemon [_thread_blocked, id=28084, stack(0x000000923d300000,0x000000923d400000) (1024K)]
  0x000001ec8efd7a20 JavaThread "Compiler Source File Reader" daemon [_thread_blocked, id=27812, stack(0x000000923d400000,0x000000923d500000) (1024K)]
  0x000001ec8efd8740 JavaThread "Compiler Source File Reader" daemon [_thread_blocked, id=25388, stack(0x000000923d500000,0x000000923d600000) (1024K)]
  0x000001ec8efd6d00 JavaThread "Compiler Source File Reader" daemon [_thread_blocked, id=23756, stack(0x000000923d600000,0x000000923d700000) (1024K)]
  0x000001ec8efd52c0 JavaThread "Compiler Source File Reader" daemon [_thread_blocked, id=11388, stack(0x000000923d700000,0x000000923d800000) (1024K)]
  0x000001ec8efd8dd0 JavaThread "Compiler Source File Reader" daemon [_thread_blocked, id=17948, stack(0x000000923d800000,0x000000923d900000) (1024K)]
  0x000001ec8efd5950 JavaThread "Compiler Source File Reader" daemon [_thread_blocked, id=17444, stack(0x000000923d900000,0x000000923da00000) (1024K)]
  0x000001ec8efdaea0 JavaThread "Compiler Source File Reader" daemon [_thread_blocked, id=27956, stack(0x000000923da00000,0x000000923db00000) (1024K)]
  0x000001ec8efdbbc0 JavaThread "Compiler Source File Reader" daemon [_thread_blocked, id=8792, stack(0x000000923db00000,0x000000923dc00000) (1024K)]
  0x000001ec8efdc250 JavaThread "Compiler Source File Reader" daemon [_thread_blocked, id=20704, stack(0x000000923dc00000,0x000000923dd00000) (1024K)]
  0x000001ec8efdc8e0 JavaThread "Compiler Processing Task"   daemon [_thread_in_Java, id=22388, stack(0x000000923dd00000,0x000000923de00000) (1024K)]
  0x000001ec8efda180 JavaThread "Compiler Class File Writer" daemon [_thread_blocked, id=24444, stack(0x000000923de00000,0x000000923df00000) (1024K)]
Total: 73

Other Threads:
  0x000001ec2ede2d00 VMThread "VM Thread"                           [id=23892, stack(0x0000009238a00000,0x0000009238b00000) (1024K)]
  0x000001ec2ecdca00 WatcherThread "VM Periodic Task Thread"        [id=25584, stack(0x0000009238900000,0x0000009238a00000) (1024K)]
  0x000001ec2ee6a570 WorkerThread "GC Thread#0"                     [id=12688, stack(0x0000009238800000,0x0000009238900000) (1024K)]
  0x000001ec8d63a6b0 WorkerThread "GC Thread#1"                     [id=23748, stack(0x0000009239700000,0x0000009239800000) (1024K)]
  0x000001ec8d63bcd0 WorkerThread "GC Thread#2"                     [id=17184, stack(0x0000009239800000,0x0000009239900000) (1024K)]
  0x000001ec8d63b570 WorkerThread "GC Thread#3"                     [id=1608, stack(0x0000009239900000,0x0000009239a00000) (1024K)]
  0x000001ec8d63a300 WorkerThread "GC Thread#4"                     [id=11156, stack(0x0000009239a00000,0x0000009239b00000) (1024K)]
  0x000001ec8d63ae10 WorkerThread "GC Thread#5"                     [id=23664, stack(0x0000009239b00000,0x0000009239c00000) (1024K)]
  0x000001ec8d63b1c0 WorkerThread "GC Thread#6"                     [id=23632, stack(0x0000009239c00000,0x0000009239d00000) (1024K)]
  0x000001ec8d63b920 WorkerThread "GC Thread#7"                     [id=24184, stack(0x0000009239600000,0x0000009239700000) (1024K)]
  0x000001ec8d73c750 WorkerThread "GC Thread#8"                     [id=4972, stack(0x000000923a200000,0x000000923a300000) (1024K)]
  0x000001ec8d73d9c0 WorkerThread "GC Thread#9"                     [id=25544, stack(0x000000923a300000,0x000000923a400000) (1024K)]
Total: 12

Threads with active compile tasks:
C2 CompilerThread0  27648 12001       4       lombok.eclipse.EclipseNode::traverse (800 bytes)
C1 CompilerThread0  27648 12098   !   2       lombok.launch.PatchFixesHider$Util::invokeMethod (22 bytes)
C2 CompilerThread1  27648 11961       4       org.eclipse.jdt.internal.compiler.lookup.TypeBinding::notEquals (76 bytes)
C2 CompilerThread2  27648 11791       4       org.eclipse.jdt.internal.compiler.lookup.BinaryTypeBinding::createMethod (1666 bytes)
Total: 4

VM state: not at safepoint (normal execution)

VM Mutex/Monitor currently owned by a thread: None

Heap address: 0x0000000080000000, size: 2048 MB, Compressed Oops mode: 32-bit

CDS archive(s) mapped at: [0x000001ec46000000-0x000001ec46ba0000-0x000001ec46ba0000), size 12189696, SharedBaseAddress: 0x000001ec46000000, ArchiveRelocationMode: 1.
Compressed class space mapped at: 0x000001ec47000000-0x000001ec87000000, reserved size: 1073741824
Narrow klass base: 0x000001ec46000000, Narrow klass shift: 0, Narrow klass range: 0x100000000

GC Precious Log:
 CardTable entry size: 512
 CPUs: 12 total, 12 available
 Memory: 15681M
 Large Page Support: Disabled
 NUMA Support: Disabled
 Compressed Oops: Enabled (32-bit)
 Alignments: Space 512K, Generation 512K, Heap 2M
 Heap Min Capacity: 100M
 Heap Initial Capacity: 100M
 Heap Max Capacity: 2G
 Pre-touch: Disabled
 Parallel Workers: 10

Heap:
 PSYoungGen      total 13312K, used 11838K [0x00000000d5580000, 0x00000000d6600000, 0x0000000100000000)
  eden space 11776K, 87% used [0x00000000d5580000,0x00000000d5f9b360,0x00000000d6100000)
  from space 1536K, 96% used [0x00000000d6480000,0x00000000d65f45f8,0x00000000d6600000)
  to   space 2048K, 0% used [0x00000000d6200000,0x00000000d6200000,0x00000000d6400000)
 ParOldGen       total 102912K, used 102658K [0x0000000080000000, 0x0000000086480000, 0x00000000d5580000)
  object space 102912K, 99% used [0x0000000080000000,0x00000000864408a8,0x0000000086480000)
 Metaspace       used 67435K, committed 68992K, reserved 1114112K
  class space    used 7175K, committed 7808K, reserved 1048576K

Card table byte_map: [0x000001ec2e7f0000,0x000001ec2ec00000] _byte_map_base: 0x000001ec2e3f0000

Marking Bits: (ParMarkBitMap*) 0x00007ffa52ed4460
 Begin Bits: [0x000001ec41300000, 0x000001ec43300000)
 End Bits:   [0x000001ec43300000, 0x000001ec45300000)

Polling page: 0x000001ec2cc30000

Metaspace:

Usage:
  Non-class:     58.85 MB used.
      Class:      7.01 MB used.
       Both:     65.85 MB used.

Virtual space:
  Non-class space:       64.00 MB reserved,      59.75 MB ( 93%) committed,  1 nodes.
      Class space:        1.00 GB reserved,       7.62 MB ( <1%) committed,  1 nodes.
             Both:        1.06 GB reserved,      67.38 MB (  6%) committed. 

Chunk freelists:
   Non-Class:  4.02 MB
       Class:  8.33 MB
        Both:  12.34 MB

MaxMetaspaceSize: unlimited
CompressedClassSpaceSize: 1.00 GB
Initial GC threshold: 21.00 MB
Current GC threshold: 98.12 MB
CDS: on
 - commit_granule_bytes: 65536.
 - commit_granule_words: 8192.
 - virtual_space_node_default_size: 8388608.
 - enlarge_chunks_in_place: 1.
 - use_allocation_guard: 0.


Internal statistics:

num_allocs_failed_limit: 13.
num_arena_births: 1304.
num_arena_deaths: 22.
num_vsnodes_births: 2.
num_vsnodes_deaths: 0.
num_space_committed: 1078.
num_space_uncommitted: 0.
num_chunks_returned_to_freelist: 39.
num_chunks_taken_from_freelist: 4567.
num_chunk_merges: 24.
num_chunk_splits: 2774.
num_chunks_enlarged: 1518.
num_inconsistent_stats: 0.

CodeHeap 'non-profiled nmethods': size=120000Kb used=7414Kb max_used=7414Kb free=112585Kb
 bounds [0x000001ec39b20000, 0x000001ec3a260000, 0x000001ec41050000]
CodeHeap 'profiled nmethods': size=120000Kb used=25641Kb max_used=25641Kb free=94358Kb
 bounds [0x000001ec32050000, 0x000001ec33960000, 0x000001ec39580000]
CodeHeap 'non-nmethods': size=5760Kb used=1454Kb max_used=1537Kb free=4305Kb
 bounds [0x000001ec39580000, 0x000001ec397f0000, 0x000001ec39b20000]
CodeCache: size=245760Kb, used=34509Kb, max_used=34592Kb, free=211248Kb
 total_blobs=12106, nmethods=11334, adapters=677, full_count=0
Compilation: enabled, stopped_count=0, restarted_count=0

Compilation events (20 events):
Event: 25.555 Thread 0x000001ec87bda560 nmethod 12017 0x000001ec3a253c10 code [0x000001ec3a253da0, 0x000001ec3a253e68]
Event: 25.555 Thread 0x000001ec87bda560 12015       1       org.eclipse.jdt.internal.compiler.lookup.TypeBinding::typeArgumentDepth (2 bytes)
Event: 25.555 Thread 0x000001ec87bda560 nmethod 12015 0x000001ec3a253f10 code [0x000001ec3a2540a0, 0x000001ec3a254168]
Event: 25.556 Thread 0x000001ec87bda560 12000       1       org.eclipse.jdt.internal.compiler.lookup.ClassScope::referenceType (5 bytes)
Event: 25.556 Thread 0x000001ec87bda560 nmethod 12000 0x000001ec3a254210 code [0x000001ec3a2543a0, 0x000001ec3a254468]
Event: 25.556 Thread 0x000001ec87bda560 12025       1       org.eclipse.core.internal.events.ResourceDeltaInfo::getMarkerDeltas (5 bytes)
Event: 25.556 Thread 0x000001ec87bda560 nmethod 12025 0x000001ec3a254510 code [0x000001ec3a2546a0, 0x000001ec3a254768]
Event: 25.556 Thread 0x000001ec87bda560 12022       1       org.eclipse.core.internal.events.ResourceDelta::setOldInfo (6 bytes)
Event: 25.556 Thread 0x000001ec87bda560 nmethod 12022 0x000001ec3a254810 code [0x000001ec3a2549a0, 0x000001ec3a254a80]
Event: 25.556 Thread 0x000001ec87bda560 12023       1       org.eclipse.core.internal.events.ResourceDelta::setNewInfo (6 bytes)
Event: 25.556 Thread 0x000001ec87bda560 nmethod 12023 0x000001ec3a254b10 code [0x000001ec3a254ca0, 0x000001ec3a254d80]
Event: 25.556 Thread 0x000001ec87bda560 12024       1       org.eclipse.core.internal.events.ResourceDelta::setChildren (6 bytes)
Event: 25.556 Thread 0x000001ec87bda560 nmethod 12024 0x000001ec3a254e10 code [0x000001ec3a254fa0, 0x000001ec3a255080]
Event: 25.556 Thread 0x000001ec87bda560 12026       1       org.eclipse.core.internal.events.ResourceDeltaInfo::getNodeIDMap (5 bytes)
Event: 25.557 Thread 0x000001ec87bda560 nmethod 12026 0x000001ec3a255110 code [0x000001ec3a2552a0, 0x000001ec3a255368]
Event: 25.557 Thread 0x000001ec87bda560 12028       1       org.eclipse.core.internal.events.ResourceDeltaInfo::getWorkspace (5 bytes)
Event: 25.557 Thread 0x000001ec87bda560 nmethod 12028 0x000001ec3a255410 code [0x000001ec3a2555a0, 0x000001ec3a255668]
Event: 25.558 Thread 0x000001ec87bda560 12030       1       org.eclipse.core.internal.jobs.InternalJob::getListeners (5 bytes)
Event: 25.558 Thread 0x000001ec87bda560 nmethod 12030 0x000001ec3a255710 code [0x000001ec3a2558a0, 0x000001ec3a255968]
Event: 25.560 Thread 0x000001ec87bda560 12032       3       java.util.IdentityHashMap::put (137 bytes)

GC Heap History (20 events):
Event: 21.915 GC heap before
{Heap before GC invocations=134 (full 3):
 PSYoungGen      total 16384K, used 16360K [0x00000000d5580000, 0x00000000d6980000, 0x0000000100000000)
  eden space 15360K, 99% used [0x00000000d5580000,0x00000000d647fe58,0x00000000d6480000)
  from space 1024K, 97% used [0x00000000d6680000,0x00000000d677a380,0x00000000d6780000)
  to   space 2048K, 0% used [0x00000000d6480000,0x00000000d6480000,0x00000000d6680000)
 ParOldGen       total 91136K, used 90961K [0x0000000080000000, 0x0000000085900000, 0x00000000d5580000)
  object space 91136K, 99% used [0x0000000080000000,0x00000000858d46d0,0x0000000085900000)
 Metaspace       used 63084K, committed 64640K, reserved 1114112K
  class space    used 6781K, committed 7424K, reserved 1048576K
}
Event: 21.916 GC heap after
{Heap after GC invocations=134 (full 3):
 PSYoungGen      total 16384K, used 579K [0x00000000d5580000, 0x00000000d6700000, 0x0000000100000000)
  eden space 15360K, 0% used [0x00000000d5580000,0x00000000d5580000,0x00000000d6480000)
  from space 1024K, 56% used [0x00000000d6480000,0x00000000d6510c50,0x00000000d6580000)
  to   space 1024K, 0% used [0x00000000d6600000,0x00000000d6600000,0x00000000d6700000)
 ParOldGen       total 92160K, used 91958K [0x0000000080000000, 0x0000000085a00000, 0x00000000d5580000)
  object space 92160K, 99% used [0x0000000080000000,0x00000000859cd950,0x0000000085a00000)
 Metaspace       used 63084K, committed 64640K, reserved 1114112K
  class space    used 6781K, committed 7424K, reserved 1048576K
}
Event: 21.973 GC heap before
{Heap before GC invocations=135 (full 3):
 PSYoungGen      total 16384K, used 15939K [0x00000000d5580000, 0x00000000d6700000, 0x0000000100000000)
  eden space 15360K, 100% used [0x00000000d5580000,0x00000000d6480000,0x00000000d6480000)
  from space 1024K, 56% used [0x00000000d6480000,0x00000000d6510c50,0x00000000d6580000)
  to   space 1024K, 0% used [0x00000000d6600000,0x00000000d6600000,0x00000000d6700000)
 ParOldGen       total 92160K, used 91958K [0x0000000080000000, 0x0000000085a00000, 0x00000000d5580000)
  object space 92160K, 99% used [0x0000000080000000,0x00000000859cd950,0x0000000085a00000)
 Metaspace       used 63460K, committed 64960K, reserved 1114112K
  class space    used 6814K, committed 7424K, reserved 1048576K
}
Event: 21.976 GC heap after
{Heap after GC invocations=135 (full 3):
 PSYoungGen      total 16384K, used 752K [0x00000000d5580000, 0x00000000d6700000, 0x0000000100000000)
  eden space 15360K, 0% used [0x00000000d5580000,0x00000000d5580000,0x00000000d6480000)
  from space 1024K, 73% used [0x00000000d6600000,0x00000000d66bc010,0x00000000d6700000)
  to   space 1024K, 0% used [0x00000000d6480000,0x00000000d6480000,0x00000000d6580000)
 ParOldGen       total 92672K, used 92343K [0x0000000080000000, 0x0000000085a80000, 0x00000000d5580000)
  object space 92672K, 99% used [0x0000000080000000,0x0000000085a2ddc0,0x0000000085a80000)
 Metaspace       used 63460K, committed 64960K, reserved 1114112K
  class space    used 6814K, committed 7424K, reserved 1048576K
}
Event: 22.064 GC heap before
{Heap before GC invocations=136 (full 3):
 PSYoungGen      total 16384K, used 16099K [0x00000000d5580000, 0x00000000d6700000, 0x0000000100000000)
  eden space 15360K, 99% used [0x00000000d5580000,0x00000000d647ce20,0x00000000d6480000)
  from space 1024K, 73% used [0x00000000d6600000,0x00000000d66bc010,0x00000000d6700000)
  to   space 1024K, 0% used [0x00000000d6480000,0x00000000d6480000,0x00000000d6580000)
 ParOldGen       total 92672K, used 92343K [0x0000000080000000, 0x0000000085a80000, 0x00000000d5580000)
  object space 92672K, 99% used [0x0000000080000000,0x0000000085a2ddc0,0x0000000085a80000)
 Metaspace       used 63606K, committed 65152K, reserved 1114112K
  class space    used 6829K, committed 7488K, reserved 1048576K
}
Event: 22.067 GC heap after
{Heap after GC invocations=136 (full 3):
 PSYoungGen      total 16384K, used 997K [0x00000000d5580000, 0x00000000d6a80000, 0x0000000100000000)
  eden space 15360K, 0% used [0x00000000d5580000,0x00000000d5580000,0x00000000d6480000)
  from space 1024K, 97% used [0x00000000d6480000,0x00000000d6579700,0x00000000d6580000)
  to   space 3072K, 0% used [0x00000000d6780000,0x00000000d6780000,0x00000000d6a80000)
 ParOldGen       total 93696K, used 93661K [0x0000000080000000, 0x0000000085b80000, 0x00000000d5580000)
  object space 93696K, 99% used [0x0000000080000000,0x0000000085b77408,0x0000000085b80000)
 Metaspace       used 63606K, committed 65152K, reserved 1114112K
  class space    used 6829K, committed 7488K, reserved 1048576K
}
Event: 22.148 GC heap before
{Heap before GC invocations=137 (full 3):
 PSYoungGen      total 16384K, used 16357K [0x00000000d5580000, 0x00000000d6a80000, 0x0000000100000000)
  eden space 15360K, 100% used [0x00000000d5580000,0x00000000d6480000,0x00000000d6480000)
  from space 1024K, 97% used [0x00000000d6480000,0x00000000d6579700,0x00000000d6580000)
  to   space 3072K, 0% used [0x00000000d6780000,0x00000000d6780000,0x00000000d6a80000)
 ParOldGen       total 93696K, used 93661K [0x0000000080000000, 0x0000000085b80000, 0x00000000d5580000)
  object space 93696K, 99% used [0x0000000080000000,0x0000000085b77408,0x0000000085b80000)
 Metaspace       used 63687K, committed 65280K, reserved 1114112K
  class space    used 6833K, committed 7488K, reserved 1048576K
}
Event: 22.152 GC heap after
{Heap after GC invocations=137 (full 3):
 PSYoungGen      total 17408K, used 1929K [0x00000000d5580000, 0x00000000d6980000, 0x0000000100000000)
  eden space 15360K, 0% used [0x00000000d5580000,0x00000000d5580000,0x00000000d6480000)
  from space 2048K, 94% used [0x00000000d6780000,0x00000000d69626c8,0x00000000d6980000)
  to   space 2560K, 0% used [0x00000000d6480000,0x00000000d6480000,0x00000000d6700000)
 ParOldGen       total 94720K, used 94485K [0x0000000080000000, 0x0000000085c80000, 0x00000000d5580000)
  object space 94720K, 99% used [0x0000000080000000,0x0000000085c45660,0x0000000085c80000)
 Metaspace       used 63687K, committed 65280K, reserved 1114112K
  class space    used 6833K, committed 7488K, reserved 1048576K
}
Event: 22.203 GC heap before
{Heap before GC invocations=138 (full 3):
 PSYoungGen      total 17408K, used 17285K [0x00000000d5580000, 0x00000000d6980000, 0x0000000100000000)
  eden space 15360K, 99% used [0x00000000d5580000,0x00000000d647ef40,0x00000000d6480000)
  from space 2048K, 94% used [0x00000000d6780000,0x00000000d69626c8,0x00000000d6980000)
  to   space 2560K, 0% used [0x00000000d6480000,0x00000000d6480000,0x00000000d6700000)
 ParOldGen       total 94720K, used 94485K [0x0000000080000000, 0x0000000085c80000, 0x00000000d5580000)
  object space 94720K, 99% used [0x0000000080000000,0x0000000085c45660,0x0000000085c80000)
 Metaspace       used 63784K, committed 65344K, reserved 1114112K
  class space    used 6842K, committed 7488K, reserved 1048576K
}
Event: 22.207 GC heap after
{Heap after GC invocations=138 (full 3):
 PSYoungGen      total 16896K, used 1459K [0x00000000d5580000, 0x00000000d6880000, 0x0000000100000000)
  eden space 15360K, 0% used [0x00000000d5580000,0x00000000d5580000,0x00000000d6480000)
  from space 1536K, 95% used [0x00000000d6480000,0x00000000d65ecdd8,0x00000000d6600000)
  to   space 2048K, 0% used [0x00000000d6680000,0x00000000d6680000,0x00000000d6880000)
 ParOldGen       total 95744K, used 95349K [0x0000000080000000, 0x0000000085d80000, 0x00000000d5580000)
  object space 95744K, 99% used [0x0000000080000000,0x0000000085d1d660,0x0000000085d80000)
 Metaspace       used 63784K, committed 65344K, reserved 1114112K
  class space    used 6842K, committed 7488K, reserved 1048576K
}
Event: 22.382 GC heap before
{Heap before GC invocations=139 (full 3):
 PSYoungGen      total 16896K, used 16819K [0x00000000d5580000, 0x00000000d6880000, 0x0000000100000000)
  eden space 15360K, 100% used [0x00000000d5580000,0x00000000d6480000,0x00000000d6480000)
  from space 1536K, 95% used [0x00000000d6480000,0x00000000d65ecdd8,0x00000000d6600000)
  to   space 2048K, 0% used [0x00000000d6680000,0x00000000d6680000,0x00000000d6880000)
 ParOldGen       total 95744K, used 95349K [0x0000000080000000, 0x0000000085d80000, 0x00000000d5580000)
  object space 95744K, 99% used [0x0000000080000000,0x0000000085d1d660,0x0000000085d80000)
 Metaspace       used 65489K, committed 67008K, reserved 1114112K
  class space    used 6997K, committed 7616K, reserved 1048576K
}
Event: 22.385 GC heap after
{Heap after GC invocations=139 (full 3):
 PSYoungGen      total 17408K, used 1903K [0x00000000d5580000, 0x00000000d6880000, 0x0000000100000000)
  eden space 15360K, 0% used [0x00000000d5580000,0x00000000d5580000,0x00000000d6480000)
  from space 2048K, 92% used [0x00000000d6680000,0x00000000d685be00,0x00000000d6880000)
  to   space 2048K, 0% used [0x00000000d6480000,0x00000000d6480000,0x00000000d6680000)
 ParOldGen       total 95744K, used 95683K [0x0000000080000000, 0x0000000085d80000, 0x00000000d5580000)
  object space 95744K, 99% used [0x0000000080000000,0x0000000085d70de0,0x0000000085d80000)
 Metaspace       used 65489K, committed 67008K, reserved 1114112K
  class space    used 6997K, committed 7616K, reserved 1048576K
}
Event: 22.655 GC heap before
{Heap before GC invocations=140 (full 3):
 PSYoungGen      total 17408K, used 17259K [0x00000000d5580000, 0x00000000d6880000, 0x0000000100000000)
  eden space 15360K, 99% used [0x00000000d5580000,0x00000000d647ee10,0x00000000d6480000)
  from space 2048K, 92% used [0x00000000d6680000,0x00000000d685be00,0x00000000d6880000)
  to   space 2048K, 0% used [0x00000000d6480000,0x00000000d6480000,0x00000000d6680000)
 ParOldGen       total 95744K, used 95683K [0x0000000080000000, 0x0000000085d80000, 0x00000000d5580000)
  object space 95744K, 99% used [0x0000000080000000,0x0000000085d70de0,0x0000000085d80000)
 Metaspace       used 66306K, committed 67840K, reserved 1114112K
  class space    used 7071K, committed 7680K, reserved 1048576K
}
Event: 22.658 GC heap after
{Heap after GC invocations=140 (full 3):
 PSYoungGen      total 16384K, used 592K [0x00000000d5580000, 0x00000000d6780000, 0x0000000100000000)
  eden space 15360K, 0% used [0x00000000d5580000,0x00000000d5580000,0x00000000d6480000)
  from space 1024K, 57% used [0x00000000d6480000,0x00000000d6514050,0x00000000d6580000)
  to   space 1536K, 0% used [0x00000000d6600000,0x00000000d6600000,0x00000000d6780000)
 ParOldGen       total 96256K, used 96164K [0x0000000080000000, 0x0000000085e00000, 0x00000000d5580000)
  object space 96256K, 99% used [0x0000000080000000,0x0000000085de9278,0x0000000085e00000)
 Metaspace       used 66306K, committed 67840K, reserved 1114112K
  class space    used 7071K, committed 7680K, reserved 1048576K
}
Event: 22.822 GC heap before
{Heap before GC invocations=141 (full 3):
 PSYoungGen      total 16384K, used 15952K [0x00000000d5580000, 0x00000000d6780000, 0x0000000100000000)
  eden space 15360K, 100% used [0x00000000d5580000,0x00000000d6480000,0x00000000d6480000)
  from space 1024K, 57% used [0x00000000d6480000,0x00000000d6514050,0x00000000d6580000)
  to   space 1536K, 0% used [0x00000000d6600000,0x00000000d6600000,0x00000000d6780000)
 ParOldGen       total 96256K, used 96164K [0x0000000080000000, 0x0000000085e00000, 0x00000000d5580000)
  object space 96256K, 99% used [0x0000000080000000,0x0000000085de9278,0x0000000085e00000)
 Metaspace       used 66543K, committed 68032K, reserved 1114112K
  class space    used 7100K, committed 7680K, reserved 1048576K
}
Event: 22.825 GC heap after
{Heap after GC invocations=141 (full 3):
 PSYoungGen      total 13312K, used 1522K [0x00000000d5580000, 0x00000000d6e80000, 0x0000000100000000)
  eden space 11776K, 0% used [0x00000000d5580000,0x00000000d5580000,0x00000000d6100000)
  from space 1536K, 99% used [0x00000000d6600000,0x00000000d677caf8,0x00000000d6780000)
  to   space 5120K, 0% used [0x00000000d6100000,0x00000000d6100000,0x00000000d6600000)
 ParOldGen       total 99328K, used 98852K [0x0000000080000000, 0x0000000086100000, 0x00000000d5580000)
  object space 99328K, 99% used [0x0000000080000000,0x0000000086089188,0x0000000086100000)
 Metaspace       used 66543K, committed 68032K, reserved 1114112K
  class space    used 7100K, committed 7680K, reserved 1048576K
}
Event: 23.078 GC heap before
{Heap before GC invocations=142 (full 3):
 PSYoungGen      total 13312K, used 13298K [0x00000000d5580000, 0x00000000d6e80000, 0x0000000100000000)
  eden space 11776K, 100% used [0x00000000d5580000,0x00000000d6100000,0x00000000d6100000)
  from space 1536K, 99% used [0x00000000d6600000,0x00000000d677caf8,0x00000000d6780000)
  to   space 5120K, 0% used [0x00000000d6100000,0x00000000d6100000,0x00000000d6600000)
 ParOldGen       total 99328K, used 98852K [0x0000000080000000, 0x0000000086100000, 0x00000000d5580000)
  object space 99328K, 99% used [0x0000000080000000,0x0000000086089188,0x0000000086100000)
 Metaspace       used 66727K, committed 68288K, reserved 1114112K
  class space    used 7110K, committed 7744K, reserved 1048576K
}
Event: 23.081 GC heap after
{Heap after GC invocations=142 (full 3):
 PSYoungGen      total 14336K, used 2478K [0x00000000d5580000, 0x00000000d6800000, 0x0000000100000000)
  eden space 11776K, 0% used [0x00000000d5580000,0x00000000d5580000,0x00000000d6100000)
  from space 2560K, 96% used [0x00000000d6100000,0x00000000d636b810,0x00000000d6380000)
  to   space 3584K, 0% used [0x00000000d6480000,0x00000000d6480000,0x00000000d6800000)
 ParOldGen       total 100864K, used 100360K [0x0000000080000000, 0x0000000086280000, 0x00000000d5580000)
  object space 100864K, 99% used [0x0000000080000000,0x00000000862020d0,0x0000000086280000)
 Metaspace       used 66727K, committed 68288K, reserved 1114112K
  class space    used 7110K, committed 7744K, reserved 1048576K
}
Event: 23.299 GC heap before
{Heap before GC invocations=143 (full 3):
 PSYoungGen      total 14336K, used 14254K [0x00000000d5580000, 0x00000000d6800000, 0x0000000100000000)
  eden space 11776K, 100% used [0x00000000d5580000,0x00000000d6100000,0x00000000d6100000)
  from space 2560K, 96% used [0x00000000d6100000,0x00000000d636b810,0x00000000d6380000)
  to   space 3584K, 0% used [0x00000000d6480000,0x00000000d6480000,0x00000000d6800000)
 ParOldGen       total 100864K, used 100360K [0x0000000080000000, 0x0000000086280000, 0x00000000d5580000)
  object space 100864K, 99% used [0x0000000080000000,0x00000000862020d0,0x0000000086280000)
 Metaspace       used 67036K, committed 68544K, reserved 1114112K
  class space    used 7125K, committed 7744K, reserved 1048576K
}
Event: 23.302 GC heap after
{Heap after GC invocations=143 (full 3):
 PSYoungGen      total 13312K, used 1489K [0x00000000d5580000, 0x00000000d6600000, 0x0000000100000000)
  eden space 11776K, 0% used [0x00000000d5580000,0x00000000d5580000,0x00000000d6100000)
  from space 1536K, 96% used [0x00000000d6480000,0x00000000d65f45f8,0x00000000d6600000)
  to   space 2048K, 0% used [0x00000000d6200000,0x00000000d6200000,0x00000000d6400000)
 ParOldGen       total 102912K, used 102658K [0x0000000080000000, 0x0000000086480000, 0x00000000d5580000)
  object space 102912K, 99% used [0x0000000080000000,0x00000000864408a8,0x0000000086480000)
 Metaspace       used 67036K, committed 68544K, reserved 1114112K
  class space    used 7125K, committed 7744K, reserved 1048576K
}

Dll operation events (12 events):
Event: 0.027 Loaded shared library c:\Users\Administrator\.vscode\extensions\redhat.java-1.55.0-win32-x64\jre\21.0.11-win32-x86_64\bin\java.dll
Event: 0.156 Loaded shared library c:\Users\Administrator\.vscode\extensions\redhat.java-1.55.0-win32-x64\jre\21.0.11-win32-x86_64\bin\zip.dll
Event: 0.195 Loaded shared library C:\Users\Administrator\.vscode\extensions\redhat.java-1.55.0-win32-x64\jre\21.0.11-win32-x86_64\bin\instrument.dll
Event: 0.203 Loaded shared library C:\Users\Administrator\.vscode\extensions\redhat.java-1.55.0-win32-x64\jre\21.0.11-win32-x86_64\bin\net.dll
Event: 0.206 Loaded shared library C:\Users\Administrator\.vscode\extensions\redhat.java-1.55.0-win32-x64\jre\21.0.11-win32-x86_64\bin\nio.dll
Event: 0.211 Loaded shared library C:\Users\Administrator\.vscode\extensions\redhat.java-1.55.0-win32-x64\jre\21.0.11-win32-x86_64\bin\zip.dll
Event: 0.239 Loaded shared library C:\Users\Administrator\.vscode\extensions\redhat.java-1.55.0-win32-x64\jre\21.0.11-win32-x86_64\bin\jimage.dll
Event: 0.353 Loaded shared library c:\Users\Administrator\.vscode\extensions\redhat.java-1.55.0-win32-x64\jre\21.0.11-win32-x86_64\bin\verify.dll
Event: 2.113 Loaded shared library C:\Users\Administrator\AppData\Roaming\Code\User\globalStorage\redhat.java\1.55.0\config_win\org.eclipse.equinox.launcher\org.eclipse.equinox.launcher.win32.win32.x86_64_1.3.100.v20260613-0559\eclipse_11924.dll
Event: 6.106 Loaded shared library C:\Users\Administrator\AppData\Local\Temp\jna-146731693\jna12986164029502662572.dll
Event: 15.295 Loaded shared library C:\Users\Administrator\.vscode\extensions\redhat.java-1.55.0-win32-x64\jre\21.0.11-win32-x86_64\bin\management.dll
Event: 15.301 Loaded shared library C:\Users\Administrator\.vscode\extensions\redhat.java-1.55.0-win32-x64\jre\21.0.11-win32-x86_64\bin\management_ext.dll

Deoptimization events (20 events):
Event: 23.353 Thread 0x000001ec87e52180 Uncommon trap: trap_request=0xffffffc6 fr.pc=0x000001ec3a0204c4 relative=0x00000000000000a4
Event: 23.353 Thread 0x000001ec87e52180 Uncommon trap: reason=bimorphic_or_optimized_type_check action=maybe_recompile pc=0x000001ec3a0204c4 method=java.util.Collections$UnmodifiableMap$UnmodifiableEntrySet$1.hasNext()Z @ 4 c2
Event: 23.353 Thread 0x000001ec87e52180 DEOPT PACKING pc=0x000001ec3a0204c4 sp=0x000000923affe230
Event: 23.353 Thread 0x000001ec87e52180 DEOPT UNPACKING pc=0x000001ec395d3aa2 sp=0x000000923affe1c0 mode 2
Event: 23.356 Thread 0x000001ec8efdc8e0 Uncommon trap: trap_request=0xffffffc6 fr.pc=0x000001ec3a20b9a8 relative=0x00000000000004e8
Event: 23.356 Thread 0x000001ec8efdc8e0 Uncommon trap: reason=bimorphic_or_optimized_type_check action=maybe_recompile pc=0x000001ec3a20b9a8 method=org.eclipse.jdt.internal.compiler.parser.Parser.consumeRule(I)V @ 5970 c2
Event: 23.356 Thread 0x000001ec8efdc8e0 DEOPT PACKING pc=0x000001ec3a20b9a8 sp=0x000000923ddfeac0
Event: 23.356 Thread 0x000001ec8efdc8e0 DEOPT UNPACKING pc=0x000001ec395d3aa2 sp=0x000000923ddfea50 mode 2
Event: 23.379 Thread 0x000001ec8efdc8e0 Uncommon trap: trap_request=0xffffff45 fr.pc=0x000001ec3a20ec3c relative=0x000000000000377c
Event: 23.379 Thread 0x000001ec8efdc8e0 Uncommon trap: reason=unstable_if action=reinterpret pc=0x000001ec3a20ec3c method=org.eclipse.jdt.internal.compiler.parser.Parser.consumeRule(I)V @ 1 c2
Event: 23.379 Thread 0x000001ec8efdc8e0 DEOPT PACKING pc=0x000001ec3a20ec3c sp=0x000000923ddfeab0
Event: 23.379 Thread 0x000001ec8efdc8e0 DEOPT UNPACKING pc=0x000001ec395d3aa2 sp=0x000000923ddfea40 mode 2
Event: 24.125 Thread 0x000001ec907fc020 Uncommon trap: trap_request=0xffffffc6 fr.pc=0x000001ec3a1c8c80 relative=0x0000000000000f80
Event: 24.125 Thread 0x000001ec907fc020 Uncommon trap: reason=bimorphic_or_optimized_type_check action=maybe_recompile pc=0x000001ec3a1c8c80 method=org.eclipse.core.internal.dtree.AbstractDataTreeNode.assembleWith([Lorg/eclipse/core/internal/dtree/AbstractDataTreeNode;[Lorg/eclipse/core/interna
Event: 24.125 Thread 0x000001ec907fc020 DEOPT PACKING pc=0x000001ec3a1c8c80 sp=0x000000923ccfe210
Event: 24.125 Thread 0x000001ec907fc020 DEOPT UNPACKING pc=0x000001ec395d3aa2 sp=0x000000923ccfe1e0 mode 2
Event: 25.560 Thread 0x000001ec8efdc8e0 Uncommon trap: trap_request=0xffffff45 fr.pc=0x000001ec3a02edcc relative=0x00000000000003ec
Event: 25.560 Thread 0x000001ec8efdc8e0 Uncommon trap: reason=unstable_if action=reinterpret pc=0x000001ec3a02edcc method=java.util.IdentityHashMap.maskNull(Ljava/lang/Object;)Ljava/lang/Object; @ 1 c2
Event: 25.560 Thread 0x000001ec8efdc8e0 DEOPT PACKING pc=0x000001ec3a02edcc sp=0x000000923ddfcba0
Event: 25.560 Thread 0x000001ec8efdc8e0 DEOPT UNPACKING pc=0x000001ec395d3aa2 sp=0x000000923ddfcae8 mode 2

Classes loaded (20 events):
Event: 20.448 Loading class java/util/ImmutableCollections$SubList
Event: 20.449 Loading class java/util/ImmutableCollections$SubList done
Event: 20.916 Loading class java/util/stream/ReduceOps$4
Event: 20.916 Loading class java/util/stream/ReduceOps$4 done
Event: 20.916 Loading class java/util/stream/ReduceOps$4ReducingSink
Event: 20.917 Loading class java/util/stream/ReduceOps$4ReducingSink done
Event: 20.956 Loading class sun/nio/ch/ChannelOutputStream
Event: 20.956 Loading class sun/nio/ch/ChannelOutputStream done
Event: 21.140 Loading class java/lang/UnsupportedClassVersionError
Event: 21.140 Loading class java/lang/UnsupportedClassVersionError done
Event: 21.970 Loading class java/io/BufferedReader$1
Event: 21.970 Loading class java/io/BufferedReader$1 done
Event: 23.049 Loading class java/nio/file/Files$2
Event: 23.049 Loading class java/nio/file/Files$2 done
Event: 23.341 Loading class jdk/internal/module/IllegalAccessLogger
Event: 23.341 Loading class jdk/internal/module/IllegalAccessLogger done
Event: 23.354 Loading class java/util/concurrent/ArrayBlockingQueue
Event: 23.355 Loading class java/util/concurrent/ArrayBlockingQueue done
Event: 23.386 Loading class java/util/concurrent/ConcurrentHashMap$KeySpliterator
Event: 23.387 Loading class java/util/concurrent/ConcurrentHashMap$KeySpliterator done

Classes unloaded (11 events):
Event: 6.924 Thread 0x000001ec2ede2d00 Unloading class 0x000001ec471ad400 'java/lang/invoke/LambdaForm$MH+0x000001ec471ad400'
Event: 6.924 Thread 0x000001ec2ede2d00 Unloading class 0x000001ec471ad000 'java/lang/invoke/LambdaForm$MH+0x000001ec471ad000'
Event: 6.924 Thread 0x000001ec2ede2d00 Unloading class 0x000001ec471acc00 'java/lang/invoke/LambdaForm$MH+0x000001ec471acc00'
Event: 6.924 Thread 0x000001ec2ede2d00 Unloading class 0x000001ec471ac800 'java/lang/invoke/LambdaForm$MH+0x000001ec471ac800'
Event: 6.924 Thread 0x000001ec2ede2d00 Unloading class 0x000001ec471ac400 'java/lang/invoke/LambdaForm$BMH+0x000001ec471ac400'
Event: 6.924 Thread 0x000001ec2ede2d00 Unloading class 0x000001ec471ac000 'java/lang/invoke/LambdaForm$DMH+0x000001ec471ac000'
Event: 6.924 Thread 0x000001ec2ede2d00 Unloading class 0x000001ec471aac00 'java/lang/invoke/LambdaForm$DMH+0x000001ec471aac00'
Event: 19.462 Thread 0x000001ec2ede2d00 Unloading class 0x000001ec47621000 'java/lang/invoke/LambdaForm$DMH+0x000001ec47621000'
Event: 19.462 Thread 0x000001ec2ede2d00 Unloading class 0x000001ec47620800 'java/lang/invoke/LambdaForm$DMH+0x000001ec47620800'
Event: 19.462 Thread 0x000001ec2ede2d00 Unloading class 0x000001ec47621400 'java/lang/invoke/LambdaForm$DMH+0x000001ec47621400'
Event: 19.462 Thread 0x000001ec2ede2d00 Unloading class 0x000001ec47620c00 'java/lang/invoke/LambdaForm$DMH+0x000001ec47620c00'

Classes redefined (0 events):
No events

Internal exceptions (20 events):
Event: 22.632 Thread 0x000001ec87e500b0 Exception <a 'java/lang/NullPointerException'{0x00000000d62b20e0}> (0x00000000d62b20e0) 
thrown [s\src\hotspot\share\interpreter\linkResolver.cpp, line 1372]
Event: 22.632 Thread 0x000001ec87e500b0 Exception <a 'java/lang/NullPointerException'{0x00000000d62b2608}> (0x00000000d62b2608) 
thrown [s\src\hotspot\share\interpreter\linkResolver.cpp, line 1372]
Event: 22.683 Thread 0x000001ec87e52180 Exception <a 'sun/nio/fs/WindowsException'{0x00000000d56fd650}> (0x00000000d56fd650) 
thrown [s\src\hotspot\share\prims\jni.cpp, line 520]
Event: 22.684 Thread 0x000001ec8efd7390 Exception <a 'sun/nio/fs/WindowsException'{0x00000000d5701a28}> (0x00000000d5701a28) 
thrown [s\src\hotspot\share\prims\jni.cpp, line 520]
Event: 22.685 Thread 0x000001ec8efd7390 Exception <a 'sun/nio/fs/WindowsException'{0x00000000d5702f00}> (0x00000000d5702f00) 
thrown [s\src\hotspot\share\prims\jni.cpp, line 520]
Event: 22.923 Thread 0x000001ec87e52180 Exception <a 'java/lang/NullPointerException'{0x00000000d5a81c38}> (0x00000000d5a81c38) 
thrown [s\src\hotspot\share\interpreter\linkResolver.cpp, line 1372]
Event: 22.973 Thread 0x000001ec87e52180 Exception <a 'java/lang/NullPointerException'{0x00000000d5c247c0}> (0x00000000d5c247c0) 
thrown [s\src\hotspot\share\interpreter\linkResolver.cpp, line 1372]
Event: 23.013 Thread 0x000001ec87e52180 Exception <a 'java/lang/NullPointerException'{0x00000000d5d717a0}> (0x00000000d5d717a0) 
thrown [s\src\hotspot\share\interpreter\linkResolver.cpp, line 1372]
Event: 23.014 Thread 0x000001ec87e52180 Exception <a 'java/lang/NullPointerException'{0x00000000d5d720b8}> (0x00000000d5d720b8) 
thrown [s\src\hotspot\share\interpreter\linkResolver.cpp, line 1372]
Event: 23.014 Thread 0x000001ec87e52180 Exception <a 'java/lang/NullPointerException'{0x00000000d5d729a8}> (0x00000000d5d729a8) 
thrown [s\src\hotspot\share\interpreter\linkResolver.cpp, line 1372]
Event: 23.376 Thread 0x000001ec8efdc8e0 Exception <a 'java/lang/NoSuchMethodError'{0x00000000d5907d28}: 'void java.lang.invoke.DirectMethodHandle$Holder.invokeStatic(java.lang.Object, int, java.lang.Object)'> (0x00000000d5907d28) 
thrown [s\src\hotspot\share\interpreter\linkResolver.cpp, line 773]
Event: 23.390 Thread 0x000001ec87e52180 Exception <a 'java/lang/NoSuchMethodError'{0x00000000d595bc18}: 'java.lang.Object java.lang.invoke.DirectMethodHandle$Holder.newInvokeSpecial(java.lang.Object, java.lang.Object, int, int, java.lang.Object)'> (0x00000000d595bc18) 
thrown [s\src\hotspot\share\interpreter\linkResolver.cpp, line 773]
Event: 23.488 Thread 0x000001ec8efdc8e0 Exception <a 'java/lang/NullPointerException'{0x00000000d5a84258}> (0x00000000d5a84258) 
thrown [s\src\hotspot\share\interpreter\linkResolver.cpp, line 1372]
Event: 23.488 Thread 0x000001ec8efdc8e0 Exception <a 'java/lang/NullPointerException'{0x00000000d5a846a8}> (0x00000000d5a846a8) 
thrown [s\src\hotspot\share\interpreter\linkResolver.cpp, line 1372]
Event: 23.488 Thread 0x000001ec8efdc8e0 Exception <a 'java/lang/NullPointerException'{0x00000000d5a85248}> (0x00000000d5a85248) 
thrown [s\src\hotspot\share\interpreter\linkResolver.cpp, line 1372]
Event: 23.488 Thread 0x000001ec8efdc8e0 Exception <a 'java/lang/NullPointerException'{0x00000000d5a85680}> (0x00000000d5a85680) 
thrown [s\src\hotspot\share\interpreter\linkResolver.cpp, line 1372]
Event: 23.488 Thread 0x000001ec8efdc8e0 Exception <a 'java/lang/NullPointerException'{0x00000000d5a869a8}> (0x00000000d5a869a8) 
thrown [s\src\hotspot\share\interpreter\linkResolver.cpp, line 1372]
Event: 23.489 Thread 0x000001ec8efdc8e0 Exception <a 'java/lang/NullPointerException'{0x00000000d5a875b0}> (0x00000000d5a875b0) 
thrown [s\src\hotspot\share\interpreter\linkResolver.cpp, line 1372]
Event: 23.489 Thread 0x000001ec8efdc8e0 Exception <a 'java/lang/NullPointerException'{0x00000000d5a879e8}> (0x00000000d5a879e8) 
thrown [s\src\hotspot\share\interpreter\linkResolver.cpp, line 1372]
Event: 25.560 Thread 0x000001ec8efdc8e0 Implicit null exception at 0x000001ec3a02ea27 to 0x000001ec3a02edbc

ZGC Phase Switch (0 events):
No events

VM Operations (20 events):
Event: 22.152 Executing safepoint VM operation: ParallelGCFailedAllocation (Allocation Failure) done
Event: 22.203 Executing safepoint VM operation: ParallelGCFailedAllocation (Allocation Failure)
Event: 22.207 Executing safepoint VM operation: ParallelGCFailedAllocation (Allocation Failure) done
Event: 22.262 Executing non-safepoint VM operation: HandshakeAllThreads (Deoptimize)
Event: 22.262 Executing non-safepoint VM operation: HandshakeAllThreads (Deoptimize) done
Event: 22.269 Executing non-safepoint VM operation: HandshakeAllThreads (Deoptimize)
Event: 22.269 Executing non-safepoint VM operation: HandshakeAllThreads (Deoptimize) done
Event: 22.382 Executing safepoint VM operation: ParallelGCFailedAllocation (Allocation Failure)
Event: 22.385 Executing safepoint VM operation: ParallelGCFailedAllocation (Allocation Failure) done
Event: 22.655 Executing safepoint VM operation: ParallelGCFailedAllocation (Allocation Failure)
Event: 22.658 Executing safepoint VM operation: ParallelGCFailedAllocation (Allocation Failure) done
Event: 22.822 Executing safepoint VM operation: ParallelGCFailedAllocation (Allocation Failure)
Event: 22.825 Executing safepoint VM operation: ParallelGCFailedAllocation (Allocation Failure) done
Event: 23.078 Executing safepoint VM operation: ParallelGCFailedAllocation (Allocation Failure)
Event: 23.081 Executing safepoint VM operation: ParallelGCFailedAllocation (Allocation Failure) done
Event: 23.299 Executing safepoint VM operation: ParallelGCFailedAllocation (Allocation Failure)
Event: 23.302 Executing safepoint VM operation: ParallelGCFailedAllocation (Allocation Failure) done
Event: 24.303 Executing safepoint VM operation: Cleanup
Event: 25.545 Executing safepoint VM operation: Cleanup done
Event: 26.548 Executing safepoint VM operation: Cleanup

Memory protections (0 events):
No events

Nmethod flushes (20 events):
Event: 19.491 Thread 0x000001ec2ede2d00 flushing  nmethod 0x000001ec3280b810
Event: 19.491 Thread 0x000001ec2ede2d00 flushing  nmethod 0x000001ec3280d190
Event: 19.491 Thread 0x000001ec2ede2d00 flushing  nmethod 0x000001ec3280df10
Event: 19.491 Thread 0x000001ec2ede2d00 flushing  nmethod 0x000001ec32829290
Event: 19.491 Thread 0x000001ec2ede2d00 flushing  nmethod 0x000001ec32835190
Event: 19.491 Thread 0x000001ec2ede2d00 flushing  nmethod 0x000001ec3283f410
Event: 19.491 Thread 0x000001ec2ede2d00 flushing osr nmethod 0x000001ec32884190
Event: 19.491 Thread 0x000001ec2ede2d00 flushing  nmethod 0x000001ec328a8f90
Event: 19.491 Thread 0x000001ec2ede2d00 flushing  nmethod 0x000001ec328b1a90
Event: 19.491 Thread 0x000001ec2ede2d00 flushing  nmethod 0x000001ec328b4f90
Event: 19.491 Thread 0x000001ec2ede2d00 flushing  nmethod 0x000001ec328b5910
Event: 19.491 Thread 0x000001ec2ede2d00 flushing  nmethod 0x000001ec328b6810
Event: 19.491 Thread 0x000001ec2ede2d00 flushing  nmethod 0x000001ec328b6b90
Event: 19.491 Thread 0x000001ec2ede2d00 flushing  nmethod 0x000001ec328bb490
Event: 19.491 Thread 0x000001ec2ede2d00 flushing  nmethod 0x000001ec328ceb10
Event: 19.491 Thread 0x000001ec2ede2d00 flushing  nmethod 0x000001ec328cf110
Event: 19.491 Thread 0x000001ec2ede2d00 flushing  nmethod 0x000001ec328cf990
Event: 19.491 Thread 0x000001ec2ede2d00 flushing  nmethod 0x000001ec328d0090
Event: 19.491 Thread 0x000001ec2ede2d00 flushing  nmethod 0x000001ec328d5510
Event: 19.491 Thread 0x000001ec2ede2d00 flushing  nmethod 0x000001ec328e2710

Events (20 events):
Event: 20.781 Thread 0x000001ec92a512a0 Thread exited: 0x000001ec92a512a0
Event: 20.781 Thread 0x000001ec92a51fc0 Thread exited: 0x000001ec92a51fc0
Event: 20.992 Thread 0x000001ec87e51af0 Thread added: 0x000001ec907fda60
Event: 20.992 Thread 0x000001ec907fda60 Thread exited: 0x000001ec907fda60
Event: 21.965 Thread 0x000001ec87e51af0 Thread added: 0x000001ec8efd6d00
Event: 21.966 Thread 0x000001ec8efd6d00 Thread exited: 0x000001ec8efd6d00
Event: 22.323 Thread 0x000001ec87e51af0 Thread added: 0x000001ec8efd7390
Event: 22.684 Thread 0x000001ec8efd7390 Thread added: 0x000001ec8efd80b0
Event: 22.754 Thread 0x000001ec87e52180 Thread added: 0x000001ec8efd5fe0
Event: 22.754 Thread 0x000001ec87e52180 Thread added: 0x000001ec8efd7a20
Event: 22.755 Thread 0x000001ec87e52180 Thread added: 0x000001ec8efd8740
Event: 22.755 Thread 0x000001ec87e52180 Thread added: 0x000001ec8efd6d00
Event: 22.755 Thread 0x000001ec87e52180 Thread added: 0x000001ec8efd52c0
Event: 22.755 Thread 0x000001ec8efd8740 Thread added: 0x000001ec8efd8dd0
Event: 22.755 Thread 0x000001ec8efd6d00 Thread added: 0x000001ec8efd5950
Event: 22.755 Thread 0x000001ec8efd8dd0 Thread added: 0x000001ec8efdaea0
Event: 22.756 Thread 0x000001ec8efd7a20 Thread added: 0x000001ec8efdbbc0
Event: 22.756 Thread 0x000001ec8efdaea0 Thread added: 0x000001ec8efdc250
Event: 23.355 Thread 0x000001ec87e52180 Thread added: 0x000001ec8efdc8e0
Event: 23.392 Thread 0x000001ec87e52180 Thread added: 0x000001ec8efda180


Dynamic libraries:
0x00007ff6c6750000 - 0x00007ff6c675e000 	c:\Users\Administrator\.vscode\extensions\redhat.java-1.55.0-win32-x64\jre\21.0.11-win32-x86_64\bin\java.exe
0x00007ffb5b5e0000 - 0x00007ffb5b846000 	C:\WINDOWS\SYSTEM32\ntdll.dll
0x00007ffb59f90000 - 0x00007ffb5a059000 	C:\WINDOWS\System32\KERNEL32.DLL
0x00007ffb58d10000 - 0x00007ffb5910e000 	C:\WINDOWS\System32\KERNELBASE.dll
0x00007ffb58890000 - 0x00007ffb589dc000 	C:\WINDOWS\System32\ucrtbase.dll
0x00007ffb35f70000 - 0x00007ffb35f8e000 	c:\Users\Administrator\.vscode\extensions\redhat.java-1.55.0-win32-x64\jre\21.0.11-win32-x86_64\bin\VCRUNTIME140.dll
0x00007ffb36640000 - 0x00007ffb36658000 	c:\Users\Administrator\.vscode\extensions\redhat.java-1.55.0-win32-x64\jre\21.0.11-win32-x86_64\bin\jli.dll
0x00007ffb5aad0000 - 0x00007ffb5ac97000 	C:\WINDOWS\System32\USER32.dll
0x00007ffb579d0000 - 0x00007ffb57c62000 	C:\WINDOWS\WinSxS\amd64_microsoft.windows.common-controls_6595b64144ccf1df_6.0.26100.8875_none_3e0d5d42e32fe9dd\COMCTL32.dll
0x00007ffb589f0000 - 0x00007ffb58a17000 	C:\WINDOWS\System32\win32u.dll
0x00007ffb59580000 - 0x00007ffb595ab000 	C:\WINDOWS\System32\GDI32.dll
0x00007ffb5b340000 - 0x00007ffb5b3e9000 	C:\WINDOWS\System32\msvcrt.dll
0x00007ffb591e0000 - 0x00007ffb5930a000 	C:\WINDOWS\System32\gdi32full.dll
0x00007ffb58c60000 - 0x00007ffb58d03000 	C:\WINDOWS\System32\msvcp_win.dll
0x00007ffb59310000 - 0x00007ffb59342000 	C:\WINDOWS\System32\IMM32.DLL
0x00007ffb52460000 - 0x00007ffb5246c000 	c:\Users\Administrator\.vscode\extensions\redhat.java-1.55.0-win32-x64\jre\21.0.11-win32-x86_64\bin\vcruntime140_1.dll
0x00007ffb210a0000 - 0x00007ffb2112d000 	c:\Users\Administrator\.vscode\extensions\redhat.java-1.55.0-win32-x64\jre\21.0.11-win32-x86_64\bin\msvcp140.dll
0x00007ffa52210000 - 0x00007ffa52fb2000 	c:\Users\Administrator\.vscode\extensions\redhat.java-1.55.0-win32-x64\jre\21.0.11-win32-x86_64\bin\server\jvm.dll
0x00007ffb5b4d0000 - 0x00007ffb5b587000 	C:\WINDOWS\System32\ADVAPI32.dll
0x00007ffb5a060000 - 0x00007ffb5a10a000 	C:\WINDOWS\System32\sechost.dll
0x00007ffb5ad80000 - 0x00007ffb5ae98000 	C:\WINDOWS\System32\RPCRT4.dll
0x00007ffb593f0000 - 0x00007ffb59470000 	C:\WINDOWS\System32\WS2_32.dll
0x00007ffb58680000 - 0x00007ffb586de000 	C:\WINDOWS\SYSTEM32\POWRPROF.dll
0x00007ffb57810000 - 0x00007ffb5781b000 	C:\WINDOWS\SYSTEM32\VERSION.dll
0x00007ffb4fc60000 - 0x00007ffb4fc96000 	C:\WINDOWS\SYSTEM32\WINMM.dll
0x00007ffb58660000 - 0x00007ffb58674000 	C:\WINDOWS\SYSTEM32\UMPDC.dll
0x00007ffb57820000 - 0x00007ffb5783b000 	C:\WINDOWS\SYSTEM32\kernel.appcore.dll
0x00007ffb4fbc0000 - 0x00007ffb4fbca000 	c:\Users\Administrator\.vscode\extensions\redhat.java-1.55.0-win32-x64\jre\21.0.11-win32-x86_64\bin\jimage.dll
0x00007ffb57fb0000 - 0x00007ffb581f2000 	C:\WINDOWS\SYSTEM32\DBGHELP.DLL
0x00007ffb5a430000 - 0x00007ffb5a7b3000 	C:\WINDOWS\System32\combase.dll
0x00007ffb5aca0000 - 0x00007ffb5ad79000 	C:\WINDOWS\System32\OLEAUT32.dll
0x00007ffb57e80000 - 0x00007ffb57ebb000 	C:\WINDOWS\SYSTEM32\dbgcore.DLL
0x00007ffb58a20000 - 0x00007ffb58acc000 	C:\WINDOWS\System32\bcryptPrimitives.dll
0x00007ffb4b0c0000 - 0x00007ffb4b0cf000 	c:\Users\Administrator\.vscode\extensions\redhat.java-1.55.0-win32-x64\jre\21.0.11-win32-x86_64\bin\instrument.dll
0x00007ffb30fe0000 - 0x00007ffb31000000 	c:\Users\Administrator\.vscode\extensions\redhat.java-1.55.0-win32-x64\jre\21.0.11-win32-x86_64\bin\java.dll
0x00007ffb595b0000 - 0x00007ffb59d42000 	C:\WINDOWS\System32\SHELL32.dll
0x00007ffb550c0000 - 0x00007ffb55952000 	C:\WINDOWS\SYSTEM32\windows.storage.dll
0x00007ffb59480000 - 0x00007ffb59577000 	C:\WINDOWS\System32\SHCORE.dll
0x00007ffb59380000 - 0x00007ffb593e7000 	C:\WINDOWS\System32\shlwapi.dll
0x00007ffb58720000 - 0x00007ffb58749000 	C:\WINDOWS\SYSTEM32\profapi.dll
0x00007ffb2ff60000 - 0x00007ffb2ff78000 	c:\Users\Administrator\.vscode\extensions\redhat.java-1.55.0-win32-x64\jre\21.0.11-win32-x86_64\bin\zip.dll
0x00007ffb4af60000 - 0x00007ffb4af70000 	C:\Users\Administrator\.vscode\extensions\redhat.java-1.55.0-win32-x64\jre\21.0.11-win32-x86_64\bin\net.dll
0x00007ffb4ffc0000 - 0x00007ffb500e7000 	C:\WINDOWS\SYSTEM32\WINHTTP.dll
0x00007ffb56950000 - 0x00007ffb569bc000 	C:\WINDOWS\system32\mswsock.dll
0x00007ffb2ff40000 - 0x00007ffb2ff56000 	C:\Users\Administrator\.vscode\extensions\redhat.java-1.55.0-win32-x64\jre\21.0.11-win32-x86_64\bin\nio.dll
0x00007ffb3ec50000 - 0x00007ffb3ec60000 	c:\Users\Administrator\.vscode\extensions\redhat.java-1.55.0-win32-x64\jre\21.0.11-win32-x86_64\bin\verify.dll
0x00007ffb292a0000 - 0x00007ffb292e5000 	C:\Users\Administrator\AppData\Roaming\Code\User\globalStorage\redhat.java\1.55.0\config_win\org.eclipse.equinox.launcher\org.eclipse.equinox.launcher.win32.win32.x86_64_1.3.100.v20260613-0559\eclipse_11924.dll
0x00007ffb5a930000 - 0x00007ffb5aac9000 	C:\WINDOWS\System32\ole32.dll
0x00007ffb58300000 - 0x00007ffb5831b000 	C:\WINDOWS\SYSTEM32\CRYPTSP.dll
0x00007ffb56d80000 - 0x00007ffb56db9000 	C:\WINDOWS\system32\rsaenh.dll
0x00007ffb569d0000 - 0x00007ffb56a02000 	C:\WINDOWS\SYSTEM32\USERENV.dll
0x00007ffb586f0000 - 0x00007ffb5871a000 	C:\WINDOWS\SYSTEM32\bcrypt.dll
0x00007ffb56d60000 - 0x00007ffb56d6c000 	C:\WINDOWS\SYSTEM32\CRYPTBASE.dll
0x00007ffb55e60000 - 0x00007ffb55e93000 	C:\WINDOWS\SYSTEM32\IPHLPAPI.DLL
0x00007ffb5b330000 - 0x00007ffb5b33a000 	C:\WINDOWS\System32\NSI.dll
0x00007ffb28eb0000 - 0x00007ffb28ef9000 	C:\Users\Administrator\AppData\Local\Temp\jna-146731693\jna12986164029502662572.dll
0x00007ffb5a110000 - 0x00007ffb5a118000 	C:\WINDOWS\System32\PSAPI.DLL
0x00007ffb51a70000 - 0x00007ffb51a8d000 	C:\WINDOWS\SYSTEM32\dhcpcsvc6.DLL
0x00007ffb51a40000 - 0x00007ffb51a65000 	C:\WINDOWS\SYSTEM32\dhcpcsvc.DLL
0x00007ffb3afd0000 - 0x00007ffb3afda000 	C:\Users\Administrator\.vscode\extensions\redhat.java-1.55.0-win32-x64\jre\21.0.11-win32-x86_64\bin\management.dll
0x00007ffb3a9b0000 - 0x00007ffb3a9bc000 	C:\Users\Administrator\.vscode\extensions\redhat.java-1.55.0-win32-x64\jre\21.0.11-win32-x86_64\bin\management_ext.dll

JVMTI agents:
c:\Users\Administrator\.vscode\extensions\redhat.java-1.55.0-win32-x64\lombok\lombok-1.18.39-4050.jar path:c:\Users\Administrator\.vscode\extensions\redhat.java-1.55.0-win32-x64\jre\21.0.11-win32-x86_64\bin\instrument.dll, loaded, initialized, instrumentlib options:none

dbghelp: loaded successfully - version: 4.0.5 - missing functions: none
symbol engine: initialized successfully - sym options: 0x614 - pdb path: .;c:\Users\Administrator\.vscode\extensions\redhat.java-1.55.0-win32-x64\jre\21.0.11-win32-x86_64\bin;C:\WINDOWS\SYSTEM32;C:\WINDOWS\WinSxS\amd64_microsoft.windows.common-controls_6595b64144ccf1df_6.0.26100.8875_none_3e0d5d42e32fe9dd;c:\Users\Administrator\.vscode\extensions\redhat.java-1.55.0-win32-x64\jre\21.0.11-win32-x86_64\bin\server;C:\Users\Administrator\AppData\Roaming\Code\User\globalStorage\redhat.java\1.55.0\config_win\org.eclipse.equinox.launcher\org.eclipse.equinox.launcher.win32.win32.x86_64_1.3.100.v20260613-0559;C:\Users\Administrator\AppData\Local\Temp\jna-146731693

VM Arguments:
jvm_args: --add-modules=ALL-SYSTEM --add-opens=java.base/java.util=ALL-UNNAMED --add-opens=java.base/java.lang=ALL-UNNAMED --add-opens=java.base/sun.nio.fs=ALL-UNNAMED -Declipse.application=org.eclipse.jdt.ls.core.id1 -Dosgi.bundles.defaultStartLevel=4 -Declipse.product=org.eclipse.jdt.ls.core.product -Djava.import.generatesMetadataFilesAtProjectRoot=false -DDetectVMInstallationsJob.disabled=true -Dfile.encoding=utf8 -XX:+UseParallelGC -XX:GCTimeRatio=4 -XX:AdaptiveSizePolicyWeight=90 -Dsun.zip.disableMemoryMapping=true -Xmx2G -Xms100m -Xlog:disable -javaagent:c:\Users\Administrator\.vscode\extensions\redhat.java-1.55.0-win32-x64\lombok\lombok-1.18.39-4050.jar -XX:+HeapDumpOnOutOfMemoryError -XX:HeapDumpPath=c:\Users\Administrator\AppData\Roaming\Code\User\workspaceStorage\47d38d0315a5049dedd72c8bc73d439b\redhat.java -Daether.dependencyCollector.impl=bf 
java_command: c:\Users\Administrator\.vscode\extensions\redhat.java-1.55.0-win32-x64\server\plugins\org.eclipse.equinox.launcher_1.7.200.v20260619-2039.jar -configuration c:\Users\Administrator\AppData\Roaming\Code\User\globalStorage\redhat.java\1.55.0\config_win -data c:\Users\Administrator\AppData\Roaming\Code\User\workspaceStorage\47d38d0315a5049dedd72c8bc73d439b\redhat.java\jdt_ws --pipe=\\.\pipe\lsp-fa6f0fd3ff0cbcc13c932f974e3cf1a4-sock
java_class_path (initial): c:\Users\Administrator\.vscode\extensions\redhat.java-1.55.0-win32-x64\server\plugins\org.eclipse.equinox.launcher_1.7.200.v20260619-2039.jar
Launcher Type: SUN_STANDARD

[Global flags]
    uintx AdaptiveSizePolicyWeight                 = 90                                        {product} {command line}
     intx CICompilerCount                          = 4                                         {product} {ergonomic}
    uintx GCTimeRatio                              = 4                                         {product} {command line}
     bool HeapDumpOnOutOfMemoryError               = true                                   {manageable} {command line}
    ccstr HeapDumpPath                             = c:\Users\Administrator\AppData\Roaming\Code\User\workspaceStorage\47d38d0315a5049dedd72c8bc73d439b\redhat.java         {manageable} {command line}
   size_t InitialHeapSize                          = 104857600                                 {product} {command line}
   size_t MaxHeapSize                              = 2147483648                                {product} {command line}
   size_t MaxNewSize                               = 715653120                                 {product} {ergonomic}
   size_t MinHeapDeltaBytes                        = 524288                                    {product} {ergonomic}
   size_t MinHeapSize                              = 104857600                                 {product} {command line}
   size_t NewSize                                  = 34603008                                  {product} {ergonomic}
    uintx NonNMethodCodeHeapSize                   = 5839372                                {pd product} {ergonomic}
    uintx NonProfiledCodeHeapSize                  = 122909434                              {pd product} {ergonomic}
   size_t OldSize                                  = 70254592                                  {product} {ergonomic}
    uintx ProfiledCodeHeapSize                     = 122909434                              {pd product} {ergonomic}
    uintx ReservedCodeCacheSize                    = 251658240                              {pd product} {ergonomic}
     bool SegmentedCodeCache                       = true                                      {product} {ergonomic}
   size_t SoftMaxHeapSize                          = 2147483648                             {manageable} {ergonomic}
     bool UseCompressedOops                        = true                           {product lp64_product} {ergonomic}
     bool UseLargePagesIndividualAllocation        = false                                  {pd product} {ergonomic}
     bool UseParallelGC                            = true                                      {product} {command line}

Logging:
Log output configuration:
 #0: stdout all=off uptime,level,tags foldmultilines=false
 #1: stderr all=off uptime,level,tags foldmultilines=false

Release file:
JAVA_VERSION="21.0.11" 
MODULES="java.base java.compiler java.datatransfer java.xml java.prefs java.desktop java.instrument java.logging java.management java.security.sasl java.naming java.rmi java.management.rmi java.net.http java.scripting java.security.jgss java.transaction.xa java.sql java.sql.rowset java.xml.crypto java.se java.smartcardio jdk.accessibility jdk.internal.jvmstat jdk.attach jdk.charsets jdk.internal.opt jdk.zipfs jdk.compiler jdk.crypto.ec jdk.crypto.cryptoki jdk.crypto.mscapi jdk.dynalink jdk.internal.ed jdk.editpad jdk.hotspot.agent jdk.httpserver jdk.internal.le jdk.internal.vm.ci jdk.internal.vm.compiler jdk.internal.vm.compiler.management jdk.jartool jdk.javadoc jdk.jcmd jdk.management jdk.management.agent jdk.jconsole jdk.jdeps jdk.jdwp.agent jdk.jdi jdk.jfr jdk.jshell jdk.jsobject jdk.jstatd jdk.localedata jdk.management.jfr jdk.naming.dns jdk.naming.rmi jdk.net jdk.nio.mapmode jdk.random jdk.sctp jdk.security.auth jdk.security.jgss jdk.unsupported jdk.unsupported.desktop jdk.xml.dom" 

Environment Variables:
PATH=C:\Program Files\Common Files\Oracle\Java\javapath;C:\WINDOWS\system32;C:\WINDOWS;C:\WINDOWS\System32\Wbem;C:\WINDOWS\System32\WindowsPowerShell\v1.0\;C:\WINDOWS\System32\OpenSSH\;C:\Program Files\nodejs\;C:\Program Files\Git\cmd;C:\Users\Administrator\AppData\Local\Programs\Python\Python313\Scripts\;C:\Users\Administrator\AppData\Local\Programs\Python\Python313\;C:\Users\Administrator\AppData\Local\Programs\Python\Launcher\;C:\Users\Administrator\AppData\Local\Microsoft\WindowsApps;C:\Users\Administrator\AppData\Local\Programs\Microsoft VS Code\bin;C:\Users\Administrator\AppData\Local\GitHubDesktop\bin;C:\Users\Administrator\AppData\Roaming\npm;C:\Users\Administrator\AppData\Local\Programs\Antigravity\bin
USERNAME=Administrator
OS=Windows_NT
PROCESSOR_IDENTIFIER=AMD64 Family 25 Model 80 Stepping 0, AuthenticAMD
TMP=C:\Users\ADMINI~1\AppData\Local\Temp
TEMP=C:\Users\ADMINI~1\AppData\Local\Temp




Periodic native trim disabled

---------------  S Y S T E M  ---------------

OS:
 Windows 11 , 64 bit Build 26100 (10.0.26100.8875)
OS uptime: 0 days 8:42 hours
Hyper-V role detected

CPU: total 12 (initial active 12) (12 cores per cpu, 2 threads per core) family 25 model 80 stepping 0 microcode 0xa500014, cx8, cmov, fxsr, ht, mmx, 3dnowpref, sse, sse2, sse3, ssse3, sse4a, sse4.1, sse4.2, popcnt, lzcnt, tsc, tscinvbit, avx, avx2, aes, erms, clmul, bmi1, bmi2, adx, sha, fma, vzeroupper, clflush, clflushopt, hv, rdtscp, rdpid, fsrm, f16c, cet_ss
Processor Information for processor 0
  Max Mhz: 2301, Current Mhz: 1783, Mhz Limit: 2301
Processor Information for processor 1
  Max Mhz: 2301, Current Mhz: 1783, Mhz Limit: 2301
Processor Information for processor 2
  Max Mhz: 2301, Current Mhz: 1913, Mhz Limit: 2301
Processor Information for processor 3
  Max Mhz: 2301, Current Mhz: 1913, Mhz Limit: 2301
Processor Information for processor 4
  Max Mhz: 2301, Current Mhz: 1913, Mhz Limit: 2301
Processor Information for processor 5
  Max Mhz: 2301, Current Mhz: 1913, Mhz Limit: 2301
Processor Information for processor 6
  Max Mhz: 2301, Current Mhz: 1783, Mhz Limit: 2301
Processor Information for processor 7
  Max Mhz: 2301, Current Mhz: 1783, Mhz Limit: 2301
Processor Information for processor 8
  Max Mhz: 2301, Current Mhz: 1913, Mhz Limit: 2301
Processor Information for processor 9
  Max Mhz: 2301, Current Mhz: 1913, Mhz Limit: 2301
Processor Information for processor 10
  Max Mhz: 2301, Current Mhz: 1913, Mhz Limit: 2301
Processor Information for processor 11
  Max Mhz: 2301, Current Mhz: 1783, Mhz Limit: 2301

Memory: 4k page, system-wide physical 15681M (4580M free)
TotalPageFile size 46088M (AvailPageFile size 40M)
current process WorkingSet (physical memory assigned to process): 338M, peak: 383M
current process commit charge ("private bytes"): 421M, peak: 467M

vm_info: OpenJDK 64-Bit Server VM (21.0.11+10-LTS) for windows-amd64 JRE (21.0.11+10-LTS), built on 2026-04-21T00:00:00Z by "admin" with MS VC++ 17.12 (VS2022)

END.
