#
# There is insufficient memory for the Java Runtime Environment to continue.
# Native memory allocation (malloc) failed to allocate 320976 bytes. Error detail: Chunk::new
# Possible reasons:
#   The system is out of physical RAM or swap space
#   This process is running with CompressedOops enabled, and the Java Heap may be blocking the growth of the native heap
# Possible solutions:
#   Reduce memory load on the system
#   Increase physical memory or swap space
#   Check if swap backing store is full
#   Decrease Java heap size (-Xmx/-Xms)
#   Decrease number of Java threads
#   Decrease Java thread stack sizes (-Xss)
#   Set larger code cache with -XX:ReservedCodeCacheSize=
#   JVM is running with Unscaled Compressed Oops mode in which the Java heap is
#     placed in the first 4GB address space. The Java Heap base address is the
#     maximum limit for the native heap growth. Please use -XX:HeapBaseMinAddress
#     to set the Java Heap base and to place the Java Heap above 4GB virtual address.
# This output file may be truncated or incomplete.
#
#  Out of Memory Error (arena.cpp:168), pid=25012, tid=1416
#
# JRE version: OpenJDK Runtime Environment Temurin-21.0.11+10 (21.0.11+10) (build 21.0.11+10-LTS)
# Java VM: OpenJDK 64-Bit Server VM Temurin-21.0.11+10 (21.0.11+10-LTS, mixed mode, sharing, tiered, compressed oops, compressed class ptrs, parallel gc, windows-amd64)
# No core dump will be written. Minidumps are not enabled by default on client versions of Windows
#

---------------  S U M M A R Y ------------

Command Line: --add-modules=ALL-SYSTEM --add-opens=java.base/java.util=ALL-UNNAMED --add-opens=java.base/java.lang=ALL-UNNAMED --add-opens=java.base/sun.nio.fs=ALL-UNNAMED -Declipse.application=org.eclipse.jdt.ls.core.id1 -Dosgi.bundles.defaultStartLevel=4 -Declipse.product=org.eclipse.jdt.ls.core.product -Djava.import.generatesMetadataFilesAtProjectRoot=false -DDetectVMInstallationsJob.disabled=true -Dfile.encoding=utf8 -XX:+UseParallelGC -XX:GCTimeRatio=4 -XX:AdaptiveSizePolicyWeight=90 -Dsun.zip.disableMemoryMapping=true -Xmx2G -Xms100m -Xlog:disable -javaagent:c:\Users\Administrator\.vscode\extensions\redhat.java-1.55.0-win32-x64\lombok\lombok-1.18.39-4050.jar c:\Users\Administrator\.vscode\extensions\redhat.java-1.55.0-win32-x64\server\plugins\org.eclipse.equinox.launcher_1.7.200.v20260619-2039.jar -configuration c:\Users\Administrator\AppData\Roaming\Code\User\globalStorage\redhat.java\1.55.0\config_ss_win -data c:\Users\Administrator\AppData\Roaming\Code\User\workspaceStorage\47d38d0315a5049dedd72c8bc73d439b\redhat.java\ss_ws --pipe=\\.\pipe\lsp-9ad69cd186b9a5ec2080efb2a2a106e6-sock

Host: AMD Ryzen 5 PRO 5650U with Radeon Graphics     , 12 cores, 15G,  Windows 11 , 64 bit Build 26100 (10.0.26100.8875)
Time: Mon Aug  3 00:16:57 2026 E. Africa Standard Time elapsed time: 4.917332 seconds (0d 0h 0m 4s)

---------------  T H R E A D  ---------------

Current thread (0x0000020b724cdc00):  JavaThread "C2 CompilerThread1" daemon [_thread_in_native, id=1416, stack(0x000000b817700000,0x000000b817800000) (1024K)]


Current CompileTask:
C2:4917 1281       4       java.io.DataInputStream::readUTF (501 bytes)

Stack: [0x000000b817700000,0x000000b817800000]
Native frames: (J=compiled Java code, j=interpreted, Vv=VM code, C=native code)
V  [jvm.dll+0x6d7e19]
V  [jvm.dll+0x8b5096]
V  [jvm.dll+0x8b764e]
V  [jvm.dll+0x8b7d33]
V  [jvm.dll+0x284596]
V  [jvm.dll+0xc685d]
V  [jvm.dll+0xc6da1]
V  [jvm.dll+0x2fb4ee]
V  [jvm.dll+0x5fe9a4]
V  [jvm.dll+0x255d67]
V  [jvm.dll+0x25612d]
V  [jvm.dll+0x24e6a0]
V  [jvm.dll+0x24bbe6]
V  [jvm.dll+0x1cb4ae]
V  [jvm.dll+0x25baad]
V  [jvm.dll+0x25a03a]
V  [jvm.dll+0x3f868e]
V  [jvm.dll+0x85fb0d]
V  [jvm.dll+0x6d664d]
C  [ucrtbase.dll+0x2cd30]
C  [KERNEL32.DLL+0x2e957]
C  [ntdll.dll+0xaad6c]


---------------  P R O C E S S  ---------------

Threads class SMR info:
_java_thread_list=0x0000020b72485bb0, length=13, elements={
0x0000020b13febbe0, 0x0000020b13f9db50, 0x0000020b13f9e5b0, 0x0000020b14096030,
0x0000020b14097050, 0x0000020b1409a020, 0x0000020b140a3d90, 0x0000020b140a8630,
0x0000020b6cdfa7e0, 0x0000020b140a3070, 0x0000020b140a4420, 0x0000020b724cdc00,
0x0000020b724cf740
}

Java Threads: ( => current thread )
  0x0000020b13febbe0 JavaThread "main"                              [_thread_in_native, id=21812, stack(0x000000b816900000,0x000000b816a00000) (1024K)]
  0x0000020b13f9db50 JavaThread "Reference Handler"          daemon [_thread_blocked, id=7684, stack(0x000000b816d00000,0x000000b816e00000) (1024K)]
  0x0000020b13f9e5b0 JavaThread "Finalizer"                  daemon [_thread_blocked, id=1600, stack(0x000000b816e00000,0x000000b816f00000) (1024K)]
  0x0000020b14096030 JavaThread "Signal Dispatcher"          daemon [_thread_blocked, id=19720, stack(0x000000b816f00000,0x000000b817000000) (1024K)]
  0x0000020b14097050 JavaThread "Attach Listener"            daemon [_thread_blocked, id=20088, stack(0x000000b817000000,0x000000b817100000) (1024K)]
  0x0000020b1409a020 JavaThread "Service Thread"             daemon [_thread_blocked, id=9092, stack(0x000000b817100000,0x000000b817200000) (1024K)]
  0x0000020b140a3d90 JavaThread "Monitor Deflation Thread"   daemon [_thread_blocked, id=2836, stack(0x000000b817200000,0x000000b817300000) (1024K)]
  0x0000020b140a8630 JavaThread "C2 CompilerThread0"         daemon [_thread_blocked, id=13256, stack(0x000000b817300000,0x000000b817400000) (1024K)]
  0x0000020b6cdfa7e0 JavaThread "C1 CompilerThread0"         daemon [_thread_blocked, id=26980, stack(0x000000b817400000,0x000000b817500000) (1024K)]
  0x0000020b140a3070 JavaThread "Common-Cleaner"             daemon [_thread_blocked, id=26768, stack(0x000000b817500000,0x000000b817600000) (1024K)]
  0x0000020b140a4420 JavaThread "Notification Thread"        daemon [_thread_blocked, id=13148, stack(0x000000b817600000,0x000000b817700000) (1024K)]
=>0x0000020b724cdc00 JavaThread "C2 CompilerThread1"         daemon [_thread_in_native, id=1416, stack(0x000000b817700000,0x000000b817800000) (1024K)]
  0x0000020b724cf740 JavaThread "C2 CompilerThread2"         daemon [_thread_blocked, id=15308, stack(0x000000b817800000,0x000000b817900000) (1024K)]
Total: 13

Other Threads:
  0x0000020b14090b40 VMThread "VM Thread"                           [id=6752, stack(0x000000b816c00000,0x000000b816d00000) (1024K)]
  0x0000020b13e7ca00 WatcherThread "VM Periodic Task Thread"        [id=19792, stack(0x000000b816b00000,0x000000b816c00000) (1024K)]
  0x0000020b1400a0e0 WorkerThread "GC Thread#0"                     [id=25456, stack(0x000000b816a00000,0x000000b816b00000) (1024K)]
  0x0000020b729a6030 WorkerThread "GC Thread#1"                     [id=27384, stack(0x000000b817900000,0x000000b817a00000) (1024K)]
  0x0000020b729e95d0 WorkerThread "GC Thread#2"                     [id=27156, stack(0x000000b817a00000,0x000000b817b00000) (1024K)]
  0x0000020b72a92750 WorkerThread "GC Thread#3"                     [id=11952, stack(0x000000b817b00000,0x000000b817c00000) (1024K)]
  0x0000020b72a92b00 WorkerThread "GC Thread#4"                     [id=6712, stack(0x000000b817c00000,0x000000b817d00000) (1024K)]
  0x0000020b729a63e0 WorkerThread "GC Thread#5"                     [id=6948, stack(0x000000b817d00000,0x000000b817e00000) (1024K)]
  0x0000020b729a6790 WorkerThread "GC Thread#6"                     [id=26668, stack(0x000000b817e00000,0x000000b817f00000) (1024K)]
Total: 9

Threads with active compile tasks:
C1 CompilerThread0  4943 1324       3       java.net.URI::quote (214 bytes)
C2 CompilerThread1  4944 1281       4       java.io.DataInputStream::readUTF (501 bytes)
Total: 2

VM state: not at safepoint (normal execution)

VM Mutex/Monitor currently owned by a thread: None

Heap address: 0x0000000080000000, size: 2048 MB, Compressed Oops mode: 32-bit

CDS archive(s) mapped at: [0x0000020b2b000000-0x0000020b2bba0000-0x0000020b2bba0000), size 12189696, SharedBaseAddress: 0x0000020b2b000000, ArchiveRelocationMode: 1.
Compressed class space mapped at: 0x0000020b2c000000-0x0000020b6c000000, reserved size: 1073741824
Narrow klass base: 0x0000020b2b000000, Narrow klass shift: 0, Narrow klass range: 0x100000000

GC Precious Log:
 CardTable entry size: 512
 CPUs: 12 total, 12 available
 Memory: 15681M
 Large Page Support: Disabled
 NUMA Support: Disabled
 Compressed Oops: Enabled (32-bit)
 Alignments: Space 512K, Generation 512K, Heap 2M
 Heap Min Capacity: 100M
 Heap Initial Capacity: 100M
 Heap Max Capacity: 2G
 Pre-touch: Disabled
 Parallel Workers: 10

Heap:
 PSYoungGen      total 29696K, used 12148K [0x00000000d5580000, 0x00000000d7680000, 0x0000000100000000)
  eden space 25600K, 34% used [0x00000000d5580000,0x00000000d5e23530,0x00000000d6e80000)
  from space 4096K, 80% used [0x00000000d6e80000,0x00000000d71b9e98,0x00000000d7280000)
  to   space 4096K, 0% used [0x00000000d7280000,0x00000000d7280000,0x00000000d7680000)
 ParOldGen       total 68608K, used 8K [0x0000000080000000, 0x0000000084300000, 0x00000000d5580000)
  object space 68608K, 0% used [0x0000000080000000,0x0000000080002000,0x0000000084300000)
 Metaspace       used 6091K, committed 6400K, reserved 1114112K
  class space    used 624K, committed 768K, reserved 1048576K

Card table byte_map: [0x0000020b13990000,0x0000020b13da0000] _byte_map_base: 0x0000020b13590000

Marking Bits: (ParMarkBitMap*) 0x00007ffc89094460
 Begin Bits: [0x0000020b264a0000, 0x0000020b284a0000)
 End Bits:   [0x0000020b284a0000, 0x0000020b2a4a0000)

Polling page: 0x0000020b11e80000

Metaspace:

Usage:
  Non-class:      5.34 MB used.
      Class:    624.92 KB used.
       Both:      5.95 MB used.

Virtual space:
  Non-class space:       64.00 MB reserved,       5.50 MB (  9%) committed,  1 nodes.
      Class space:        1.00 GB reserved,     768.00 KB ( <1%) committed,  1 nodes.
             Both:        1.06 GB reserved,       6.25 MB ( <1%) committed. 

Chunk freelists:
   Non-Class:  10.02 MB
       Class:  15.08 MB
        Both:  25.09 MB

MaxMetaspaceSize: unlimited
CompressedClassSpaceSize: 1.00 GB
Initial GC threshold: 21.00 MB
Current GC threshold: 21.00 MB
CDS: on
 - commit_granule_bytes: 65536.
 - commit_granule_words: 8192.
 - virtual_space_node_default_size: 8388608.
 - enlarge_chunks_in_place: 1.
 - use_allocation_guard: 0.


Internal statistics:

num_allocs_failed_limit: 0.
num_arena_births: 190.
num_arena_deaths: 0.
num_vsnodes_births: 2.
num_vsnodes_deaths: 0.
num_space_committed: 100.
num_space_uncommitted: 0.
num_chunks_returned_to_freelist: 0.
num_chunks_taken_from_freelist: 315.
num_chunk_merges: 0.
num_chunk_splits: 202.
num_chunks_enlarged: 127.
num_inconsistent_stats: 0.

CodeHeap 'non-profiled nmethods': size=120000Kb used=549Kb max_used=549Kb free=119450Kb
 bounds [0x0000020b1ecc0000, 0x0000020b1ef30000, 0x0000020b261f0000]
CodeHeap 'profiled nmethods': size=120000Kb used=2226Kb max_used=2226Kb free=117773Kb
 bounds [0x0000020b171f0000, 0x0000020b17460000, 0x0000020b1e720000]
CodeHeap 'non-nmethods': size=5760Kb used=1205Kb max_used=1232Kb free=4554Kb
 bounds [0x0000020b1e720000, 0x0000020b1e990000, 0x0000020b1ecc0000]
CodeCache: size=245760Kb, used=3980Kb, max_used=4007Kb, free=241777Kb
 total_blobs=1789, nmethods=1318, adapters=378, full_count=0
Compilation: enabled, stopped_count=0, restarted_count=0

Compilation events (20 events):
Event: 2.862 Thread 0x0000020b6cdfa7e0 1304       3       org.eclipse.osgi.container.ModuleDatabase$Persistence::readList (78 bytes)
Event: 2.864 Thread 0x0000020b6cdfa7e0 nmethod 1304 0x0000020b1740a710 code [0x0000020b1740aa40, 0x0000020b1740bbe8]
Event: 2.864 Thread 0x0000020b6cdfa7e0 1301       3       org.eclipse.osgi.container.ModuleDatabase$Persistence::readListValue (97 bytes)
Event: 2.866 Thread 0x0000020b6cdfa7e0 nmethod 1301 0x0000020b1740c410 code [0x0000020b1740c7a0, 0x0000020b1740dd40]
Event: 2.866 Thread 0x0000020b6cdfa7e0 1306       3       sun.net.www.protocol.jar.Handler::checkNestedProtocol (18 bytes)
Event: 2.866 Thread 0x0000020b6cdfa7e0 nmethod 1306 0x0000020b1740e410 code [0x0000020b1740e5c0, 0x0000020b1740e798]
Event: 2.866 Thread 0x0000020b6cdfa7e0 1307   !   3       java.util.jar.JarVerifier::processEntry (437 bytes)
Event: 2.872 Thread 0x0000020b724cf740 nmethod 1297 0x0000020b1ed3fa10 code [0x0000020b1ed3fc40, 0x0000020b1ed40438]
Event: 2.872 Thread 0x0000020b6cdfa7e0 nmethod 1307 0x0000020b1740e890 code [0x0000020b1740eda0, 0x0000020b17411470]
Event: 2.873 Thread 0x0000020b724cf740 1286       4       java.util.concurrent.locks.ReentrantLock$Sync::tryRelease (51 bytes)
Event: 2.874 Thread 0x0000020b724cf740 nmethod 1286 0x0000020b1ed40b10 code [0x0000020b1ed40ca0, 0x0000020b1ed40d90]
Event: 2.874 Thread 0x0000020b724cf740 1287       4       java.io.BufferedInputStream::getBufIfOpen (61 bytes)
Event: 2.875 Thread 0x0000020b724cf740 nmethod 1287 0x0000020b1ed40e90 code [0x0000020b1ed41020, 0x0000020b1ed410f8]
Event: 2.875 Thread 0x0000020b724cf740 1291       4       java.io.BufferedInputStream::read1 (121 bytes)
Event: 2.880 Thread 0x0000020b724cf740 nmethod 1291 0x0000020b1ed41190 code [0x0000020b1ed41360, 0x0000020b1ed41668]
Event: 2.880 Thread 0x0000020b724cf740 1296   !   4       java.io.BufferedInputStream::read (69 bytes)
Event: 2.891 Thread 0x0000020b6cdfa7e0 1308       3       org.eclipse.osgi.container.ModuleRevisionBuilder::unmodifiableMap (86 bytes)
Event: 2.892 Thread 0x0000020b6cdfa7e0 nmethod 1308 0x0000020b17412790 code [0x0000020b17412a40, 0x0000020b17413888]
Event: 2.892 Thread 0x0000020b6cdfa7e0 1309       1       org.eclipse.osgi.container.ModuleRevisionBuilder$GenericInfo::getNamespace (5 bytes)
Event: 2.893 Thread 0x0000020b6cdfa7e0 nmethod 1309 0x0000020b1ed41910 code [0x0000020b1ed41aa0, 0x0000020b1ed41b68]

GC Heap History (2 events):
Event: 1.549 GC heap before
{Heap before GC invocations=1 (full 0):
 PSYoungGen      total 29696K, used 25600K [0x00000000d5580000, 0x00000000d7680000, 0x0000000100000000)
  eden space 25600K, 100% used [0x00000000d5580000,0x00000000d6e80000,0x00000000d6e80000)
  from space 4096K, 0% used [0x00000000d7280000,0x00000000d7280000,0x00000000d7680000)
  to   space 4096K, 0% used [0x00000000d6e80000,0x00000000d6e80000,0x00000000d7280000)
 ParOldGen       total 68608K, used 0K [0x0000000080000000, 0x0000000084300000, 0x00000000d5580000)
  object space 68608K, 0% used [0x0000000080000000,0x0000000080000000,0x0000000084300000)
 Metaspace       used 4354K, committed 4608K, reserved 1114112K
  class space    used 474K, committed 576K, reserved 1048576K
}
Event: 1.561 GC heap after
{Heap after GC invocations=1 (full 0):
 PSYoungGen      total 29696K, used 3303K [0x00000000d5580000, 0x00000000d7680000, 0x0000000100000000)
  eden space 25600K, 0% used [0x00000000d5580000,0x00000000d5580000,0x00000000d6e80000)
  from space 4096K, 80% used [0x00000000d6e80000,0x00000000d71b9e98,0x00000000d7280000)
  to   space 4096K, 0% used [0x00000000d7280000,0x00000000d7280000,0x00000000d7680000)
 ParOldGen       total 68608K, used 8K [0x0000000080000000, 0x0000000084300000, 0x00000000d5580000)
  object space 68608K, 0% used [0x0000000080000000,0x0000000080002000,0x0000000084300000)
 Metaspace       used 4354K, committed 4608K, reserved 1114112K
  class space    used 474K, committed 576K, reserved 1048576K
}

Dll operation events (8 events):
Event: 0.019 Loaded shared library c:\Users\Administrator\.vscode\extensions\redhat.java-1.55.0-win32-x64\jre\21.0.11-win32-x86_64\bin\java.dll
Event: 0.128 Loaded shared library c:\Users\Administrator\.vscode\extensions\redhat.java-1.55.0-win32-x64\jre\21.0.11-win32-x86_64\bin\zip.dll
Event: 0.175 Loaded shared library C:\Users\Administrator\.vscode\extensions\redhat.java-1.55.0-win32-x64\jre\21.0.11-win32-x86_64\bin\instrument.dll
Event: 0.201 Loaded shared library C:\Users\Administrator\.vscode\extensions\redhat.java-1.55.0-win32-x64\jre\21.0.11-win32-x86_64\bin\net.dll
Event: 0.206 Loaded shared library C:\Users\Administrator\.vscode\extensions\redhat.java-1.55.0-win32-x64\jre\21.0.11-win32-x86_64\bin\nio.dll
Event: 0.220 Loaded shared library C:\Users\Administrator\.vscode\extensions\redhat.java-1.55.0-win32-x64\jre\21.0.11-win32-x86_64\bin\zip.dll
Event: 0.259 Loaded shared library C:\Users\Administrator\.vscode\extensions\redhat.java-1.55.0-win32-x64\jre\21.0.11-win32-x86_64\bin\jimage.dll
Event: 0.427 Loaded shared library c:\Users\Administrator\.vscode\extensions\redhat.java-1.55.0-win32-x64\jre\21.0.11-win32-x86_64\bin\verify.dll

Deoptimization events (20 events):
Event: 1.665 Thread 0x0000020b13febbe0 Uncommon trap: trap_request=0xffffff45 fr.pc=0x0000020b1ed25dc8 relative=0x0000000000000288
Event: 1.665 Thread 0x0000020b13febbe0 Uncommon trap: reason=unstable_if action=reinterpret pc=0x0000020b1ed25dc8 method=java.util.HashMap.hash(Ljava/lang/Object;)I @ 1 c2
Event: 1.666 Thread 0x0000020b13febbe0 DEOPT PACKING pc=0x0000020b1ed25dc8 sp=0x000000b8169fe7c0
Event: 1.666 Thread 0x0000020b13febbe0 DEOPT UNPACKING pc=0x0000020b1e773aa2 sp=0x000000b8169fe6c8 mode 2
Event: 1.666 Thread 0x0000020b13febbe0 Uncommon trap: trap_request=0xffffff45 fr.pc=0x0000020b1ed1fc50 relative=0x00000000000000b0
Event: 1.666 Thread 0x0000020b13febbe0 Uncommon trap: reason=unstable_if action=reinterpret pc=0x0000020b1ed1fc50 method=java.util.HashMap.hash(Ljava/lang/Object;)I @ 1 c2
Event: 1.666 Thread 0x0000020b13febbe0 DEOPT PACKING pc=0x0000020b1ed1fc50 sp=0x000000b8169fe870
Event: 1.666 Thread 0x0000020b13febbe0 DEOPT UNPACKING pc=0x0000020b1e773aa2 sp=0x000000b8169fe808 mode 2
Event: 1.666 Thread 0x0000020b13febbe0 Uncommon trap: trap_request=0xffffffde fr.pc=0x0000020b1ed09bf0 relative=0x0000000000000550
Event: 1.666 Thread 0x0000020b13febbe0 Uncommon trap: reason=class_check action=maybe_recompile pc=0x0000020b1ed09bf0 method=java.util.Collections$UnmodifiableCollection$1.<init>(Ljava/util/Collections$UnmodifiableCollection;)V @ 17 c2
Event: 1.666 Thread 0x0000020b13febbe0 DEOPT PACKING pc=0x0000020b1ed09bf0 sp=0x000000b8169fe8a0
Event: 1.666 Thread 0x0000020b13febbe0 DEOPT UNPACKING pc=0x0000020b1e773aa2 sp=0x000000b8169fe7e8 mode 2
Event: 2.749 Thread 0x0000020b13febbe0 Uncommon trap: trap_request=0xffffff45 fr.pc=0x0000020b1ed11ef8 relative=0x0000000000000198
Event: 2.749 Thread 0x0000020b13febbe0 Uncommon trap: reason=unstable_if action=reinterpret pc=0x0000020b1ed11ef8 method=java.lang.invoke.VarHandle.checkAccessModeThenIsDirect(Ljava/lang/invoke/VarHandle$AccessDescriptor;)Z @ 4 c2
Event: 2.749 Thread 0x0000020b13febbe0 DEOPT PACKING pc=0x0000020b1ed11ef8 sp=0x000000b8169fe850
Event: 2.749 Thread 0x0000020b13febbe0 DEOPT UNPACKING pc=0x0000020b1e773aa2 sp=0x000000b8169fe7a8 mode 2
Event: 2.806 Thread 0x0000020b13febbe0 Uncommon trap: trap_request=0xffffffde fr.pc=0x0000020b1ed15414 relative=0x00000000000004f4
Event: 2.806 Thread 0x0000020b13febbe0 Uncommon trap: reason=class_check action=maybe_recompile pc=0x0000020b1ed15414 method=java.util.Collections$UnmodifiableCollection$1.<init>(Ljava/util/Collections$UnmodifiableCollection;)V @ 17 c2
Event: 2.806 Thread 0x0000020b13febbe0 DEOPT PACKING pc=0x0000020b1ed15414 sp=0x000000b8169fe8d0
Event: 2.806 Thread 0x0000020b13febbe0 DEOPT UNPACKING pc=0x0000020b1e773aa2 sp=0x000000b8169fe888 mode 2

Classes loaded (20 events):
Event: 2.808 Loading class java/util/AbstractQueue done
Event: 2.809 Loading class java/util/concurrent/SynchronousQueue done
Event: 2.809 Loading class java/util/concurrent/SynchronousQueue$Transferer
Event: 2.809 Loading class java/util/concurrent/LinkedTransferQueue
Event: 2.809 Loading class java/util/concurrent/TransferQueue
Event: 2.809 Loading class java/util/concurrent/TransferQueue done
Event: 2.810 Loading class java/util/concurrent/LinkedTransferQueue done
Event: 2.810 Loading class java/util/concurrent/SynchronousQueue$Transferer done
Event: 2.810 Loading class java/util/concurrent/LinkedTransferQueue$DualNode
Event: 2.810 Loading class java/util/concurrent/LinkedTransferQueue$DualNode done
Event: 2.811 Loading class java/util/concurrent/RejectedExecutionHandler
Event: 2.811 Loading class java/util/concurrent/RejectedExecutionHandler done
Event: 2.811 Loading class java/util/concurrent/LinkedBlockingQueue
Event: 2.812 Loading class java/util/concurrent/LinkedBlockingQueue done
Event: 2.812 Loading class java/util/concurrent/LinkedBlockingQueue$Node
Event: 2.812 Loading class java/util/concurrent/LinkedBlockingQueue$Node done
Event: 2.834 Loading class java/util/concurrent/Semaphore$NonfairSync
Event: 2.834 Loading class java/util/concurrent/Semaphore$Sync
Event: 2.834 Loading class java/util/concurrent/Semaphore$Sync done
Event: 2.834 Loading class java/util/concurrent/Semaphore$NonfairSync done

Classes unloaded (0 events):
No events

Classes redefined (0 events):
No events

Internal exceptions (20 events):
Event: 1.135 Thread 0x0000020b13febbe0 Exception <a 'java/io/FileNotFoundException'{0x00000000d64d25f0}> (0x00000000d64d25f0) 
thrown [s\src\hotspot\share\prims\jni.cpp, line 520]
Event: 1.135 Thread 0x0000020b13febbe0 Exception <a 'java/io/FileNotFoundException'{0x00000000d64d3170}> (0x00000000d64d3170) 
thrown [s\src\hotspot\share\prims\jni.cpp, line 520]
Event: 1.145 Thread 0x0000020b13febbe0 Implicit null exception at 0x0000020b1ecf2aa4 to 0x0000020b1ecf3038
Event: 1.145 Thread 0x0000020b13febbe0 Implicit null exception at 0x0000020b1ecf3fa0 to 0x0000020b1ecf4524
Event: 1.150 Thread 0x0000020b13febbe0 Exception <a 'java/io/FileNotFoundException'{0x00000000d650d358}> (0x00000000d650d358) 
thrown [s\src\hotspot\share\prims\jni.cpp, line 520]
Event: 1.174 Thread 0x0000020b13febbe0 Exception <a 'java/lang/NoSuchMethodError'{0x00000000d6549408}: 'java.lang.Object java.lang.invoke.DirectMethodHandle$Holder.invokeInterface(java.lang.Object, java.lang.Object)'> (0x00000000d6549408) 
thrown [s\src\hotspot\share\interpreter\linkResolver.cpp, line 773]
Event: 1.181 Thread 0x0000020b13febbe0 Exception <a 'java/lang/NoSuchMethodError'{0x00000000d655cf68}: 'java.lang.Object java.lang.invoke.Invokers$Holder.invokeExact_MT(java.lang.Object, java.lang.Object, java.lang.Object, java.lang.Object, java.lang.Object, java.lang.Object)'> (0x00000000d655cf68) 
thrown [s\src\hotspot\share\interpreter\linkResolver.cpp, line 773]
Event: 1.187 Thread 0x0000020b13febbe0 Exception <a 'java/lang/NoSuchMethodError'{0x00000000d6574040}: 'int java.lang.invoke.DirectMethodHandle$Holder.invokeStatic(java.lang.Object, java.lang.Object, java.lang.Object, java.lang.Object, java.lang.Object)'> (0x00000000d6574040) 
thrown [s\src\hotspot\share\interpreter\linkResolver.cpp, line 773]
Event: 1.225 Thread 0x0000020b13febbe0 Exception <a 'java/lang/NoSuchMethodError'{0x00000000d6609ce8}: 'java.lang.Object java.lang.invoke.DirectMethodHandle$Holder.invokeInterface(java.lang.Object, java.lang.Object, int)'> (0x00000000d6609ce8) 
thrown [s\src\hotspot\share\interpreter\linkResolver.cpp, line 773]
Event: 1.435 Thread 0x0000020b13febbe0 Exception <a 'java/lang/NoSuchMethodError'{0x00000000d6a7c7c0}: 'java.lang.ClassLoader java.lang.ClassLoader.getPlatformClassLoader(java.lang.Class)'> (0x00000000d6a7c7c0) 
thrown [s\src\hotspot\share\interpreter\linkResolver.cpp, line 773]
Event: 1.569 Thread 0x0000020b13febbe0 Exception <a 'java/lang/ClassNotFoundException'{0x00000000d559df48}: sun/net/www/protocol/c/Handler> (0x00000000d559df48) 
thrown [s\src\hotspot\share\classfile\systemDictionary.cpp, line 313]
Event: 1.569 Thread 0x0000020b13febbe0 Exception <a 'java/lang/ClassNotFoundException'{0x00000000d559f350}: sun/net/www/protocol/c/Handler> (0x00000000d559f350) 
thrown [s\src\hotspot\share\classfile\systemDictionary.cpp, line 313]
Event: 1.570 Thread 0x0000020b13febbe0 Exception <a 'java/lang/ClassNotFoundException'{0x00000000d55a05b0}: sun/net/www/protocol/c/Handler> (0x00000000d55a05b0) 
thrown [s\src\hotspot\share\classfile\systemDictionary.cpp, line 313]
Event: 1.589 Thread 0x0000020b13febbe0 Exception <a 'java/io/FileNotFoundException'{0x00000000d55c86c0}> (0x00000000d55c86c0) 
thrown [s\src\hotspot\share\prims\jni.cpp, line 520]
Event: 1.662 Thread 0x0000020b13febbe0 Implicit null exception at 0x0000020b1ed2ed49 to 0x0000020b1ed2f814
Event: 1.662 Thread 0x0000020b13febbe0 Implicit null exception at 0x0000020b1ed2a71a to 0x0000020b1ed2a934
Event: 1.663 Thread 0x0000020b13febbe0 Exception <a 'java/lang/NoSuchMethodError'{0x00000000d573a878}: 'void java.lang.invoke.DirectMethodHandle$Holder.invokeStatic(java.lang.Object, java.lang.Object, java.lang.Object, java.lang.Object)'> (0x00000000d573a878) 
thrown [s\src\hotspot\share\interpreter\linkResolver.cpp, line 773]
Event: 1.665 Thread 0x0000020b13febbe0 Implicit null exception at 0x0000020b1ed25b9a to 0x0000020b1ed25db0
Event: 1.666 Thread 0x0000020b13febbe0 Implicit null exception at 0x0000020b1ed1fbbd to 0x0000020b1ed1fc41
Event: 2.770 Thread 0x0000020b13febbe0 Exception <a 'java/lang/NoSuchMethodError'{0x00000000d59ba6c0}: 'void java.lang.invoke.DirectMethodHandle$Holder.invokeSpecial(java.lang.Object, java.lang.Object, java.lang.Object)'> (0x00000000d59ba6c0) 
thrown [s\src\hotspot\share\interpreter\linkResolver.cpp, line 773]

ZGC Phase Switch (0 events):
No events

VM Operations (16 events):
Event: 0.285 Executing non-safepoint VM operation: HandshakeAllThreads (Deoptimize)
Event: 0.285 Executing non-safepoint VM operation: HandshakeAllThreads (Deoptimize) done
Event: 1.046 Executing non-safepoint VM operation: HandshakeAllThreads (Deoptimize)
Event: 1.046 Executing non-safepoint VM operation: HandshakeAllThreads (Deoptimize) done
Event: 1.081 Executing non-safepoint VM operation: HandshakeAllThreads (Deoptimize)
Event: 1.081 Executing non-safepoint VM operation: HandshakeAllThreads (Deoptimize) done
Event: 1.081 Executing safepoint VM operation: Cleanup
Event: 1.081 Executing safepoint VM operation: Cleanup done
Event: 1.524 Executing non-safepoint VM operation: HandshakeAllThreads (Deoptimize)
Event: 1.524 Executing non-safepoint VM operation: HandshakeAllThreads (Deoptimize) done
Event: 1.549 Executing safepoint VM operation: ParallelGCFailedAllocation (Allocation Failure)
Event: 1.561 Executing safepoint VM operation: ParallelGCFailedAllocation (Allocation Failure) done
Event: 2.575 Executing safepoint VM operation: Cleanup
Event: 2.683 Executing safepoint VM operation: Cleanup done
Event: 3.697 Executing safepoint VM operation: Cleanup
Event: 3.697 Executing safepoint VM operation: Cleanup done

Memory protections (0 events):
No events

Nmethod flushes (0 events):
No events

Events (19 events):
Event: 0.057 Thread 0x0000020b13febbe0 Thread added: 0x0000020b13febbe0
Event: 0.078 Thread 0x0000020b13febbe0 Thread added: 0x0000020b13f9db50
Event: 0.078 Thread 0x0000020b13febbe0 Thread added: 0x0000020b13f9e5b0
Event: 0.078 Thread 0x0000020b13febbe0 Thread added: 0x0000020b14096030
Event: 0.078 Thread 0x0000020b13febbe0 Thread added: 0x0000020b14097050
Event: 0.078 Thread 0x0000020b13febbe0 Thread added: 0x0000020b1409a020
Event: 0.079 Thread 0x0000020b13febbe0 Thread added: 0x0000020b140a3d90
Event: 0.079 Thread 0x0000020b13febbe0 Thread added: 0x0000020b140a8630
Event: 0.079 Thread 0x0000020b13febbe0 Thread added: 0x0000020b6cdfa7e0
Event: 0.185 Thread 0x0000020b13febbe0 Thread added: 0x0000020b140a3070
Event: 0.409 Thread 0x0000020b6cdfa7e0 Thread added: 0x0000020b6d07d430
Event: 0.648 Thread 0x0000020b6d07d430 Thread exited: 0x0000020b6d07d430
Event: 0.728 Thread 0x0000020b13febbe0 Thread added: 0x0000020b140a4420
Event: 0.733 Thread 0x0000020b6cdfa7e0 Thread added: 0x0000020b6d136180
Event: 0.915 Thread 0x0000020b6d136180 Thread added: 0x0000020b6d1a3d00
Event: 2.689 Thread 0x0000020b6d136180 Thread exited: 0x0000020b6d136180
Event: 2.689 Thread 0x0000020b6d1a3d00 Thread exited: 0x0000020b6d1a3d00
Event: 2.849 Thread 0x0000020b6cdfa7e0 Thread added: 0x0000020b724cdc00
Event: 2.852 Thread 0x0000020b140a8630 Thread added: 0x0000020b724cf740


Dynamic libraries:
0x00007ff7102e0000 - 0x00007ff7102ee000 	c:\Users\Administrator\.vscode\extensions\redhat.java-1.55.0-win32-x64\jre\21.0.11-win32-x86_64\bin\java.exe
0x00007ffd25b00000 - 0x00007ffd25d66000 	C:\WINDOWS\SYSTEM32\ntdll.dll
0x00007ffd24d70000 - 0x00007ffd24e39000 	C:\WINDOWS\System32\KERNEL32.DLL
0x00007ffd22ed0000 - 0x00007ffd232ce000 	C:\WINDOWS\System32\KERNELBASE.dll
0x00007ffd23390000 - 0x00007ffd234dc000 	C:\WINDOWS\System32\ucrtbase.dll
0x00007ffd1f410000 - 0x00007ffd1f428000 	c:\Users\Administrator\.vscode\extensions\redhat.java-1.55.0-win32-x64\jre\21.0.11-win32-x86_64\bin\jli.dll
0x00007ffd25350000 - 0x00007ffd25517000 	C:\WINDOWS\System32\USER32.dll
0x00007ffd22ea0000 - 0x00007ffd22ec7000 	C:\WINDOWS\System32\win32u.dll
0x00007ffd25260000 - 0x00007ffd2528b000 	C:\WINDOWS\System32\GDI32.dll
0x00007ffd23700000 - 0x00007ffd2382a000 	C:\WINDOWS\System32\gdi32full.dll
0x00007ffd232e0000 - 0x00007ffd23383000 	C:\WINDOWS\System32\msvcp_win.dll
0x00007ffd1f3f0000 - 0x00007ffd1f40e000 	c:\Users\Administrator\.vscode\extensions\redhat.java-1.55.0-win32-x64\jre\21.0.11-win32-x86_64\bin\VCRUNTIME140.dll
0x00007ffd09bb0000 - 0x00007ffd09e42000 	C:\WINDOWS\WinSxS\amd64_microsoft.windows.common-controls_6595b64144ccf1df_6.0.26100.8875_none_3e0d5d42e32fe9dd\COMCTL32.dll
0x00007ffd24e70000 - 0x00007ffd24f19000 	C:\WINDOWS\System32\msvcrt.dll
0x00007ffd24400000 - 0x00007ffd24432000 	C:\WINDOWS\System32\IMM32.DLL
0x00007ffd1f3e0000 - 0x00007ffd1f3ec000 	c:\Users\Administrator\.vscode\extensions\redhat.java-1.55.0-win32-x64\jre\21.0.11-win32-x86_64\bin\vcruntime140_1.dll
0x00007ffceea50000 - 0x00007ffceeadd000 	c:\Users\Administrator\.vscode\extensions\redhat.java-1.55.0-win32-x64\jre\21.0.11-win32-x86_64\bin\msvcp140.dll
0x00007ffc883d0000 - 0x00007ffc89172000 	c:\Users\Administrator\.vscode\extensions\redhat.java-1.55.0-win32-x64\jre\21.0.11-win32-x86_64\bin\server\jvm.dll
0x00007ffd25540000 - 0x00007ffd255f7000 	C:\WINDOWS\System32\ADVAPI32.dll
0x00007ffd25290000 - 0x00007ffd2533a000 	C:\WINDOWS\System32\sechost.dll
0x00007ffd24fd0000 - 0x00007ffd250e8000 	C:\WINDOWS\System32\RPCRT4.dll
0x00007ffd250f0000 - 0x00007ffd25170000 	C:\WINDOWS\System32\WS2_32.dll
0x00007ffd22ba0000 - 0x00007ffd22bfe000 	C:\WINDOWS\SYSTEM32\POWRPROF.dll
0x00007ffd1b360000 - 0x00007ffd1b36b000 	C:\WINDOWS\SYSTEM32\VERSION.dll
0x00007ffd1b320000 - 0x00007ffd1b356000 	C:\WINDOWS\SYSTEM32\WINMM.dll
0x00007ffd22b80000 - 0x00007ffd22b94000 	C:\WINDOWS\SYSTEM32\UMPDC.dll
0x00007ffd219c0000 - 0x00007ffd219db000 	C:\WINDOWS\SYSTEM32\kernel.appcore.dll
0x00007ffd1f390000 - 0x00007ffd1f39a000 	c:\Users\Administrator\.vscode\extensions\redhat.java-1.55.0-win32-x64\jre\21.0.11-win32-x86_64\bin\jimage.dll
0x00007ffd202b0000 - 0x00007ffd204f2000 	C:\WINDOWS\SYSTEM32\DBGHELP.DLL
0x00007ffd25730000 - 0x00007ffd25ab3000 	C:\WINDOWS\System32\combase.dll
0x00007ffd25180000 - 0x00007ffd25259000 	C:\WINDOWS\System32\OLEAUT32.dll
0x00007ffd001d0000 - 0x00007ffd0020b000 	C:\WINDOWS\SYSTEM32\dbgcore.DLL
0x00007ffd23640000 - 0x00007ffd236ec000 	C:\WINDOWS\System32\bcryptPrimitives.dll
0x00007ffd1f380000 - 0x00007ffd1f38f000 	c:\Users\Administrator\.vscode\extensions\redhat.java-1.55.0-win32-x64\jre\21.0.11-win32-x86_64\bin\instrument.dll
0x00007ffd1f100000 - 0x00007ffd1f120000 	c:\Users\Administrator\.vscode\extensions\redhat.java-1.55.0-win32-x64\jre\21.0.11-win32-x86_64\bin\java.dll
0x00007ffd24550000 - 0x00007ffd24ce2000 	C:\WINDOWS\System32\SHELL32.dll
0x00007ffd20780000 - 0x00007ffd21012000 	C:\WINDOWS\SYSTEM32\windows.storage.dll
0x00007ffd24450000 - 0x00007ffd24547000 	C:\WINDOWS\System32\SHCORE.dll
0x00007ffd25600000 - 0x00007ffd25667000 	C:\WINDOWS\System32\shlwapi.dll
0x00007ffd22c40000 - 0x00007ffd22c69000 	C:\WINDOWS\SYSTEM32\profapi.dll
0x00007ffd1f190000 - 0x00007ffd1f1a8000 	c:\Users\Administrator\.vscode\extensions\redhat.java-1.55.0-win32-x64\jre\21.0.11-win32-x86_64\bin\zip.dll
0x00007ffd1f180000 - 0x00007ffd1f190000 	C:\Users\Administrator\.vscode\extensions\redhat.java-1.55.0-win32-x64\jre\21.0.11-win32-x86_64\bin\net.dll
0x00007ffd1b370000 - 0x00007ffd1b497000 	C:\WINDOWS\SYSTEM32\WINHTTP.dll
0x00007ffd21f50000 - 0x00007ffd21fbc000 	C:\WINDOWS\system32\mswsock.dll
0x00007ffd1f160000 - 0x00007ffd1f176000 	C:\Users\Administrator\.vscode\extensions\redhat.java-1.55.0-win32-x64\jre\21.0.11-win32-x86_64\bin\nio.dll
0x00007ffd1f150000 - 0x00007ffd1f160000 	c:\Users\Administrator\.vscode\extensions\redhat.java-1.55.0-win32-x64\jre\21.0.11-win32-x86_64\bin\verify.dll

JVMTI agents:
c:\Users\Administrator\.vscode\extensions\redhat.java-1.55.0-win32-x64\lombok\lombok-1.18.39-4050.jar path:c:\Users\Administrator\.vscode\extensions\redhat.java-1.55.0-win32-x64\jre\21.0.11-win32-x86_64\bin\instrument.dll, loaded, initialized, instrumentlib options:none

dbghelp: loaded successfully - version: 4.0.5 - missing functions: none
symbol engine: initialized successfully - sym options: 0x614 - pdb path: .;c:\Users\Administrator\.vscode\extensions\redhat.java-1.55.0-win32-x64\jre\21.0.11-win32-x86_64\bin;C:\WINDOWS\SYSTEM32;C:\WINDOWS\WinSxS\amd64_microsoft.windows.common-controls_6595b64144ccf1df_6.0.26100.8875_none_3e0d5d42e32fe9dd;c:\Users\Administrator\.vscode\extensions\redhat.java-1.55.0-win32-x64\jre\21.0.11-win32-x86_64\bin\server

VM Arguments:
jvm_args: --add-modules=ALL-SYSTEM --add-opens=java.base/java.util=ALL-UNNAMED --add-opens=java.base/java.lang=ALL-UNNAMED --add-opens=java.base/sun.nio.fs=ALL-UNNAMED -Declipse.application=org.eclipse.jdt.ls.core.id1 -Dosgi.bundles.defaultStartLevel=4 -Declipse.product=org.eclipse.jdt.ls.core.product -Djava.import.generatesMetadataFilesAtProjectRoot=false -DDetectVMInstallationsJob.disabled=true -Dfile.encoding=utf8 -XX:+UseParallelGC -XX:GCTimeRatio=4 -XX:AdaptiveSizePolicyWeight=90 -Dsun.zip.disableMemoryMapping=true -Xmx2G -Xms100m -Xlog:disable -javaagent:c:\Users\Administrator\.vscode\extensions\redhat.java-1.55.0-win32-x64\lombok\lombok-1.18.39-4050.jar 
java_command: c:\Users\Administrator\.vscode\extensions\redhat.java-1.55.0-win32-x64\server\plugins\org.eclipse.equinox.launcher_1.7.200.v20260619-2039.jar -configuration c:\Users\Administrator\AppData\Roaming\Code\User\globalStorage\redhat.java\1.55.0\config_ss_win -data c:\Users\Administrator\AppData\Roaming\Code\User\workspaceStorage\47d38d0315a5049dedd72c8bc73d439b\redhat.java\ss_ws --pipe=\\.\pipe\lsp-9ad69cd186b9a5ec2080efb2a2a106e6-sock
java_class_path (initial): c:\Users\Administrator\.vscode\extensions\redhat.java-1.55.0-win32-x64\server\plugins\org.eclipse.equinox.launcher_1.7.200.v20260619-2039.jar
Launcher Type: SUN_STANDARD

[Global flags]
    uintx AdaptiveSizePolicyWeight                 = 90                                        {product} {command line}
     intx CICompilerCount                          = 4                                         {product} {ergonomic}
    uintx GCTimeRatio                              = 4                                         {product} {command line}
   size_t InitialHeapSize                          = 104857600                                 {product} {command line}
   size_t MaxHeapSize                              = 2147483648                                {product} {command line}
   size_t MaxNewSize                               = 715653120                                 {product} {ergonomic}
   size_t MinHeapDeltaBytes                        = 524288                                    {product} {ergonomic}
   size_t MinHeapSize                              = 104857600                                 {product} {command line}
   size_t NewSize                                  = 34603008                                  {product} {ergonomic}
    uintx NonNMethodCodeHeapSize                   = 5839372                                {pd product} {ergonomic}
    uintx NonProfiledCodeHeapSize                  = 122909434                              {pd product} {ergonomic}
   size_t OldSize                                  = 70254592                                  {product} {ergonomic}
    uintx ProfiledCodeHeapSize                     = 122909434                              {pd product} {ergonomic}
    uintx ReservedCodeCacheSize                    = 251658240                              {pd product} {ergonomic}
     bool SegmentedCodeCache                       = true                                      {product} {ergonomic}
   size_t SoftMaxHeapSize                          = 2147483648                             {manageable} {ergonomic}
     bool UseCompressedOops                        = true                           {product lp64_product} {ergonomic}
     bool UseLargePagesIndividualAllocation        = false                                  {pd product} {ergonomic}
     bool UseParallelGC                            = true                                      {product} {command line}

Logging:
Log output configuration:
 #0: stdout all=off uptime,level,tags foldmultilines=false
 #1: stderr all=off uptime,level,tags foldmultilines=false

Release file:
JAVA_VERSION="21.0.11" 
MODULES="java.base java.compiler java.datatransfer java.xml java.prefs java.desktop java.instrument java.logging java.management java.security.sasl java.naming java.rmi java.management.rmi java.net.http java.scripting java.security.jgss java.transaction.xa java.sql java.sql.rowset java.xml.crypto java.se java.smartcardio jdk.accessibility jdk.internal.jvmstat jdk.attach jdk.charsets jdk.internal.opt jdk.zipfs jdk.compiler jdk.crypto.ec jdk.crypto.cryptoki jdk.crypto.mscapi jdk.dynalink jdk.internal.ed jdk.editpad jdk.hotspot.agent jdk.httpserver jdk.internal.le jdk.internal.vm.ci jdk.internal.vm.compiler jdk.internal.vm.compiler.management jdk.jartool jdk.javadoc jdk.jcmd jdk.management jdk.management.agent jdk.jconsole jdk.jdeps jdk.jdwp.agent jdk.jdi jdk.jfr jdk.jshell jdk.jsobject jdk.jstatd jdk.localedata jdk.management.jfr jdk.naming.dns jdk.naming.rmi jdk.net jdk.nio.mapmode jdk.random jdk.sctp jdk.security.auth jdk.security.jgss jdk.unsupported jdk.unsupported.desktop jdk.xml.dom" 

Environment Variables:
PATH=C:\Program Files\Common Files\Oracle\Java\javapath;C:\WINDOWS\system32;C:\WINDOWS;C:\WINDOWS\System32\Wbem;C:\WINDOWS\System32\WindowsPowerShell\v1.0\;C:\WINDOWS\System32\OpenSSH\;C:\Program Files\nodejs\;C:\Program Files\Git\cmd;C:\Users\Administrator\AppData\Local\Programs\Python\Python313\Scripts\;C:\Users\Administrator\AppData\Local\Programs\Python\Python313\;C:\Users\Administrator\AppData\Local\Programs\Python\Launcher\;C:\Users\Administrator\AppData\Local\Microsoft\WindowsApps;C:\Users\Administrator\AppData\Local\Programs\Microsoft VS Code\bin;C:\Users\Administrator\AppData\Local\GitHubDesktop\bin;C:\Users\Administrator\AppData\Roaming\npm;C:\Users\Administrator\AppData\Local\Programs\Antigravity\bin
USERNAME=Administrator
OS=Windows_NT
PROCESSOR_IDENTIFIER=AMD64 Family 25 Model 80 Stepping 0, AuthenticAMD
TMP=C:\Users\ADMINI~1\AppData\Local\Temp
TEMP=C:\Users\ADMINI~1\AppData\Local\Temp




Periodic native trim disabled

---------------  S Y S T E M  ---------------

OS:
 Windows 11 , 64 bit Build 26100 (10.0.26100.8875)
OS uptime: 0 days 10:01 hours
Hyper-V role detected

CPU: total 12 (initial active 12) (12 cores per cpu, 2 threads per core) family 25 model 80 stepping 0 microcode 0xa500014, cx8, cmov, fxsr, ht, mmx, 3dnowpref, sse, sse2, sse3, ssse3, sse4a, sse4.1, sse4.2, popcnt, lzcnt, tsc, tscinvbit, avx, avx2, aes, erms, clmul, bmi1, bmi2, adx, sha, fma, vzeroupper, clflush, clflushopt, hv, rdtscp, rdpid, fsrm, f16c, cet_ss
Processor Information for the first 12 processors :
  Max Mhz: 2301, Current Mhz: 2301, Mhz Limit: 2301

Memory: 4k page, system-wide physical 15681M (5162M free)
TotalPageFile size 46088M (AvailPageFile size 6M)
current process WorkingSet (physical memory assigned to process): 89M, peak: 89M
current process commit charge ("private bytes"): 245M, peak: 246M

vm_info: OpenJDK 64-Bit Server VM (21.0.11+10-LTS) for windows-amd64 JRE (21.0.11+10-LTS), built on 2026-04-21T00:00:00Z by "admin" with MS VC++ 17.12 (VS2022)

END.
