#
# There is insufficient memory for the Java Runtime Environment to continue.
# Native memory allocation (malloc) failed to allocate 1048096 bytes. Error detail: Chunk::new
# Possible reasons:
#   The system is out of physical RAM or swap space
#   This process is running with CompressedOops enabled, and the Java Heap may be blocking the growth of the native heap
# Possible solutions:
#   Reduce memory load on the system
#   Increase physical memory or swap space
#   Check if swap backing store is full
#   Decrease Java heap size (-Xmx/-Xms)
#   Decrease number of Java threads
#   Decrease Java thread stack sizes (-Xss)
#   Set larger code cache with -XX:ReservedCodeCacheSize=
#   JVM is running with Unscaled Compressed Oops mode in which the Java heap is
#     placed in the first 4GB address space. The Java Heap base address is the
#     maximum limit for the native heap growth. Please use -XX:HeapBaseMinAddress
#     to set the Java Heap base and to place the Java Heap above 4GB virtual address.
# This output file may be truncated or incomplete.
#
#  Out of Memory Error (arena.cpp:168), pid=28756, tid=22264
#
# JRE version: OpenJDK Runtime Environment Temurin-21.0.11+10 (21.0.11+10) (build 21.0.11+10-LTS)
# Java VM: OpenJDK 64-Bit Server VM Temurin-21.0.11+10 (21.0.11+10-LTS, mixed mode, sharing, tiered, compressed oops, compressed class ptrs, parallel gc, windows-amd64)
# No core dump will be written. Minidumps are not enabled by default on client versions of Windows
#

---------------  S U M M A R Y ------------

Command Line: --add-modules=ALL-SYSTEM --add-opens=java.base/java.util=ALL-UNNAMED --add-opens=java.base/java.lang=ALL-UNNAMED --add-opens=java.base/sun.nio.fs=ALL-UNNAMED -Declipse.application=org.eclipse.jdt.ls.core.id1 -Dosgi.bundles.defaultStartLevel=4 -Declipse.product=org.eclipse.jdt.ls.core.product -Djava.import.generatesMetadataFilesAtProjectRoot=false -DDetectVMInstallationsJob.disabled=true -Dfile.encoding=utf8 -XX:+UseParallelGC -XX:GCTimeRatio=4 -XX:AdaptiveSizePolicyWeight=90 -Dsun.zip.disableMemoryMapping=true -Xmx2G -Xms100m -Xlog:disable -javaagent:c:\Users\Administrator\.vscode\extensions\redhat.java-1.55.0-win32-x64\lombok\lombok-1.18.39-4050.jar -XX:+HeapDumpOnOutOfMemoryError -XX:HeapDumpPath=c:\Users\Administrator\AppData\Roaming\Code\User\workspaceStorage\47d38d0315a5049dedd72c8bc73d439b\redhat.java -Daether.dependencyCollector.impl=bf c:\Users\Administrator\.vscode\extensions\redhat.java-1.55.0-win32-x64\server\plugins\org.eclipse.equinox.launcher_1.7.200.v20260619-2039.jar -configuration c:\Users\Administrator\AppData\Roaming\Code\User\globalStorage\redhat.java\1.55.0\config_win -data c:\Users\Administrator\AppData\Roaming\Code\User\workspaceStorage\47d38d0315a5049dedd72c8bc73d439b\redhat.java\jdt_ws --pipe=\\.\pipe\lsp-2a2c392179b8e44f774b2c9f0826b13e-sock

Host: AMD Ryzen 5 PRO 5650U with Radeon Graphics     , 12 cores, 15G,  Windows 11 , 64 bit Build 26100 (10.0.26100.8875)
Time: Thu Aug  6 13:25:00 2026 E. Africa Standard Time elapsed time: 15.106774 seconds (0d 0h 0m 15s)

---------------  T H R E A D  ---------------

Current thread (0x00000290e3979110):  JavaThread "C2 CompilerThread2" daemon [_thread_in_native, id=22264, stack(0x000000ed3c000000,0x000000ed3c100000) (1024K)]


Current CompileTask:
C2:15106 12483       4       org.eclipse.jdt.internal.compiler.parser.Scanner::internalScanIdentifierOrKeyword (5041 bytes)

Stack: [0x000000ed3c000000,0x000000ed3c100000]
Native frames: (J=compiled Java code, j=interpreted, Vv=VM code, C=native code)
V  [jvm.dll+0x6d7e19]
V  [jvm.dll+0x8b5096]
V  [jvm.dll+0x8b764e]
V  [jvm.dll+0x8b7d33]
V  [jvm.dll+0x284596]
V  [jvm.dll+0xc685d]
V  [jvm.dll+0xc6da1]
V  [jvm.dll+0x3bed6b]
V  [jvm.dll+0x38b2b2]
V  [jvm.dll+0x38a6fa]
V  [jvm.dll+0x24c700]
V  [jvm.dll+0x24bce0]
V  [jvm.dll+0x1cb4ae]
V  [jvm.dll+0x25baad]
V  [jvm.dll+0x25a03a]
V  [jvm.dll+0x3f868e]
V  [jvm.dll+0x85fb0d]
V  [jvm.dll+0x6d664d]
C  [ucrtbase.dll+0x2cd30]
C  [KERNEL32.DLL+0x2e957]
C  [ntdll.dll+0xaad6c]


---------------  P R O C E S S  ---------------

Threads class SMR info:
_java_thread_list=0x00000290e768a0e0, length=75, elements={
0x00000290ffab7620, 0x00000290821cffa0, 0x00000290821d1b70, 0x00000290821d6270,
0x00000290821d8e50, 0x00000290821d7fe0, 0x00000290821de3e0, 0x00000290db029f90,
0x00000290821e75b0, 0x00000290db1dff80, 0x00000290db3625f0, 0x00000290e0835600,
0x00000290e09c0130, 0x00000290e071fff0, 0x00000290e0942120, 0x00000290e0e44770,
0x00000290e11b7f30, 0x00000290e0d2c580, 0x00000290e08acc60, 0x00000290e08abf40,
0x00000290e08ad2f0, 0x00000290e08ad980, 0x00000290e08ae010, 0x00000290e08ae6a0,
0x00000290e08aed30, 0x00000290e126eb40, 0x00000290e1270c10, 0x00000290e126f1d0,
0x00000290e126d790, 0x00000290e126f860, 0x00000290e126fef0, 0x00000290e1270580,
0x00000290e126de20, 0x00000290e12712a0, 0x00000290e1271930, 0x00000290e126e4b0,
0x00000290e1272ce0, 0x00000290e1274720, 0x00000290e1274db0, 0x00000290e1273370,
0x00000290e1274090, 0x00000290e1273a00, 0x00000290e1271fc0, 0x00000290e1272650,
0x00000290e2f830b0, 0x00000290e2f80950, 0x00000290e2f81670, 0x00000290e2f81d00,
0x00000290e2f80fe0, 0x00000290e2f82390, 0x00000290e2f82a20, 0x00000290e2f7fc30,
0x00000290e2f802c0, 0x00000290e2f86530, 0x00000290e2f86bc0, 0x00000290e2f85ea0,
0x00000290e2f85180, 0x00000290e2f87250, 0x00000290e2f83dd0, 0x00000290e2f85810,
0x00000290e2f84460, 0x00000290e2f84af0, 0x00000290e1c9b420, 0x00000290e1c9bab0,
0x00000290e1c9ad90, 0x00000290e1c98cc0, 0x00000290e3978370, 0x00000290e3979110,
0x00000290e1c999e0, 0x00000290e1c9d4f0, 0x00000290e1c9db80, 0x00000290e1c9a700,
0x00000290e1c9f5c0, 0x00000290e1c9e210, 0x00000290e1c9e8a0
}

Java Threads: ( => current thread )
  0x00000290ffab7620 JavaThread "main"                              [_thread_blocked, id=16788, stack(0x000000ed3a200000,0x000000ed3a300000) (1024K)]
  0x00000290821cffa0 JavaThread "Reference Handler"          daemon [_thread_blocked, id=8, stack(0x000000ed3a600000,0x000000ed3a700000) (1024K)]
  0x00000290821d1b70 JavaThread "Finalizer"                  daemon [_thread_blocked, id=27676, stack(0x000000ed3a700000,0x000000ed3a800000) (1024K)]
  0x00000290821d6270 JavaThread "Signal Dispatcher"          daemon [_thread_blocked, id=26992, stack(0x000000ed3a800000,0x000000ed3a900000) (1024K)]
  0x00000290821d8e50 JavaThread "Attach Listener"            daemon [_thread_blocked, id=18464, stack(0x000000ed3a900000,0x000000ed3aa00000) (1024K)]
  0x00000290821d7fe0 JavaThread "Service Thread"             daemon [_thread_blocked, id=13792, stack(0x000000ed3aa00000,0x000000ed3ab00000) (1024K)]
  0x00000290821de3e0 JavaThread "Monitor Deflation Thread"   daemon [_thread_blocked, id=22704, stack(0x000000ed3ab00000,0x000000ed3ac00000) (1024K)]
  0x00000290db029f90 JavaThread "C2 CompilerThread0"         daemon [_thread_in_native, id=29384, stack(0x000000ed3ac00000,0x000000ed3ad00000) (1024K)]
  0x00000290821e75b0 JavaThread "C1 CompilerThread0"         daemon [_thread_blocked, id=30612, stack(0x000000ed3ad00000,0x000000ed3ae00000) (1024K)]
  0x00000290db1dff80 JavaThread "Common-Cleaner"             daemon [_thread_blocked, id=15636, stack(0x000000ed3ae00000,0x000000ed3af00000) (1024K)]
  0x00000290db3625f0 JavaThread "Notification Thread"        daemon [_thread_blocked, id=12104, stack(0x000000ed3b000000,0x000000ed3b100000) (1024K)]
  0x00000290e0835600 JavaThread "Active Thread: Equinox Container: c1032dcc-712f-4dbd-9562-23ed57b60ab7"        [_thread_blocked, id=22416, stack(0x000000ed3b800000,0x000000ed3b900000) (1024K)]
  0x00000290e09c0130 JavaThread "Refresh Thread: Equinox Container: c1032dcc-712f-4dbd-9562-23ed57b60ab7" daemon [_thread_blocked, id=22276, stack(0x000000ed3ba00000,0x000000ed3bb00000) (1024K)]
  0x00000290e071fff0 JavaThread "Framework Event Dispatcher: Equinox Container: c1032dcc-712f-4dbd-9562-23ed57b60ab7" daemon [_thread_blocked, id=24880, stack(0x000000ed3bb00000,0x000000ed3bc00000) (1024K)]
  0x00000290e0942120 JavaThread "Start Level: Equinox Container: c1032dcc-712f-4dbd-9562-23ed57b60ab7" daemon [_thread_blocked, id=16604, stack(0x000000ed3bc00000,0x000000ed3bd00000) (1024K)]
  0x00000290e0e44770 JavaThread "Bundle File Closer"         daemon [_thread_blocked, id=10684, stack(0x000000ed3bf00000,0x000000ed3c000000) (1024K)]
  0x00000290e11b7f30 JavaThread "SCR Component Actor"        daemon [_thread_blocked, id=16716, stack(0x000000ed3af00000,0x000000ed3b000000) (1024K)]
  0x00000290e0d2c580 JavaThread "Worker-JM"                         [_thread_blocked, id=15572, stack(0x000000ed3c100000,0x000000ed3c200000) (1024K)]
  0x00000290e08acc60 JavaThread "JNA Cleaner"                daemon [_thread_blocked, id=29636, stack(0x000000ed3c200000,0x000000ed3c300000) (1024K)]
  0x00000290e08abf40 JavaThread "Worker-0"                          [_thread_blocked, id=21484, stack(0x000000ed3c300000,0x000000ed3c400000) (1024K)]
  0x00000290e08ad2f0 JavaThread "Worker-1: Publish Diagnostics"        [_thread_in_vm, id=4256, stack(0x000000ed3c400000,0x000000ed3c500000) (1024K)]
  0x00000290e08ad980 JavaThread "Worker-2: Initialize workspace"        [_thread_blocked, id=23796, stack(0x000000ed3c500000,0x000000ed3c600000) (1024K)]
  0x00000290e08ae010 JavaThread "Java indexing"              daemon [_thread_blocked, id=7924, stack(0x000000ed3c600000,0x000000ed3c700000) (1024K)]
  0x00000290e08ae6a0 JavaThread "Worker-3"                          [_thread_blocked, id=24480, stack(0x000000ed3c700000,0x000000ed3c800000) (1024K)]
  0x00000290e08aed30 JavaThread "Thread-1"                   daemon [_thread_in_native, id=23188, stack(0x000000ed3cb00000,0x000000ed3cc00000) (1024K)]
  0x00000290e126eb40 JavaThread "Thread-2"                   daemon [_thread_in_native, id=880, stack(0x000000ed3cc00000,0x000000ed3cd00000) (1024K)]
  0x00000290e1270c10 JavaThread "Thread-3"                   daemon [_thread_in_native, id=29752, stack(0x000000ed3cd00000,0x000000ed3ce00000) (1024K)]
  0x00000290e126f1d0 JavaThread "Thread-4"                   daemon [_thread_in_native, id=24036, stack(0x000000ed3ce00000,0x000000ed3cf00000) (1024K)]
  0x00000290e126d790 JavaThread "Thread-5"                   daemon [_thread_in_native, id=28680, stack(0x000000ed3cf00000,0x000000ed3d000000) (1024K)]
  0x00000290e126f860 JavaThread "Thread-6"                   daemon [_thread_in_native, id=10500, stack(0x000000ed3d000000,0x000000ed3d100000) (1024K)]
  0x00000290e126fef0 JavaThread "Thread-7"                   daemon [_thread_in_native, id=24932, stack(0x000000ed3d100000,0x000000ed3d200000) (1024K)]
  0x00000290e1270580 JavaThread "Thread-8"                   daemon [_thread_in_native, id=27120, stack(0x000000ed3d200000,0x000000ed3d300000) (1024K)]
  0x00000290e126de20 JavaThread "Thread-9"                   daemon [_thread_in_native, id=11568, stack(0x000000ed3d300000,0x000000ed3d400000) (1024K)]
  0x00000290e12712a0 JavaThread "Thread-10"                  daemon [_thread_in_native, id=29428, stack(0x000000ed3d400000,0x000000ed3d500000) (1024K)]
  0x00000290e1271930 JavaThread "Thread-11"                  daemon [_thread_in_native, id=23688, stack(0x000000ed3d500000,0x000000ed3d600000) (1024K)]
  0x00000290e126e4b0 JavaThread "Thread-12"                  daemon [_thread_in_native, id=22476, stack(0x000000ed3d600000,0x000000ed3d700000) (1024K)]
  0x00000290e1272ce0 JavaThread "Thread-13"                  daemon [_thread_in_native, id=27424, stack(0x000000ed3d700000,0x000000ed3d800000) (1024K)]
  0x00000290e1274720 JavaThread "pool-2-thread-1"                   [_thread_blocked, id=27416, stack(0x000000ed3d800000,0x000000ed3d900000) (1024K)]
  0x00000290e1274db0 JavaThread "Worker-4"                          [_thread_blocked, id=20772, stack(0x000000ed3d900000,0x000000ed3da00000) (1024K)]
  0x00000290e1273370 JavaThread "WorkspaceEventsHandler"            [_thread_blocked, id=10900, stack(0x000000ed3da00000,0x000000ed3db00000) (1024K)]
  0x00000290e1274090 JavaThread "pool-1-thread-1"                   [_thread_blocked, id=20756, stack(0x000000ed3db00000,0x000000ed3dc00000) (1024K)]
  0x00000290e1273a00 JavaThread "PatternSearchJob-worker-1"  daemon [_thread_blocked, id=12496, stack(0x000000ed3dc00000,0x000000ed3dd00000) (1024K)]
  0x00000290e1271fc0 JavaThread "PatternSearchJob-worker-2"  daemon [_thread_blocked, id=8336, stack(0x000000ed3dd00000,0x000000ed3de00000) (1024K)]
  0x00000290e1272650 JavaThread "PatternSearchJob-worker-3"  daemon [_thread_blocked, id=10600, stack(0x000000ed3de00000,0x000000ed3df00000) (1024K)]
  0x00000290e2f830b0 JavaThread "PatternSearchJob-worker-4"  daemon [_thread_blocked, id=16908, stack(0x000000ed3df00000,0x000000ed3e000000) (1024K)]
  0x00000290e2f80950 JavaThread "PatternSearchJob-worker-5"  daemon [_thread_blocked, id=29744, stack(0x000000ed3e000000,0x000000ed3e100000) (1024K)]
  0x00000290e2f81670 JavaThread "PatternSearchJob-worker-6"  daemon [_thread_blocked, id=18080, stack(0x000000ed3e100000,0x000000ed3e200000) (1024K)]
  0x00000290e2f81d00 JavaThread "PatternSearchJob-worker-7"  daemon [_thread_blocked, id=15324, stack(0x000000ed3e200000,0x000000ed3e300000) (1024K)]
  0x00000290e2f80fe0 JavaThread "PatternSearchJob-worker-8"  daemon [_thread_blocked, id=26260, stack(0x000000ed3e300000,0x000000ed3e400000) (1024K)]
  0x00000290e2f82390 JavaThread "PatternSearchJob-worker-9"  daemon [_thread_blocked, id=24916, stack(0x000000ed3e400000,0x000000ed3e500000) (1024K)]
  0x00000290e2f82a20 JavaThread "PatternSearchJob-worker-10" daemon [_thread_blocked, id=3380, stack(0x000000ed3e500000,0x000000ed3e600000) (1024K)]
  0x00000290e2f7fc30 JavaThread "PatternSearchJob-worker-11" daemon [_thread_blocked, id=2040, stack(0x000000ed3e600000,0x000000ed3e700000) (1024K)]
  0x00000290e2f802c0 JavaThread "LocalFile Deleter"          daemon [_thread_blocked, id=8820, stack(0x000000ed3e700000,0x000000ed3e800000) (1024K)]
  0x00000290e2f86530 JavaThread "LocalFile Deleter"          daemon [_thread_blocked, id=17308, stack(0x000000ed3e800000,0x000000ed3e900000) (1024K)]
  0x00000290e2f86bc0 JavaThread "LocalFile Deleter"          daemon [_thread_blocked, id=11752, stack(0x000000ed3e900000,0x000000ed3ea00000) (1024K)]
  0x00000290e2f85ea0 JavaThread "Compiler Source File Reader" daemon [_thread_blocked, id=25744, stack(0x000000ed3ea00000,0x000000ed3eb00000) (1024K)]
  0x00000290e2f85180 JavaThread "Compiler Source File Reader" daemon [_thread_blocked, id=25688, stack(0x000000ed3eb00000,0x000000ed3ec00000) (1024K)]
  0x00000290e2f87250 JavaThread "Compiler Source File Reader" daemon [_thread_blocked, id=10576, stack(0x000000ed3ec00000,0x000000ed3ed00000) (1024K)]
  0x00000290e2f83dd0 JavaThread "Compiler Source File Reader" daemon [_thread_blocked, id=14736, stack(0x000000ed3ed00000,0x000000ed3ee00000) (1024K)]
  0x00000290e2f85810 JavaThread "Compiler Source File Reader" daemon [_thread_blocked, id=30112, stack(0x000000ed3ee00000,0x000000ed3ef00000) (1024K)]
  0x00000290e2f84460 JavaThread "Compiler Source File Reader" daemon [_thread_blocked, id=20424, stack(0x000000ed3ef00000,0x000000ed3f000000) (1024K)]
  0x00000290e2f84af0 JavaThread "Compiler Source File Reader" daemon [_thread_blocked, id=19472, stack(0x000000ed3f000000,0x000000ed3f100000) (1024K)]
  0x00000290e1c9b420 JavaThread "Compiler Source File Reader" daemon [_thread_blocked, id=29768, stack(0x000000ed3f100000,0x000000ed3f200000) (1024K)]
  0x00000290e1c9bab0 JavaThread "Compiler Source File Reader" daemon [_thread_blocked, id=23360, stack(0x000000ed3f200000,0x000000ed3f300000) (1024K)]
  0x00000290e1c9ad90 JavaThread "Compiler Source File Reader" daemon [_thread_blocked, id=3048, stack(0x000000ed3f300000,0x000000ed3f400000) (1024K)]
  0x00000290e1c98cc0 JavaThread "Compiler Processing Task"   daemon [_thread_blocked, id=21296, stack(0x000000ed3f400000,0x000000ed3f500000) (1024K)]
  0x00000290e3978370 JavaThread "C2 CompilerThread1"         daemon [_thread_in_native, id=25468, stack(0x000000ed3b100000,0x000000ed3b200000) (1024K)]
=>0x00000290e3979110 JavaThread "C2 CompilerThread2"         daemon [_thread_in_native, id=22264, stack(0x000000ed3c000000,0x000000ed3c100000) (1024K)]
  0x00000290e1c999e0 JavaThread "ForkJoinPool.commonPool-worker-1" daemon [_thread_blocked, id=20508, stack(0x000000ed3f500000,0x000000ed3f600000) (1024K)]
  0x00000290e1c9d4f0 JavaThread "ForkJoinPool.commonPool-worker-2" daemon [_thread_blocked, id=3128, stack(0x000000ed3f600000,0x000000ed3f700000) (1024K)]
  0x00000290e1c9db80 JavaThread "ForkJoinPool.commonPool-worker-3" daemon [_thread_blocked, id=19528, stack(0x000000ed3f700000,0x000000ed3f800000) (1024K)]
  0x00000290e1c9a700 JavaThread "ForkJoinPool.commonPool-worker-4" daemon [_thread_blocked, id=2980, stack(0x000000ed3f800000,0x000000ed3f900000) (1024K)]
  0x00000290e1c9f5c0 JavaThread "ForkJoinPool.commonPool-worker-5" daemon [_thread_blocked, id=7504, stack(0x000000ed3f900000,0x000000ed3fa00000) (1024K)]
  0x00000290e1c9e210 JavaThread "ForkJoinPool.commonPool-worker-6" daemon [_thread_blocked, id=29608, stack(0x000000ed3fa00000,0x000000ed3fb00000) (1024K)]
  0x00000290e1c9e8a0 JavaThread "ForkJoinPool.commonPool-worker-7" daemon [_thread_blocked, id=20532, stack(0x000000ed3fb00000,0x000000ed3fc00000) (1024K)]
Total: 75

Other Threads:
  0x00000290821cfa90 VMThread "VM Thread"                           [id=27440, stack(0x000000ed3a500000,0x000000ed3a600000) (1024K)]
  0x0000029098abca00 WatcherThread "VM Periodic Task Thread"        [id=8988, stack(0x000000ed3a400000,0x000000ed3a500000) (1024K)]
  0x0000029082149190 WorkerThread "GC Thread#0"                     [id=19688, stack(0x000000ed3a300000,0x000000ed3a400000) (1024K)]
  0x00000290e06a4de0 WorkerThread "GC Thread#1"                     [id=16340, stack(0x000000ed3b200000,0x000000ed3b300000) (1024K)]
  0x00000290e06bf500 WorkerThread "GC Thread#2"                     [id=6940, stack(0x000000ed3b300000,0x000000ed3b400000) (1024K)]
  0x00000290e06bf8b0 WorkerThread "GC Thread#3"                     [id=29876, stack(0x000000ed3b400000,0x000000ed3b500000) (1024K)]
  0x00000290e08392c0 WorkerThread "GC Thread#4"                     [id=22108, stack(0x000000ed3b500000,0x000000ed3b600000) (1024K)]
  0x00000290e0839670 WorkerThread "GC Thread#5"                     [id=22148, stack(0x000000ed3b600000,0x000000ed3b700000) (1024K)]
  0x00000290e02f8a20 WorkerThread "GC Thread#6"                     [id=16144, stack(0x000000ed3b700000,0x000000ed3b800000) (1024K)]
  0x00000290e077eb60 WorkerThread "GC Thread#7"                     [id=10004, stack(0x000000ed3b900000,0x000000ed3ba00000) (1024K)]
  0x00000290e0d86660 WorkerThread "GC Thread#8"                     [id=18904, stack(0x000000ed3bd00000,0x000000ed3be00000) (1024K)]
  0x00000290e0be0a00 WorkerThread "GC Thread#9"                     [id=19628, stack(0x000000ed3be00000,0x000000ed3bf00000) (1024K)]
Total: 12

Threads with active compile tasks:
C2 CompilerThread0  17130 12494   !   4       org.eclipse.jdt.internal.core.util.DeduplicationUtil::intern (149 bytes)
C2 CompilerThread1  17130 12474 % !   4       org.eclipse.jdt.internal.core.JarPackageFragmentRoot::computeChildren @ 139 (523 bytes)
C2 CompilerThread2  17130 12483       4       org.eclipse.jdt.internal.compiler.parser.Scanner::internalScanIdentifierOrKeyword (5041 bytes)
Total: 3

VM state: not at safepoint (normal execution)

VM Mutex/Monitor currently owned by a thread:  ([mutex/lock_event])
[0x00007ff9e21df670] Heap_lock - owner thread: 0x00000290e08ad2f0
[0x00007ff9e21dfaf0] PSOldGenExpand_lock - owner thread: 0x00000290e08ad2f0

Heap address: 0x0000000080000000, size: 2048 MB, Compressed Oops mode: 32-bit

CDS archive(s) mapped at: [0x0000029099000000-0x0000029099ba0000-0x0000029099ba0000), size 12189696, SharedBaseAddress: 0x0000029099000000, ArchiveRelocationMode: 1.
Compressed class space mapped at: 0x000002909a000000-0x00000290da000000, reserved size: 1073741824
Narrow klass base: 0x0000029099000000, Narrow klass shift: 0, Narrow klass range: 0x100000000

GC Precious Log:
 CardTable entry size: 512
 CPUs: 12 total, 12 available
 Memory: 15681M
 Large Page Support: Disabled
 NUMA Support: Disabled
 Compressed Oops: Enabled (32-bit)
 Alignments: Space 512K, Generation 512K, Heap 2M
 Heap Min Capacity: 100M
 Heap Initial Capacity: 100M
 Heap Max Capacity: 2G
 Pre-touch: Disabled
 Parallel Workers: 10

Heap:
 PSYoungGen      total 22016K, used 21596K [0x00000000d5580000, 0x00000000d6c00000, 0x0000000100000000)
  eden space 20992K, 100% used [0x00000000d5580000,0x00000000d6a00000,0x00000000d6a00000)
  from space 1024K, 59% used [0x00000000d6a00000,0x00000000d6a97298,0x00000000d6b00000)
  to   space 1024K, 0% used [0x00000000d6b00000,0x00000000d6b00000,0x00000000d6c00000)
 ParOldGen       total 79360K, used 79359K [0x0000000080000000, 0x0000000084d80000, 0x00000000d5580000)
  object space 79360K, 99% used [0x0000000080000000,0x0000000084d7ffe8,0x0000000084d80000)
 Metaspace       used 66550K, committed 68224K, reserved 1114112K
  class space    used 6953K, committed 7744K, reserved 1048576K

Card table byte_map: [0x0000029081af0000,0x0000029081f00000] _byte_map_base: 0x00000290816f0000

Marking Bits: (ParMarkBitMap*) 0x00007ff9e21e4460
 Begin Bits: [0x00000290945e0000, 0x00000290965e0000)
 End Bits:   [0x00000290965e0000, 0x00000290985e0000)

Polling page: 0x00000290803b0000

Metaspace:

Usage:
  Non-class:     58.20 MB used.
      Class:      6.79 MB used.
       Both:     64.99 MB used.

Virtual space:
  Non-class space:       64.00 MB reserved,      59.06 MB ( 92%) committed,  1 nodes.
      Class space:        1.00 GB reserved,       7.56 MB ( <1%) committed,  1 nodes.
             Both:        1.06 GB reserved,      66.62 MB (  6%) committed. 

Chunk freelists:
   Non-Class:  4.81 MB
       Class:  8.44 MB
        Both:  13.25 MB

MaxMetaspaceSize: unlimited
CompressedClassSpaceSize: 1.00 GB
Initial GC threshold: 21.00 MB
Current GC threshold: 97.31 MB
CDS: on
 - commit_granule_bytes: 65536.
 - commit_granule_words: 8192.
 - virtual_space_node_default_size: 8388608.
 - enlarge_chunks_in_place: 1.
 - use_allocation_guard: 0.


Internal statistics:

num_allocs_failed_limit: 9.
num_arena_births: 1266.
num_arena_deaths: 14.
num_vsnodes_births: 2.
num_vsnodes_deaths: 0.
num_space_committed: 1066.
num_space_uncommitted: 0.
num_chunks_returned_to_freelist: 23.
num_chunks_taken_from_freelist: 4530.
num_chunk_merges: 9.
num_chunk_splits: 2736.
num_chunks_enlarged: 1485.
num_inconsistent_stats: 0.

CodeHeap 'non-profiled nmethods': size=120000Kb used=7751Kb max_used=7751Kb free=112248Kb
 bounds [0x000002908ce00000, 0x000002908d5a0000, 0x0000029094330000]
CodeHeap 'profiled nmethods': size=120000Kb used=27386Kb max_used=27386Kb free=92613Kb
 bounds [0x0000029085330000, 0x0000029086df0000, 0x000002908c860000]
CodeHeap 'non-nmethods': size=5760Kb used=1440Kb max_used=1491Kb free=4319Kb
 bounds [0x000002908c860000, 0x000002908cad0000, 0x000002908ce00000]
CodeCache: size=245760Kb, used=36577Kb, max_used=36628Kb, free=209180Kb
 total_blobs=12450, nmethods=11697, adapters=659, full_count=0
Compilation: enabled, stopped_count=0, restarted_count=0

Compilation events (20 events):
Event: 14.027 Thread 0x00000290821e75b0 nmethod 12493 0x0000029086dde910 code [0x0000029086ddeae0, 0x0000029086ddefb0]
Event: 14.059 Thread 0x00000290821e75b0 12496       3       java.util.ImmutableCollections$MapN$MapNIterator::<init> (40 bytes)
Event: 14.059 Thread 0x00000290821e75b0 nmethod 12496 0x0000029086ddf110 code [0x0000029086ddf2c0, 0x0000029086ddf480]
Event: 14.059 Thread 0x00000290821e75b0 12498 %     3       java.util.Iterator::forEachRemaining @ 5 (30 bytes)
Event: 14.060 Thread 0x00000290821e75b0 nmethod 12498% 0x0000029086ddf590 code [0x0000029086ddf7a0, 0x0000029086ddfd98]
Event: 14.076 Thread 0x00000290821e75b0 12499       3       org.eclipse.m2e.core.internal.preferences.MavenConfigurationImpl::getUserSettingsFile (8 bytes)
Event: 14.076 Thread 0x00000290821e75b0 nmethod 12499 0x0000029086ddff90 code [0x0000029086de0140, 0x0000029086de0348]
Event: 14.076 Thread 0x00000290821e75b0 12500       3       org.eclipse.m2e.core.internal.preferences.MavenConfigurationImpl::getGlobalSettingsFile (8 bytes)
Event: 14.076 Thread 0x00000290821e75b0 nmethod 12500 0x0000029086de0490 code [0x0000029086de0640, 0x0000029086de0848]
Event: 14.079 Thread 0x00000290821e75b0 12501       3       org.eclipse.m2e.core.internal.preferences.MavenConfigurationImpl::getSettingsLocations (61 bytes)
Event: 14.080 Thread 0x00000290821e75b0 nmethod 12501 0x0000029086de0990 code [0x0000029086de0be0, 0x0000029086de13a8]
Event: 14.080 Thread 0x00000290821e75b0 12502       3       org.eclipse.m2e.core.embedder.MavenSettingsLocations::<init> (15 bytes)
Event: 14.080 Thread 0x00000290821e75b0 nmethod 12502 0x0000029086de1710 code [0x0000029086de18c0, 0x0000029086de1ab8]
Event: 14.080 Thread 0x00000290821e75b0 12503       3       org.eclipse.m2e.core.internal.embedder.MavenImpl::getSettings (25 bytes)
Event: 14.081 Thread 0x00000290821e75b0 nmethod 12503 0x0000029086de1b90 code [0x0000029086de1dc0, 0x0000029086de2548]
Event: 14.082 Thread 0x00000290821e75b0 12504       3       org.eclipse.m2e.core.embedder.MavenSettingsLocations::equals (8 bytes)
Event: 14.086 Thread 0x00000290821e75b0 nmethod 12504 0x0000029086de2810 code [0x0000029086de2c80, 0x0000029086de4f68]
Event: 14.088 Thread 0x00000290821e75b0 12505       3       org.apache.maven.artifact.factory.DefaultArtifactFactory::createArtifact (138 bytes)
Event: 14.089 Thread 0x00000290821e75b0 nmethod 12505 0x0000029086de5b10 code [0x0000029086de5d60, 0x0000029086de6440]
Event: 14.097 Thread 0x00000290821e75b0 12506       3       org.apache.maven.repository.legacy.LegacyRepositorySystem::createRepository (41 bytes)

GC Heap History (20 events):
Event: 13.943 GC heap before
{Heap before GC invocations=79 (full 3):
 PSYoungGen      total 22016K, used 21728K [0x00000000d5580000, 0x00000000d6d00000, 0x0000000100000000)
  eden space 20992K, 100% used [0x00000000d5580000,0x00000000d6a00000,0x00000000d6a00000)
  from space 1024K, 71% used [0x00000000d6a00000,0x00000000d6ab8000,0x00000000d6b00000)
  to   space 1536K, 0% used [0x00000000d6b80000,0x00000000d6b80000,0x00000000d6d00000)
 ParOldGen       total 73728K, used 73418K [0x0000000080000000, 0x0000000084800000, 0x00000000d5580000)
  object space 73728K, 99% used [0x0000000080000000,0x00000000847b2870,0x0000000084800000)
 Metaspace       used 66484K, committed 68160K, reserved 1114112K
  class space    used 6950K, committed 7744K, reserved 1048576K
}
Event: 13.944 GC heap after
{Heap after GC invocations=79 (full 3):
 PSYoungGen      total 22016K, used 870K [0x00000000d5580000, 0x00000000d6c80000, 0x0000000100000000)
  eden space 20992K, 0% used [0x00000000d5580000,0x00000000d5580000,0x00000000d6a00000)
  from space 1024K, 85% used [0x00000000d6b80000,0x00000000d6c59af8,0x00000000d6c80000)
  to   space 1024K, 0% used [0x00000000d6a00000,0x00000000d6a00000,0x00000000d6b00000)
 ParOldGen       total 74240K, used 74056K [0x0000000080000000, 0x0000000084880000, 0x00000000d5580000)
  object space 74240K, 99% used [0x0000000080000000,0x0000000084852200,0x0000000084880000)
 Metaspace       used 66484K, committed 68160K, reserved 1114112K
  class space    used 6950K, committed 7744K, reserved 1048576K
}
Event: 13.956 GC heap before
{Heap before GC invocations=80 (full 3):
 PSYoungGen      total 22016K, used 21862K [0x00000000d5580000, 0x00000000d6c80000, 0x0000000100000000)
  eden space 20992K, 100% used [0x00000000d5580000,0x00000000d6a00000,0x00000000d6a00000)
  from space 1024K, 85% used [0x00000000d6b80000,0x00000000d6c59af8,0x00000000d6c80000)
  to   space 1024K, 0% used [0x00000000d6a00000,0x00000000d6a00000,0x00000000d6b00000)
 ParOldGen       total 74240K, used 74056K [0x0000000080000000, 0x0000000084880000, 0x00000000d5580000)
  object space 74240K, 99% used [0x0000000080000000,0x0000000084852200,0x0000000084880000)
 Metaspace       used 66484K, committed 68160K, reserved 1114112K
  class space    used 6950K, committed 7744K, reserved 1048576K
}
Event: 13.958 GC heap after
{Heap after GC invocations=80 (full 3):
 PSYoungGen      total 22016K, used 768K [0x00000000d5580000, 0x00000000d6c00000, 0x0000000100000000)
  eden space 20992K, 0% used [0x00000000d5580000,0x00000000d5580000,0x00000000d6a00000)
  from space 1024K, 75% used [0x00000000d6a00000,0x00000000d6ac0000,0x00000000d6b00000)
  to   space 1024K, 0% used [0x00000000d6b00000,0x00000000d6b00000,0x00000000d6c00000)
 ParOldGen       total 75264K, used 74836K [0x0000000080000000, 0x0000000084980000, 0x00000000d5580000)
  object space 75264K, 99% used [0x0000000080000000,0x0000000084915108,0x0000000084980000)
 Metaspace       used 66484K, committed 68160K, reserved 1114112K
  class space    used 6950K, committed 7744K, reserved 1048576K
}
Event: 13.973 GC heap before
{Heap before GC invocations=81 (full 3):
 PSYoungGen      total 22016K, used 21760K [0x00000000d5580000, 0x00000000d6c00000, 0x0000000100000000)
  eden space 20992K, 100% used [0x00000000d5580000,0x00000000d6a00000,0x00000000d6a00000)
  from space 1024K, 75% used [0x00000000d6a00000,0x00000000d6ac0000,0x00000000d6b00000)
  to   space 1024K, 0% used [0x00000000d6b00000,0x00000000d6b00000,0x00000000d6c00000)
 ParOldGen       total 75264K, used 74836K [0x0000000080000000, 0x0000000084980000, 0x00000000d5580000)
  object space 75264K, 99% used [0x0000000080000000,0x0000000084915108,0x0000000084980000)
 Metaspace       used 66485K, committed 68160K, reserved 1114112K
  class space    used 6950K, committed 7744K, reserved 1048576K
}
Event: 13.975 GC heap after
{Heap after GC invocations=81 (full 3):
 PSYoungGen      total 22016K, used 738K [0x00000000d5580000, 0x00000000d6c00000, 0x0000000100000000)
  eden space 20992K, 0% used [0x00000000d5580000,0x00000000d5580000,0x00000000d6a00000)
  from space 1024K, 72% used [0x00000000d6b00000,0x00000000d6bb88f8,0x00000000d6c00000)
  to   space 1024K, 0% used [0x00000000d6a00000,0x00000000d6a00000,0x00000000d6b00000)
 ParOldGen       total 75776K, used 75429K [0x0000000080000000, 0x0000000084a00000, 0x00000000d5580000)
  object space 75776K, 99% used [0x0000000080000000,0x00000000849a9410,0x0000000084a00000)
 Metaspace       used 66485K, committed 68160K, reserved 1114112K
  class space    used 6950K, committed 7744K, reserved 1048576K
}
Event: 13.991 GC heap before
{Heap before GC invocations=82 (full 3):
 PSYoungGen      total 22016K, used 21730K [0x00000000d5580000, 0x00000000d6c00000, 0x0000000100000000)
  eden space 20992K, 100% used [0x00000000d5580000,0x00000000d6a00000,0x00000000d6a00000)
  from space 1024K, 72% used [0x00000000d6b00000,0x00000000d6bb88f8,0x00000000d6c00000)
  to   space 1024K, 0% used [0x00000000d6a00000,0x00000000d6a00000,0x00000000d6b00000)
 ParOldGen       total 75776K, used 75429K [0x0000000080000000, 0x0000000084a00000, 0x00000000d5580000)
  object space 75776K, 99% used [0x0000000080000000,0x00000000849a9410,0x0000000084a00000)
 Metaspace       used 66485K, committed 68160K, reserved 1114112K
  class space    used 6950K, committed 7744K, reserved 1048576K
}
Event: 13.992 GC heap after
{Heap after GC invocations=82 (full 3):
 PSYoungGen      total 22016K, used 654K [0x00000000d5580000, 0x00000000d6c00000, 0x0000000100000000)
  eden space 20992K, 0% used [0x00000000d5580000,0x00000000d5580000,0x00000000d6a00000)
  from space 1024K, 63% used [0x00000000d6a00000,0x00000000d6aa3998,0x00000000d6b00000)
  to   space 1024K, 0% used [0x00000000d6b00000,0x00000000d6b00000,0x00000000d6c00000)
 ParOldGen       total 76288K, used 75898K [0x0000000080000000, 0x0000000084a80000, 0x00000000d5580000)
  object space 76288K, 99% used [0x0000000080000000,0x0000000084a1ea78,0x0000000084a80000)
 Metaspace       used 66485K, committed 68160K, reserved 1114112K
  class space    used 6950K, committed 7744K, reserved 1048576K
}
Event: 14.009 GC heap before
{Heap before GC invocations=83 (full 3):
 PSYoungGen      total 22016K, used 21646K [0x00000000d5580000, 0x00000000d6c00000, 0x0000000100000000)
  eden space 20992K, 100% used [0x00000000d5580000,0x00000000d6a00000,0x00000000d6a00000)
  from space 1024K, 63% used [0x00000000d6a00000,0x00000000d6aa3998,0x00000000d6b00000)
  to   space 1024K, 0% used [0x00000000d6b00000,0x00000000d6b00000,0x00000000d6c00000)
 ParOldGen       total 76288K, used 75901K [0x0000000080000000, 0x0000000084a80000, 0x00000000d5580000)
  object space 76288K, 99% used [0x0000000080000000,0x0000000084a1f428,0x0000000084a80000)
 Metaspace       used 66495K, committed 68160K, reserved 1114112K
  class space    used 6950K, committed 7744K, reserved 1048576K
}
Event: 14.010 GC heap after
{Heap after GC invocations=83 (full 3):
 PSYoungGen      total 22016K, used 544K [0x00000000d5580000, 0x00000000d6c00000, 0x0000000100000000)
  eden space 20992K, 0% used [0x00000000d5580000,0x00000000d5580000,0x00000000d6a00000)
  from space 1024K, 53% used [0x00000000d6b00000,0x00000000d6b88000,0x00000000d6c00000)
  to   space 1024K, 0% used [0x00000000d6a00000,0x00000000d6a00000,0x00000000d6b00000)
 ParOldGen       total 76800K, used 76327K [0x0000000080000000, 0x0000000084b00000, 0x00000000d5580000)
  object space 76800K, 99% used [0x0000000080000000,0x0000000084a89e58,0x0000000084b00000)
 Metaspace       used 66495K, committed 68160K, reserved 1114112K
  class space    used 6950K, committed 7744K, reserved 1048576K
}
Event: 14.030 GC heap before
{Heap before GC invocations=84 (full 3):
 PSYoungGen      total 22016K, used 21536K [0x00000000d5580000, 0x00000000d6c00000, 0x0000000100000000)
  eden space 20992K, 100% used [0x00000000d5580000,0x00000000d6a00000,0x00000000d6a00000)
  from space 1024K, 53% used [0x00000000d6b00000,0x00000000d6b88000,0x00000000d6c00000)
  to   space 1024K, 0% used [0x00000000d6a00000,0x00000000d6a00000,0x00000000d6b00000)
 ParOldGen       total 76800K, used 76327K [0x0000000080000000, 0x0000000084b00000, 0x00000000d5580000)
  object space 76800K, 99% used [0x0000000080000000,0x0000000084a89e58,0x0000000084b00000)
 Metaspace       used 66533K, committed 68224K, reserved 1114112K
  class space    used 6953K, committed 7744K, reserved 1048576K
}
Event: 14.032 GC heap after
{Heap after GC invocations=84 (full 3):
 PSYoungGen      total 22016K, used 672K [0x00000000d5580000, 0x00000000d6c00000, 0x0000000100000000)
  eden space 20992K, 0% used [0x00000000d5580000,0x00000000d5580000,0x00000000d6a00000)
  from space 1024K, 65% used [0x00000000d6a00000,0x00000000d6aa8020,0x00000000d6b00000)
  to   space 1024K, 0% used [0x00000000d6b00000,0x00000000d6b00000,0x00000000d6c00000)
 ParOldGen       total 76800K, used 76679K [0x0000000080000000, 0x0000000084b00000, 0x00000000d5580000)
  object space 76800K, 99% used [0x0000000080000000,0x0000000084ae1e58,0x0000000084b00000)
 Metaspace       used 66533K, committed 68224K, reserved 1114112K
  class space    used 6953K, committed 7744K, reserved 1048576K
}
Event: 14.044 GC heap before
{Heap before GC invocations=85 (full 3):
 PSYoungGen      total 22016K, used 21664K [0x00000000d5580000, 0x00000000d6c00000, 0x0000000100000000)
  eden space 20992K, 100% used [0x00000000d5580000,0x00000000d6a00000,0x00000000d6a00000)
  from space 1024K, 65% used [0x00000000d6a00000,0x00000000d6aa8020,0x00000000d6b00000)
  to   space 1024K, 0% used [0x00000000d6b00000,0x00000000d6b00000,0x00000000d6c00000)
 ParOldGen       total 76800K, used 76679K [0x0000000080000000, 0x0000000084b00000, 0x00000000d5580000)
  object space 76800K, 99% used [0x0000000080000000,0x0000000084ae1e58,0x0000000084b00000)
 Metaspace       used 66533K, committed 68224K, reserved 1114112K
  class space    used 6953K, committed 7744K, reserved 1048576K
}
Event: 14.046 GC heap after
{Heap after GC invocations=85 (full 3):
 PSYoungGen      total 22016K, used 782K [0x00000000d5580000, 0x00000000d6c00000, 0x0000000100000000)
  eden space 20992K, 0% used [0x00000000d5580000,0x00000000d5580000,0x00000000d6a00000)
  from space 1024K, 76% used [0x00000000d6b00000,0x00000000d6bc39a0,0x00000000d6c00000)
  to   space 1024K, 0% used [0x00000000d6a00000,0x00000000d6a00000,0x00000000d6b00000)
 ParOldGen       total 77312K, used 77160K [0x0000000080000000, 0x0000000084b80000, 0x00000000d5580000)
  object space 77312K, 99% used [0x0000000080000000,0x0000000084b5a278,0x0000000084b80000)
 Metaspace       used 66533K, committed 68224K, reserved 1114112K
  class space    used 6953K, committed 7744K, reserved 1048576K
}
Event: 14.056 GC heap before
{Heap before GC invocations=86 (full 3):
 PSYoungGen      total 22016K, used 21774K [0x00000000d5580000, 0x00000000d6c00000, 0x0000000100000000)
  eden space 20992K, 100% used [0x00000000d5580000,0x00000000d6a00000,0x00000000d6a00000)
  from space 1024K, 76% used [0x00000000d6b00000,0x00000000d6bc39a0,0x00000000d6c00000)
  to   space 1024K, 0% used [0x00000000d6a00000,0x00000000d6a00000,0x00000000d6b00000)
 ParOldGen       total 77312K, used 77160K [0x0000000080000000, 0x0000000084b80000, 0x00000000d5580000)
  object space 77312K, 99% used [0x0000000080000000,0x0000000084b5a278,0x0000000084b80000)
 Metaspace       used 66533K, committed 68224K, reserved 1114112K
  class space    used 6953K, committed 7744K, reserved 1048576K
}
Event: 14.058 GC heap after
{Heap after GC invocations=86 (full 3):
 PSYoungGen      total 22016K, used 384K [0x00000000d5580000, 0x00000000d6c00000, 0x0000000100000000)
  eden space 20992K, 0% used [0x00000000d5580000,0x00000000d5580000,0x00000000d6a00000)
  from space 1024K, 37% used [0x00000000d6a00000,0x00000000d6a60000,0x00000000d6b00000)
  to   space 1024K, 0% used [0x00000000d6b00000,0x00000000d6b00000,0x00000000d6c00000)
 ParOldGen       total 77824K, used 77708K [0x0000000080000000, 0x0000000084c00000, 0x00000000d5580000)
  object space 77824K, 99% used [0x0000000080000000,0x0000000084be3378,0x0000000084c00000)
 Metaspace       used 66533K, committed 68224K, reserved 1114112K
  class space    used 6953K, committed 7744K, reserved 1048576K
}
Event: 14.071 GC heap before
{Heap before GC invocations=87 (full 3):
 PSYoungGen      total 22016K, used 21376K [0x00000000d5580000, 0x00000000d6c00000, 0x0000000100000000)
  eden space 20992K, 100% used [0x00000000d5580000,0x00000000d6a00000,0x00000000d6a00000)
  from space 1024K, 37% used [0x00000000d6a00000,0x00000000d6a60000,0x00000000d6b00000)
  to   space 1024K, 0% used [0x00000000d6b00000,0x00000000d6b00000,0x00000000d6c00000)
 ParOldGen       total 77824K, used 77708K [0x0000000080000000, 0x0000000084c00000, 0x00000000d5580000)
  object space 77824K, 99% used [0x0000000080000000,0x0000000084be3378,0x0000000084c00000)
 Metaspace       used 66533K, committed 68224K, reserved 1114112K
  class space    used 6953K, committed 7744K, reserved 1048576K
}
Event: 14.072 GC heap after
{Heap after GC invocations=87 (full 3):
 PSYoungGen      total 22016K, used 581K [0x00000000d5580000, 0x00000000d6c00000, 0x0000000100000000)
  eden space 20992K, 0% used [0x00000000d5580000,0x00000000d5580000,0x00000000d6a00000)
  from space 1024K, 56% used [0x00000000d6b00000,0x00000000d6b916b0,0x00000000d6c00000)
  to   space 1024K, 0% used [0x00000000d6a00000,0x00000000d6a00000,0x00000000d6b00000)
 ParOldGen       total 78336K, used 77908K [0x0000000080000000, 0x0000000084c80000, 0x00000000d5580000)
  object space 78336K, 99% used [0x0000000080000000,0x0000000084c15378,0x0000000084c80000)
 Metaspace       used 66533K, committed 68224K, reserved 1114112K
  class space    used 6953K, committed 7744K, reserved 1048576K
}
Event: 14.086 GC heap before
{Heap before GC invocations=88 (full 3):
 PSYoungGen      total 22016K, used 21573K [0x00000000d5580000, 0x00000000d6c00000, 0x0000000100000000)
  eden space 20992K, 100% used [0x00000000d5580000,0x00000000d6a00000,0x00000000d6a00000)
  from space 1024K, 56% used [0x00000000d6b00000,0x00000000d6b916b0,0x00000000d6c00000)
  to   space 1024K, 0% used [0x00000000d6a00000,0x00000000d6a00000,0x00000000d6b00000)
 ParOldGen       total 78336K, used 77908K [0x0000000080000000, 0x0000000084c80000, 0x00000000d5580000)
  object space 78336K, 99% used [0x0000000080000000,0x0000000084c15378,0x0000000084c80000)
 Metaspace       used 66540K, committed 68224K, reserved 1114112K
  class space    used 6953K, committed 7744K, reserved 1048576K
}
Event: 14.088 GC heap after
{Heap after GC invocations=88 (full 3):
 PSYoungGen      total 22016K, used 670K [0x00000000d5580000, 0x00000000d6c00000, 0x0000000100000000)
  eden space 20992K, 0% used [0x00000000d5580000,0x00000000d5580000,0x00000000d6a00000)
  from space 1024K, 65% used [0x00000000d6a00000,0x00000000d6aa7858,0x00000000d6b00000)
  to   space 1024K, 0% used [0x00000000d6b00000,0x00000000d6b00000,0x00000000d6c00000)
 ParOldGen       total 78336K, used 78139K [0x0000000080000000, 0x0000000084c80000, 0x00000000d5580000)
  object space 78336K, 99% used [0x0000000080000000,0x0000000084c4ef38,0x0000000084c80000)
 Metaspace       used 66540K, committed 68224K, reserved 1114112K
  class space    used 6953K, committed 7744K, reserved 1048576K
}

Dll operation events (10 events):
Event: 0.013 Loaded shared library c:\Users\Administrator\.vscode\extensions\redhat.java-1.55.0-win32-x64\jre\21.0.11-win32-x86_64\bin\java.dll
Event: 0.076 Loaded shared library c:\Users\Administrator\.vscode\extensions\redhat.java-1.55.0-win32-x64\jre\21.0.11-win32-x86_64\bin\zip.dll
Event: 0.090 Loaded shared library C:\Users\Administrator\.vscode\extensions\redhat.java-1.55.0-win32-x64\jre\21.0.11-win32-x86_64\bin\instrument.dll
Event: 0.094 Loaded shared library C:\Users\Administrator\.vscode\extensions\redhat.java-1.55.0-win32-x64\jre\21.0.11-win32-x86_64\bin\net.dll
Event: 0.096 Loaded shared library C:\Users\Administrator\.vscode\extensions\redhat.java-1.55.0-win32-x64\jre\21.0.11-win32-x86_64\bin\nio.dll
Event: 0.098 Loaded shared library C:\Users\Administrator\.vscode\extensions\redhat.java-1.55.0-win32-x64\jre\21.0.11-win32-x86_64\bin\zip.dll
Event: 0.111 Loaded shared library C:\Users\Administrator\.vscode\extensions\redhat.java-1.55.0-win32-x64\jre\21.0.11-win32-x86_64\bin\jimage.dll
Event: 0.163 Loaded shared library c:\Users\Administrator\.vscode\extensions\redhat.java-1.55.0-win32-x64\jre\21.0.11-win32-x86_64\bin\verify.dll
Event: 0.958 Loaded shared library C:\Users\Administrator\AppData\Roaming\Code\User\globalStorage\redhat.java\1.55.0\config_win\org.eclipse.equinox.launcher\org.eclipse.equinox.launcher.win32.win32.x86_64_1.3.100.v20260613-0559\eclipse_11924.dll
Event: 4.000 Loaded shared library C:\Users\Administrator\AppData\Local\Temp\jna-146731693\jna8964440752168268764.dll

Deoptimization events (20 events):
Event: 13.933 Thread 0x00000290e1c999e0 DEOPT PACKING pc=0x0000029086bed43b sp=0x000000ed3f5fd820
Event: 13.933 Thread 0x00000290e1c999e0 DEOPT UNPACKING pc=0x000002908c8b4242 sp=0x000000ed3f5fcd58 mode 0
Event: 13.985 Thread 0x00000290e1c999e0 DEOPT PACKING pc=0x0000029086cdd2b8 sp=0x000000ed3f5fdcc0
Event: 13.985 Thread 0x00000290e1c999e0 DEOPT UNPACKING pc=0x000002908c8b4242 sp=0x000000ed3f5fd140 mode 0
Event: 13.985 Thread 0x00000290e1c999e0 Uncommon trap: trap_request=0xffffff45 fr.pc=0x000002908d506b48 relative=0x0000000000000748
Event: 13.985 Thread 0x00000290e1c999e0 Uncommon trap: reason=unstable_if action=reinterpret pc=0x000002908d506b48 method=org.eclipse.jdt.internal.core.util.WeakHashSet.addValue(Lorg/eclipse/jdt/internal/core/util/WeakHashSet$HashableWeakReference;)V @ 39 c2
Event: 13.985 Thread 0x00000290e1c999e0 DEOPT PACKING pc=0x000002908d506b48 sp=0x000000ed3f5fdc90
Event: 13.985 Thread 0x00000290e1c999e0 DEOPT UNPACKING pc=0x000002908c8b3aa2 sp=0x000000ed3f5fdbd0 mode 2
Event: 14.008 Thread 0x00000290e08ad2f0 Uncommon trap: trap_request=0xffffffbe fr.pc=0x000002908d466a6c relative=0x0000000000000dac
Event: 14.008 Thread 0x00000290e08ad2f0 Uncommon trap: reason=profile_predicate action=maybe_recompile pc=0x000002908d466a6c method=java.util.regex.Pattern$BnM.optimize(Ljava/util/regex/Pattern$Node;)Ljava/util/regex/Pattern$Node; @ 67 c2
Event: 14.008 Thread 0x00000290e08ad2f0 DEOPT PACKING pc=0x000002908d466a6c sp=0x000000ed3c4fec20
Event: 14.008 Thread 0x00000290e08ad2f0 DEOPT UNPACKING pc=0x000002908c8b3aa2 sp=0x000000ed3c4feb50 mode 2
Event: 14.009 Thread 0x00000290e08ad2f0 Uncommon trap: trap_request=0xffffffbe fr.pc=0x000002908d466a6c relative=0x0000000000000dac
Event: 14.009 Thread 0x00000290e08ad2f0 Uncommon trap: reason=profile_predicate action=maybe_recompile pc=0x000002908d466a6c method=java.util.regex.Pattern$BnM.optimize(Ljava/util/regex/Pattern$Node;)Ljava/util/regex/Pattern$Node; @ 67 c2
Event: 14.009 Thread 0x00000290e08ad2f0 DEOPT PACKING pc=0x000002908d466a6c sp=0x000000ed3c4fec90
Event: 14.009 Thread 0x00000290e08ad2f0 DEOPT UNPACKING pc=0x000002908c8b3aa2 sp=0x000000ed3c4febc0 mode 2
Event: 14.042 Thread 0x00000290e1c999e0 DEOPT PACKING pc=0x0000029086b00f1d sp=0x000000ed3f5fda50
Event: 14.042 Thread 0x00000290e1c999e0 DEOPT UNPACKING pc=0x000002908c8b4242 sp=0x000000ed3f5fd010 mode 0
Event: 14.063 Thread 0x00000290e1c9e210 DEOPT PACKING pc=0x0000029086b00f1d sp=0x000000ed3fafdcf0
Event: 14.063 Thread 0x00000290e1c9e210 DEOPT UNPACKING pc=0x000002908c8b4242 sp=0x000000ed3fafd2b0 mode 0

Classes loaded (20 events):
Event: 12.504 Loading class java/util/Collections$SynchronizedList done
Event: 12.504 Loading class java/util/Collections$SynchronizedRandomAccessList done
Event: 12.506 Loading class java/util/concurrent/CompletableFuture$Signaller
Event: 12.507 Loading class java/util/concurrent/CompletableFuture$Signaller done
Event: 12.820 Loading class java/nio/charset/CharacterCodingException
Event: 12.820 Loading class java/nio/charset/CharacterCodingException done
Event: 12.820 Loading class java/io/SequenceInputStream
Event: 12.820 Loading class java/io/SequenceInputStream done
Event: 12.995 Loading class java/util/concurrent/CompletableFuture$UniApply
Event: 12.996 Loading class java/util/concurrent/CompletableFuture$UniApply done
Event: 12.996 Loading class java/util/concurrent/CompletableFuture$UniExceptionally
Event: 12.996 Loading class java/util/concurrent/CompletableFuture$UniExceptionally done
Event: 13.024 Loading class javax/xml/transform/TransformerConfigurationException
Event: 13.024 Loading class javax/xml/transform/TransformerConfigurationException done
Event: 13.129 Loading class java/util/Hashtable$KeySet
Event: 13.129 Loading class java/util/Hashtable$KeySet done
Event: 13.361 Loading class java/lang/invoke/MethodHandleImpl$CountingWrapper$1
Event: 13.361 Loading class java/lang/invoke/MethodHandleImpl$CountingWrapper$1 done
Event: 13.456 Loading class java/lang/UnsupportedClassVersionError
Event: 13.456 Loading class java/lang/UnsupportedClassVersionError done

Classes unloaded (7 events):
Event: 4.450 Thread 0x00000290821cfa90 Unloading class 0x000002909a1aac00 'java/lang/invoke/LambdaForm$MH+0x000002909a1aac00'
Event: 4.450 Thread 0x00000290821cfa90 Unloading class 0x000002909a1aa800 'java/lang/invoke/LambdaForm$MH+0x000002909a1aa800'
Event: 4.450 Thread 0x00000290821cfa90 Unloading class 0x000002909a1aa400 'java/lang/invoke/LambdaForm$MH+0x000002909a1aa400'
Event: 4.450 Thread 0x00000290821cfa90 Unloading class 0x000002909a1aa000 'java/lang/invoke/LambdaForm$MH+0x000002909a1aa000'
Event: 4.450 Thread 0x00000290821cfa90 Unloading class 0x000002909a1a9c00 'java/lang/invoke/LambdaForm$BMH+0x000002909a1a9c00'
Event: 4.450 Thread 0x00000290821cfa90 Unloading class 0x000002909a1a9800 'java/lang/invoke/LambdaForm$DMH+0x000002909a1a9800'
Event: 4.450 Thread 0x00000290821cfa90 Unloading class 0x000002909a1a8400 'java/lang/invoke/LambdaForm$DMH+0x000002909a1a8400'

Classes redefined (0 events):
No events

Internal exceptions (20 events):
Event: 13.157 Thread 0x00000290e08ad980 Exception <a 'sun/nio/fs/WindowsException'{0x00000000d65d1b88}> (0x00000000d65d1b88) 
thrown [s\src\hotspot\share\prims\jni.cpp, line 520]
Event: 13.158 Thread 0x00000290e08ad980 Exception <a 'sun/nio/fs/WindowsException'{0x00000000d65d30f8}> (0x00000000d65d30f8) 
thrown [s\src\hotspot\share\prims\jni.cpp, line 520]
Event: 13.158 Thread 0x00000290e08ad980 Exception <a 'sun/nio/fs/WindowsException'{0x00000000d65d39a0}> (0x00000000d65d39a0) 
thrown [s\src\hotspot\share\prims\jni.cpp, line 520]
Event: 13.164 Thread 0x00000290e08ad980 Exception <a 'java/io/FileNotFoundException'{0x00000000d55801a0}> (0x00000000d55801a0) 
thrown [s\src\hotspot\share\prims\jni.cpp, line 520]
Event: 13.164 Thread 0x00000290e08ad980 Exception <a 'java/io/FileNotFoundException'{0x00000000d5580f60}> (0x00000000d5580f60) 
thrown [s\src\hotspot\share\prims\jni.cpp, line 520]
Event: 13.172 Thread 0x00000290e08ad980 Exception <a 'sun/nio/fs/WindowsException'{0x00000000d5860c88}> (0x00000000d5860c88) 
thrown [s\src\hotspot\share\prims\jni.cpp, line 520]
Event: 13.172 Thread 0x00000290e08ad980 Exception <a 'sun/nio/fs/WindowsException'{0x00000000d5861530}> (0x00000000d5861530) 
thrown [s\src\hotspot\share\prims\jni.cpp, line 520]
Event: 13.196 Thread 0x00000290e08ad980 Exception <a 'sun/nio/fs/WindowsException'{0x00000000d5eb5bd0}> (0x00000000d5eb5bd0) 
thrown [s\src\hotspot\share\prims\jni.cpp, line 520]
Event: 13.196 Thread 0x00000290e08ad980 Exception <a 'sun/nio/fs/WindowsException'{0x00000000d5eb6728}> (0x00000000d5eb6728) 
thrown [s\src\hotspot\share\prims\jni.cpp, line 520]
Event: 13.315 Thread 0x00000290e1c9d4f0 Implicit null exception at 0x000002908d0a6c86 to 0x000002908d0a6db1
Event: 13.398 Thread 0x00000290e08ad2f0 Exception <a 'java/lang/NoSuchMethodError'{0x00000000d5e51cf0}: 'java.lang.Object java.lang.invoke.DirectMethodHandle$Holder.invokeSpecial(java.lang.Object, java.lang.Object, int, long)'> (0x00000000d5e51cf0) 
thrown [s\src\hotspot\share\interpreter\linkResolver.cpp, line 773]
Event: 13.467 Thread 0x00000290e1c9f5c0 Exception <a 'java/lang/NoSuchMethodError'{0x00000000d5e27108}: 'int java.lang.invoke.Invokers$Holder.invokeExact_MT(java.lang.Object, java.lang.Object)'> (0x00000000d5e27108) 
thrown [s\src\hotspot\share\interpreter\linkResolver.cpp, line 773]
Event: 13.747 Thread 0x00000290e1c9e8a0 Exception <a 'sun/nio/fs/WindowsException'{0x00000000d55ce018}> (0x00000000d55ce018) 
thrown [s\src\hotspot\share\prims\jni.cpp, line 520]
Event: 13.748 Thread 0x00000290e1c9e8a0 Exception <a 'sun/nio/fs/WindowsException'{0x00000000d55ceb90}> (0x00000000d55ceb90) 
thrown [s\src\hotspot\share\prims\jni.cpp, line 520]
Event: 13.748 Thread 0x00000290e1c9e8a0 Exception <a 'sun/nio/fs/WindowsException'{0x00000000d5808230}> (0x00000000d5808230) 
thrown [s\src\hotspot\share\prims\jni.cpp, line 520]
Event: 13.749 Thread 0x00000290e1c9e8a0 Exception <a 'sun/nio/fs/WindowsException'{0x00000000d5808d88}> (0x00000000d5808d88) 
thrown [s\src\hotspot\share\prims\jni.cpp, line 520]
Event: 13.750 Thread 0x00000290e1c9e8a0 Exception <a 'sun/nio/fs/WindowsException'{0x00000000d595d4a0}> (0x00000000d595d4a0) 
thrown [s\src\hotspot\share\prims\jni.cpp, line 520]
Event: 13.750 Thread 0x00000290e1c9e8a0 Exception <a 'sun/nio/fs/WindowsException'{0x00000000d595dff8}> (0x00000000d595dff8) 
thrown [s\src\hotspot\share\prims\jni.cpp, line 520]
Event: 13.758 Thread 0x00000290e1c9e8a0 Exception <a 'sun/nio/fs/WindowsException'{0x00000000d61991d0}> (0x00000000d61991d0) 
thrown [s\src\hotspot\share\prims\jni.cpp, line 520]
Event: 13.758 Thread 0x00000290e1c9e8a0 Exception <a 'sun/nio/fs/WindowsException'{0x00000000d6199d28}> (0x00000000d6199d28) 
thrown [s\src\hotspot\share\prims\jni.cpp, line 520]

ZGC Phase Switch (0 events):
No events

VM Operations (20 events):
Event: 13.973 Executing safepoint VM operation: ParallelGCFailedAllocation (Allocation Failure)
Event: 13.975 Executing safepoint VM operation: ParallelGCFailedAllocation (Allocation Failure) done
Event: 13.991 Executing safepoint VM operation: ParallelGCFailedAllocation (Allocation Failure)
Event: 13.992 Executing safepoint VM operation: ParallelGCFailedAllocation (Allocation Failure) done
Event: 14.009 Executing safepoint VM operation: ParallelGCFailedAllocation (Allocation Failure)
Event: 14.009 Executing safepoint VM operation: ParallelGCFailedAllocation (Allocation Failure) done
Event: 14.009 Executing safepoint VM operation: ParallelGCFailedAllocation (Allocation Failure)
Event: 14.010 Executing safepoint VM operation: ParallelGCFailedAllocation (Allocation Failure) done
Event: 14.030 Executing safepoint VM operation: ParallelGCFailedAllocation (Allocation Failure)
Event: 14.032 Executing safepoint VM operation: ParallelGCFailedAllocation (Allocation Failure) done
Event: 14.044 Executing safepoint VM operation: ParallelGCFailedAllocation (Allocation Failure)
Event: 14.046 Executing safepoint VM operation: ParallelGCFailedAllocation (Allocation Failure) done
Event: 14.056 Executing safepoint VM operation: ParallelGCFailedAllocation (Allocation Failure)
Event: 14.058 Executing safepoint VM operation: ParallelGCFailedAllocation (Allocation Failure) done
Event: 14.071 Executing safepoint VM operation: ParallelGCFailedAllocation (Allocation Failure)
Event: 14.072 Executing safepoint VM operation: ParallelGCFailedAllocation (Allocation Failure) done
Event: 14.086 Executing safepoint VM operation: ParallelGCFailedAllocation (Allocation Failure)
Event: 14.088 Executing safepoint VM operation: ParallelGCFailedAllocation (Allocation Failure) done
Event: 14.101 Executing safepoint VM operation: ParallelGCFailedAllocation (Allocation Failure)
Event: 14.101 Executing safepoint VM operation: ParallelGCFailedAllocation (Allocation Failure) done

Memory protections (0 events):
No events

Nmethod flushes (20 events):
Event: 10.059 Thread 0x00000290821cfa90 flushing osr nmethod 0x0000029085c29590
Event: 10.059 Thread 0x00000290821cfa90 flushing  nmethod 0x0000029085c3d410
Event: 10.059 Thread 0x00000290821cfa90 flushing  nmethod 0x0000029085c4f610
Event: 10.059 Thread 0x00000290821cfa90 flushing  nmethod 0x0000029085c57510
Event: 10.059 Thread 0x00000290821cfa90 flushing  nmethod 0x0000029085c6a210
Event: 10.059 Thread 0x00000290821cfa90 flushing  nmethod 0x0000029085c6a810
Event: 10.059 Thread 0x00000290821cfa90 flushing  nmethod 0x0000029085c6b190
Event: 10.059 Thread 0x00000290821cfa90 flushing  nmethod 0x0000029085c6dc10
Event: 10.059 Thread 0x00000290821cfa90 flushing  nmethod 0x0000029085c6e590
Event: 10.059 Thread 0x00000290821cfa90 flushing  nmethod 0x0000029085c73390
Event: 10.059 Thread 0x00000290821cfa90 flushing  nmethod 0x0000029085c7bd90
Event: 10.059 Thread 0x00000290821cfa90 flushing  nmethod 0x0000029085ca5a10
Event: 10.059 Thread 0x00000290821cfa90 flushing  nmethod 0x0000029085cb6010
Event: 10.059 Thread 0x00000290821cfa90 flushing  nmethod 0x0000029085cb6610
Event: 10.059 Thread 0x00000290821cfa90 flushing  nmethod 0x0000029085cb9e90
Event: 10.059 Thread 0x00000290821cfa90 flushing  nmethod 0x0000029085cba990
Event: 10.059 Thread 0x00000290821cfa90 flushing  nmethod 0x0000029085cc2790
Event: 10.059 Thread 0x00000290821cfa90 flushing  nmethod 0x0000029085cd0090
Event: 10.059 Thread 0x00000290821cfa90 flushing osr nmethod 0x0000029085cd5f90
Event: 10.059 Thread 0x00000290821cfa90 flushing  nmethod 0x0000029085d14b90

Events (20 events):
Event: 11.050 Thread 0x00000290e08ad980 Thread added: 0x00000290e1c9ce60
Event: 11.051 Thread 0x00000290e08ad980 Thread added: 0x00000290e1c9e210
Event: 11.070 Thread 0x00000290e1c9d4f0 Thread exited: 0x00000290e1c9d4f0
Event: 11.070 Thread 0x00000290e1c9a700 Thread exited: 0x00000290e1c9a700
Event: 11.070 Thread 0x00000290e1c9e210 Thread exited: 0x00000290e1c9e210
Event: 11.070 Thread 0x00000290e1c999e0 Thread exited: 0x00000290e1c999e0
Event: 11.070 Thread 0x00000290e1c9ce60 Thread exited: 0x00000290e1c9ce60
Event: 11.421 Thread 0x00000290e08ad2f0 Thread added: 0x00000290e1c9a700
Event: 12.001 Thread 0x00000290e106c1d0 Thread exited: 0x00000290e106c1d0
Event: 12.474 Thread 0x00000290e09deb00 Thread exited: 0x00000290e09deb00
Event: 12.493 Thread 0x00000290e1c9a700 Thread exited: 0x00000290e1c9a700
Event: 12.524 Thread 0x00000290821e75b0 Thread added: 0x00000290e3978370
Event: 12.703 Thread 0x00000290821e75b0 Thread added: 0x00000290e3979110
Event: 12.996 Thread 0x00000290e1274090 Thread added: 0x00000290e1c999e0
Event: 12.999 Thread 0x00000290e1274090 Thread added: 0x00000290e1c9d4f0
Event: 12.999 Thread 0x00000290e1274090 Thread added: 0x00000290e1c9db80
Event: 13.000 Thread 0x00000290e1c9db80 Thread added: 0x00000290e1c9a700
Event: 13.000 Thread 0x00000290e1c9a700 Thread added: 0x00000290e1c9f5c0
Event: 13.002 Thread 0x00000290e1274090 Thread added: 0x00000290e1c9e210
Event: 13.201 Thread 0x00000290e1274090 Thread added: 0x00000290e1c9e8a0


Dynamic libraries:
0x00007ff7cc8b0000 - 0x00007ff7cc8be000 	c:\Users\Administrator\.vscode\extensions\redhat.java-1.55.0-win32-x64\jre\21.0.11-win32-x86_64\bin\java.exe
0x00007ffa7d440000 - 0x00007ffa7d6a6000 	C:\WINDOWS\SYSTEM32\ntdll.dll
0x00007ffa7bde0000 - 0x00007ffa7bea9000 	C:\WINDOWS\System32\KERNEL32.DLL
0x00007ffa7a970000 - 0x00007ffa7ad6e000 	C:\WINDOWS\System32\KERNELBASE.dll
0x00007ffa7a690000 - 0x00007ffa7a7dc000 	C:\WINDOWS\System32\ucrtbase.dll
0x00007ffa40190000 - 0x00007ffa401ae000 	c:\Users\Administrator\.vscode\extensions\redhat.java-1.55.0-win32-x64\jre\21.0.11-win32-x86_64\bin\VCRUNTIME140.dll
0x00007ffa57120000 - 0x00007ffa57138000 	c:\Users\Administrator\.vscode\extensions\redhat.java-1.55.0-win32-x64\jre\21.0.11-win32-x86_64\bin\jli.dll
0x00007ffa7cfe0000 - 0x00007ffa7d1a7000 	C:\WINDOWS\System32\USER32.dll
0x00007ffa7a660000 - 0x00007ffa7a687000 	C:\WINDOWS\System32\win32u.dll
0x00007ffa6d780000 - 0x00007ffa6da12000 	C:\WINDOWS\WinSxS\amd64_microsoft.windows.common-controls_6595b64144ccf1df_6.0.26100.8875_none_3e0d5d42e32fe9dd\COMCTL32.dll
0x00007ffa7cda0000 - 0x00007ffa7cdcb000 	C:\WINDOWS\System32\GDI32.dll
0x00007ffa7c670000 - 0x00007ffa7c719000 	C:\WINDOWS\System32\msvcrt.dll
0x00007ffa7afb0000 - 0x00007ffa7b0da000 	C:\WINDOWS\System32\gdi32full.dll
0x00007ffa7ae40000 - 0x00007ffa7aee3000 	C:\WINDOWS\System32\msvcp_win.dll
0x00007ffa7b340000 - 0x00007ffa7b372000 	C:\WINDOWS\System32\IMM32.DLL
0x00007ffa753b0000 - 0x00007ffa753bc000 	c:\Users\Administrator\.vscode\extensions\redhat.java-1.55.0-win32-x64\jre\21.0.11-win32-x86_64\bin\vcruntime140_1.dll
0x00007ffa0a8a0000 - 0x00007ffa0a92d000 	c:\Users\Administrator\.vscode\extensions\redhat.java-1.55.0-win32-x64\jre\21.0.11-win32-x86_64\bin\msvcp140.dll
0x00007ff9e1520000 - 0x00007ff9e22c2000 	c:\Users\Administrator\.vscode\extensions\redhat.java-1.55.0-win32-x64\jre\21.0.11-win32-x86_64\bin\server\jvm.dll
0x00007ffa7d2b0000 - 0x00007ffa7d367000 	C:\WINDOWS\System32\ADVAPI32.dll
0x00007ffa7b220000 - 0x00007ffa7b2ca000 	C:\WINDOWS\System32\sechost.dll
0x00007ffa7c720000 - 0x00007ffa7c838000 	C:\WINDOWS\System32\RPCRT4.dll
0x00007ffa7b180000 - 0x00007ffa7b200000 	C:\WINDOWS\System32\WS2_32.dll
0x00007ffa7a4e0000 - 0x00007ffa7a53e000 	C:\WINDOWS\SYSTEM32\POWRPROF.dll
0x00007ffa72830000 - 0x00007ffa7283b000 	C:\WINDOWS\SYSTEM32\VERSION.dll
0x00007ffa727f0000 - 0x00007ffa72826000 	C:\WINDOWS\SYSTEM32\WINMM.dll
0x00007ffa7a4c0000 - 0x00007ffa7a4d4000 	C:\WINDOWS\SYSTEM32\UMPDC.dll
0x00007ffa79300000 - 0x00007ffa7931b000 	C:\WINDOWS\SYSTEM32\kernel.appcore.dll
0x00007ffa6d750000 - 0x00007ffa6d75a000 	c:\Users\Administrator\.vscode\extensions\redhat.java-1.55.0-win32-x64\jre\21.0.11-win32-x86_64\bin\jimage.dll
0x00007ffa77a70000 - 0x00007ffa77cb2000 	C:\WINDOWS\SYSTEM32\DBGHELP.DLL
0x00007ffa7ca10000 - 0x00007ffa7cd93000 	C:\WINDOWS\System32\combase.dll
0x00007ffa7bd00000 - 0x00007ffa7bdd9000 	C:\WINDOWS\System32\OLEAUT32.dll
0x00007ffa54d20000 - 0x00007ffa54d5b000 	C:\WINDOWS\SYSTEM32\dbgcore.DLL
0x00007ffa7aef0000 - 0x00007ffa7af9c000 	C:\WINDOWS\System32\bcryptPrimitives.dll
0x00007ffa6bcb0000 - 0x00007ffa6bcbf000 	c:\Users\Administrator\.vscode\extensions\redhat.java-1.55.0-win32-x64\jre\21.0.11-win32-x86_64\bin\instrument.dll
0x00007ffa3f1a0000 - 0x00007ffa3f1c0000 	c:\Users\Administrator\.vscode\extensions\redhat.java-1.55.0-win32-x64\jre\21.0.11-win32-x86_64\bin\java.dll
0x00007ffa7beb0000 - 0x00007ffa7c642000 	C:\WINDOWS\System32\SHELL32.dll
0x00007ffa780c0000 - 0x00007ffa78952000 	C:\WINDOWS\SYSTEM32\windows.storage.dll
0x00007ffa7b390000 - 0x00007ffa7b487000 	C:\WINDOWS\System32\SHCORE.dll
0x00007ffa7b2d0000 - 0x00007ffa7b337000 	C:\WINDOWS\System32\shlwapi.dll
0x00007ffa7a580000 - 0x00007ffa7a5a9000 	C:\WINDOWS\SYSTEM32\profapi.dll
0x00007ffa3f180000 - 0x00007ffa3f198000 	c:\Users\Administrator\.vscode\extensions\redhat.java-1.55.0-win32-x64\jre\21.0.11-win32-x86_64\bin\zip.dll
0x00007ffa6bc50000 - 0x00007ffa6bc60000 	C:\Users\Administrator\.vscode\extensions\redhat.java-1.55.0-win32-x64\jre\21.0.11-win32-x86_64\bin\net.dll
0x00007ffa72d10000 - 0x00007ffa72e37000 	C:\WINDOWS\SYSTEM32\WINHTTP.dll
0x00007ffa79890000 - 0x00007ffa798fc000 	C:\WINDOWS\system32\mswsock.dll
0x00007ffa38ff0000 - 0x00007ffa39006000 	C:\Users\Administrator\.vscode\extensions\redhat.java-1.55.0-win32-x64\jre\21.0.11-win32-x86_64\bin\nio.dll
0x00007ffa6ba50000 - 0x00007ffa6ba60000 	c:\Users\Administrator\.vscode\extensions\redhat.java-1.55.0-win32-x64\jre\21.0.11-win32-x86_64\bin\verify.dll
0x00007ffa6baf0000 - 0x00007ffa6bb35000 	C:\Users\Administrator\AppData\Roaming\Code\User\globalStorage\redhat.java\1.55.0\config_win\org.eclipse.equinox.launcher\org.eclipse.equinox.launcher.win32.win32.x86_64_1.3.100.v20260613-0559\eclipse_11924.dll
0x00007ffa7ce20000 - 0x00007ffa7cfb9000 	C:\WINDOWS\System32\ole32.dll
0x00007ffa79cc0000 - 0x00007ffa79cdb000 	C:\WINDOWS\SYSTEM32\CRYPTSP.dll
0x00007ffa79260000 - 0x00007ffa79299000 	C:\WINDOWS\system32\rsaenh.dll
0x00007ffa79950000 - 0x00007ffa79982000 	C:\WINDOWS\SYSTEM32\USERENV.dll
0x00007ffa7a550000 - 0x00007ffa7a57a000 	C:\WINDOWS\SYSTEM32\bcrypt.dll
0x00007ffa79c90000 - 0x00007ffa79c9c000 	C:\WINDOWS\SYSTEM32\CRYPTBASE.dll
0x00007ffa78cb0000 - 0x00007ffa78ce3000 	C:\WINDOWS\SYSTEM32\IPHLPAPI.DLL
0x00007ffa7b170000 - 0x00007ffa7b17a000 	C:\WINDOWS\System32\NSI.dll
0x00007ffa62d30000 - 0x00007ffa62d79000 	C:\Users\Administrator\AppData\Local\Temp\jna-146731693\jna8964440752168268764.dll
0x00007ffa7b210000 - 0x00007ffa7b218000 	C:\WINDOWS\System32\PSAPI.DLL
0x00007ffa745e0000 - 0x00007ffa745fd000 	C:\WINDOWS\SYSTEM32\dhcpcsvc6.DLL
0x00007ffa74530000 - 0x00007ffa74555000 	C:\WINDOWS\SYSTEM32\dhcpcsvc.DLL

JVMTI agents:
c:\Users\Administrator\.vscode\extensions\redhat.java-1.55.0-win32-x64\lombok\lombok-1.18.39-4050.jar path:c:\Users\Administrator\.vscode\extensions\redhat.java-1.55.0-win32-x64\jre\21.0.11-win32-x86_64\bin\instrument.dll, loaded, initialized, instrumentlib options:none

dbghelp: loaded successfully - version: 4.0.5 - missing functions: none
symbol engine: initialized successfully - sym options: 0x614 - pdb path: .;c:\Users\Administrator\.vscode\extensions\redhat.java-1.55.0-win32-x64\jre\21.0.11-win32-x86_64\bin;C:\WINDOWS\SYSTEM32;C:\WINDOWS\WinSxS\amd64_microsoft.windows.common-controls_6595b64144ccf1df_6.0.26100.8875_none_3e0d5d42e32fe9dd;c:\Users\Administrator\.vscode\extensions\redhat.java-1.55.0-win32-x64\jre\21.0.11-win32-x86_64\bin\server;C:\Users\Administrator\AppData\Roaming\Code\User\globalStorage\redhat.java\1.55.0\config_win\org.eclipse.equinox.launcher\org.eclipse.equinox.launcher.win32.win32.x86_64_1.3.100.v20260613-0559;C:\Users\Administrator\AppData\Local\Temp\jna-146731693

VM Arguments:
jvm_args: --add-modules=ALL-SYSTEM --add-opens=java.base/java.util=ALL-UNNAMED --add-opens=java.base/java.lang=ALL-UNNAMED --add-opens=java.base/sun.nio.fs=ALL-UNNAMED -Declipse.application=org.eclipse.jdt.ls.core.id1 -Dosgi.bundles.defaultStartLevel=4 -Declipse.product=org.eclipse.jdt.ls.core.product -Djava.import.generatesMetadataFilesAtProjectRoot=false -DDetectVMInstallationsJob.disabled=true -Dfile.encoding=utf8 -XX:+UseParallelGC -XX:GCTimeRatio=4 -XX:AdaptiveSizePolicyWeight=90 -Dsun.zip.disableMemoryMapping=true -Xmx2G -Xms100m -Xlog:disable -javaagent:c:\Users\Administrator\.vscode\extensions\redhat.java-1.55.0-win32-x64\lombok\lombok-1.18.39-4050.jar -XX:+HeapDumpOnOutOfMemoryError -XX:HeapDumpPath=c:\Users\Administrator\AppData\Roaming\Code\User\workspaceStorage\47d38d0315a5049dedd72c8bc73d439b\redhat.java -Daether.dependencyCollector.impl=bf 
java_command: c:\Users\Administrator\.vscode\extensions\redhat.java-1.55.0-win32-x64\server\plugins\org.eclipse.equinox.launcher_1.7.200.v20260619-2039.jar -configuration c:\Users\Administrator\AppData\Roaming\Code\User\globalStorage\redhat.java\1.55.0\config_win -data c:\Users\Administrator\AppData\Roaming\Code\User\workspaceStorage\47d38d0315a5049dedd72c8bc73d439b\redhat.java\jdt_ws --pipe=\\.\pipe\lsp-2a2c392179b8e44f774b2c9f0826b13e-sock
java_class_path (initial): c:\Users\Administrator\.vscode\extensions\redhat.java-1.55.0-win32-x64\server\plugins\org.eclipse.equinox.launcher_1.7.200.v20260619-2039.jar
Launcher Type: SUN_STANDARD

[Global flags]
    uintx AdaptiveSizePolicyWeight                 = 90                                        {product} {command line}
     intx CICompilerCount                          = 4                                         {product} {ergonomic}
    uintx GCTimeRatio                              = 4                                         {product} {command line}
     bool HeapDumpOnOutOfMemoryError               = true                                   {manageable} {command line}
    ccstr HeapDumpPath                             = c:\Users\Administrator\AppData\Roaming\Code\User\workspaceStorage\47d38d0315a5049dedd72c8bc73d439b\redhat.java         {manageable} {command line}
   size_t InitialHeapSize                          = 104857600                                 {product} {command line}
   size_t MaxHeapSize                              = 2147483648                                {product} {command line}
   size_t MaxNewSize                               = 715653120                                 {product} {ergonomic}
   size_t MinHeapDeltaBytes                        = 524288                                    {product} {ergonomic}
   size_t MinHeapSize                              = 104857600                                 {product} {command line}
   size_t NewSize                                  = 34603008                                  {product} {ergonomic}
    uintx NonNMethodCodeHeapSize                   = 5839372                                {pd product} {ergonomic}
    uintx NonProfiledCodeHeapSize                  = 122909434                              {pd product} {ergonomic}
   size_t OldSize                                  = 70254592                                  {product} {ergonomic}
    uintx ProfiledCodeHeapSize                     = 122909434                              {pd product} {ergonomic}
    uintx ReservedCodeCacheSize                    = 251658240                              {pd product} {ergonomic}
     bool SegmentedCodeCache                       = true                                      {product} {ergonomic}
   size_t SoftMaxHeapSize                          = 2147483648                             {manageable} {ergonomic}
     bool UseCompressedOops                        = true                           {product lp64_product} {ergonomic}
     bool UseLargePagesIndividualAllocation        = false                                  {pd product} {ergonomic}
     bool UseParallelGC                            = true                                      {product} {command line}

Logging:
Log output configuration:
 #0: stdout all=off uptime,level,tags foldmultilines=false
 #1: stderr all=off uptime,level,tags foldmultilines=false

Release file:
JAVA_VERSION="21.0.11" 
MODULES="java.base java.compiler java.datatransfer java.xml java.prefs java.desktop java.instrument java.logging java.management java.security.sasl java.naming java.rmi java.management.rmi java.net.http java.scripting java.security.jgss java.transaction.xa java.sql java.sql.rowset java.xml.crypto java.se java.smartcardio jdk.accessibility jdk.internal.jvmstat jdk.attach jdk.charsets jdk.internal.opt jdk.zipfs jdk.compiler jdk.crypto.ec jdk.crypto.cryptoki jdk.crypto.mscapi jdk.dynalink jdk.internal.ed jdk.editpad jdk.hotspot.agent jdk.httpserver jdk.internal.le jdk.internal.vm.ci jdk.internal.vm.compiler jdk.internal.vm.compiler.management jdk.jartool jdk.javadoc jdk.jcmd jdk.management jdk.management.agent jdk.jconsole jdk.jdeps jdk.jdwp.agent jdk.jdi jdk.jfr jdk.jshell jdk.jsobject jdk.jstatd jdk.localedata jdk.management.jfr jdk.naming.dns jdk.naming.rmi jdk.net jdk.nio.mapmode jdk.random jdk.sctp jdk.security.auth jdk.security.jgss jdk.unsupported jdk.unsupported.desktop jdk.xml.dom" 

Environment Variables:
PATH=C:\Program Files\Common Files\Oracle\Java\javapath;C:\WINDOWS\system32;C:\WINDOWS;C:\WINDOWS\System32\Wbem;C:\WINDOWS\System32\WindowsPowerShell\v1.0\;C:\WINDOWS\System32\OpenSSH\;C:\Program Files\nodejs\;C:\Program Files\Git\cmd;C:\Users\Administrator\AppData\Local\Programs\Python\Python313\Scripts\;C:\Users\Administrator\AppData\Local\Programs\Python\Python313\;C:\Users\Administrator\AppData\Local\Programs\Python\Launcher\;C:\Users\Administrator\AppData\Local\Microsoft\WindowsApps;C:\Users\Administrator\AppData\Local\Programs\Microsoft VS Code\bin;C:\Users\Administrator\AppData\Local\GitHubDesktop\bin;C:\Users\Administrator\AppData\Roaming\npm;C:\Users\Administrator\AppData\Local\Programs\Antigravity\bin
USERNAME=Administrator
OS=Windows_NT
PROCESSOR_IDENTIFIER=AMD64 Family 25 Model 80 Stepping 0, AuthenticAMD
TMP=C:\Users\ADMINI~1\AppData\Local\Temp
TEMP=C:\Users\ADMINI~1\AppData\Local\Temp




Periodic native trim disabled

---------------  S Y S T E M  ---------------

OS:
 Windows 11 , 64 bit Build 26100 (10.0.26100.8875)
OS uptime: 2 days 4:46 hours
Hyper-V role detected

CPU: total 12 (initial active 12) (12 cores per cpu, 2 threads per core) family 25 model 80 stepping 0 microcode 0xa500014, cx8, cmov, fxsr, ht, mmx, 3dnowpref, sse, sse2, sse3, ssse3, sse4a, sse4.1, sse4.2, popcnt, lzcnt, tsc, tscinvbit, avx, avx2, aes, erms, clmul, bmi1, bmi2, adx, sha, fma, vzeroupper, clflush, clflushopt, hv, rdtscp, rdpid, fsrm, f16c, cet_ss
Processor Information for processor 0
  Max Mhz: 2301, Current Mhz: 2301, Mhz Limit: 2301
Processor Information for processor 1
  Max Mhz: 2301, Current Mhz: 2301, Mhz Limit: 2301
Processor Information for processor 2
  Max Mhz: 2301, Current Mhz: 1990, Mhz Limit: 2301
Processor Information for processor 3
  Max Mhz: 2301, Current Mhz: 1990, Mhz Limit: 2301
Processor Information for processor 4
  Max Mhz: 2301, Current Mhz: 1990, Mhz Limit: 2301
Processor Information for processor 5
  Max Mhz: 2301, Current Mhz: 1990, Mhz Limit: 2301
Processor Information for processor 6
  Max Mhz: 2301, Current Mhz: 1990, Mhz Limit: 2301
Processor Information for processor 7
  Max Mhz: 2301, Current Mhz: 1990, Mhz Limit: 2301
Processor Information for processor 8
  Max Mhz: 2301, Current Mhz: 2301, Mhz Limit: 2301
Processor Information for processor 9
  Max Mhz: 2301, Current Mhz: 1990, Mhz Limit: 2301
Processor Information for processor 10
  Max Mhz: 2301, Current Mhz: 1990, Mhz Limit: 2301
Processor Information for processor 11
  Max Mhz: 2301, Current Mhz: 1990, Mhz Limit: 2301

Memory: 4k page, system-wide physical 15681M (3662M free)
TotalPageFile size 46088M (AvailPageFile size 6M)
current process WorkingSet (physical memory assigned to process): 353M, peak: 353M
current process commit charge ("private bytes"): 429M, peak: 429M

vm_info: OpenJDK 64-Bit Server VM (21.0.11+10-LTS) for windows-amd64 JRE (21.0.11+10-LTS), built on 2026-04-21T00:00:00Z by "admin" with MS VC++ 17.12 (VS2022)

END.
