#
# There is insufficient memory for the Java Runtime Environment to continue.
# Native memory allocation (malloc) failed to allocate 1048576 bytes. Error detail: AllocateHeap
# Possible reasons:
#   The system is out of physical RAM or swap space
#   This process is running with CompressedOops enabled, and the Java Heap may be blocking the growth of the native heap
# Possible solutions:
#   Reduce memory load on the system
#   Increase physical memory or swap space
#   Check if swap backing store is full
#   Decrease Java heap size (-Xmx/-Xms)
#   Decrease number of Java threads
#   Decrease Java thread stack sizes (-Xss)
#   Set larger code cache with -XX:ReservedCodeCacheSize=
#   JVM is running with Unscaled Compressed Oops mode in which the Java heap is
#     placed in the first 4GB address space. The Java Heap base address is the
#     maximum limit for the native heap growth. Please use -XX:HeapBaseMinAddress
#     to set the Java Heap base and to place the Java Heap above 4GB virtual address.
# This output file may be truncated or incomplete.
#
#  Out of Memory Error (allocation.cpp:44), pid=20148, tid=20524
#
# JRE version: OpenJDK Runtime Environment Temurin-21.0.11+10 (21.0.11+10) (build 21.0.11+10-LTS)
# Java VM: OpenJDK 64-Bit Server VM Temurin-21.0.11+10 (21.0.11+10-LTS, mixed mode, sharing, tiered, compressed oops, compressed class ptrs, parallel gc, windows-amd64)
# No core dump will be written. Minidumps are not enabled by default on client versions of Windows
#

---------------  S U M M A R Y ------------

Command Line: --add-modules=ALL-SYSTEM --add-opens=java.base/java.util=ALL-UNNAMED --add-opens=java.base/java.lang=ALL-UNNAMED --add-opens=java.base/sun.nio.fs=ALL-UNNAMED -Declipse.application=org.eclipse.jdt.ls.core.id1 -Dosgi.bundles.defaultStartLevel=4 -Declipse.product=org.eclipse.jdt.ls.core.product -Djava.import.generatesMetadataFilesAtProjectRoot=false -DDetectVMInstallationsJob.disabled=true -Dfile.encoding=utf8 -XX:+UseParallelGC -XX:GCTimeRatio=4 -XX:AdaptiveSizePolicyWeight=90 -Dsun.zip.disableMemoryMapping=true -Xmx2G -Xms100m -Xlog:disable -javaagent:c:\Users\Administrator\.vscode\extensions\redhat.java-1.55.0-win32-x64\lombok\lombok-1.18.39-4050.jar -XX:+HeapDumpOnOutOfMemoryError -XX:HeapDumpPath=c:\Users\Administrator\AppData\Roaming\Code\User\workspaceStorage\47d38d0315a5049dedd72c8bc73d439b\redhat.java -Daether.dependencyCollector.impl=bf c:\Users\Administrator\.vscode\extensions\redhat.java-1.55.0-win32-x64\server\plugins\org.eclipse.equinox.launcher_1.7.200.v20260619-2039.jar -configuration c:\Users\Administrator\AppData\Roaming\Code\User\globalStorage\redhat.java\1.55.0\config_win -data c:\Users\Administrator\AppData\Roaming\Code\User\workspaceStorage\47d38d0315a5049dedd72c8bc73d439b\redhat.java\jdt_ws --pipe=\\.\pipe\lsp-e9dd911bf79a7a06662080208a91346e-sock

Host: AMD Ryzen 5 PRO 5650U with Radeon Graphics     , 12 cores, 15G,  Windows 11 , 64 bit Build 26100 (10.0.26100.8875)
Time: Mon Aug  3 23:54:50 2026 E. Africa Standard Time elapsed time: 10911.599504 seconds (0d 3h 1m 51s)

---------------  T H R E A D  ---------------

Current thread (0x000002778f88a360):  JavaThread "Attach Listener" daemon [_thread_in_vm, id=20524, stack(0x000000f0f8600000,0x000000f0f8700000) (1024K)]

Stack: [0x000000f0f8600000,0x000000f0f8700000]
Native frames: (J=compiled Java code, j=interpreted, Vv=VM code, C=native code)
V  [jvm.dll+0x6d7e19]
V  [jvm.dll+0x8b5096]
V  [jvm.dll+0x8b764e]
V  [jvm.dll+0x8b7d33]
V  [jvm.dll+0x284596]
V  [jvm.dll+0xc13c7]
V  [jvm.dll+0x6d86c9]
V  [jvm.dll+0x133616]
V  [jvm.dll+0x3f868e]
V  [jvm.dll+0x85fb0d]
V  [jvm.dll+0x6d664d]
C  [ucrtbase.dll+0x2cd30]
C  [KERNEL32.DLL+0x2e957]
C  [ntdll.dll+0xaad6c]


---------------  P R O C E S S  ---------------

Threads class SMR info:
_java_thread_list=0x0000027794fec100, length=55, elements={
0x0000027733a06c90, 0x000002778f8844b0, 0x0000027735e9e0d0, 0x000002778f888920,
0x000002778f88a360, 0x000002778f88a9f0, 0x000002778f889640, 0x000002778f89a0c0,
0x000002778f8974f0, 0x000002778f888fb0, 0x000002778f888290, 0x000002778f889cd0,
0x000002778f88b080, 0x000002778f88b710, 0x0000027794808e10, 0x00000277948080f0,
0x00000277948094a0, 0x000002779480a1c0, 0x0000027794808780, 0x000002779480aee0,
0x000002779480bc00, 0x000002779480e360, 0x000002779480d640, 0x000002779480dcd0,
0x000002779480f080, 0x000002779480e9f0, 0x000002779480f710, 0x00000277979a23e0,
0x00000277979a16c0, 0x00000277979a09a0, 0x00000277979a1d50, 0x00000277979a3790,
0x00000277979a0310, 0x00000277979a3100, 0x00000277979a44b0, 0x00000277979a2a70,
0x00000277983bed10, 0x0000027794a2b230, 0x00000277971d2e80, 0x00000277971d9e10,
0x00000277971d7020, 0x00000277983bf3a0, 0x00000277983bfa30, 0x00000277983c2820,
0x00000277979a1030, 0x00000277979a7930, 0x00000277979a6580, 0x00000277979a72a0,
0x00000277979a51d0, 0x00000277979a5860, 0x000002779568e850, 0x000002779568c0f0,
0x00000277971d9780, 0x00000277971d8a60, 0x00000277983c0de0
}

Java Threads: ( => current thread )
  0x0000027733a06c90 JavaThread "main"                              [_thread_blocked, id=1892, stack(0x000000f0f7f00000,0x000000f0f8000000) (1024K)]
  0x000002778f8844b0 JavaThread "Reference Handler"          daemon [_thread_blocked, id=20512, stack(0x000000f0f8300000,0x000000f0f8400000) (1024K)]
  0x0000027735e9e0d0 JavaThread "Finalizer"                  daemon [_thread_blocked, id=20516, stack(0x000000f0f8400000,0x000000f0f8500000) (1024K)]
  0x000002778f888920 JavaThread "Signal Dispatcher"          daemon [_thread_blocked, id=20520, stack(0x000000f0f8500000,0x000000f0f8600000) (1024K)]
=>0x000002778f88a360 JavaThread "Attach Listener"            daemon [_thread_in_vm, id=20524, stack(0x000000f0f8600000,0x000000f0f8700000) (1024K)]
  0x000002778f88a9f0 JavaThread "Service Thread"             daemon [_thread_blocked, id=20528, stack(0x000000f0f8700000,0x000000f0f8800000) (1024K)]
  0x000002778f889640 JavaThread "Monitor Deflation Thread"   daemon [_thread_blocked, id=20532, stack(0x000000f0f8800000,0x000000f0f8900000) (1024K)]
  0x000002778f89a0c0 JavaThread "C2 CompilerThread0"         daemon [_thread_blocked, id=20536, stack(0x000000f0f8900000,0x000000f0f8a00000) (1024K)]
  0x000002778f8974f0 JavaThread "C1 CompilerThread0"         daemon [_thread_blocked, id=20540, stack(0x000000f0f8a00000,0x000000f0f8b00000) (1024K)]
  0x000002778f888fb0 JavaThread "Common-Cleaner"             daemon [_thread_blocked, id=20680, stack(0x000000f0f8b00000,0x000000f0f8c00000) (1024K)]
  0x000002778f888290 JavaThread "Notification Thread"        daemon [_thread_blocked, id=20912, stack(0x000000f0f8d00000,0x000000f0f8e00000) (1024K)]
  0x000002778f889cd0 JavaThread "Active Thread: Equinox Container: a4f2f520-5de9-46d2-9e3e-c46f890cb220"        [_thread_blocked, id=20712, stack(0x000000f0f9500000,0x000000f0f9600000) (1024K)]
  0x000002778f88b080 JavaThread "Refresh Thread: Equinox Container: a4f2f520-5de9-46d2-9e3e-c46f890cb220" daemon [_thread_blocked, id=16248, stack(0x000000f0f8e00000,0x000000f0f8f00000) (1024K)]
  0x000002778f88b710 JavaThread "Framework Event Dispatcher: Equinox Container: a4f2f520-5de9-46d2-9e3e-c46f890cb220" daemon [_thread_blocked, id=17612, stack(0x000000f0f9600000,0x000000f0f9700000) (1024K)]
  0x0000027794808e10 JavaThread "Start Level: Equinox Container: a4f2f520-5de9-46d2-9e3e-c46f890cb220" daemon [_thread_blocked, id=19964, stack(0x000000f0f9700000,0x000000f0f9800000) (1024K)]
  0x00000277948080f0 JavaThread "Bundle File Closer"         daemon [_thread_blocked, id=21072, stack(0x000000f0f9b00000,0x000000f0f9c00000) (1024K)]
  0x00000277948094a0 JavaThread "SCR Component Actor"        daemon [_thread_blocked, id=14760, stack(0x000000f0f9800000,0x000000f0f9900000) (1024K)]
  0x000002779480a1c0 JavaThread "Worker-JM"                         [_thread_blocked, id=22812, stack(0x000000f0f9e00000,0x000000f0f9f00000) (1024K)]
  0x0000027794808780 JavaThread "JNA Cleaner"                daemon [_thread_blocked, id=23060, stack(0x000000f0f9c00000,0x000000f0f9d00000) (1024K)]
  0x000002779480aee0 JavaThread "Java indexing"              daemon [_thread_blocked, id=12636, stack(0x000000f0fa200000,0x000000f0fa300000) (1024K)]
  0x000002779480bc00 JavaThread "Thread-1"                   daemon [_thread_in_native, id=22568, stack(0x000000f0fa900000,0x000000f0faa00000) (1024K)]
  0x000002779480e360 JavaThread "Thread-2"                   daemon [_thread_in_native, id=13672, stack(0x000000f0faa00000,0x000000f0fab00000) (1024K)]
  0x000002779480d640 JavaThread "Thread-3"                   daemon [_thread_in_native, id=22776, stack(0x000000f0fab00000,0x000000f0fac00000) (1024K)]
  0x000002779480dcd0 JavaThread "Thread-4"                   daemon [_thread_in_native, id=22772, stack(0x000000f0fac00000,0x000000f0fad00000) (1024K)]
  0x000002779480f080 JavaThread "Thread-5"                   daemon [_thread_in_native, id=22836, stack(0x000000f0fad00000,0x000000f0fae00000) (1024K)]
  0x000002779480e9f0 JavaThread "Thread-6"                   daemon [_thread_in_native, id=22780, stack(0x000000f0fae00000,0x000000f0faf00000) (1024K)]
  0x000002779480f710 JavaThread "Thread-7"                   daemon [_thread_in_native, id=22784, stack(0x000000f0faf00000,0x000000f0fb000000) (1024K)]
  0x00000277979a23e0 JavaThread "Thread-8"                   daemon [_thread_in_native, id=22864, stack(0x000000f0fb000000,0x000000f0fb100000) (1024K)]
  0x00000277979a16c0 JavaThread "Thread-9"                   daemon [_thread_in_native, id=988, stack(0x000000f0fb100000,0x000000f0fb200000) (1024K)]
  0x00000277979a09a0 JavaThread "Thread-10"                  daemon [_thread_in_native, id=2072, stack(0x000000f0fb200000,0x000000f0fb300000) (1024K)]
  0x00000277979a1d50 JavaThread "Thread-11"                  daemon [_thread_in_native, id=796, stack(0x000000f0fb300000,0x000000f0fb400000) (1024K)]
  0x00000277979a3790 JavaThread "Thread-12"                  daemon [_thread_in_native, id=22828, stack(0x000000f0fb400000,0x000000f0fb500000) (1024K)]
  0x00000277979a0310 JavaThread "Thread-13"                  daemon [_thread_in_native, id=14936, stack(0x000000f0fb500000,0x000000f0fb600000) (1024K)]
  0x00000277979a3100 JavaThread "pool-2-thread-1"                   [_thread_blocked, id=22820, stack(0x000000f0fb600000,0x000000f0fb700000) (1024K)]
  0x00000277979a44b0 JavaThread "WorkspaceEventsHandler"            [_thread_blocked, id=23192, stack(0x000000f0fb700000,0x000000f0fb800000) (1024K)]
  0x00000277979a2a70 JavaThread "pool-1-thread-1"                   [_thread_blocked, id=23180, stack(0x000000f0fb800000,0x000000f0fb900000) (1024K)]
  0x00000277983bed10 JavaThread "Cleaner-0"                  daemon [_thread_blocked, id=2060, stack(0x000000f0fe300000,0x000000f0fe400000) (1024K)]
  0x0000027794a2b230 JavaThread "PatternSearchJob-worker-12" daemon [_thread_blocked, id=5952, stack(0x000000f0fa500000,0x000000f0fa600000) (1024K)]
  0x00000277971d2e80 JavaThread "PatternSearchJob-worker-15" daemon [_thread_blocked, id=26308, stack(0x000000f0f7c00000,0x000000f0f7d00000) (1024K)]
  0x00000277971d9e10 JavaThread "PatternSearchJob-worker-18" daemon [_thread_blocked, id=4272, stack(0x000000f0fa600000,0x000000f0fa700000) (1024K)]
  0x00000277971d7020 JavaThread "PatternSearchJob-worker-19" daemon [_thread_blocked, id=24568, stack(0x000000f0fa700000,0x000000f0fa800000) (1024K)]
  0x00000277983bf3a0 JavaThread "PatternSearchJob-worker-21" daemon [_thread_blocked, id=11360, stack(0x000000f0fba00000,0x000000f0fbb00000) (1024K)]
  0x00000277983bfa30 JavaThread "PatternSearchJob-worker-23" daemon [_thread_blocked, id=28508, stack(0x000000f0fbc00000,0x000000f0fbd00000) (1024K)]
  0x00000277983c2820 JavaThread "PatternSearchJob-worker-24" daemon [_thread_blocked, id=27608, stack(0x000000f0fbd00000,0x000000f0fbe00000) (1024K)]
  0x00000277979a1030 JavaThread "ForkJoinPool.commonPool-worker-39" daemon [_thread_blocked, id=4176, stack(0x000000f0f7d00000,0x000000f0f7e00000) (1024K)]
  0x00000277979a7930 JavaThread "ForkJoinPool.commonPool-worker-40" daemon [_thread_blocked, id=28140, stack(0x000000f0f7e00000,0x000000f0f7f00000) (1024K)]
  0x00000277979a6580 JavaThread "PatternSearchJob-worker-25" daemon [_thread_blocked, id=11924, stack(0x000000f0fa300000,0x000000f0fa400000) (1024K)]
  0x00000277979a72a0 JavaThread "PatternSearchJob-worker-26" daemon [_thread_blocked, id=9608, stack(0x000000f0fa400000,0x000000f0fa500000) (1024K)]
  0x00000277979a51d0 JavaThread "PatternSearchJob-worker-27" daemon [_thread_blocked, id=10624, stack(0x000000f0fb900000,0x000000f0fba00000) (1024K)]
  0x00000277979a5860 JavaThread "PatternSearchJob-worker-28" daemon [_thread_blocked, id=12944, stack(0x000000f0fbb00000,0x000000f0fbc00000) (1024K)]
  0x000002779568e850 JavaThread "ForkJoinPool.commonPool-worker-41" daemon [_thread_blocked, id=28148, stack(0x000000f0fc000000,0x000000f0fc100000) (1024K)]
  0x000002779568c0f0 JavaThread "Worker-38"                         [_thread_blocked, id=26828, stack(0x000000f0fc300000,0x000000f0fc400000) (1024K)]
  0x00000277971d9780 JavaThread "ForkJoinPool.commonPool-worker-42" daemon [_thread_blocked, id=22788, stack(0x000000f0fc800000,0x000000f0fc900000) (1024K)]
  0x00000277971d8a60 JavaThread "ForkJoinPool.commonPool-worker-43" daemon [_thread_blocked, id=14668, stack(0x000000f0fc900000,0x000000f0fca00000) (1024K)]
  0x00000277983c0de0 JavaThread "Worker-42"                         [_thread_blocked, id=4604, stack(0x000000f0f9d00000,0x000000f0f9e00000) (1024K)]
Total: 55

Other Threads:
  0x0000027735e849f0 VMThread "VM Thread"                           [id=20500, stack(0x000000f0f8200000,0x000000f0f8300000) (1024K)]
  0x0000027735d7ca00 WatcherThread "VM Periodic Task Thread"        [id=20496, stack(0x000000f0f8100000,0x000000f0f8200000) (1024K)]
  0x0000027735f07dd0 WorkerThread "GC Thread#0"                     [id=20096, stack(0x000000f0f8000000,0x000000f0f8100000) (1024K)]
  0x000002779425ce30 WorkerThread "GC Thread#1"                     [id=20660, stack(0x000000f0f8f00000,0x000000f0f9000000) (1024K)]
  0x00000277947e17f0 WorkerThread "GC Thread#2"                     [id=20628, stack(0x000000f0f9000000,0x000000f0f9100000) (1024K)]
  0x000002779403c260 WorkerThread "GC Thread#3"                     [id=20672, stack(0x000000f0f9100000,0x000000f0f9200000) (1024K)]
  0x000002779403c610 WorkerThread "GC Thread#4"                     [id=20640, stack(0x000000f0f9200000,0x000000f0f9300000) (1024K)]
  0x0000027794462450 WorkerThread "GC Thread#5"                     [id=20644, stack(0x000000f0f9300000,0x000000f0f9400000) (1024K)]
  0x0000027794462800 WorkerThread "GC Thread#6"                     [id=20568, stack(0x000000f0f9400000,0x000000f0f9500000) (1024K)]
  0x00000277949c0270 WorkerThread "GC Thread#7"                     [id=21332, stack(0x000000f0f8c00000,0x000000f0f8d00000) (1024K)]
  0x000002778faf9640 WorkerThread "GC Thread#8"                     [id=17884, stack(0x000000f0f9900000,0x000000f0f9a00000) (1024K)]
  0x000002778fb17330 WorkerThread "GC Thread#9"                     [id=21396, stack(0x000000f0f9a00000,0x000000f0f9b00000) (1024K)]
Total: 12

Threads with active compile tasks:
Total: 0

VM state: not at safepoint (normal execution)

VM Mutex/Monitor currently owned by a thread: None

Heap address: 0x0000000080000000, size: 2048 MB, Compressed Oops mode: 32-bit

CDS archive(s) mapped at: [0x000002774d000000-0x000002774dba0000-0x000002774dba0000), size 12189696, SharedBaseAddress: 0x000002774d000000, ArchiveRelocationMode: 1.
Compressed class space mapped at: 0x000002774e000000-0x000002778e000000, reserved size: 1073741824
Narrow klass base: 0x000002774d000000, Narrow klass shift: 0, Narrow klass range: 0x100000000

GC Precious Log:
 CardTable entry size: 512
 CPUs: 12 total, 12 available
 Memory: 15681M
 Large Page Support: Disabled
 NUMA Support: Disabled
 Compressed Oops: Enabled (32-bit)
 Alignments: Space 512K, Generation 512K, Heap 2M
 Heap Min Capacity: 100M
 Heap Initial Capacity: 100M
 Heap Max Capacity: 2G
 Pre-touch: Disabled
 Parallel Workers: 10

Heap:
 PSYoungGen      total 2560K, used 1500K [0x00000000d5580000, 0x00000000d5880000, 0x0000000100000000)
  eden space 1536K, 78% used [0x00000000d5580000,0x00000000d56af310,0x00000000d5700000)
  from space 1024K, 28% used [0x00000000d5700000,0x00000000d5748000,0x00000000d5800000)
  to   space 512K, 0% used [0x00000000d5800000,0x00000000d5800000,0x00000000d5880000)
 ParOldGen       total 1080832K, used 529871K [0x0000000080000000, 0x00000000c1f80000, 0x00000000d5580000)
  object space 1080832K, 49% used [0x0000000080000000,0x00000000a0573cc0,0x00000000c1f80000)
 Metaspace       used 96949K, committed 98816K, reserved 1179648K
  class space    used 10040K, committed 10880K, reserved 1048576K

Card table byte_map: [0x0000027735890000,0x0000027735ca0000] _byte_map_base: 0x0000027735490000

Marking Bits: (ParMarkBitMap*) 0x00007ff8c2e94460
 Begin Bits: [0x00000277483a0000, 0x000002774a3a0000)
 End Bits:   [0x000002774a3a0000, 0x000002774c3a0000)

Polling page: 0x0000027733d30000

Metaspace:

Usage:
  Non-class:     84.87 MB used.
      Class:      9.81 MB used.
       Both:     94.68 MB used.

Virtual space:
  Non-class space:      128.00 MB reserved,      85.88 MB ( 67%) committed,  2 nodes.
      Class space:        1.00 GB reserved,      10.62 MB (  1%) committed,  1 nodes.
             Both:        1.12 GB reserved,      96.50 MB (  8%) committed. 

Chunk freelists:
   Non-Class:  9.78 MB
       Class:  5.44 MB
        Both:  15.22 MB

MaxMetaspaceSize: unlimited
CompressedClassSpaceSize: 1.00 GB
Initial GC threshold: 21.00 MB
Current GC threshold: 158.88 MB
CDS: on
 - commit_granule_bytes: 65536.
 - commit_granule_words: 8192.
 - virtual_space_node_default_size: 8388608.
 - enlarge_chunks_in_place: 1.
 - use_allocation_guard: 0.


Internal statistics:

num_allocs_failed_limit: 9.
num_arena_births: 2100.
num_arena_deaths: 572.
num_vsnodes_births: 3.
num_vsnodes_deaths: 0.
num_space_committed: 1544.
num_space_uncommitted: 0.
num_chunks_returned_to_freelist: 694.
num_chunks_taken_from_freelist: 7235.
num_chunk_merges: 220.
num_chunk_splits: 4128.
num_chunks_enlarged: 2158.
num_inconsistent_stats: 0.

CodeHeap 'non-profiled nmethods': size=120000Kb used=20502Kb max_used=21056Kb free=99497Kb
 bounds [0x0000027740bc0000, 0x0000027742060000, 0x00000277480f0000]
CodeHeap 'profiled nmethods': size=120000Kb used=46727Kb max_used=51853Kb free=73272Kb
 bounds [0x00000277390f0000, 0x000002773c3a0000, 0x0000027740620000]
CodeHeap 'non-nmethods': size=5760Kb used=1539Kb max_used=1632Kb free=4220Kb
 bounds [0x0000027740620000, 0x0000027740890000, 0x0000027740bc0000]
CodeCache: size=245760Kb, used=68768Kb, max_used=74541Kb, free=176989Kb
 total_blobs=20275, nmethods=19412, adapters=762, full_count=0
Compilation: enabled, stopped_count=0, restarted_count=0

Compilation events (20 events):
Event: 10904.728 Thread 0x000002778f89a0c0 23711       4       org.eclipse.jdt.internal.compiler.parser.Parser::consumeExitVariableWithoutInitialization (58 bytes)
Event: 10904.729 Thread 0x000002778f89a0c0 nmethod 23711 0x00000277411fe010 code [0x00000277411fe1c0, 0x00000277411fe350]
Event: 10904.731 Thread 0x000002778f89a0c0 23712       4       org.eclipse.jdt.internal.compiler.lookup.AnnotatableTypeSystem::getAnnotatedType (407 bytes)
Event: 10904.740 Thread 0x000002778f89a0c0 nmethod 23712 0x00000277411fcd90 code [0x00000277411fcfc0, 0x00000277411fd888]
Event: 10904.820 Thread 0x000002778f8974f0 23713       3       org.eclipse.lsp4j.jsonrpc.json.adapters.EitherTypeAdapter::read (6 bytes)
Event: 10904.820 Thread 0x000002778f8974f0 nmethod 23713 0x0000027739979b90 code [0x0000027739979d60, 0x000002773997a1f8]
Event: 10904.820 Thread 0x000002778f8974f0 23714       3       org.eclipse.lsp4j.jsonrpc.json.adapters.EitherTypeAdapter::read (25 bytes)
Event: 10904.820 Thread 0x000002778f8974f0 nmethod 23714 0x000002773aa53690 code [0x000002773aa53860, 0x000002773aa53c30]
Event: 10904.824 Thread 0x000002778f8974f0 23715       3       org.eclipse.jdt.core.dom.PackageBinding::getName (16 bytes)
Event: 10904.824 Thread 0x000002778f8974f0 nmethod 23715 0x000002773a0c2e10 code [0x000002773a0c2fc0, 0x000002773a0c3140]
Event: 10904.826 Thread 0x000002778f8974f0 23716   !   3       org.eclipse.jface.text.AbstractLineTracker::getNumberOfLines (18 bytes)
Event: 10904.826 Thread 0x000002778f8974f0 nmethod 23716 0x000002773aeab010 code [0x000002773aeab1e0, 0x000002773aeab5d8]
Event: 10904.826 Thread 0x000002778f8974f0 23717       3       org.eclipse.jface.text.ListLineTracker::getNumberOfLines (47 bytes)
Event: 10904.826 Thread 0x000002778f8974f0 nmethod 23717 0x000002773b0ced90 code [0x000002773b0cef60, 0x000002773b0cf3b0]
Event: 10904.826 Thread 0x000002778f8974f0 23718       3       org.eclipse.jdt.internal.core.dom.rewrite.ASTRewriteAnalyzer::visit (43 bytes)
Event: 10904.827 Thread 0x000002778f8974f0 nmethod 23718 0x0000027739620390 code [0x00000277396205a0, 0x00000277396208d0]
Event: 10904.827 Thread 0x000002778f8974f0 23719       3       org.eclipse.jdt.core.dom.Assignment::internalGetSetObjectProperty (34 bytes)
Event: 10904.827 Thread 0x000002778f8974f0 nmethod 23719 0x0000027739989c90 code [0x0000027739989ec0, 0x000002773998a550]
Event: 10904.828 Thread 0x000002778f8974f0 23720       3       org.eclipse.jface.text.GapTextStore::get (27 bytes)
Event: 10904.828 Thread 0x000002778f8974f0 nmethod 23720 0x000002773aeb1410 code [0x000002773aeb15c0, 0x000002773aeb17f0]

GC Heap History (20 events):
Event: 10904.696 GC heap before
{Heap before GC invocations=2285 (full 5):
 PSYoungGen      total 2048K, used 2029K [0x00000000d5580000, 0x00000000d5880000, 0x0000000100000000)
  eden space 1024K, 100% used [0x00000000d5580000,0x00000000d5680000,0x00000000d5680000)
  from space 1024K, 98% used [0x00000000d5680000,0x00000000d577b6e0,0x00000000d5780000)
  to   space 1024K, 0% used [0x00000000d5780000,0x00000000d5780000,0x00000000d5880000)
 ParOldGen       total 1080832K, used 524103K [0x0000000080000000, 0x00000000c1f80000, 0x00000000d5580000)
  object space 1080832K, 48% used [0x0000000080000000,0x000000009ffd1d90,0x00000000c1f80000)
 Metaspace       used 96940K, committed 98752K, reserved 1179648K
  class space    used 10040K, committed 10880K, reserved 1048576K
}
Event: 10904.697 GC heap after
{Heap after GC invocations=2285 (full 5):
 PSYoungGen      total 1536K, used 1011K [0x00000000d5580000, 0x00000000d5b00000, 0x0000000100000000)
  eden space 512K, 0% used [0x00000000d5580000,0x00000000d5580000,0x00000000d5600000)
  from space 1024K, 98% used [0x00000000d5780000,0x00000000d587ce98,0x00000000d5880000)
  to   space 1536K, 0% used [0x00000000d5600000,0x00000000d5600000,0x00000000d5780000)
 ParOldGen       total 1080832K, used 524968K [0x0000000080000000, 0x00000000c1f80000, 0x00000000d5580000)
  object space 1080832K, 48% used [0x0000000080000000,0x00000000a00aa018,0x00000000c1f80000)
 Metaspace       used 96940K, committed 98752K, reserved 1179648K
  class space    used 10040K, committed 10880K, reserved 1048576K
}
Event: 10904.698 GC heap before
{Heap before GC invocations=2286 (full 5):
 PSYoungGen      total 1536K, used 1512K [0x00000000d5580000, 0x00000000d5b00000, 0x0000000100000000)
  eden space 512K, 97% used [0x00000000d5580000,0x00000000d55fd3a0,0x00000000d5600000)
  from space 1024K, 98% used [0x00000000d5780000,0x00000000d587ce98,0x00000000d5880000)
  to   space 1536K, 0% used [0x00000000d5600000,0x00000000d5600000,0x00000000d5780000)
 ParOldGen       total 1080832K, used 524968K [0x0000000080000000, 0x00000000c1f80000, 0x00000000d5580000)
  object space 1080832K, 48% used [0x0000000080000000,0x00000000a00aa018,0x00000000c1f80000)
 Metaspace       used 96940K, committed 98752K, reserved 1179648K
  class space    used 10040K, committed 10880K, reserved 1048576K
}
Event: 10904.700 GC heap after
{Heap after GC invocations=2286 (full 5):
 PSYoungGen      total 2048K, used 647K [0x00000000d5580000, 0x00000000d5980000, 0x0000000100000000)
  eden space 512K, 0% used [0x00000000d5580000,0x00000000d5580000,0x00000000d5600000)
  from space 1536K, 42% used [0x00000000d5600000,0x00000000d56a1d08,0x00000000d5780000)
  to   space 1536K, 0% used [0x00000000d5800000,0x00000000d5800000,0x00000000d5980000)
 ParOldGen       total 1080832K, used 525888K [0x0000000080000000, 0x00000000c1f80000, 0x00000000d5580000)
  object space 1080832K, 48% used [0x0000000080000000,0x00000000a0190090,0x00000000c1f80000)
 Metaspace       used 96940K, committed 98752K, reserved 1179648K
  class space    used 10040K, committed 10880K, reserved 1048576K
}
Event: 10904.702 GC heap before
{Heap before GC invocations=2287 (full 5):
 PSYoungGen      total 2048K, used 1130K [0x00000000d5580000, 0x00000000d5980000, 0x0000000100000000)
  eden space 512K, 94% used [0x00000000d5580000,0x00000000d55f8e88,0x00000000d5600000)
  from space 1536K, 42% used [0x00000000d5600000,0x00000000d56a1d08,0x00000000d5780000)
  to   space 1536K, 0% used [0x00000000d5800000,0x00000000d5800000,0x00000000d5980000)
 ParOldGen       total 1080832K, used 525888K [0x0000000080000000, 0x00000000c1f80000, 0x00000000d5580000)
  object space 1080832K, 48% used [0x0000000080000000,0x00000000a0190090,0x00000000c1f80000)
 Metaspace       used 96940K, committed 98752K, reserved 1179648K
  class space    used 10040K, committed 10880K, reserved 1048576K
}
Event: 10904.703 GC heap after
{Heap after GC invocations=2287 (full 5):
 PSYoungGen      total 2048K, used 554K [0x00000000d5580000, 0x00000000d5900000, 0x0000000100000000)
  eden space 1024K, 0% used [0x00000000d5580000,0x00000000d5580000,0x00000000d5680000)
  from space 1024K, 54% used [0x00000000d5800000,0x00000000d588aa38,0x00000000d5900000)
  to   space 1024K, 0% used [0x00000000d5700000,0x00000000d5700000,0x00000000d5800000)
 ParOldGen       total 1080832K, used 526342K [0x0000000080000000, 0x00000000c1f80000, 0x00000000d5580000)
  object space 1080832K, 48% used [0x0000000080000000,0x00000000a0201860,0x00000000c1f80000)
 Metaspace       used 96940K, committed 98752K, reserved 1179648K
  class space    used 10040K, committed 10880K, reserved 1048576K
}
Event: 10904.704 GC heap before
{Heap before GC invocations=2288 (full 5):
 PSYoungGen      total 2048K, used 1578K [0x00000000d5580000, 0x00000000d5900000, 0x0000000100000000)
  eden space 1024K, 100% used [0x00000000d5580000,0x00000000d5680000,0x00000000d5680000)
  from space 1024K, 54% used [0x00000000d5800000,0x00000000d588aa38,0x00000000d5900000)
  to   space 1024K, 0% used [0x00000000d5700000,0x00000000d5700000,0x00000000d5800000)
 ParOldGen       total 1080832K, used 526342K [0x0000000080000000, 0x00000000c1f80000, 0x00000000d5580000)
  object space 1080832K, 48% used [0x0000000080000000,0x00000000a0201860,0x00000000c1f80000)
 Metaspace       used 96940K, committed 98752K, reserved 1179648K
  class space    used 10040K, committed 10880K, reserved 1048576K
}
Event: 10904.706 GC heap after
{Heap after GC invocations=2288 (full 5):
 PSYoungGen      total 2560K, used 473K [0x00000000d5580000, 0x00000000d5900000, 0x0000000100000000)
  eden space 1536K, 0% used [0x00000000d5580000,0x00000000d5580000,0x00000000d5700000)
  from space 1024K, 46% used [0x00000000d5700000,0x00000000d57765a8,0x00000000d5800000)
  to   space 1024K, 0% used [0x00000000d5800000,0x00000000d5800000,0x00000000d5900000)
 ParOldGen       total 1080832K, used 527565K [0x0000000080000000, 0x00000000c1f80000, 0x00000000d5580000)
  object space 1080832K, 48% used [0x0000000080000000,0x00000000a0333710,0x00000000c1f80000)
 Metaspace       used 96940K, committed 98752K, reserved 1179648K
  class space    used 10040K, committed 10880K, reserved 1048576K
}
Event: 10904.712 GC heap before
{Heap before GC invocations=2289 (full 5):
 PSYoungGen      total 2560K, used 2009K [0x00000000d5580000, 0x00000000d5900000, 0x0000000100000000)
  eden space 1536K, 100% used [0x00000000d5580000,0x00000000d5700000,0x00000000d5700000)
  from space 1024K, 46% used [0x00000000d5700000,0x00000000d57765a8,0x00000000d5800000)
  to   space 1024K, 0% used [0x00000000d5800000,0x00000000d5800000,0x00000000d5900000)
 ParOldGen       total 1080832K, used 527565K [0x0000000080000000, 0x00000000c1f80000, 0x00000000d5580000)
  object space 1080832K, 48% used [0x0000000080000000,0x00000000a0333710,0x00000000c1f80000)
 Metaspace       used 96940K, committed 98752K, reserved 1179648K
  class space    used 10040K, committed 10880K, reserved 1048576K
}
Event: 10904.714 GC heap after
{Heap after GC invocations=2289 (full 5):
 PSYoungGen      total 2048K, used 999K [0x00000000d5580000, 0x00000000d5a80000, 0x0000000100000000)
  eden space 1024K, 0% used [0x00000000d5580000,0x00000000d5580000,0x00000000d5680000)
  from space 1024K, 97% used [0x00000000d5800000,0x00000000d58f9ef0,0x00000000d5900000)
  to   space 1536K, 0% used [0x00000000d5680000,0x00000000d5680000,0x00000000d5800000)
 ParOldGen       total 1080832K, used 527853K [0x0000000080000000, 0x00000000c1f80000, 0x00000000d5580000)
  object space 1080832K, 48% used [0x0000000080000000,0x00000000a037b720,0x00000000c1f80000)
 Metaspace       used 96940K, committed 98752K, reserved 1179648K
  class space    used 10040K, committed 10880K, reserved 1048576K
}
Event: 10904.716 GC heap before
{Heap before GC invocations=2290 (full 5):
 PSYoungGen      total 2048K, used 2023K [0x00000000d5580000, 0x00000000d5a80000, 0x0000000100000000)
  eden space 1024K, 100% used [0x00000000d5580000,0x00000000d5680000,0x00000000d5680000)
  from space 1024K, 97% used [0x00000000d5800000,0x00000000d58f9ef0,0x00000000d5900000)
  to   space 1536K, 0% used [0x00000000d5680000,0x00000000d5680000,0x00000000d5800000)
 ParOldGen       total 1080832K, used 527853K [0x0000000080000000, 0x00000000c1f80000, 0x00000000d5580000)
  object space 1080832K, 48% used [0x0000000080000000,0x00000000a037b720,0x00000000c1f80000)
 Metaspace       used 96940K, committed 98752K, reserved 1179648K
  class space    used 10040K, committed 10880K, reserved 1048576K
}
Event: 10904.718 GC heap after
{Heap after GC invocations=2290 (full 5):
 PSYoungGen      total 2560K, used 544K [0x00000000d5580000, 0x00000000d5900000, 0x0000000100000000)
  eden space 1024K, 0% used [0x00000000d5580000,0x00000000d5580000,0x00000000d5680000)
  from space 1536K, 35% used [0x00000000d5680000,0x00000000d5708000,0x00000000d5800000)
  to   space 1024K, 0% used [0x00000000d5800000,0x00000000d5800000,0x00000000d5900000)
 ParOldGen       total 1080832K, used 528805K [0x0000000080000000, 0x00000000c1f80000, 0x00000000d5580000)
  object space 1080832K, 48% used [0x0000000080000000,0x00000000a0469448,0x00000000c1f80000)
 Metaspace       used 96940K, committed 98752K, reserved 1179648K
  class space    used 10040K, committed 10880K, reserved 1048576K
}
Event: 10904.719 GC heap before
{Heap before GC invocations=2291 (full 5):
 PSYoungGen      total 2560K, used 1561K [0x00000000d5580000, 0x00000000d5900000, 0x0000000100000000)
  eden space 1024K, 99% used [0x00000000d5580000,0x00000000d567e690,0x00000000d5680000)
  from space 1536K, 35% used [0x00000000d5680000,0x00000000d5708000,0x00000000d5800000)
  to   space 1024K, 0% used [0x00000000d5800000,0x00000000d5800000,0x00000000d5900000)
 ParOldGen       total 1080832K, used 528805K [0x0000000080000000, 0x00000000c1f80000, 0x00000000d5580000)
  object space 1080832K, 48% used [0x0000000080000000,0x00000000a0469448,0x00000000c1f80000)
 Metaspace       used 96940K, committed 98752K, reserved 1179648K
  class space    used 10040K, committed 10880K, reserved 1048576K
}
Event: 10904.720 GC heap after
{Heap after GC invocations=2291 (full 5):
 PSYoungGen      total 2048K, used 384K [0x00000000d5580000, 0x00000000d5880000, 0x0000000100000000)
  eden space 1536K, 0% used [0x00000000d5580000,0x00000000d5580000,0x00000000d5700000)
  from space 512K, 75% used [0x00000000d5800000,0x00000000d5860010,0x00000000d5880000)
  to   space 512K, 0% used [0x00000000d5780000,0x00000000d5780000,0x00000000d5800000)
 ParOldGen       total 1080832K, used 529189K [0x0000000080000000, 0x00000000c1f80000, 0x00000000d5580000)
  object space 1080832K, 48% used [0x0000000080000000,0x00000000a04c9448,0x00000000c1f80000)
 Metaspace       used 96940K, committed 98752K, reserved 1179648K
  class space    used 10040K, committed 10880K, reserved 1048576K
}
Event: 10904.722 GC heap before
{Heap before GC invocations=2292 (full 5):
 PSYoungGen      total 2048K, used 1920K [0x00000000d5580000, 0x00000000d5880000, 0x0000000100000000)
  eden space 1536K, 100% used [0x00000000d5580000,0x00000000d5700000,0x00000000d5700000)
  from space 512K, 75% used [0x00000000d5800000,0x00000000d5860010,0x00000000d5880000)
  to   space 512K, 0% used [0x00000000d5780000,0x00000000d5780000,0x00000000d5800000)
 ParOldGen       total 1080832K, used 529189K [0x0000000080000000, 0x00000000c1f80000, 0x00000000d5580000)
  object space 1080832K, 48% used [0x0000000080000000,0x00000000a04c9448,0x00000000c1f80000)
 Metaspace       used 96940K, committed 98752K, reserved 1179648K
  class space    used 10040K, committed 10880K, reserved 1048576K
}
Event: 10904.723 GC heap after
{Heap after GC invocations=2292 (full 5):
 PSYoungGen      total 2560K, used 352K [0x00000000d5580000, 0x00000000d5880000, 0x0000000100000000)
  eden space 2048K, 0% used [0x00000000d5580000,0x00000000d5580000,0x00000000d5780000)
  from space 512K, 68% used [0x00000000d5780000,0x00000000d57d8000,0x00000000d5800000)
  to   space 512K, 0% used [0x00000000d5800000,0x00000000d5800000,0x00000000d5880000)
 ParOldGen       total 1080832K, used 529253K [0x0000000080000000, 0x00000000c1f80000, 0x00000000d5580000)
  object space 1080832K, 48% used [0x0000000080000000,0x00000000a04d9448,0x00000000c1f80000)
 Metaspace       used 96940K, committed 98752K, reserved 1179648K
  class space    used 10040K, committed 10880K, reserved 1048576K
}
Event: 10904.731 GC heap before
{Heap before GC invocations=2293 (full 5):
 PSYoungGen      total 2560K, used 2400K [0x00000000d5580000, 0x00000000d5880000, 0x0000000100000000)
  eden space 2048K, 100% used [0x00000000d5580000,0x00000000d5780000,0x00000000d5780000)
  from space 512K, 68% used [0x00000000d5780000,0x00000000d57d8000,0x00000000d5800000)
  to   space 512K, 0% used [0x00000000d5800000,0x00000000d5800000,0x00000000d5880000)
 ParOldGen       total 1080832K, used 529253K [0x0000000080000000, 0x00000000c1f80000, 0x00000000d5580000)
  object space 1080832K, 48% used [0x0000000080000000,0x00000000a04d9448,0x00000000c1f80000)
 Metaspace       used 96940K, committed 98752K, reserved 1179648K
  class space    used 10040K, committed 10880K, reserved 1048576K
}
Event: 10904.732 GC heap after
{Heap after GC invocations=2293 (full 5):
 PSYoungGen      total 2048K, used 512K [0x00000000d5580000, 0x00000000d5a00000, 0x0000000100000000)
  eden space 1536K, 0% used [0x00000000d5580000,0x00000000d5580000,0x00000000d5700000)
  from space 512K, 100% used [0x00000000d5800000,0x00000000d5880000,0x00000000d5880000)
  to   space 1024K, 0% used [0x00000000d5700000,0x00000000d5700000,0x00000000d5800000)
 ParOldGen       total 1080832K, used 529425K [0x0000000080000000, 0x00000000c1f80000, 0x00000000d5580000)
  object space 1080832K, 48% used [0x0000000080000000,0x00000000a0504640,0x00000000c1f80000)
 Metaspace       used 96940K, committed 98752K, reserved 1179648K
  class space    used 10040K, committed 10880K, reserved 1048576K
}
Event: 10904.822 GC heap before
{Heap before GC invocations=2294 (full 5):
 PSYoungGen      total 2048K, used 2048K [0x00000000d5580000, 0x00000000d5a00000, 0x0000000100000000)
  eden space 1536K, 100% used [0x00000000d5580000,0x00000000d5700000,0x00000000d5700000)
  from space 512K, 100% used [0x00000000d5800000,0x00000000d5880000,0x00000000d5880000)
  to   space 1024K, 0% used [0x00000000d5700000,0x00000000d5700000,0x00000000d5800000)
 ParOldGen       total 1080832K, used 529425K [0x0000000080000000, 0x00000000c1f80000, 0x00000000d5580000)
  object space 1080832K, 48% used [0x0000000080000000,0x00000000a0504640,0x00000000c1f80000)
 Metaspace       used 96943K, committed 98816K, reserved 1179648K
  class space    used 10040K, committed 10880K, reserved 1048576K
}
Event: 10904.824 GC heap after
{Heap after GC invocations=2294 (full 5):
 PSYoungGen      total 2560K, used 288K [0x00000000d5580000, 0x00000000d5880000, 0x0000000100000000)
  eden space 1536K, 0% used [0x00000000d5580000,0x00000000d5580000,0x00000000d5700000)
  from space 1024K, 28% used [0x00000000d5700000,0x00000000d5748000,0x00000000d5800000)
  to   space 512K, 0% used [0x00000000d5800000,0x00000000d5800000,0x00000000d5880000)
 ParOldGen       total 1080832K, used 529871K [0x0000000080000000, 0x00000000c1f80000, 0x00000000d5580000)
  object space 1080832K, 49% used [0x0000000080000000,0x00000000a0573cc0,0x00000000c1f80000)
 Metaspace       used 96943K, committed 98816K, reserved 1179648K
  class space    used 10040K, committed 10880K, reserved 1048576K
}

Dll operation events (12 events):
Event: 0.012 Loaded shared library c:\Users\Administrator\.vscode\extensions\redhat.java-1.55.0-win32-x64\jre\21.0.11-win32-x86_64\bin\java.dll
Event: 0.091 Loaded shared library c:\Users\Administrator\.vscode\extensions\redhat.java-1.55.0-win32-x64\jre\21.0.11-win32-x86_64\bin\zip.dll
Event: 0.118 Loaded shared library C:\Users\Administrator\.vscode\extensions\redhat.java-1.55.0-win32-x64\jre\21.0.11-win32-x86_64\bin\instrument.dll
Event: 0.125 Loaded shared library C:\Users\Administrator\.vscode\extensions\redhat.java-1.55.0-win32-x64\jre\21.0.11-win32-x86_64\bin\net.dll
Event: 0.130 Loaded shared library C:\Users\Administrator\.vscode\extensions\redhat.java-1.55.0-win32-x64\jre\21.0.11-win32-x86_64\bin\nio.dll
Event: 0.135 Loaded shared library C:\Users\Administrator\.vscode\extensions\redhat.java-1.55.0-win32-x64\jre\21.0.11-win32-x86_64\bin\zip.dll
Event: 0.156 Loaded shared library C:\Users\Administrator\.vscode\extensions\redhat.java-1.55.0-win32-x64\jre\21.0.11-win32-x86_64\bin\jimage.dll
Event: 0.251 Loaded shared library c:\Users\Administrator\.vscode\extensions\redhat.java-1.55.0-win32-x64\jre\21.0.11-win32-x86_64\bin\verify.dll
Event: 8.052 Loaded shared library C:\Users\Administrator\AppData\Roaming\Code\User\globalStorage\redhat.java\1.55.0\config_win\org.eclipse.equinox.launcher\org.eclipse.equinox.launcher.win32.win32.x86_64_1.3.100.v20260613-0559\eclipse_11924.dll
Event: 23.704 Loaded shared library C:\Users\Administrator\AppData\Local\Temp\jna-146731693\jna4985367456837513992.dll
Event: 246.127 Loaded shared library C:\Users\Administrator\.vscode\extensions\redhat.java-1.55.0-win32-x64\jre\21.0.11-win32-x86_64\bin\sunmscapi.dll
Event: 246.728 Loaded shared library C:\Users\Administrator\.vscode\extensions\redhat.java-1.55.0-win32-x64\jre\21.0.11-win32-x86_64\bin\extnet.dll

Deoptimization events (20 events):
Event: 10829.467 Thread 0x00000277971d8a60 Uncommon trap: trap_request=0xffffffd6 fr.pc=0x000002774137cfac relative=0x000000000000102c
Event: 10829.467 Thread 0x00000277971d8a60 Uncommon trap: reason=array_check action=maybe_recompile pc=0x000002774137cfac method=java.util.TimSort.mergeLo(IIII)V @ 245 c2
Event: 10829.467 Thread 0x00000277971d8a60 DEOPT PACKING pc=0x000002774137cfac sp=0x000000f0fc9fd890
Event: 10829.467 Thread 0x00000277971d8a60 DEOPT UNPACKING pc=0x0000027740673aa2 sp=0x000000f0fc9fd870 mode 2
Event: 10829.468 Thread 0x00000277971d8a60 Uncommon trap: trap_request=0xffffffd6 fr.pc=0x000002774137cfac relative=0x000000000000102c
Event: 10829.468 Thread 0x00000277971d8a60 Uncommon trap: reason=array_check action=maybe_recompile pc=0x000002774137cfac method=java.util.TimSort.mergeLo(IIII)V @ 245 c2
Event: 10829.468 Thread 0x00000277971d8a60 DEOPT PACKING pc=0x000002774137cfac sp=0x000000f0fc9fd890
Event: 10829.468 Thread 0x00000277971d8a60 DEOPT UNPACKING pc=0x0000027740673aa2 sp=0x000000f0fc9fd870 mode 2
Event: 10846.280 Thread 0x00000277971d8a60 DEOPT PACKING pc=0x000002773bfdd472 sp=0x000000f0fc9fe570
Event: 10846.280 Thread 0x00000277971d8a60 DEOPT UNPACKING pc=0x0000027740674242 sp=0x000000f0fc9fda28 mode 0
Event: 10881.053 Thread 0x00000277971d8a60 Uncommon trap: trap_request=0xffffff3d fr.pc=0x000002774135d4f0 relative=0x00000000000002f0
Event: 10881.053 Thread 0x00000277971d8a60 Uncommon trap: reason=unstable_fused_if action=reinterpret pc=0x000002774135d4f0 method=org.eclipse.jdt.internal.compiler.problem.ProblemReporter.computeSeverity(I)I @ 1 c2
Event: 10881.053 Thread 0x00000277971d8a60 DEOPT PACKING pc=0x000002774135d4f0 sp=0x000000f0fc9fe280
Event: 10881.053 Thread 0x00000277971d8a60 DEOPT UNPACKING pc=0x0000027740673aa2 sp=0x000000f0fc9fe208 mode 2
Event: 10882.747 Thread 0x00000277971d8a60 Uncommon trap: trap_request=0xffffff6e fr.pc=0x0000027741209350 relative=0x0000000000000330
Event: 10882.747 Thread 0x00000277971d8a60 Uncommon trap: reason=loop_limit_check action=maybe_recompile pc=0x0000027741209350 method=org.eclipse.jdt.internal.formatter.TokenManager.getLength(IIII)I @ 88 c2
Event: 10882.747 Thread 0x00000277971d8a60 DEOPT PACKING pc=0x0000027741209350 sp=0x000000f0fc9fdab0
Event: 10882.747 Thread 0x00000277971d8a60 DEOPT UNPACKING pc=0x0000027740673aa2 sp=0x000000f0fc9fda20 mode 2
Event: 10887.348 Thread 0x00000277971d8a60 DEOPT PACKING pc=0x00000277396464f8 sp=0x000000f0fc9fd2f0
Event: 10887.348 Thread 0x00000277971d8a60 DEOPT UNPACKING pc=0x0000027740674242 sp=0x000000f0fc9fc7d8 mode 0

Classes loaded (20 events):
Event: 10428.526 Loading class java/net/NoRouteToHostException
Event: 10428.526 Loading class java/net/NoRouteToHostException done
Event: 10428.599 Loading class java/nio/StringCharBuffer
Event: 10428.600 Loading class java/nio/StringCharBuffer done
Event: 10428.602 Loading class java/util/concurrent/atomic/AtomicMarkableReference
Event: 10428.602 Loading class java/util/concurrent/atomic/AtomicMarkableReference done
Event: 10428.602 Loading class java/util/concurrent/atomic/AtomicMarkableReference$Pair
Event: 10428.602 Loading class java/util/concurrent/atomic/AtomicMarkableReference$Pair done
Event: 10428.825 Loading class javax/net/DefaultSocketFactory
Event: 10428.826 Loading class javax/net/DefaultSocketFactory done
Event: 10430.272 Loading class jdk/internal/module/IllegalAccessLogger
Event: 10430.272 Loading class jdk/internal/module/IllegalAccessLogger done
Event: 10433.101 Loading class javax/xml/transform/TransformerConfigurationException
Event: 10433.101 Loading class javax/xml/transform/TransformerConfigurationException done
Event: 10433.817 Loading class java/util/concurrent/LinkedBlockingQueue$Itr
Event: 10433.817 Loading class java/util/concurrent/LinkedBlockingQueue$Itr done
Event: 10609.865 Loading class java/util/LinkedList$LLSpliterator
Event: 10609.865 Loading class java/util/LinkedList$LLSpliterator done
Event: 10768.127 Loading class java/nio/channels/CompletionHandler
Event: 10768.127 Loading class java/nio/channels/CompletionHandler done

Classes unloaded (20 events):
Event: 7312.060 Thread 0x0000027735e849f0 Unloading class 0x000002774e008c00 'java/lang/invoke/LambdaForm$MH+0x000002774e008c00'
Event: 7312.060 Thread 0x0000027735e849f0 Unloading class 0x000002774e008800 'java/lang/invoke/LambdaForm$MH+0x000002774e008800'
Event: 7312.060 Thread 0x0000027735e849f0 Unloading class 0x000002774e008400 'java/lang/invoke/LambdaForm$MH+0x000002774e008400'
Event: 7312.060 Thread 0x0000027735e849f0 Unloading class 0x000002774e007000 'java/lang/invoke/LambdaForm$MH+0x000002774e007000'
Event: 7312.060 Thread 0x0000027735e849f0 Unloading class 0x000002774e006800 'java/lang/invoke/LambdaForm$MH+0x000002774e006800'
Event: 7312.060 Thread 0x0000027735e849f0 Unloading class 0x000002774e006400 'java/lang/invoke/LambdaForm$MH+0x000002774e006400'
Event: 7312.060 Thread 0x0000027735e849f0 Unloading class 0x000002774e006000 'java/lang/invoke/LambdaForm$MH+0x000002774e006000'
Event: 7312.060 Thread 0x0000027735e849f0 Unloading class 0x000002774e005c00 'java/lang/invoke/LambdaForm$BMH+0x000002774e005c00'
Event: 7312.060 Thread 0x0000027735e849f0 Unloading class 0x000002774e004800 'java/lang/invoke/LambdaForm$DMH+0x000002774e004800'
Event: 7312.060 Thread 0x0000027735e849f0 Unloading class 0x000002774e002400 'java/lang/invoke/LambdaForm$MH+0x000002774e002400'
Event: 7312.060 Thread 0x0000027735e849f0 Unloading class 0x000002774e002000 'java/lang/invoke/LambdaForm$MH+0x000002774e002000'
Event: 7312.060 Thread 0x0000027735e849f0 Unloading class 0x000002774e001800 'java/lang/invoke/LambdaForm$MH+0x000002774e001800'
Event: 10609.704 Thread 0x0000027735e849f0 Unloading class 0x000002774e938c00 'java/lang/invoke/LambdaForm$MH+0x000002774e938c00'
Event: 10609.704 Thread 0x0000027735e849f0 Unloading class 0x000002774e938800 'java/lang/invoke/LambdaForm$MH+0x000002774e938800'
Event: 10609.704 Thread 0x0000027735e849f0 Unloading class 0x000002774e2b3000 'java/lang/invoke/LambdaForm$MH+0x000002774e2b3000'
Event: 10609.704 Thread 0x0000027735e849f0 Unloading class 0x000002774e321000 'java/lang/invoke/LambdaForm$MH+0x000002774e321000'
Event: 10609.704 Thread 0x0000027735e849f0 Unloading class 0x000002774e3dc400 'java/lang/invoke/LambdaForm$MH+0x000002774e3dc400'
Event: 10609.704 Thread 0x0000027735e849f0 Unloading class 0x000002774e4ec800 'java/lang/invoke/LambdaForm$MH+0x000002774e4ec800'
Event: 10609.704 Thread 0x0000027735e849f0 Unloading class 0x000002774e548800 'java/lang/invoke/LambdaForm$MH+0x000002774e548800'
Event: 10609.704 Thread 0x0000027735e849f0 Unloading class 0x000002774e6b0000 'java/lang/invoke/LambdaForm$MH+0x000002774e6b0000'

Classes redefined (0 events):
No events

Internal exceptions (20 events):
Event: 10887.325 Thread 0x00000277971d8a60 Implicit null exception at 0x000002773b58601b to 0x000002773b5865d5
Event: 10887.325 Thread 0x00000277971d8a60 Exception <a 'java/lang/NullPointerException'{0x00000000d5586cd0}> (0x00000000d5586cd0) 
thrown [s\src\hotspot\share\runtime\sharedRuntime.cpp, line 625]
Event: 10887.325 Thread 0x00000277971d8a60 Implicit null exception at 0x000002773b58601b to 0x000002773b5865d5
Event: 10887.325 Thread 0x00000277971d8a60 Exception <a 'java/lang/NullPointerException'{0x00000000d558b958}> (0x00000000d558b958) 
thrown [s\src\hotspot\share\runtime\sharedRuntime.cpp, line 625]
Event: 10887.325 Thread 0x00000277971d8a60 Exception <a 'java/lang/NullPointerException'{0x00000000d558c2f8}> (0x00000000d558c2f8) 
thrown [s\src\hotspot\share\interpreter\linkResolver.cpp, line 1372]
Event: 10887.325 Thread 0x00000277971d8a60 Implicit null exception at 0x000002773b58601b to 0x000002773b5865d5
Event: 10887.325 Thread 0x00000277971d8a60 Exception <a 'java/lang/NullPointerException'{0x00000000d558ca00}> (0x00000000d558ca00) 
thrown [s\src\hotspot\share\runtime\sharedRuntime.cpp, line 625]
Event: 10887.351 Thread 0x00000277971d8a60 Implicit null exception at 0x000002773b58601b to 0x000002773b5865d5
Event: 10887.352 Thread 0x00000277971d8a60 Exception <a 'java/lang/NullPointerException'{0x00000000d5620fe8}> (0x00000000d5620fe8) 
thrown [s\src\hotspot\share\runtime\sharedRuntime.cpp, line 625]
Event: 10904.714 Thread 0x00000277971d8a60 Implicit null exception at 0x000002773b58601b to 0x000002773b5865d5
Event: 10904.714 Thread 0x00000277971d8a60 Exception <a 'java/lang/NullPointerException'{0x00000000d55a3518}> (0x00000000d55a3518) 
thrown [s\src\hotspot\share\runtime\sharedRuntime.cpp, line 625]
Event: 10904.714 Thread 0x00000277971d8a60 Implicit null exception at 0x000002773b58601b to 0x000002773b5865d5
Event: 10904.714 Thread 0x00000277971d8a60 Exception <a 'java/lang/NullPointerException'{0x00000000d55a5518}> (0x00000000d55a5518) 
thrown [s\src\hotspot\share\runtime\sharedRuntime.cpp, line 625]
Event: 10904.714 Thread 0x00000277971d8a60 Implicit null exception at 0x000002773b58601b to 0x000002773b5865d5
Event: 10904.714 Thread 0x00000277971d8a60 Exception <a 'java/lang/NullPointerException'{0x00000000d55aa000}> (0x00000000d55aa000) 
thrown [s\src\hotspot\share\runtime\sharedRuntime.cpp, line 625]
Event: 10904.714 Thread 0x00000277971d8a60 Exception <a 'java/lang/NullPointerException'{0x00000000d55aa6e8}> (0x00000000d55aa6e8) 
thrown [s\src\hotspot\share\interpreter\linkResolver.cpp, line 1372]
Event: 10904.714 Thread 0x00000277971d8a60 Implicit null exception at 0x000002773b58601b to 0x000002773b5865d5
Event: 10904.714 Thread 0x00000277971d8a60 Exception <a 'java/lang/NullPointerException'{0x00000000d55aadf0}> (0x00000000d55aadf0) 
thrown [s\src\hotspot\share\runtime\sharedRuntime.cpp, line 625]
Event: 10904.727 Thread 0x00000277971d8a60 Implicit null exception at 0x000002773b58601b to 0x000002773b5865d5
Event: 10904.727 Thread 0x00000277971d8a60 Exception <a 'java/lang/NullPointerException'{0x00000000d56b9b90}> (0x00000000d56b9b90) 
thrown [s\src\hotspot\share\runtime\sharedRuntime.cpp, line 625]

ZGC Phase Switch (0 events):
No events

VM Operations (20 events):
Event: 10904.696 Executing safepoint VM operation: ParallelGCFailedAllocation (Allocation Failure)
Event: 10904.697 Executing safepoint VM operation: ParallelGCFailedAllocation (Allocation Failure) done
Event: 10904.698 Executing safepoint VM operation: ParallelGCFailedAllocation (Allocation Failure)
Event: 10904.700 Executing safepoint VM operation: ParallelGCFailedAllocation (Allocation Failure) done
Event: 10904.702 Executing safepoint VM operation: ParallelGCFailedAllocation (Allocation Failure)
Event: 10904.703 Executing safepoint VM operation: ParallelGCFailedAllocation (Allocation Failure) done
Event: 10904.704 Executing safepoint VM operation: ParallelGCFailedAllocation (Allocation Failure)
Event: 10904.706 Executing safepoint VM operation: ParallelGCFailedAllocation (Allocation Failure) done
Event: 10904.712 Executing safepoint VM operation: ParallelGCFailedAllocation (Allocation Failure)
Event: 10904.714 Executing safepoint VM operation: ParallelGCFailedAllocation (Allocation Failure) done
Event: 10904.716 Executing safepoint VM operation: ParallelGCFailedAllocation (Allocation Failure)
Event: 10904.718 Executing safepoint VM operation: ParallelGCFailedAllocation (Allocation Failure) done
Event: 10904.719 Executing safepoint VM operation: ParallelGCFailedAllocation (Allocation Failure)
Event: 10904.720 Executing safepoint VM operation: ParallelGCFailedAllocation (Allocation Failure) done
Event: 10904.722 Executing safepoint VM operation: ParallelGCFailedAllocation (Allocation Failure)
Event: 10904.723 Executing safepoint VM operation: ParallelGCFailedAllocation (Allocation Failure) done
Event: 10904.731 Executing safepoint VM operation: ParallelGCFailedAllocation (Allocation Failure)
Event: 10904.732 Executing safepoint VM operation: ParallelGCFailedAllocation (Allocation Failure) done
Event: 10904.822 Executing safepoint VM operation: ParallelGCFailedAllocation (Allocation Failure)
Event: 10904.824 Executing safepoint VM operation: ParallelGCFailedAllocation (Allocation Failure) done

Memory protections (0 events):
No events

Nmethod flushes (20 events):
Event: 10609.790 Thread 0x0000027735e849f0 flushing  nmethod 0x000002773b108910
Event: 10609.790 Thread 0x0000027735e849f0 flushing  nmethod 0x000002773b109090
Event: 10609.790 Thread 0x0000027735e849f0 flushing  nmethod 0x000002773b10f290
Event: 10609.790 Thread 0x0000027735e849f0 flushing  nmethod 0x000002773b10fe10
Event: 10609.790 Thread 0x0000027735e849f0 flushing  nmethod 0x000002773b110810
Event: 10609.790 Thread 0x0000027735e849f0 flushing  nmethod 0x000002773b168310
Event: 10609.790 Thread 0x0000027735e849f0 flushing  nmethod 0x000002773b187d10
Event: 10609.790 Thread 0x0000027735e849f0 flushing  nmethod 0x000002773b1f2b10
Event: 10609.790 Thread 0x0000027735e849f0 flushing  nmethod 0x000002773b20b990
Event: 10609.790 Thread 0x0000027735e849f0 flushing  nmethod 0x000002773b230a10
Event: 10609.790 Thread 0x0000027735e849f0 flushing osr nmethod 0x000002773b2b6410
Event: 10609.790 Thread 0x0000027735e849f0 flushing  nmethod 0x000002773b2d5990
Event: 10609.790 Thread 0x0000027735e849f0 flushing  nmethod 0x000002773b2d8410
Event: 10609.790 Thread 0x0000027735e849f0 flushing  nmethod 0x000002773b316590
Event: 10609.790 Thread 0x0000027735e849f0 flushing  nmethod 0x000002773b32a110
Event: 10609.790 Thread 0x0000027735e849f0 flushing  nmethod 0x000002773b3f5510
Event: 10609.790 Thread 0x0000027735e849f0 flushing  nmethod 0x000002773b3f5a10
Event: 10609.790 Thread 0x0000027735e849f0 flushing  nmethod 0x000002773b3f5f10
Event: 10609.790 Thread 0x0000027735e849f0 flushing  nmethod 0x000002773b499a10
Event: 10609.790 Thread 0x0000027735e849f0 flushing  nmethod 0x000002773b59b890

Events (20 events):
Event: 10609.867 Thread 0x00000277971d5c70 Thread exited: 0x00000277971d5c70
Event: 10609.867 Thread 0x00000277983c0de0 Thread exited: 0x00000277983c0de0
Event: 10610.981 Thread 0x000002778f89a0c0 Thread added: 0x0000027797f7e380
Event: 10611.248 Thread 0x0000027797f7e380 Thread exited: 0x0000027797f7e380
Event: 10718.024 Thread 0x000002779568ce10 Thread exited: 0x000002779568ce10
Event: 10718.557 Thread 0x00000277983bd960 Thread exited: 0x00000277983bd960
Event: 10729.508 Thread 0x00000277983c0750 Thread added: 0x00000277983c0de0
Event: 10729.508 Thread 0x00000277983c0de0 Thread exited: 0x00000277983c0de0
Event: 10729.510 Thread 0x00000277983c0750 Thread added: 0x00000277983c0de0
Event: 10729.511 Thread 0x00000277983c0de0 Thread exited: 0x00000277983c0de0
Event: 10730.255 Thread 0x000002779568c780 Thread exited: 0x000002779568c780
Event: 10730.286 Thread 0x00000277971d27f0 Thread exited: 0x00000277971d27f0
Event: 10742.693 Thread 0x000002778f89a0c0 Thread added: 0x000002779784c8a0
Event: 10744.196 Thread 0x000002779784c8a0 Thread exited: 0x000002779784c8a0
Event: 10767.681 Thread 0x00000277979a2a70 Thread added: 0x00000277983c0de0
Event: 10798.149 Thread 0x00000277983c0750 Thread added: 0x00000277983c3bd0
Event: 10805.438 Thread 0x000002778f8974f0 Thread added: 0x0000027795b45b70
Event: 10805.828 Thread 0x0000027795b45b70 Thread exited: 0x0000027795b45b70
Event: 10889.444 Thread 0x00000277983c3bd0 Thread exited: 0x00000277983c3bd0
Event: 10889.897 Thread 0x00000277983c0750 Thread exited: 0x00000277983c0750


Dynamic libraries:
0x00007ff715a50000 - 0x00007ff715a5e000 	c:\Users\Administrator\.vscode\extensions\redhat.java-1.55.0-win32-x64\jre\21.0.11-win32-x86_64\bin\java.exe
0x00007ff991000000 - 0x00007ff991266000 	C:\WINDOWS\SYSTEM32\ntdll.dll
0x00007ff98fa80000 - 0x00007ff98fb49000 	C:\WINDOWS\System32\KERNEL32.DLL
0x00007ff98e770000 - 0x00007ff98eb6e000 	C:\WINDOWS\System32\KERNELBASE.dll
0x00007ff98e4e0000 - 0x00007ff98e62c000 	C:\WINDOWS\System32\ucrtbase.dll
0x00007ff9273f0000 - 0x00007ff92740e000 	c:\Users\Administrator\.vscode\extensions\redhat.java-1.55.0-win32-x64\jre\21.0.11-win32-x86_64\bin\VCRUNTIME140.dll
0x00007ff94a960000 - 0x00007ff94a978000 	c:\Users\Administrator\.vscode\extensions\redhat.java-1.55.0-win32-x64\jre\21.0.11-win32-x86_64\bin\jli.dll
0x00007ff98f020000 - 0x00007ff98f1e7000 	C:\WINDOWS\System32\USER32.dll
0x00007ff98eb80000 - 0x00007ff98eba7000 	C:\WINDOWS\System32\win32u.dll
0x00007ff972da0000 - 0x00007ff973032000 	C:\WINDOWS\WinSxS\amd64_microsoft.windows.common-controls_6595b64144ccf1df_6.0.26100.8875_none_3e0d5d42e32fe9dd\COMCTL32.dll
0x00007ff98ef70000 - 0x00007ff98f019000 	C:\WINDOWS\System32\msvcrt.dll
0x00007ff98f750000 - 0x00007ff98f77b000 	C:\WINDOWS\System32\GDI32.dll
0x00007ff98e640000 - 0x00007ff98e76a000 	C:\WINDOWS\System32\gdi32full.dll
0x00007ff98e370000 - 0x00007ff98e413000 	C:\WINDOWS\System32\msvcp_win.dll
0x00007ff98ed30000 - 0x00007ff98ed62000 	C:\WINDOWS\System32\IMM32.DLL
0x00007ff970db0000 - 0x00007ff970dbc000 	c:\Users\Administrator\.vscode\extensions\redhat.java-1.55.0-win32-x64\jre\21.0.11-win32-x86_64\bin\vcruntime140_1.dll
0x00007ff925e20000 - 0x00007ff925ead000 	c:\Users\Administrator\.vscode\extensions\redhat.java-1.55.0-win32-x64\jre\21.0.11-win32-x86_64\bin\msvcp140.dll
0x00007ff8c21d0000 - 0x00007ff8c2f72000 	c:\Users\Administrator\.vscode\extensions\redhat.java-1.55.0-win32-x64\jre\21.0.11-win32-x86_64\bin\server\jvm.dll
0x00007ff98f290000 - 0x00007ff98f347000 	C:\WINDOWS\System32\ADVAPI32.dll
0x00007ff98fc70000 - 0x00007ff98fd1a000 	C:\WINDOWS\System32\sechost.dll
0x00007ff98ee50000 - 0x00007ff98ef68000 	C:\WINDOWS\System32\RPCRT4.dll
0x00007ff98fb50000 - 0x00007ff98fbd0000 	C:\WINDOWS\System32\WS2_32.dll
0x00007ff98e0a0000 - 0x00007ff98e0fe000 	C:\WINDOWS\SYSTEM32\POWRPROF.dll
0x00007ff986820000 - 0x00007ff986856000 	C:\WINDOWS\SYSTEM32\WINMM.dll
0x00007ff986860000 - 0x00007ff98686b000 	C:\WINDOWS\SYSTEM32\VERSION.dll
0x00007ff98e080000 - 0x00007ff98e094000 	C:\WINDOWS\SYSTEM32\UMPDC.dll
0x00007ff98cec0000 - 0x00007ff98cedb000 	C:\WINDOWS\SYSTEM32\kernel.appcore.dll
0x00007ff9528c0000 - 0x00007ff9528ca000 	c:\Users\Administrator\.vscode\extensions\redhat.java-1.55.0-win32-x64\jre\21.0.11-win32-x86_64\bin\jimage.dll
0x00007ff98b630000 - 0x00007ff98b872000 	C:\WINDOWS\SYSTEM32\DBGHELP.DLL
0x00007ff98f3c0000 - 0x00007ff98f743000 	C:\WINDOWS\System32\combase.dll
0x00007ff98f780000 - 0x00007ff98f859000 	C:\WINDOWS\System32\OLEAUT32.dll
0x00007ff9684a0000 - 0x00007ff9684db000 	C:\WINDOWS\SYSTEM32\dbgcore.DLL
0x00007ff98e2b0000 - 0x00007ff98e35c000 	C:\WINDOWS\System32\bcryptPrimitives.dll
0x00007ff94a950000 - 0x00007ff94a95f000 	c:\Users\Administrator\.vscode\extensions\redhat.java-1.55.0-win32-x64\jre\21.0.11-win32-x86_64\bin\instrument.dll
0x00007ff9273d0000 - 0x00007ff9273f0000 	c:\Users\Administrator\.vscode\extensions\redhat.java-1.55.0-win32-x64\jre\21.0.11-win32-x86_64\bin\java.dll
0x00007ff990700000 - 0x00007ff990e92000 	C:\WINDOWS\System32\SHELL32.dll
0x00007ff98bc80000 - 0x00007ff98c512000 	C:\WINDOWS\SYSTEM32\windows.storage.dll
0x00007ff990460000 - 0x00007ff990557000 	C:\WINDOWS\System32\SHCORE.dll
0x00007ff9903f0000 - 0x00007ff990457000 	C:\WINDOWS\System32\shlwapi.dll
0x00007ff98e140000 - 0x00007ff98e169000 	C:\WINDOWS\SYSTEM32\profapi.dll
0x00007ff925e00000 - 0x00007ff925e18000 	c:\Users\Administrator\.vscode\extensions\redhat.java-1.55.0-win32-x64\jre\21.0.11-win32-x86_64\bin\zip.dll
0x00007ff9273c0000 - 0x00007ff9273d0000 	C:\Users\Administrator\.vscode\extensions\redhat.java-1.55.0-win32-x64\jre\21.0.11-win32-x86_64\bin\net.dll
0x00007ff9868b0000 - 0x00007ff9869d7000 	C:\WINDOWS\SYSTEM32\WINHTTP.dll
0x00007ff98d450000 - 0x00007ff98d4bc000 	C:\WINDOWS\system32\mswsock.dll
0x00007ff9126a0000 - 0x00007ff9126b6000 	C:\Users\Administrator\.vscode\extensions\redhat.java-1.55.0-win32-x64\jre\21.0.11-win32-x86_64\bin\nio.dll
0x00007ff912680000 - 0x00007ff912690000 	c:\Users\Administrator\.vscode\extensions\redhat.java-1.55.0-win32-x64\jre\21.0.11-win32-x86_64\bin\verify.dll
0x00007ff8acfa0000 - 0x00007ff8acfe5000 	C:\Users\Administrator\AppData\Roaming\Code\User\globalStorage\redhat.java\1.55.0\config_win\org.eclipse.equinox.launcher\org.eclipse.equinox.launcher.win32.win32.x86_64_1.3.100.v20260613-0559\eclipse_11924.dll
0x00007ff990560000 - 0x00007ff9906f9000 	C:\WINDOWS\System32\ole32.dll
0x00007ff98d880000 - 0x00007ff98d89b000 	C:\WINDOWS\SYSTEM32\CRYPTSP.dll
0x00007ff98ce20000 - 0x00007ff98ce59000 	C:\WINDOWS\system32\rsaenh.dll
0x00007ff98d510000 - 0x00007ff98d542000 	C:\WINDOWS\SYSTEM32\USERENV.dll
0x00007ff98e110000 - 0x00007ff98e13a000 	C:\WINDOWS\SYSTEM32\bcrypt.dll
0x00007ff98d850000 - 0x00007ff98d85c000 	C:\WINDOWS\SYSTEM32\CRYPTBASE.dll
0x00007ff98c870000 - 0x00007ff98c8a3000 	C:\WINDOWS\SYSTEM32\IPHLPAPI.DLL
0x00007ff98fa70000 - 0x00007ff98fa7a000 	C:\WINDOWS\System32\NSI.dll
0x00007ff91f5a0000 - 0x00007ff91f5e9000 	C:\Users\Administrator\AppData\Local\Temp\jna-146731693\jna4985367456837513992.dll
0x00007ff9901b0000 - 0x00007ff9901b8000 	C:\WINDOWS\System32\PSAPI.DLL
0x00007ff987ab0000 - 0x00007ff987acd000 	C:\WINDOWS\SYSTEM32\dhcpcsvc6.DLL
0x00007ff987620000 - 0x00007ff987645000 	C:\WINDOWS\SYSTEM32\dhcpcsvc.DLL
0x00007ff9528d0000 - 0x00007ff9528de000 	C:\Users\Administrator\.vscode\extensions\redhat.java-1.55.0-win32-x64\jre\21.0.11-win32-x86_64\bin\sunmscapi.dll
0x00007ff98ebb0000 - 0x00007ff98ed28000 	C:\WINDOWS\System32\CRYPT32.dll
0x00007ff98d9f0000 - 0x00007ff98da20000 	C:\WINDOWS\SYSTEM32\ncrypt.dll
0x00007ff98d9a0000 - 0x00007ff98d9df000 	C:\WINDOWS\SYSTEM32\NTASN1.dll
0x00007ff98c960000 - 0x00007ff98cab6000 	C:\WINDOWS\SYSTEM32\DNSAPI.dll
0x00007ff98d250000 - 0x00007ff98d25d000 	C:\WINDOWS\SYSTEM32\DSPARSE.dll
0x00007ff986300000 - 0x00007ff98630b000 	C:\Windows\System32\rasadhlp.dll
0x00007ff9880d0000 - 0x00007ff988156000 	C:\WINDOWS\System32\fwpuclnt.dll
0x00007ff927f00000 - 0x00007ff927f09000 	C:\Users\Administrator\.vscode\extensions\redhat.java-1.55.0-win32-x64\jre\21.0.11-win32-x86_64\bin\extnet.dll
0x00007ff944b60000 - 0x00007ff944b68000 	C:\WINDOWS\system32\wshunix.dll

JVMTI agents:
c:\Users\Administrator\.vscode\extensions\redhat.java-1.55.0-win32-x64\lombok\lombok-1.18.39-4050.jar path:c:\Users\Administrator\.vscode\extensions\redhat.java-1.55.0-win32-x64\jre\21.0.11-win32-x86_64\bin\instrument.dll, loaded, initialized, instrumentlib options:none

dbghelp: loaded successfully - version: 4.0.5 - missing functions: none
symbol engine: initialized successfully - sym options: 0x614 - pdb path: .;c:\Users\Administrator\.vscode\extensions\redhat.java-1.55.0-win32-x64\jre\21.0.11-win32-x86_64\bin;C:\WINDOWS\SYSTEM32;C:\WINDOWS\WinSxS\amd64_microsoft.windows.common-controls_6595b64144ccf1df_6.0.26100.8875_none_3e0d5d42e32fe9dd;c:\Users\Administrator\.vscode\extensions\redhat.java-1.55.0-win32-x64\jre\21.0.11-win32-x86_64\bin\server;C:\Users\Administrator\AppData\Roaming\Code\User\globalStorage\redhat.java\1.55.0\config_win\org.eclipse.equinox.launcher\org.eclipse.equinox.launcher.win32.win32.x86_64_1.3.100.v20260613-0559;C:\Users\Administrator\AppData\Local\Temp\jna-146731693

VM Arguments:
jvm_args: --add-modules=ALL-SYSTEM --add-opens=java.base/java.util=ALL-UNNAMED --add-opens=java.base/java.lang=ALL-UNNAMED --add-opens=java.base/sun.nio.fs=ALL-UNNAMED -Declipse.application=org.eclipse.jdt.ls.core.id1 -Dosgi.bundles.defaultStartLevel=4 -Declipse.product=org.eclipse.jdt.ls.core.product -Djava.import.generatesMetadataFilesAtProjectRoot=false -DDetectVMInstallationsJob.disabled=true -Dfile.encoding=utf8 -XX:+UseParallelGC -XX:GCTimeRatio=4 -XX:AdaptiveSizePolicyWeight=90 -Dsun.zip.disableMemoryMapping=true -Xmx2G -Xms100m -Xlog:disable -javaagent:c:\Users\Administrator\.vscode\extensions\redhat.java-1.55.0-win32-x64\lombok\lombok-1.18.39-4050.jar -XX:+HeapDumpOnOutOfMemoryError -XX:HeapDumpPath=c:\Users\Administrator\AppData\Roaming\Code\User\workspaceStorage\47d38d0315a5049dedd72c8bc73d439b\redhat.java -Daether.dependencyCollector.impl=bf 
java_command: c:\Users\Administrator\.vscode\extensions\redhat.java-1.55.0-win32-x64\server\plugins\org.eclipse.equinox.launcher_1.7.200.v20260619-2039.jar -configuration c:\Users\Administrator\AppData\Roaming\Code\User\globalStorage\redhat.java\1.55.0\config_win -data c:\Users\Administrator\AppData\Roaming\Code\User\workspaceStorage\47d38d0315a5049dedd72c8bc73d439b\redhat.java\jdt_ws --pipe=\\.\pipe\lsp-e9dd911bf79a7a06662080208a91346e-sock
java_class_path (initial): c:\Users\Administrator\.vscode\extensions\redhat.java-1.55.0-win32-x64\server\plugins\org.eclipse.equinox.launcher_1.7.200.v20260619-2039.jar
Launcher Type: SUN_STANDARD

[Global flags]
    uintx AdaptiveSizePolicyWeight                 = 90                                        {product} {command line}
     intx CICompilerCount                          = 4                                         {product} {ergonomic}
    uintx GCTimeRatio                              = 4                                         {product} {command line}
     bool HeapDumpOnOutOfMemoryError               = true                                   {manageable} {command line}
    ccstr HeapDumpPath                             = c:\Users\Administrator\AppData\Roaming\Code\User\workspaceStorage\47d38d0315a5049dedd72c8bc73d439b\redhat.java         {manageable} {command line}
   size_t InitialHeapSize                          = 104857600                                 {product} {command line}
   size_t MaxHeapSize                              = 2147483648                                {product} {command line}
   size_t MaxNewSize                               = 715653120                                 {product} {ergonomic}
   size_t MinHeapDeltaBytes                        = 524288                                    {product} {ergonomic}
   size_t MinHeapSize                              = 104857600                                 {product} {command line}
   size_t NewSize                                  = 34603008                                  {product} {ergonomic}
    uintx NonNMethodCodeHeapSize                   = 5839372                                {pd product} {ergonomic}
    uintx NonProfiledCodeHeapSize                  = 122909434                              {pd product} {ergonomic}
   size_t OldSize                                  = 70254592                                  {product} {ergonomic}
    uintx ProfiledCodeHeapSize                     = 122909434                              {pd product} {ergonomic}
    uintx ReservedCodeCacheSize                    = 251658240                              {pd product} {ergonomic}
     bool SegmentedCodeCache                       = true                                      {product} {ergonomic}
   size_t SoftMaxHeapSize                          = 2147483648                             {manageable} {ergonomic}
     bool UseCompressedOops                        = true                           {product lp64_product} {ergonomic}
     bool UseLargePagesIndividualAllocation        = false                                  {pd product} {ergonomic}
     bool UseParallelGC                            = true                                      {product} {command line}

Logging:
Log output configuration:
 #0: stdout all=off uptime,level,tags foldmultilines=false
 #1: stderr all=off uptime,level,tags foldmultilines=false

Release file:
JAVA_VERSION="21.0.11" 
MODULES="java.base java.compiler java.datatransfer java.xml java.prefs java.desktop java.instrument java.logging java.management java.security.sasl java.naming java.rmi java.management.rmi java.net.http java.scripting java.security.jgss java.transaction.xa java.sql java.sql.rowset java.xml.crypto java.se java.smartcardio jdk.accessibility jdk.internal.jvmstat jdk.attach jdk.charsets jdk.internal.opt jdk.zipfs jdk.compiler jdk.crypto.ec jdk.crypto.cryptoki jdk.crypto.mscapi jdk.dynalink jdk.internal.ed jdk.editpad jdk.hotspot.agent jdk.httpserver jdk.internal.le jdk.internal.vm.ci jdk.internal.vm.compiler jdk.internal.vm.compiler.management jdk.jartool jdk.javadoc jdk.jcmd jdk.management jdk.management.agent jdk.jconsole jdk.jdeps jdk.jdwp.agent jdk.jdi jdk.jfr jdk.jshell jdk.jsobject jdk.jstatd jdk.localedata jdk.management.jfr jdk.naming.dns jdk.naming.rmi jdk.net jdk.nio.mapmode jdk.random jdk.sctp jdk.security.auth jdk.security.jgss jdk.unsupported jdk.unsupported.desktop jdk.xml.dom" 

Environment Variables:
PATH=C:\Program Files\Common Files\Oracle\Java\javapath;C:\WINDOWS\system32;C:\WINDOWS;C:\WINDOWS\System32\Wbem;C:\WINDOWS\System32\WindowsPowerShell\v1.0\;C:\WINDOWS\System32\OpenSSH\;C:\Program Files\nodejs\;C:\Program Files\Git\cmd;C:\Users\Administrator\AppData\Local\Programs\Python\Python313\Scripts\;C:\Users\Administrator\AppData\Local\Programs\Python\Python313\;C:\Users\Administrator\AppData\Local\Programs\Python\Launcher\;C:\Users\Administrator\AppData\Local\Microsoft\WindowsApps;C:\Users\Administrator\AppData\Local\Programs\Microsoft VS Code\bin;C:\Users\Administrator\AppData\Local\GitHubDesktop\bin;C:\Users\Administrator\AppData\Roaming\npm;C:\Users\Administrator\AppData\Local\Programs\Antigravity\bin
USERNAME=Administrator
OS=Windows_NT
PROCESSOR_IDENTIFIER=AMD64 Family 25 Model 80 Stepping 0, AuthenticAMD
TMP=C:\Users\ADMINI~1\AppData\Local\Temp
TEMP=C:\Users\ADMINI~1\AppData\Local\Temp




Periodic native trim disabled

---------------  S Y S T E M  ---------------

OS:
 Windows 11 , 64 bit Build 26100 (10.0.26100.8875)
OS uptime: 0 days 3:16 hours
Hyper-V role detected

CPU: total 12 (initial active 12) (12 cores per cpu, 2 threads per core) family 25 model 80 stepping 0 microcode 0xa500014, cx8, cmov, fxsr, ht, mmx, 3dnowpref, sse, sse2, sse3, ssse3, sse4a, sse4.1, sse4.2, popcnt, lzcnt, tsc, tscinvbit, avx, avx2, aes, erms, clmul, bmi1, bmi2, adx, sha, fma, vzeroupper, clflush, clflushopt, hv, rdtscp, rdpid, fsrm, f16c, cet_ss
Processor Information for processor 0
  Max Mhz: 2301, Current Mhz: 2301, Mhz Limit: 2301
Processor Information for processor 1
  Max Mhz: 2301, Current Mhz: 2301, Mhz Limit: 2301
Processor Information for processor 2
  Max Mhz: 2301, Current Mhz: 1990, Mhz Limit: 2301
Processor Information for processor 3
  Max Mhz: 2301, Current Mhz: 2301, Mhz Limit: 2301
Processor Information for processor 4
  Max Mhz: 2301, Current Mhz: 1990, Mhz Limit: 2301
Processor Information for processor 5
  Max Mhz: 2301, Current Mhz: 2301, Mhz Limit: 2301
Processor Information for processor 6
  Max Mhz: 2301, Current Mhz: 1990, Mhz Limit: 2301
Processor Information for processor 7
  Max Mhz: 2301, Current Mhz: 1990, Mhz Limit: 2301
Processor Information for processor 8
  Max Mhz: 2301, Current Mhz: 1990, Mhz Limit: 2301
Processor Information for processor 9
  Max Mhz: 2301, Current Mhz: 1990, Mhz Limit: 2301
Processor Information for processor 10
  Max Mhz: 2301, Current Mhz: 2301, Mhz Limit: 2301
Processor Information for processor 11
  Max Mhz: 2301, Current Mhz: 1990, Mhz Limit: 2301

Memory: 4k page, system-wide physical 15681M (3156M free)
TotalPageFile size 46088M (AvailPageFile size 3M)
current process WorkingSet (physical memory assigned to process): 1303M, peak: 1303M
current process commit charge ("private bytes"): 1463M, peak: 1492M

vm_info: OpenJDK 64-Bit Server VM (21.0.11+10-LTS) for windows-amd64 JRE (21.0.11+10-LTS), built on 2026-04-21T00:00:00Z by "admin" with MS VC++ 17.12 (VS2022)

END.
