#
# There is insufficient memory for the Java Runtime Environment to continue.
# Native memory allocation (malloc) failed to allocate 1110752 bytes. Error detail: Chunk::new
# Possible reasons:
#   The system is out of physical RAM or swap space
#   This process is running with CompressedOops enabled, and the Java Heap may be blocking the growth of the native heap
# Possible solutions:
#   Reduce memory load on the system
#   Increase physical memory or swap space
#   Check if swap backing store is full
#   Decrease Java heap size (-Xmx/-Xms)
#   Decrease number of Java threads
#   Decrease Java thread stack sizes (-Xss)
#   Set larger code cache with -XX:ReservedCodeCacheSize=
#   JVM is running with Unscaled Compressed Oops mode in which the Java heap is
#     placed in the first 4GB address space. The Java Heap base address is the
#     maximum limit for the native heap growth. Please use -XX:HeapBaseMinAddress
#     to set the Java Heap base and to place the Java Heap above 4GB virtual address.
# This output file may be truncated or incomplete.
#
#  Out of Memory Error (arena.cpp:168), pid=26720, tid=10544
#
# JRE version: OpenJDK Runtime Environment Temurin-21.0.11+10 (21.0.11+10) (build 21.0.11+10-LTS)
# Java VM: OpenJDK 64-Bit Server VM Temurin-21.0.11+10 (21.0.11+10-LTS, mixed mode, sharing, tiered, compressed oops, compressed class ptrs, parallel gc, windows-amd64)
# No core dump will be written. Minidumps are not enabled by default on client versions of Windows
#

---------------  S U M M A R Y ------------

Command Line: --add-modules=ALL-SYSTEM --add-opens=java.base/java.util=ALL-UNNAMED --add-opens=java.base/java.lang=ALL-UNNAMED --add-opens=java.base/sun.nio.fs=ALL-UNNAMED -Declipse.application=org.eclipse.jdt.ls.core.id1 -Dosgi.bundles.defaultStartLevel=4 -Declipse.product=org.eclipse.jdt.ls.core.product -Djava.import.generatesMetadataFilesAtProjectRoot=false -DDetectVMInstallationsJob.disabled=true -Dfile.encoding=utf8 -XX:+UseParallelGC -XX:GCTimeRatio=4 -XX:AdaptiveSizePolicyWeight=90 -Dsun.zip.disableMemoryMapping=true -Xmx2G -Xms100m -Xlog:disable -javaagent:c:\Users\Administrator\.vscode\extensions\redhat.java-1.55.0-win32-x64\lombok\lombok-1.18.39-4050.jar -XX:+HeapDumpOnOutOfMemoryError -XX:HeapDumpPath=c:\Users\Administrator\AppData\Roaming\Code\User\workspaceStorage\47d38d0315a5049dedd72c8bc73d439b\redhat.java -Daether.dependencyCollector.impl=bf c:\Users\Administrator\.vscode\extensions\redhat.java-1.55.0-win32-x64\server\plugins\org.eclipse.equinox.launcher_1.7.200.v20260619-2039.jar -configuration c:\Users\Administrator\AppData\Roaming\Code\User\globalStorage\redhat.java\1.55.0\config_win -data c:\Users\Administrator\AppData\Roaming\Code\User\workspaceStorage\47d38d0315a5049dedd72c8bc73d439b\redhat.java\jdt_ws --pipe=\\.\pipe\lsp-b5ba847ff65b3fad756bc5ea012954ac-sock

Host: AMD Ryzen 5 PRO 5650U with Radeon Graphics     , 12 cores, 15G,  Windows 11 , 64 bit Build 26100 (10.0.26100.8875)
Time: Mon Aug  3 00:24:50 2026 E. Africa Standard Time elapsed time: 5.469693 seconds (0d 0h 0m 5s)

---------------  T H R E A D  ---------------

Current thread (0x0000016af8c48dc0):  JavaThread "C2 CompilerThread2" daemon [_thread_in_native, id=10544, stack(0x00000039c4d00000,0x00000039c4e00000) (1024K)]


Current CompileTask:
C2:5469 3043       4       java.lang.invoke.MethodType::makeImpl (109 bytes)

Stack: [0x00000039c4d00000,0x00000039c4e00000]
Native frames: (J=compiled Java code, j=interpreted, Vv=VM code, C=native code)
V  [jvm.dll+0x6d7e19]
V  [jvm.dll+0x8b5096]
V  [jvm.dll+0x8b764e]
V  [jvm.dll+0x8b7d33]
V  [jvm.dll+0x284596]
V  [jvm.dll+0xc685d]
V  [jvm.dll+0xc6da1]
V  [jvm.dll+0x3bed6b]
V  [jvm.dll+0x1e3f42]
V  [jvm.dll+0x24c853]
V  [jvm.dll+0x24bce0]
V  [jvm.dll+0x1cb4ae]
V  [jvm.dll+0x25baad]
V  [jvm.dll+0x25a03a]
V  [jvm.dll+0x3f868e]
V  [jvm.dll+0x85fb0d]
V  [jvm.dll+0x6d664d]
C  [ucrtbase.dll+0x2cd30]
C  [KERNEL32.DLL+0x2e957]
C  [ntdll.dll+0xaad6c]


---------------  P R O C E S S  ---------------

Threads class SMR info:
_java_thread_list=0x0000016af8f12b80, length=23, elements={
0x0000016ad89375f0, 0x0000016af36f44b0, 0x0000016af36f5170, 0x0000016af36f8620,
0x0000016af36fb330, 0x0000016af36f9950, 0x0000016af3700590, 0x0000016af3726240,
0x0000016af3730b90, 0x0000016af397c270, 0x0000016af3a67960, 0x0000016af8912fe0,
0x0000016af85a9b80, 0x0000016af8570550, 0x0000016af8578d20, 0x0000016af8994c40,
0x0000016af8bf6410, 0x0000016af8c49490, 0x0000016af8c48dc0, 0x0000016af8e0e4e0,
0x0000016af8d4c070, 0x0000016af8d4cd90, 0x0000016af8d4dab0
}

Java Threads: ( => current thread )
  0x0000016ad89375f0 JavaThread "main"                              [_thread_blocked, id=1052, stack(0x00000039c2f00000,0x00000039c3000000) (1024K)]
  0x0000016af36f44b0 JavaThread "Reference Handler"          daemon [_thread_blocked, id=13504, stack(0x00000039c3300000,0x00000039c3400000) (1024K)]
  0x0000016af36f5170 JavaThread "Finalizer"                  daemon [_thread_blocked, id=8728, stack(0x00000039c3400000,0x00000039c3500000) (1024K)]
  0x0000016af36f8620 JavaThread "Signal Dispatcher"          daemon [_thread_blocked, id=20484, stack(0x00000039c3500000,0x00000039c3600000) (1024K)]
  0x0000016af36fb330 JavaThread "Attach Listener"            daemon [_thread_blocked, id=6212, stack(0x00000039c3600000,0x00000039c3700000) (1024K)]
  0x0000016af36f9950 JavaThread "Service Thread"             daemon [_thread_blocked, id=12296, stack(0x00000039c3700000,0x00000039c3800000) (1024K)]
  0x0000016af3700590 JavaThread "Monitor Deflation Thread"   daemon [_thread_blocked, id=26444, stack(0x00000039c3800000,0x00000039c3900000) (1024K)]
  0x0000016af3726240 JavaThread "C2 CompilerThread0"         daemon [_thread_in_native, id=3452, stack(0x00000039c3900000,0x00000039c3a00000) (1024K)]
  0x0000016af3730b90 JavaThread "C1 CompilerThread0"         daemon [_thread_in_native, id=15736, stack(0x00000039c3a00000,0x00000039c3b00000) (1024K)]
  0x0000016af397c270 JavaThread "Common-Cleaner"             daemon [_thread_blocked, id=17156, stack(0x00000039c3c00000,0x00000039c3d00000) (1024K)]
  0x0000016af3a67960 JavaThread "Notification Thread"        daemon [_thread_blocked, id=15952, stack(0x00000039c3d00000,0x00000039c3e00000) (1024K)]
  0x0000016af8912fe0 JavaThread "Active Thread: Equinox Container: 7e70be68-23ce-48d0-ac44-982d6ee3bd38"        [_thread_blocked, id=8200, stack(0x00000039c4500000,0x00000039c4600000) (1024K)]
  0x0000016af85a9b80 JavaThread "Refresh Thread: Equinox Container: 7e70be68-23ce-48d0-ac44-982d6ee3bd38" daemon [_thread_blocked, id=17116, stack(0x00000039c4700000,0x00000039c4800000) (1024K)]
  0x0000016af8570550 JavaThread "Framework Event Dispatcher: Equinox Container: 7e70be68-23ce-48d0-ac44-982d6ee3bd38" daemon [_thread_blocked, id=18876, stack(0x00000039c4800000,0x00000039c4900000) (1024K)]
  0x0000016af8578d20 JavaThread "Start Level: Equinox Container: 7e70be68-23ce-48d0-ac44-982d6ee3bd38" daemon [_thread_in_Java, id=21852, stack(0x00000039c4900000,0x00000039c4a00000) (1024K)]
  0x0000016af8994c40 JavaThread "Bundle File Closer"         daemon [_thread_blocked, id=8764, stack(0x00000039c4c00000,0x00000039c4d00000) (1024K)]
  0x0000016af8bf6410 JavaThread "SCR Component Actor"        daemon [_thread_blocked, id=20764, stack(0x00000039c3b00000,0x00000039c3c00000) (1024K)]
  0x0000016af8c49490 JavaThread "C2 CompilerThread1"         daemon [_thread_blocked, id=14476, stack(0x00000039c3e00000,0x00000039c3f00000) (1024K)]
=>0x0000016af8c48dc0 JavaThread "C2 CompilerThread2"         daemon [_thread_in_native, id=10544, stack(0x00000039c4d00000,0x00000039c4e00000) (1024K)]
  0x0000016af8e0e4e0 JavaThread "Worker-JM"                         [_thread_blocked, id=10188, stack(0x00000039c4e00000,0x00000039c4f00000) (1024K)]
  0x0000016af8d4c070 JavaThread "JNA Cleaner"                daemon [_thread_blocked, id=22132, stack(0x00000039c4f00000,0x00000039c5000000) (1024K)]
  0x0000016af8d4cd90 JavaThread "Worker-0: Checking project encoding"        [_thread_blocked, id=704, stack(0x00000039c5000000,0x00000039c5100000) (1024K)]
  0x0000016af8d4dab0 JavaThread "Worker-1"                          [_thread_blocked, id=9164, stack(0x00000039c5100000,0x00000039c5200000) (1024K)]
Total: 23

Other Threads:
  0x0000016af17d3830 VMThread "VM Thread"                           [id=25636, stack(0x00000039c3200000,0x00000039c3300000) (1024K)]
  0x0000016af16cca00 WatcherThread "VM Periodic Task Thread"        [id=13528, stack(0x00000039c3100000,0x00000039c3200000) (1024K)]
  0x0000016adad59230 WorkerThread "GC Thread#0"                     [id=6904, stack(0x00000039c3000000,0x00000039c3100000) (1024K)]
  0x0000016af8700c60 WorkerThread "GC Thread#1"                     [id=11196, stack(0x00000039c3f00000,0x00000039c4000000) (1024K)]
  0x0000016af87013c0 WorkerThread "GC Thread#2"                     [id=22540, stack(0x00000039c4000000,0x00000039c4100000) (1024K)]
  0x0000016af8701010 WorkerThread "GC Thread#3"                     [id=1364, stack(0x00000039c4100000,0x00000039c4200000) (1024K)]
  0x0000016af86ff9f0 WorkerThread "GC Thread#4"                     [id=7100, stack(0x00000039c4200000,0x00000039c4300000) (1024K)]
  0x0000016af8700500 WorkerThread "GC Thread#5"                     [id=3032, stack(0x00000039c4300000,0x00000039c4400000) (1024K)]
  0x0000016af86ffda0 WorkerThread "GC Thread#6"                     [id=11384, stack(0x00000039c4400000,0x00000039c4500000) (1024K)]
  0x0000016af8aa8fc0 WorkerThread "GC Thread#7"                     [id=24656, stack(0x00000039c4600000,0x00000039c4700000) (1024K)]
  0x0000016af8aa8860 WorkerThread "GC Thread#8"                     [id=13784, stack(0x00000039c4a00000,0x00000039c4b00000) (1024K)]
  0x0000016af8aa9370 WorkerThread "GC Thread#9"                     [id=6792, stack(0x00000039c4b00000,0x00000039c4c00000) (1024K)]
Total: 12

Threads with active compile tasks:
C1 CompilerThread0  5494 3386       3       java.util.concurrent.ConcurrentLinkedQueue::poll (84 bytes)
C2 CompilerThread2  5494 3043       4       java.lang.invoke.MethodType::makeImpl (109 bytes)
Total: 2

VM state: not at safepoint (normal execution)

VM Mutex/Monitor currently owned by a thread: None

Heap address: 0x0000000080000000, size: 2048 MB, Compressed Oops mode: 32-bit

CDS archive(s) mapped at: [0x0000016a80000000-0x0000016a80ba0000-0x0000016a80ba0000), size 12189696, SharedBaseAddress: 0x0000016a80000000, ArchiveRelocationMode: 1.
Compressed class space mapped at: 0x0000016a81000000-0x0000016ac1000000, reserved size: 1073741824
Narrow klass base: 0x0000016a80000000, Narrow klass shift: 0, Narrow klass range: 0x100000000

GC Precious Log:
 CardTable entry size: 512
 CPUs: 12 total, 12 available
 Memory: 15681M
 Large Page Support: Disabled
 NUMA Support: Disabled
 Compressed Oops: Enabled (32-bit)
 Alignments: Space 512K, Generation 512K, Heap 2M
 Heap Min Capacity: 100M
 Heap Initial Capacity: 100M
 Heap Max Capacity: 2G
 Pre-touch: Disabled
 Parallel Workers: 10

Heap:
 PSYoungGen      total 29184K, used 28127K [0x00000000d5580000, 0x00000000d7900000, 0x0000000100000000)
  eden space 25088K, 95% used [0x00000000d5580000,0x00000000d6cfc8f0,0x00000000d6e00000)
  from space 4096K, 99% used [0x00000000d6e80000,0x00000000d727b698,0x00000000d7280000)
  to   space 5632K, 0% used [0x00000000d7380000,0x00000000d7380000,0x00000000d7900000)
 ParOldGen       total 68608K, used 7844K [0x0000000080000000, 0x0000000084300000, 0x00000000d5580000)
  object space 68608K, 11% used [0x0000000080000000,0x00000000807a9320,0x0000000084300000)
 Metaspace       used 18457K, committed 19136K, reserved 1114112K
  class space    used 1950K, committed 2240K, reserved 1048576K

Card table byte_map: [0x0000016ada6e0000,0x0000016adaaf0000] _byte_map_base: 0x0000016ada2e0000

Marking Bits: (ParMarkBitMap*) 0x00007ffc89094460
 Begin Bits: [0x0000016aed1f0000, 0x0000016aef1f0000)
 End Bits:   [0x0000016aef1f0000, 0x0000016af11f0000)

Polling page: 0x0000016ad8c10000

Metaspace:

Usage:
  Non-class:     16.12 MB used.
      Class:      1.90 MB used.
       Both:     18.02 MB used.

Virtual space:
  Non-class space:       64.00 MB reserved,      16.50 MB ( 26%) committed,  1 nodes.
      Class space:        1.00 GB reserved,       2.19 MB ( <1%) committed,  1 nodes.
             Both:        1.06 GB reserved,      18.69 MB (  2%) committed. 

Chunk freelists:
   Non-Class:  14.88 MB
       Class:  13.64 MB
        Both:  28.52 MB

MaxMetaspaceSize: unlimited
CompressedClassSpaceSize: 1.00 GB
Initial GC threshold: 21.00 MB
Current GC threshold: 21.00 MB
CDS: on
 - commit_granule_bytes: 65536.
 - commit_granule_words: 8192.
 - virtual_space_node_default_size: 8388608.
 - enlarge_chunks_in_place: 1.
 - use_allocation_guard: 0.


Internal statistics:

num_allocs_failed_limit: 0.
num_arena_births: 564.
num_arena_deaths: 0.
num_vsnodes_births: 2.
num_vsnodes_deaths: 0.
num_space_committed: 299.
num_space_uncommitted: 0.
num_chunks_returned_to_freelist: 0.
num_chunks_taken_from_freelist: 1276.
num_chunk_merges: 0.
num_chunk_splits: 809.
num_chunks_enlarged: 512.
num_inconsistent_stats: 0.

CodeHeap 'non-profiled nmethods': size=120000Kb used=1441Kb max_used=1441Kb free=118558Kb
 bounds [0x0000016ae5a10000, 0x0000016ae5c80000, 0x0000016aecf40000]
CodeHeap 'profiled nmethods': size=120000Kb used=6850Kb max_used=6850Kb free=113150Kb
 bounds [0x0000016addf40000, 0x0000016ade600000, 0x0000016ae5470000]
CodeHeap 'non-nmethods': size=5760Kb used=1277Kb max_used=1310Kb free=4482Kb
 bounds [0x0000016ae5470000, 0x0000016ae56e0000, 0x0000016ae5a10000]
CodeCache: size=245760Kb, used=9568Kb, max_used=9601Kb, free=236190Kb
 total_blobs=3933, nmethods=3379, adapters=460, full_count=0
Compilation: enabled, stopped_count=0, restarted_count=0

Compilation events (20 events):
Event: 4.428 Thread 0x0000016af3730b90 3312       3       org.objectweb.asm.MethodWriter::visitLineNumber (50 bytes)
Event: 4.428 Thread 0x0000016af3730b90 nmethod 3312 0x0000016ade5ad390 code [0x0000016ade5ad560, 0x0000016ade5ad948]
Event: 4.428 Thread 0x0000016af3730b90 3313       3       java.util.BitSet::<init> (26 bytes)
Event: 4.428 Thread 0x0000016af3730b90 nmethod 3313 0x0000016ade5adb10 code [0x0000016ade5adcc0, 0x0000016ade5adfa8]
Event: 4.428 Thread 0x0000016af3730b90 3306       3       org.objectweb.asm.SymbolTable$Entry::<init> (20 bytes)
Event: 4.428 Thread 0x0000016af3730b90 nmethod 3306 0x0000016ade5ae110 code [0x0000016ade5ae2c0, 0x0000016ade5ae418]
Event: 4.428 Thread 0x0000016af3730b90 3302       1       org.objectweb.asm.tree.InsnList::getLast (5 bytes)
Event: 4.428 Thread 0x0000016af3730b90 nmethod 3302 0x0000016ae5b70d10 code [0x0000016ae5b70ea0, 0x0000016ae5b70f68]
Event: 4.428 Thread 0x0000016af3730b90 3316       3       org.objectweb.asm.Type::getType (10 bytes)
Event: 4.429 Thread 0x0000016af3730b90 nmethod 3316 0x0000016ade5ae510 code [0x0000016ade5ae6e0, 0x0000016ade5ae910]
Event: 4.429 Thread 0x0000016af3730b90 3305       1       java.util.concurrent.CopyOnWriteArrayList::setArray (6 bytes)
Event: 4.429 Thread 0x0000016af3730b90 nmethod 3305 0x0000016ae5b71010 code [0x0000016ae5b711a0, 0x0000016ae5b71288]
Event: 4.429 Thread 0x0000016af3730b90 3315       1       org.objectweb.asm.SymbolTable::getClassName (5 bytes)
Event: 4.429 Thread 0x0000016af3730b90 nmethod 3315 0x0000016ae5b71310 code [0x0000016ae5b714a0, 0x0000016ae5b71568]
Event: 4.429 Thread 0x0000016af3730b90 3317       3       org.objectweb.asm.Frame::accept (264 bytes)
Event: 4.429 Thread 0x0000016af8c49490 nmethod 3314 0x0000016ae5b71610 code [0x0000016ae5b717c0, 0x0000016ae5b71920]
Event: 4.430 Thread 0x0000016af3730b90 nmethod 3317 0x0000016ade5aea90 code [0x0000016ade5aecc0, 0x0000016ade5af560]
Event: 4.430 Thread 0x0000016af3730b90 3319       3       org.objectweb.asm.ClassReader::readCode (5117 bytes)
Event: 4.431 Thread 0x0000016af3726240 3327       4       org.objectweb.asm.ClassReader::readUtf (44 bytes)
Event: 4.431 Thread 0x0000016af8c49490 3328       4       org.objectweb.asm.ClassReader::readUTF8 (23 bytes)

GC Heap History (10 events):
Event: 0.610 GC heap before
{Heap before GC invocations=1 (full 0):
 PSYoungGen      total 29696K, used 25600K [0x00000000d5580000, 0x00000000d7680000, 0x0000000100000000)
  eden space 25600K, 100% used [0x00000000d5580000,0x00000000d6e80000,0x00000000d6e80000)
  from space 4096K, 0% used [0x00000000d7280000,0x00000000d7280000,0x00000000d7680000)
  to   space 4096K, 0% used [0x00000000d6e80000,0x00000000d6e80000,0x00000000d7280000)
 ParOldGen       total 68608K, used 0K [0x0000000080000000, 0x0000000084300000, 0x00000000d5580000)
  object space 68608K, 0% used [0x0000000080000000,0x0000000080000000,0x0000000084300000)
 Metaspace       used 4336K, committed 4608K, reserved 1114112K
  class space    used 475K, committed 576K, reserved 1048576K
}
Event: 0.616 GC heap after
{Heap after GC invocations=1 (full 0):
 PSYoungGen      total 29696K, used 3287K [0x00000000d5580000, 0x00000000d7680000, 0x0000000100000000)
  eden space 25600K, 0% used [0x00000000d5580000,0x00000000d5580000,0x00000000d6e80000)
  from space 4096K, 80% used [0x00000000d6e80000,0x00000000d71b5e88,0x00000000d7280000)
  to   space 4096K, 0% used [0x00000000d7280000,0x00000000d7280000,0x00000000d7680000)
 ParOldGen       total 68608K, used 16K [0x0000000080000000, 0x0000000084300000, 0x00000000d5580000)
  object space 68608K, 0% used [0x0000000080000000,0x0000000080004000,0x0000000084300000)
 Metaspace       used 4336K, committed 4608K, reserved 1114112K
  class space    used 475K, committed 576K, reserved 1048576K
}
Event: 1.222 GC heap before
{Heap before GC invocations=2 (full 0):
 PSYoungGen      total 29696K, used 28887K [0x00000000d5580000, 0x00000000d7680000, 0x0000000100000000)
  eden space 25600K, 100% used [0x00000000d5580000,0x00000000d6e80000,0x00000000d6e80000)
  from space 4096K, 80% used [0x00000000d6e80000,0x00000000d71b5e88,0x00000000d7280000)
  to   space 4096K, 0% used [0x00000000d7280000,0x00000000d7280000,0x00000000d7680000)
 ParOldGen       total 68608K, used 16K [0x0000000080000000, 0x0000000084300000, 0x00000000d5580000)
  object space 68608K, 0% used [0x0000000080000000,0x0000000080004000,0x0000000084300000)
 Metaspace       used 7946K, committed 8192K, reserved 1114112K
  class space    used 833K, committed 960K, reserved 1048576K
}
Event: 1.227 GC heap after
{Heap after GC invocations=2 (full 0):
 PSYoungGen      total 29696K, used 4070K [0x00000000d5580000, 0x00000000d7680000, 0x0000000100000000)
  eden space 25600K, 0% used [0x00000000d5580000,0x00000000d5580000,0x00000000d6e80000)
  from space 4096K, 99% used [0x00000000d7280000,0x00000000d7679800,0x00000000d7680000)
  to   space 4096K, 0% used [0x00000000d6e80000,0x00000000d6e80000,0x00000000d7280000)
 ParOldGen       total 68608K, used 2016K [0x0000000080000000, 0x0000000084300000, 0x00000000d5580000)
  object space 68608K, 2% used [0x0000000080000000,0x00000000801f8320,0x0000000084300000)
 Metaspace       used 7946K, committed 8192K, reserved 1114112K
  class space    used 833K, committed 960K, reserved 1048576K
}
Event: 1.539 GC heap before
{Heap before GC invocations=3 (full 0):
 PSYoungGen      total 29696K, used 29659K [0x00000000d5580000, 0x00000000d7680000, 0x0000000100000000)
  eden space 25600K, 99% used [0x00000000d5580000,0x00000000d6e7d7b0,0x00000000d6e80000)
  from space 4096K, 99% used [0x00000000d7280000,0x00000000d7679800,0x00000000d7680000)
  to   space 4096K, 0% used [0x00000000d6e80000,0x00000000d6e80000,0x00000000d7280000)
 ParOldGen       total 68608K, used 2016K [0x0000000080000000, 0x0000000084300000, 0x00000000d5580000)
  object space 68608K, 2% used [0x0000000080000000,0x00000000801f8320,0x0000000084300000)
 Metaspace       used 9410K, committed 9728K, reserved 1114112K
  class space    used 1008K, committed 1152K, reserved 1048576K
}
Event: 1.543 GC heap after
{Heap after GC invocations=3 (full 0):
 PSYoungGen      total 29696K, used 4077K [0x00000000d5580000, 0x00000000d7680000, 0x0000000100000000)
  eden space 25600K, 0% used [0x00000000d5580000,0x00000000d5580000,0x00000000d6e80000)
  from space 4096K, 99% used [0x00000000d6e80000,0x00000000d727b5b8,0x00000000d7280000)
  to   space 4096K, 0% used [0x00000000d7280000,0x00000000d7280000,0x00000000d7680000)
 ParOldGen       total 68608K, used 4957K [0x0000000080000000, 0x0000000084300000, 0x00000000d5580000)
  object space 68608K, 7% used [0x0000000080000000,0x00000000804d7428,0x0000000084300000)
 Metaspace       used 9410K, committed 9728K, reserved 1114112K
  class space    used 1008K, committed 1152K, reserved 1048576K
}
Event: 3.729 GC heap before
{Heap before GC invocations=4 (full 0):
 PSYoungGen      total 29696K, used 29677K [0x00000000d5580000, 0x00000000d7680000, 0x0000000100000000)
  eden space 25600K, 100% used [0x00000000d5580000,0x00000000d6e80000,0x00000000d6e80000)
  from space 4096K, 99% used [0x00000000d6e80000,0x00000000d727b5b8,0x00000000d7280000)
  to   space 4096K, 0% used [0x00000000d7280000,0x00000000d7280000,0x00000000d7680000)
 ParOldGen       total 68608K, used 4957K [0x0000000080000000, 0x0000000084300000, 0x00000000d5580000)
  object space 68608K, 7% used [0x0000000080000000,0x00000000804d7428,0x0000000084300000)
 Metaspace       used 11561K, committed 11968K, reserved 1114112K
  class space    used 1227K, committed 1408K, reserved 1048576K
}
Event: 3.733 GC heap after
{Heap after GC invocations=4 (full 0):
 PSYoungGen      total 29696K, used 4074K [0x00000000d5580000, 0x00000000d7680000, 0x0000000100000000)
  eden space 25600K, 0% used [0x00000000d5580000,0x00000000d5580000,0x00000000d6e80000)
  from space 4096K, 99% used [0x00000000d7280000,0x00000000d767ab28,0x00000000d7680000)
  to   space 4096K, 0% used [0x00000000d6e80000,0x00000000d6e80000,0x00000000d7280000)
 ParOldGen       total 68608K, used 6762K [0x0000000080000000, 0x0000000084300000, 0x00000000d5580000)
  object space 68608K, 9% used [0x0000000080000000,0x000000008069abf8,0x0000000084300000)
 Metaspace       used 11561K, committed 11968K, reserved 1114112K
  class space    used 1227K, committed 1408K, reserved 1048576K
}
Event: 4.110 GC heap before
{Heap before GC invocations=5 (full 0):
 PSYoungGen      total 29696K, used 29674K [0x00000000d5580000, 0x00000000d7680000, 0x0000000100000000)
  eden space 25600K, 100% used [0x00000000d5580000,0x00000000d6e80000,0x00000000d6e80000)
  from space 4096K, 99% used [0x00000000d7280000,0x00000000d767ab28,0x00000000d7680000)
  to   space 4096K, 0% used [0x00000000d6e80000,0x00000000d6e80000,0x00000000d7280000)
 ParOldGen       total 68608K, used 6762K [0x0000000080000000, 0x0000000084300000, 0x00000000d5580000)
  object space 68608K, 9% used [0x0000000080000000,0x000000008069abf8,0x0000000084300000)
 Metaspace       used 15547K, committed 16128K, reserved 1114112K
  class space    used 1621K, committed 1920K, reserved 1048576K
}
Event: 4.114 GC heap after
{Heap after GC invocations=5 (full 0):
 PSYoungGen      total 29184K, used 4077K [0x00000000d5580000, 0x00000000d7900000, 0x0000000100000000)
  eden space 25088K, 0% used [0x00000000d5580000,0x00000000d5580000,0x00000000d6e00000)
  from space 4096K, 99% used [0x00000000d6e80000,0x00000000d727b698,0x00000000d7280000)
  to   space 5632K, 0% used [0x00000000d7380000,0x00000000d7380000,0x00000000d7900000)
 ParOldGen       total 68608K, used 7844K [0x0000000080000000, 0x0000000084300000, 0x00000000d5580000)
  object space 68608K, 11% used [0x0000000080000000,0x00000000807a9320,0x0000000084300000)
 Metaspace       used 15547K, committed 16128K, reserved 1114112K
  class space    used 1621K, committed 1920K, reserved 1048576K
}

Dll operation events (10 events):
Event: 0.011 Loaded shared library c:\Users\Administrator\.vscode\extensions\redhat.java-1.55.0-win32-x64\jre\21.0.11-win32-x86_64\bin\java.dll
Event: 0.075 Loaded shared library c:\Users\Administrator\.vscode\extensions\redhat.java-1.55.0-win32-x64\jre\21.0.11-win32-x86_64\bin\zip.dll
Event: 0.092 Loaded shared library C:\Users\Administrator\.vscode\extensions\redhat.java-1.55.0-win32-x64\jre\21.0.11-win32-x86_64\bin\instrument.dll
Event: 0.097 Loaded shared library C:\Users\Administrator\.vscode\extensions\redhat.java-1.55.0-win32-x64\jre\21.0.11-win32-x86_64\bin\net.dll
Event: 0.099 Loaded shared library C:\Users\Administrator\.vscode\extensions\redhat.java-1.55.0-win32-x64\jre\21.0.11-win32-x86_64\bin\nio.dll
Event: 0.102 Loaded shared library C:\Users\Administrator\.vscode\extensions\redhat.java-1.55.0-win32-x64\jre\21.0.11-win32-x86_64\bin\zip.dll
Event: 0.114 Loaded shared library C:\Users\Administrator\.vscode\extensions\redhat.java-1.55.0-win32-x64\jre\21.0.11-win32-x86_64\bin\jimage.dll
Event: 0.177 Loaded shared library c:\Users\Administrator\.vscode\extensions\redhat.java-1.55.0-win32-x64\jre\21.0.11-win32-x86_64\bin\verify.dll
Event: 1.261 Loaded shared library C:\Users\Administrator\AppData\Roaming\Code\User\globalStorage\redhat.java\1.55.0\config_win\org.eclipse.equinox.launcher\org.eclipse.equinox.launcher.win32.win32.x86_64_1.3.100.v20260613-0559\eclipse_11924.dll
Event: 4.247 Loaded shared library C:\Users\Administrator\AppData\Local\Temp\jna-146731693\jna5391101346003755164.dll

Deoptimization events (20 events):
Event: 4.274 Thread 0x0000016af8578d20 Uncommon trap: trap_request=0xffffffc6 fr.pc=0x0000016ae5abd468 relative=0x0000000000000ae8
Event: 4.274 Thread 0x0000016af8578d20 Uncommon trap: reason=bimorphic_or_optimized_type_check action=maybe_recompile pc=0x0000016ae5abd468 method=java.util.HashMap.putVal(ILjava/lang/Object;Ljava/lang/Object;ZZ)Ljava/lang/Object; @ 91 c2
Event: 4.274 Thread 0x0000016af8578d20 DEOPT PACKING pc=0x0000016ae5abd468 sp=0x00000039c49f8010
Event: 4.274 Thread 0x0000016af8578d20 DEOPT UNPACKING pc=0x0000016ae54c3aa2 sp=0x00000039c49f7f38 mode 2
Event: 4.415 Thread 0x0000016af8578d20 Uncommon trap: trap_request=0xffffffde fr.pc=0x0000016ae5b52df0 relative=0x0000000000000050
Event: 4.415 Thread 0x0000016af8578d20 Uncommon trap: reason=class_check action=maybe_recompile pc=0x0000016ae5b52df0 method=java.lang.invoke.DirectMethodHandle.internalMemberName(Ljava/lang/Object;)Ljava/lang/Object; @ 1 c2
Event: 4.415 Thread 0x0000016af8578d20 DEOPT PACKING pc=0x0000016ae5b52df0 sp=0x00000039c49f38b0
Event: 4.415 Thread 0x0000016af8578d20 DEOPT UNPACKING pc=0x0000016ae54c3aa2 sp=0x00000039c49f3840 mode 2
Event: 4.415 Thread 0x0000016af8578d20 Uncommon trap: trap_request=0xffffffde fr.pc=0x0000016ae5b52df0 relative=0x0000000000000050
Event: 4.415 Thread 0x0000016af8578d20 Uncommon trap: reason=class_check action=maybe_recompile pc=0x0000016ae5b52df0 method=java.lang.invoke.DirectMethodHandle.internalMemberName(Ljava/lang/Object;)Ljava/lang/Object; @ 1 c2
Event: 4.415 Thread 0x0000016af8578d20 DEOPT PACKING pc=0x0000016ae5b52df0 sp=0x00000039c49f3950
Event: 4.415 Thread 0x0000016af8578d20 DEOPT UNPACKING pc=0x0000016ae54c3aa2 sp=0x00000039c49f38e0 mode 2
Event: 4.415 Thread 0x0000016af8578d20 Uncommon trap: trap_request=0xffffffde fr.pc=0x0000016ae5b52df0 relative=0x0000000000000050
Event: 4.415 Thread 0x0000016af8578d20 Uncommon trap: reason=class_check action=maybe_recompile pc=0x0000016ae5b52df0 method=java.lang.invoke.DirectMethodHandle.internalMemberName(Ljava/lang/Object;)Ljava/lang/Object; @ 1 c2
Event: 4.415 Thread 0x0000016af8578d20 DEOPT PACKING pc=0x0000016ae5b52df0 sp=0x00000039c49f3950
Event: 4.415 Thread 0x0000016af8578d20 DEOPT UNPACKING pc=0x0000016ae54c3aa2 sp=0x00000039c49f38e0 mode 2
Event: 4.416 Thread 0x0000016af8578d20 Uncommon trap: trap_request=0xffffff45 fr.pc=0x0000016ae5b3ddb8 relative=0x00000000000000d8
Event: 4.416 Thread 0x0000016af8578d20 Uncommon trap: reason=unstable_if action=reinterpret pc=0x0000016ae5b3ddb8 method=java.util.WeakHashMap.expungeStaleEntries()V @ 9 c2
Event: 4.416 Thread 0x0000016af8578d20 DEOPT PACKING pc=0x0000016ae5b3ddb8 sp=0x00000039c49f3a20
Event: 4.416 Thread 0x0000016af8578d20 DEOPT UNPACKING pc=0x0000016ae54c3aa2 sp=0x00000039c49f3978 mode 2

Classes loaded (20 events):
Event: 4.287 Loading class java/util/function/LongUnaryOperator
Event: 4.287 Loading class java/util/function/LongUnaryOperator done
Event: 4.288 Loading class java/lang/ThreadDeath
Event: 4.288 Loading class java/lang/ThreadDeath done
Event: 4.293 Loading class java/util/stream/SortedOps$SizedRefSortingSink
Event: 4.294 Loading class java/util/stream/SortedOps$SizedRefSortingSink done
Event: 4.313 Loading class java/util/concurrent/atomic/Striped64$1
Event: 4.313 Loading class java/util/concurrent/atomic/Striped64$1 done
Event: 4.355 Loading class java/util/BitSet
Event: 4.355 Loading class java/util/BitSet done
Event: 4.359 Loading class sun/net/www/protocol/jrt/JavaRuntimeURLConnection
Event: 4.359 Loading class sun/net/www/protocol/jrt/JavaRuntimeURLConnection done
Event: 4.359 Loading class sun/net/www/protocol/jrt/JavaRuntimeURLConnection$1
Event: 4.360 Loading class sun/net/www/protocol/jrt/JavaRuntimeURLConnection$1 done
Event: 4.373 Loading class java/util/function/UnaryOperator
Event: 4.373 Loading class java/util/function/UnaryOperator done
Event: 4.375 Loading class java/util/ServiceConfigurationError
Event: 4.375 Loading class java/util/ServiceConfigurationError done
Event: 4.384 Loading class java/lang/InheritableThreadLocal
Event: 4.384 Loading class java/lang/InheritableThreadLocal done

Classes unloaded (0 events):
No events

Classes redefined (0 events):
No events

Internal exceptions (20 events):
Event: 4.153 Thread 0x0000016af8578d20 Exception <a 'java/lang/NoSuchMethodError'{0x00000000d592e488}: 'java.lang.Object java.lang.invoke.DirectMethodHandle$Holder.invokeStaticInit(java.lang.Object, int, int, int, int)'> (0x00000000d592e488) 
thrown [s\src\hotspot\share\interpreter\linkResolver.cpp, line 773]
Event: 4.178 Thread 0x0000016af8578d20 Exception <a 'java/lang/NoSuchMethodError'{0x00000000d5aa5ca8}: 'java.lang.Object java.lang.invoke.DirectMethodHandle$Holder.invokeStaticInit(java.lang.Object, java.lang.Object, int, int, int, int)'> (0x00000000d5aa5ca8) 
thrown [s\src\hotspot\share\interpreter\linkResolver.cpp, line 773]
Event: 4.261 Thread 0x0000016af8578d20 Exception <a 'java/lang/NoSuchMethodError'{0x00000000d5bcc988}: 'void java.lang.invoke.DirectMethodHandle$Holder.invokeSpecial(java.lang.Object, java.lang.Object, java.lang.Object, int)'> (0x00000000d5bcc988) 
thrown [s\src\hotspot\share\interpreter\linkResolver.cpp, line 773]
Event: 4.261 Thread 0x0000016af8578d20 Exception <a 'java/lang/NoSuchMethodError'{0x00000000d5bd0318}: 'void java.lang.invoke.DelegatingMethodHandle$Holder.reinvoke_L(java.lang.Object, java.lang.Object, int)'> (0x00000000d5bd0318) 
thrown [s\src\hotspot\share\interpreter\linkResolver.cpp, line 773]
Event: 4.262 Thread 0x0000016af8578d20 Exception <a 'java/lang/NoSuchMethodError'{0x00000000d5bd7000}: 'int java.lang.invoke.Invokers$Holder.invokeExact_MT(java.lang.Object, java.lang.Object, java.lang.Object)'> (0x00000000d5bd7000) 
thrown [s\src\hotspot\share\interpreter\linkResolver.cpp, line 773]
Event: 4.270 Thread 0x0000016af8578d20 Exception <a 'java/lang/NoSuchMethodError'{0x00000000d5cb4e20}: method resolution failed> (0x00000000d5cb4e20) 
thrown [s\src\hotspot\share\prims\methodHandles.cpp, line 1136]
Event: 4.275 Thread 0x0000016af8578d20 Exception <a 'java/lang/NoSuchMethodError'{0x00000000d5d0d598}: 'void java.lang.invoke.Invokers$Holder.invokeExact_MT(java.lang.Object, java.lang.Object, int, java.lang.Object)'> (0x00000000d5d0d598) 
thrown [s\src\hotspot\share\interpreter\linkResolver.cpp, line 773]
Event: 4.286 Thread 0x0000016af8578d20 Exception <a 'java/lang/NoSuchMethodError'{0x00000000d5e179e8}: 'java.lang.Object java.lang.invoke.DirectMethodHandle$Holder.invokeSpecial(java.lang.Object, java.lang.Object, java.lang.Object, long, java.lang.Object)'> (0x00000000d5e179e8) 
thrown [s\src\hotspot\share\interpreter\linkResolver.cpp, line 773]
Event: 4.287 Thread 0x0000016af8578d20 Exception <a 'java/lang/NoSuchMethodError'{0x00000000d5e1f230}: 'java.lang.Object java.lang.invoke.DirectMethodHandle$Holder.newInvokeSpecial(java.lang.Object, java.lang.Object, java.lang.Object, long)'> (0x00000000d5e1f230) 
thrown [s\src\hotspot\share\interpreter\linkResolver.cpp, line 773]
Event: 4.287 Thread 0x0000016af8578d20 Exception <a 'java/lang/NoSuchMethodError'{0x00000000d5e235e0}: 'java.lang.Object java.lang.invoke.DirectMethodHandle$Holder.invokeSpecial(java.lang.Object, java.lang.Object, java.lang.Object, java.lang.Object, long)'> (0x00000000d5e235e0) 
thrown [s\src\hotspot\share\interpreter\linkResolver.cpp, line 773]
Event: 4.287 Thread 0x0000016af8578d20 Exception <a 'java/lang/NoSuchMethodError'{0x00000000d5e27200}: 'java.lang.Object java.lang.invoke.Invokers$Holder.linkToTargetMethod(java.lang.Object, java.lang.Object, long, java.lang.Object)'> (0x00000000d5e27200) 
thrown [s\src\hotspot\share\interpreter\linkResolver.cpp, line 773]
Event: 4.292 Thread 0x0000016af8578d20 Exception <a 'java/lang/NoSuchMethodError'{0x00000000d5e884f8}: 'int java.lang.invoke.DirectMethodHandle$Holder.invokeStaticInit(java.lang.Object, java.lang.Object, java.lang.Object)'> (0x00000000d5e884f8) 
thrown [s\src\hotspot\share\interpreter\linkResolver.cpp, line 773]
Event: 4.301 Thread 0x0000016af8578d20 Exception <a 'java/lang/IncompatibleClassChangeError'{0x00000000d5f50068}: Found class java.lang.Object, but interface was expected> (0x00000000d5f50068) 
thrown [s\src\hotspot\share\interpreter\linkResolver.cpp, line 840]
Event: 4.303 Thread 0x0000016af8578d20 Exception <a 'java/lang/NoSuchMethodError'{0x00000000d5f5ffc0}: 'java.lang.Object java.lang.invoke.DirectMethodHandle$Holder.invokeSpecial(java.lang.Object, java.lang.Object, java.lang.Object, int, java.lang.Object, java.lang.Object)'> (0x00000000d5f5ffc0) 
thrown [s\src\hotspot\share\interpreter\linkResolver.cpp, line 773]
Event: 4.303 Thread 0x0000016af8578d20 Exception <a 'java/lang/NoSuchMethodError'{0x00000000d5f679d8}: 'java.lang.Object java.lang.invoke.DirectMethodHandle$Holder.newInvokeSpecial(java.lang.Object, java.lang.Object, java.lang.Object, int, java.lang.Object)'> (0x00000000d5f679d8) 
thrown [s\src\hotspot\share\interpreter\linkResolver.cpp, line 773]
Event: 4.303 Thread 0x0000016af8578d20 Exception <a 'java/lang/NoSuchMethodError'{0x00000000d5f6b958}: 'java.lang.Object java.lang.invoke.DirectMethodHandle$Holder.invokeSpecial(java.lang.Object, java.lang.Object, java.lang.Object, java.lang.Object, int, java.lang.Object)'> (0x00000000d5f6b958) 
thrown [s\src\hotspot\share\interpreter\linkResolver.cpp, line 773]
Event: 4.304 Thread 0x0000016af8578d20 Exception <a 'java/lang/NoSuchMethodError'{0x00000000d5f6f498}: 'java.lang.Object java.lang.invoke.Invokers$Holder.linkToTargetMethod(java.lang.Object, java.lang.Object, int, java.lang.Object, java.lang.Object)'> (0x00000000d5f6f498) 
thrown [s\src\hotspot\share\interpreter\linkResolver.cpp, line 773]
Event: 4.304 Thread 0x0000016af8d4cd90 Exception <a 'java/lang/NoSuchMethodError'{0x00000000d5e93248}: 'java.lang.Object java.lang.invoke.DirectMethodHandle$Holder.invokeSpecial(java.lang.Object, java.lang.Object, int, java.lang.Object, java.lang.Object)'> (0x00000000d5e93248) 
thrown [s\src\hotspot\share\interpreter\linkResolver.cpp, line 773]
Event: 4.316 Thread 0x0000016af8578d20 Exception <a 'java/lang/NoSuchMethodError'{0x00000000d6078fe0}: 'void java.lang.invoke.DirectMethodHandle$Holder.invokeSpecial(java.lang.Object, java.lang.Object, java.lang.Object, java.lang.Object, java.lang.Object)'> (0x00000000d6078fe0) 
thrown [s\src\hotspot\share\interpreter\linkResolver.cpp, line 773]
Event: 4.414 Thread 0x0000016af8578d20 Exception <a 'java/lang/NoSuchMethodError'{0x00000000d6830b10}: 'java.lang.Object java.lang.invoke.DirectMethodHandle$Holder.invokeInterface(java.lang.Object, java.lang.Object, java.lang.Object)'> (0x00000000d6830b10) 
thrown [s\src\hotspot\share\interpreter\linkResolver.cpp, line 773]

ZGC Phase Switch (0 events):
No events

VM Operations (20 events):
Event: 3.729 Executing safepoint VM operation: ParallelGCFailedAllocation (Allocation Failure)
Event: 3.733 Executing safepoint VM operation: ParallelGCFailedAllocation (Allocation Failure) done
Event: 4.019 Executing safepoint VM operation: ICBufferFull
Event: 4.019 Executing safepoint VM operation: ICBufferFull done
Event: 4.078 Executing non-safepoint VM operation: HandshakeAllThreads (Deoptimize)
Event: 4.078 Executing non-safepoint VM operation: HandshakeAllThreads (Deoptimize) done
Event: 4.110 Executing safepoint VM operation: ParallelGCFailedAllocation (Allocation Failure)
Event: 4.114 Executing safepoint VM operation: ParallelGCFailedAllocation (Allocation Failure) done
Event: 4.170 Executing non-safepoint VM operation: HandshakeAllThreads (Deoptimize)
Event: 4.170 Executing non-safepoint VM operation: HandshakeAllThreads (Deoptimize) done
Event: 4.254 Executing non-safepoint VM operation: HandshakeAllThreads (Deoptimize)
Event: 4.254 Executing non-safepoint VM operation: HandshakeAllThreads (Deoptimize) done
Event: 4.360 Executing non-safepoint VM operation: HandshakeAllThreads (Deoptimize)
Event: 4.360 Executing non-safepoint VM operation: HandshakeAllThreads (Deoptimize) done
Event: 4.388 Executing non-safepoint VM operation: HandshakeAllThreads (Deoptimize)
Event: 4.388 Executing non-safepoint VM operation: HandshakeAllThreads (Deoptimize) done
Event: 4.392 Executing non-safepoint VM operation: HandshakeAllThreads (Deoptimize)
Event: 4.392 Executing non-safepoint VM operation: HandshakeAllThreads (Deoptimize) done
Event: 5.404 Executing safepoint VM operation: Cleanup
Event: 5.404 Executing safepoint VM operation: Cleanup done

Memory protections (0 events):
No events

Nmethod flushes (0 events):
No events

Events (20 events):
Event: 0.051 Thread 0x0000016ad89375f0 Thread added: 0x0000016af3726240
Event: 0.051 Thread 0x0000016ad89375f0 Thread added: 0x0000016af3730b90
Event: 0.081 Thread 0x0000016af3730b90 Thread added: 0x0000016af38fa8e0
Event: 0.093 Thread 0x0000016ad89375f0 Thread added: 0x0000016af397c270
Event: 0.267 Thread 0x0000016ad89375f0 Thread added: 0x0000016af3a67960
Event: 0.393 Thread 0x0000016af3730b90 Thread added: 0x0000016af38fbd50
Event: 0.979 Thread 0x0000016ad89375f0 Thread added: 0x0000016af8912fe0
Event: 1.257 Thread 0x0000016ad89375f0 Thread added: 0x0000016af85a9b80
Event: 1.288 Thread 0x0000016af85a9b80 Thread added: 0x0000016af8570550
Event: 1.291 Thread 0x0000016ad89375f0 Thread added: 0x0000016af8578d20
Event: 1.585 Thread 0x0000016af8578d20 Thread added: 0x0000016af8994c40
Event: 1.855 Thread 0x0000016af38fbd50 Thread exited: 0x0000016af38fbd50
Event: 1.856 Thread 0x0000016af38fa8e0 Thread exited: 0x0000016af38fa8e0
Event: 3.650 Thread 0x0000016af8578d20 Thread added: 0x0000016af8bf6410
Event: 3.772 Thread 0x0000016af3726240 Thread added: 0x0000016af8c49490
Event: 3.772 Thread 0x0000016af3726240 Thread added: 0x0000016af8c48dc0
Event: 3.955 Thread 0x0000016af8578d20 Thread added: 0x0000016af8e0e4e0
Event: 4.266 Thread 0x0000016af8578d20 Thread added: 0x0000016af8d4c070
Event: 4.289 Thread 0x0000016af8578d20 Thread added: 0x0000016af8d4cd90
Event: 4.305 Thread 0x0000016af8578d20 Thread added: 0x0000016af8d4dab0


Dynamic libraries:
0x00007ff7102e0000 - 0x00007ff7102ee000 	c:\Users\Administrator\.vscode\extensions\redhat.java-1.55.0-win32-x64\jre\21.0.11-win32-x86_64\bin\java.exe
0x00007ffd25b00000 - 0x00007ffd25d66000 	C:\WINDOWS\SYSTEM32\ntdll.dll
0x00007ffd24d70000 - 0x00007ffd24e39000 	C:\WINDOWS\System32\KERNEL32.DLL
0x00007ffd22ed0000 - 0x00007ffd232ce000 	C:\WINDOWS\System32\KERNELBASE.dll
0x00007ffd23390000 - 0x00007ffd234dc000 	C:\WINDOWS\System32\ucrtbase.dll
0x00007ffd1f410000 - 0x00007ffd1f428000 	c:\Users\Administrator\.vscode\extensions\redhat.java-1.55.0-win32-x64\jre\21.0.11-win32-x86_64\bin\jli.dll
0x00007ffd1f3f0000 - 0x00007ffd1f40e000 	c:\Users\Administrator\.vscode\extensions\redhat.java-1.55.0-win32-x64\jre\21.0.11-win32-x86_64\bin\VCRUNTIME140.dll
0x00007ffd25350000 - 0x00007ffd25517000 	C:\WINDOWS\System32\USER32.dll
0x00007ffd09bb0000 - 0x00007ffd09e42000 	C:\WINDOWS\WinSxS\amd64_microsoft.windows.common-controls_6595b64144ccf1df_6.0.26100.8875_none_3e0d5d42e32fe9dd\COMCTL32.dll
0x00007ffd22ea0000 - 0x00007ffd22ec7000 	C:\WINDOWS\System32\win32u.dll
0x00007ffd24e70000 - 0x00007ffd24f19000 	C:\WINDOWS\System32\msvcrt.dll
0x00007ffd25260000 - 0x00007ffd2528b000 	C:\WINDOWS\System32\GDI32.dll
0x00007ffd23700000 - 0x00007ffd2382a000 	C:\WINDOWS\System32\gdi32full.dll
0x00007ffd232e0000 - 0x00007ffd23383000 	C:\WINDOWS\System32\msvcp_win.dll
0x00007ffd24400000 - 0x00007ffd24432000 	C:\WINDOWS\System32\IMM32.DLL
0x00007ffd1f3e0000 - 0x00007ffd1f3ec000 	c:\Users\Administrator\.vscode\extensions\redhat.java-1.55.0-win32-x64\jre\21.0.11-win32-x86_64\bin\vcruntime140_1.dll
0x00007ffceea50000 - 0x00007ffceeadd000 	c:\Users\Administrator\.vscode\extensions\redhat.java-1.55.0-win32-x64\jre\21.0.11-win32-x86_64\bin\msvcp140.dll
0x00007ffc883d0000 - 0x00007ffc89172000 	c:\Users\Administrator\.vscode\extensions\redhat.java-1.55.0-win32-x64\jre\21.0.11-win32-x86_64\bin\server\jvm.dll
0x00007ffd25540000 - 0x00007ffd255f7000 	C:\WINDOWS\System32\ADVAPI32.dll
0x00007ffd25290000 - 0x00007ffd2533a000 	C:\WINDOWS\System32\sechost.dll
0x00007ffd24fd0000 - 0x00007ffd250e8000 	C:\WINDOWS\System32\RPCRT4.dll
0x00007ffd250f0000 - 0x00007ffd25170000 	C:\WINDOWS\System32\WS2_32.dll
0x00007ffd22ba0000 - 0x00007ffd22bfe000 	C:\WINDOWS\SYSTEM32\POWRPROF.dll
0x00007ffd1b360000 - 0x00007ffd1b36b000 	C:\WINDOWS\SYSTEM32\VERSION.dll
0x00007ffd1b320000 - 0x00007ffd1b356000 	C:\WINDOWS\SYSTEM32\WINMM.dll
0x00007ffd22b80000 - 0x00007ffd22b94000 	C:\WINDOWS\SYSTEM32\UMPDC.dll
0x00007ffd219c0000 - 0x00007ffd219db000 	C:\WINDOWS\SYSTEM32\kernel.appcore.dll
0x00007ffd1f390000 - 0x00007ffd1f39a000 	c:\Users\Administrator\.vscode\extensions\redhat.java-1.55.0-win32-x64\jre\21.0.11-win32-x86_64\bin\jimage.dll
0x00007ffd202b0000 - 0x00007ffd204f2000 	C:\WINDOWS\SYSTEM32\DBGHELP.DLL
0x00007ffd25730000 - 0x00007ffd25ab3000 	C:\WINDOWS\System32\combase.dll
0x00007ffd25180000 - 0x00007ffd25259000 	C:\WINDOWS\System32\OLEAUT32.dll
0x00007ffd001d0000 - 0x00007ffd0020b000 	C:\WINDOWS\SYSTEM32\dbgcore.DLL
0x00007ffd23640000 - 0x00007ffd236ec000 	C:\WINDOWS\System32\bcryptPrimitives.dll
0x00007ffd1f3c0000 - 0x00007ffd1f3cf000 	c:\Users\Administrator\.vscode\extensions\redhat.java-1.55.0-win32-x64\jre\21.0.11-win32-x86_64\bin\instrument.dll
0x00007ffd1f100000 - 0x00007ffd1f120000 	c:\Users\Administrator\.vscode\extensions\redhat.java-1.55.0-win32-x64\jre\21.0.11-win32-x86_64\bin\java.dll
0x00007ffd24550000 - 0x00007ffd24ce2000 	C:\WINDOWS\System32\SHELL32.dll
0x00007ffd20780000 - 0x00007ffd21012000 	C:\WINDOWS\SYSTEM32\windows.storage.dll
0x00007ffd24450000 - 0x00007ffd24547000 	C:\WINDOWS\System32\SHCORE.dll
0x00007ffd25600000 - 0x00007ffd25667000 	C:\WINDOWS\System32\shlwapi.dll
0x00007ffd22c40000 - 0x00007ffd22c69000 	C:\WINDOWS\SYSTEM32\profapi.dll
0x00007ffd1f190000 - 0x00007ffd1f1a8000 	c:\Users\Administrator\.vscode\extensions\redhat.java-1.55.0-win32-x64\jre\21.0.11-win32-x86_64\bin\zip.dll
0x00007ffd1f380000 - 0x00007ffd1f390000 	C:\Users\Administrator\.vscode\extensions\redhat.java-1.55.0-win32-x64\jre\21.0.11-win32-x86_64\bin\net.dll
0x00007ffd1b370000 - 0x00007ffd1b497000 	C:\WINDOWS\SYSTEM32\WINHTTP.dll
0x00007ffd21f50000 - 0x00007ffd21fbc000 	C:\WINDOWS\system32\mswsock.dll
0x00007ffd1f170000 - 0x00007ffd1f186000 	C:\Users\Administrator\.vscode\extensions\redhat.java-1.55.0-win32-x64\jre\21.0.11-win32-x86_64\bin\nio.dll
0x00007ffd1f160000 - 0x00007ffd1f170000 	c:\Users\Administrator\.vscode\extensions\redhat.java-1.55.0-win32-x64\jre\21.0.11-win32-x86_64\bin\verify.dll
0x00007ffd1ee80000 - 0x00007ffd1eec5000 	C:\Users\Administrator\AppData\Roaming\Code\User\globalStorage\redhat.java\1.55.0\config_win\org.eclipse.equinox.launcher\org.eclipse.equinox.launcher.win32.win32.x86_64_1.3.100.v20260613-0559\eclipse_11924.dll
0x00007ffd23830000 - 0x00007ffd239c9000 	C:\WINDOWS\System32\ole32.dll
0x00007ffd22380000 - 0x00007ffd2239b000 	C:\WINDOWS\SYSTEM32\CRYPTSP.dll
0x00007ffd21920000 - 0x00007ffd21959000 	C:\WINDOWS\system32\rsaenh.dll
0x00007ffd22010000 - 0x00007ffd22042000 	C:\WINDOWS\SYSTEM32\USERENV.dll
0x00007ffd22c10000 - 0x00007ffd22c3a000 	C:\WINDOWS\SYSTEM32\bcrypt.dll
0x00007ffd22350000 - 0x00007ffd2235c000 	C:\WINDOWS\SYSTEM32\CRYPTBASE.dll
0x00007ffd21370000 - 0x00007ffd213a3000 	C:\WINDOWS\SYSTEM32\IPHLPAPI.DLL
0x00007ffd24e60000 - 0x00007ffd24e6a000 	C:\WINDOWS\System32\NSI.dll
0x00007ffd13580000 - 0x00007ffd135c9000 	C:\Users\Administrator\AppData\Local\Temp\jna-146731693\jna5391101346003755164.dll
0x00007ffd25340000 - 0x00007ffd25348000 	C:\WINDOWS\System32\PSAPI.DLL

JVMTI agents:
c:\Users\Administrator\.vscode\extensions\redhat.java-1.55.0-win32-x64\lombok\lombok-1.18.39-4050.jar path:c:\Users\Administrator\.vscode\extensions\redhat.java-1.55.0-win32-x64\jre\21.0.11-win32-x86_64\bin\instrument.dll, loaded, initialized, instrumentlib options:none

dbghelp: loaded successfully - version: 4.0.5 - missing functions: none
symbol engine: initialized successfully - sym options: 0x614 - pdb path: .;c:\Users\Administrator\.vscode\extensions\redhat.java-1.55.0-win32-x64\jre\21.0.11-win32-x86_64\bin;C:\WINDOWS\SYSTEM32;C:\WINDOWS\WinSxS\amd64_microsoft.windows.common-controls_6595b64144ccf1df_6.0.26100.8875_none_3e0d5d42e32fe9dd;c:\Users\Administrator\.vscode\extensions\redhat.java-1.55.0-win32-x64\jre\21.0.11-win32-x86_64\bin\server;C:\Users\Administrator\AppData\Roaming\Code\User\globalStorage\redhat.java\1.55.0\config_win\org.eclipse.equinox.launcher\org.eclipse.equinox.launcher.win32.win32.x86_64_1.3.100.v20260613-0559;C:\Users\Administrator\AppData\Local\Temp\jna-146731693

VM Arguments:
jvm_args: --add-modules=ALL-SYSTEM --add-opens=java.base/java.util=ALL-UNNAMED --add-opens=java.base/java.lang=ALL-UNNAMED --add-opens=java.base/sun.nio.fs=ALL-UNNAMED -Declipse.application=org.eclipse.jdt.ls.core.id1 -Dosgi.bundles.defaultStartLevel=4 -Declipse.product=org.eclipse.jdt.ls.core.product -Djava.import.generatesMetadataFilesAtProjectRoot=false -DDetectVMInstallationsJob.disabled=true -Dfile.encoding=utf8 -XX:+UseParallelGC -XX:GCTimeRatio=4 -XX:AdaptiveSizePolicyWeight=90 -Dsun.zip.disableMemoryMapping=true -Xmx2G -Xms100m -Xlog:disable -javaagent:c:\Users\Administrator\.vscode\extensions\redhat.java-1.55.0-win32-x64\lombok\lombok-1.18.39-4050.jar -XX:+HeapDumpOnOutOfMemoryError -XX:HeapDumpPath=c:\Users\Administrator\AppData\Roaming\Code\User\workspaceStorage\47d38d0315a5049dedd72c8bc73d439b\redhat.java -Daether.dependencyCollector.impl=bf 
java_command: c:\Users\Administrator\.vscode\extensions\redhat.java-1.55.0-win32-x64\server\plugins\org.eclipse.equinox.launcher_1.7.200.v20260619-2039.jar -configuration c:\Users\Administrator\AppData\Roaming\Code\User\globalStorage\redhat.java\1.55.0\config_win -data c:\Users\Administrator\AppData\Roaming\Code\User\workspaceStorage\47d38d0315a5049dedd72c8bc73d439b\redhat.java\jdt_ws --pipe=\\.\pipe\lsp-b5ba847ff65b3fad756bc5ea012954ac-sock
java_class_path (initial): c:\Users\Administrator\.vscode\extensions\redhat.java-1.55.0-win32-x64\server\plugins\org.eclipse.equinox.launcher_1.7.200.v20260619-2039.jar
Launcher Type: SUN_STANDARD

[Global flags]
    uintx AdaptiveSizePolicyWeight                 = 90                                        {product} {command line}
     intx CICompilerCount                          = 4                                         {product} {ergonomic}
    uintx GCTimeRatio                              = 4                                         {product} {command line}
     bool HeapDumpOnOutOfMemoryError               = true                                   {manageable} {command line}
    ccstr HeapDumpPath                             = c:\Users\Administrator\AppData\Roaming\Code\User\workspaceStorage\47d38d0315a5049dedd72c8bc73d439b\redhat.java         {manageable} {command line}
   size_t InitialHeapSize                          = 104857600                                 {product} {command line}
   size_t MaxHeapSize                              = 2147483648                                {product} {command line}
   size_t MaxNewSize                               = 715653120                                 {product} {ergonomic}
   size_t MinHeapDeltaBytes                        = 524288                                    {product} {ergonomic}
   size_t MinHeapSize                              = 104857600                                 {product} {command line}
   size_t NewSize                                  = 34603008                                  {product} {ergonomic}
    uintx NonNMethodCodeHeapSize                   = 5839372                                {pd product} {ergonomic}
    uintx NonProfiledCodeHeapSize                  = 122909434                              {pd product} {ergonomic}
   size_t OldSize                                  = 70254592                                  {product} {ergonomic}
    uintx ProfiledCodeHeapSize                     = 122909434                              {pd product} {ergonomic}
    uintx ReservedCodeCacheSize                    = 251658240                              {pd product} {ergonomic}
     bool SegmentedCodeCache                       = true                                      {product} {ergonomic}
   size_t SoftMaxHeapSize                          = 2147483648                             {manageable} {ergonomic}
     bool UseCompressedOops                        = true                           {product lp64_product} {ergonomic}
     bool UseLargePagesIndividualAllocation        = false                                  {pd product} {ergonomic}
     bool UseParallelGC                            = true                                      {product} {command line}

Logging:
Log output configuration:
 #0: stdout all=off uptime,level,tags foldmultilines=false
 #1: stderr all=off uptime,level,tags foldmultilines=false

Release file:
JAVA_VERSION="21.0.11" 
MODULES="java.base java.compiler java.datatransfer java.xml java.prefs java.desktop java.instrument java.logging java.management java.security.sasl java.naming java.rmi java.management.rmi java.net.http java.scripting java.security.jgss java.transaction.xa java.sql java.sql.rowset java.xml.crypto java.se java.smartcardio jdk.accessibility jdk.internal.jvmstat jdk.attach jdk.charsets jdk.internal.opt jdk.zipfs jdk.compiler jdk.crypto.ec jdk.crypto.cryptoki jdk.crypto.mscapi jdk.dynalink jdk.internal.ed jdk.editpad jdk.hotspot.agent jdk.httpserver jdk.internal.le jdk.internal.vm.ci jdk.internal.vm.compiler jdk.internal.vm.compiler.management jdk.jartool jdk.javadoc jdk.jcmd jdk.management jdk.management.agent jdk.jconsole jdk.jdeps jdk.jdwp.agent jdk.jdi jdk.jfr jdk.jshell jdk.jsobject jdk.jstatd jdk.localedata jdk.management.jfr jdk.naming.dns jdk.naming.rmi jdk.net jdk.nio.mapmode jdk.random jdk.sctp jdk.security.auth jdk.security.jgss jdk.unsupported jdk.unsupported.desktop jdk.xml.dom" 

Environment Variables:
PATH=C:\Program Files\Common Files\Oracle\Java\javapath;C:\WINDOWS\system32;C:\WINDOWS;C:\WINDOWS\System32\Wbem;C:\WINDOWS\System32\WindowsPowerShell\v1.0\;C:\WINDOWS\System32\OpenSSH\;C:\Program Files\nodejs\;C:\Program Files\Git\cmd;C:\Users\Administrator\AppData\Local\Programs\Python\Python313\Scripts\;C:\Users\Administrator\AppData\Local\Programs\Python\Python313\;C:\Users\Administrator\AppData\Local\Programs\Python\Launcher\;C:\Users\Administrator\AppData\Local\Microsoft\WindowsApps;C:\Users\Administrator\AppData\Local\Programs\Microsoft VS Code\bin;C:\Users\Administrator\AppData\Local\GitHubDesktop\bin;C:\Users\Administrator\AppData\Roaming\npm;C:\Users\Administrator\AppData\Local\Programs\Antigravity\bin
USERNAME=Administrator
OS=Windows_NT
PROCESSOR_IDENTIFIER=AMD64 Family 25 Model 80 Stepping 0, AuthenticAMD
TMP=C:\Users\ADMINI~1\AppData\Local\Temp
TEMP=C:\Users\ADMINI~1\AppData\Local\Temp




Periodic native trim disabled

---------------  S Y S T E M  ---------------

OS:
 Windows 11 , 64 bit Build 26100 (10.0.26100.8875)
OS uptime: 0 days 10:08 hours
Hyper-V role detected

CPU: total 12 (initial active 12) (12 cores per cpu, 2 threads per core) family 25 model 80 stepping 0 microcode 0xa500014, cx8, cmov, fxsr, ht, mmx, 3dnowpref, sse, sse2, sse3, ssse3, sse4a, sse4.1, sse4.2, popcnt, lzcnt, tsc, tscinvbit, avx, avx2, aes, erms, clmul, bmi1, bmi2, adx, sha, fma, vzeroupper, clflush, clflushopt, hv, rdtscp, rdpid, fsrm, f16c, cet_ss
Processor Information for processor 0
  Max Mhz: 2301, Current Mhz: 2301, Mhz Limit: 2301
Processor Information for processor 1
  Max Mhz: 2301, Current Mhz: 2301, Mhz Limit: 2301
Processor Information for processor 2
  Max Mhz: 2301, Current Mhz: 2301, Mhz Limit: 2301
Processor Information for processor 3
  Max Mhz: 2301, Current Mhz: 1990, Mhz Limit: 2301
Processor Information for processor 4
  Max Mhz: 2301, Current Mhz: 1990, Mhz Limit: 2301
Processor Information for processor 5
  Max Mhz: 2301, Current Mhz: 1990, Mhz Limit: 2301
Processor Information for processor 6
  Max Mhz: 2301, Current Mhz: 1990, Mhz Limit: 2301
Processor Information for processor 7
  Max Mhz: 2301, Current Mhz: 1990, Mhz Limit: 2301
Processor Information for processor 8
  Max Mhz: 2301, Current Mhz: 1990, Mhz Limit: 2301
Processor Information for processor 9
  Max Mhz: 2301, Current Mhz: 1990, Mhz Limit: 2301
Processor Information for processor 10
  Max Mhz: 2301, Current Mhz: 1990, Mhz Limit: 2301
Processor Information for processor 11
  Max Mhz: 2301, Current Mhz: 1990, Mhz Limit: 2301

Memory: 4k page, system-wide physical 15681M (6208M free)
TotalPageFile size 46088M (AvailPageFile size 13M)
current process WorkingSet (physical memory assigned to process): 144M, peak: 147M
current process commit charge ("private bytes"): 288M, peak: 292M

vm_info: OpenJDK 64-Bit Server VM (21.0.11+10-LTS) for windows-amd64 JRE (21.0.11+10-LTS), built on 2026-04-21T00:00:00Z by "admin" with MS VC++ 17.12 (VS2022)

END.
