#
# There is insufficient memory for the Java Runtime Environment to continue.
# Native memory allocation (malloc) failed to allocate 1048576 bytes. Error detail: AllocateHeap
# Possible reasons:
#   The system is out of physical RAM or swap space
#   This process is running with CompressedOops enabled, and the Java Heap may be blocking the growth of the native heap
# Possible solutions:
#   Reduce memory load on the system
#   Increase physical memory or swap space
#   Check if swap backing store is full
#   Decrease Java heap size (-Xmx/-Xms)
#   Decrease number of Java threads
#   Decrease Java thread stack sizes (-Xss)
#   Set larger code cache with -XX:ReservedCodeCacheSize=
#   JVM is running with Unscaled Compressed Oops mode in which the Java heap is
#     placed in the first 4GB address space. The Java Heap base address is the
#     maximum limit for the native heap growth. Please use -XX:HeapBaseMinAddress
#     to set the Java Heap base and to place the Java Heap above 4GB virtual address.
# This output file may be truncated or incomplete.
#
#  Out of Memory Error (allocation.cpp:44), pid=7620, tid=6164
#
# JRE version: OpenJDK Runtime Environment Temurin-21.0.11+10 (21.0.11+10) (build 21.0.11+10-LTS)
# Java VM: OpenJDK 64-Bit Server VM Temurin-21.0.11+10 (21.0.11+10-LTS, mixed mode, sharing, tiered, compressed oops, compressed class ptrs, parallel gc, windows-amd64)
# No core dump will be written. Minidumps are not enabled by default on client versions of Windows
#

---------------  S U M M A R Y ------------

Command Line: --add-modules=ALL-SYSTEM --add-opens=java.base/java.util=ALL-UNNAMED --add-opens=java.base/java.lang=ALL-UNNAMED --add-opens=java.base/sun.nio.fs=ALL-UNNAMED -Declipse.application=org.eclipse.jdt.ls.core.id1 -Dosgi.bundles.defaultStartLevel=4 -Declipse.product=org.eclipse.jdt.ls.core.product -Djava.import.generatesMetadataFilesAtProjectRoot=false -DDetectVMInstallationsJob.disabled=true -Dfile.encoding=utf8 -XX:+UseParallelGC -XX:GCTimeRatio=4 -XX:AdaptiveSizePolicyWeight=90 -Dsun.zip.disableMemoryMapping=true -Xmx2G -Xms100m -Xlog:disable -javaagent:c:\Users\Administrator\.vscode\extensions\redhat.java-1.55.0-win32-x64\lombok\lombok-1.18.39-4050.jar -XX:+HeapDumpOnOutOfMemoryError -XX:HeapDumpPath=c:\Users\Administrator\AppData\Roaming\Code\User\workspaceStorage\47d38d0315a5049dedd72c8bc73d439b\redhat.java -Daether.dependencyCollector.impl=bf c:\Users\Administrator\.vscode\extensions\redhat.java-1.55.0-win32-x64\server\plugins\org.eclipse.equinox.launcher_1.7.200.v20260619-2039.jar -configuration c:\Users\Administrator\AppData\Roaming\Code\User\globalStorage\redhat.java\1.55.0\config_win -data c:\Users\Administrator\AppData\Roaming\Code\User\workspaceStorage\47d38d0315a5049dedd72c8bc73d439b\redhat.java\jdt_ws --pipe=\\.\pipe\lsp-e5f0693fcb65b42e098e0140e276bc4f-sock

Host: AMD Ryzen 5 PRO 5650U with Radeon Graphics     , 12 cores, 15G,  Windows 11 , 64 bit Build 26100 (10.0.26100.8875)
Time: Thu Aug  6 13:24:45 2026 E. Africa Standard Time elapsed time: 207.150981 seconds (0d 0h 3m 27s)

---------------  T H R E A D  ---------------

Current thread (0x00000299cebd5d90):  JavaThread "Attach Listener" daemon [_thread_in_vm, id=6164, stack(0x000000c6f1000000,0x000000c6f1100000) (1024K)]

Stack: [0x000000c6f1000000,0x000000c6f1100000]
Native frames: (J=compiled Java code, j=interpreted, Vv=VM code, C=native code)
V  [jvm.dll+0x6d7e19]
V  [jvm.dll+0x8b5096]
V  [jvm.dll+0x8b764e]
V  [jvm.dll+0x8b7d33]
V  [jvm.dll+0x284596]
V  [jvm.dll+0xc13c7]
V  [jvm.dll+0x6d86c9]
V  [jvm.dll+0x133616]
V  [jvm.dll+0x3f868e]
V  [jvm.dll+0x85fb0d]
V  [jvm.dll+0x6d664d]
C  [ucrtbase.dll+0x2cd30]
C  [KERNEL32.DLL+0x2e957]
C  [ntdll.dll+0xaad6c]


---------------  P R O C E S S  ---------------

Threads class SMR info:
_java_thread_list=0x00000299edcfa150, length=65, elements={
0x00000299ceb2ca20, 0x00000299cebd43b0, 0x00000299ceadc1a0, 0x00000299cebd5330,
0x00000299cebd5d90, 0x00000299cebdab20, 0x00000299cebe0dc0, 0x00000299cebe56d0,
0x00000299cebe6d90, 0x00000299e6a49d30, 0x00000299e77fd8a0, 0x00000299e7c9b0f0,
0x00000299ec2ddda0, 0x00000299ec124ba0, 0x00000299e7a3f9b0, 0x00000299ec2dd1d0,
0x00000299ec6fb450, 0x00000299e7a2ae50, 0x00000299ec47ef50, 0x00000299ec86f780,
0x00000299ec86ea60, 0x00000299ec86d020, 0x00000299ec86d6b0, 0x00000299ec86f0f0,
0x00000299ee3260a0, 0x00000299ee329bb0, 0x00000299ee328800, 0x00000299ee327ae0,
0x00000299ee328e90, 0x00000299ee326730, 0x00000299ee327450, 0x00000299ee32a240,
0x00000299ee326dc0, 0x00000299ee32a8d0, 0x00000299ee32af60, 0x00000299ee32b5f0,
0x00000299ee329520, 0x00000299ee328170, 0x00000299ee32c9a0, 0x00000299ee32bc80,
0x00000299ee32c310, 0x00000299ee32d6c0, 0x00000299ee32d030, 0x00000299eee1eb40,
0x00000299eee1d100, 0x00000299eee1e4b0, 0x00000299eee1f1d0, 0x00000299eee1de20,
0x00000299eee1bd50, 0x00000299eee1fef0, 0x00000299eee1ca70, 0x00000299eee1d790,
0x00000299eee20580, 0x00000299eee212a0, 0x00000299eee23370, 0x00000299eee22ce0,
0x00000299eee20c10, 0x00000299eee21930, 0x00000299eee21fc0, 0x00000299ef80d680,
0x00000299ef80e3a0, 0x00000299ef80f0c0, 0x00000299ef80f750, 0x00000299ef80c2d0,
0x00000299ed8611f0
}

Java Threads: ( => current thread )
  0x00000299ceb2ca20 JavaThread "main"                              [_thread_blocked, id=23764, stack(0x000000c6f0900000,0x000000c6f0a00000) (1024K)]
  0x00000299cebd43b0 JavaThread "Reference Handler"          daemon [_thread_blocked, id=28436, stack(0x000000c6f0d00000,0x000000c6f0e00000) (1024K)]
  0x00000299ceadc1a0 JavaThread "Finalizer"                  daemon [_thread_blocked, id=19696, stack(0x000000c6f0e00000,0x000000c6f0f00000) (1024K)]
  0x00000299cebd5330 JavaThread "Signal Dispatcher"          daemon [_thread_blocked, id=13120, stack(0x000000c6f0f00000,0x000000c6f1000000) (1024K)]
=>0x00000299cebd5d90 JavaThread "Attach Listener"            daemon [_thread_in_vm, id=6164, stack(0x000000c6f1000000,0x000000c6f1100000) (1024K)]
  0x00000299cebdab20 JavaThread "Service Thread"             daemon [_thread_blocked, id=17184, stack(0x000000c6f1100000,0x000000c6f1200000) (1024K)]
  0x00000299cebe0dc0 JavaThread "Monitor Deflation Thread"   daemon [_thread_blocked, id=11500, stack(0x000000c6f1200000,0x000000c6f1300000) (1024K)]
  0x00000299cebe56d0 JavaThread "C2 CompilerThread0"         daemon [_thread_blocked, id=29888, stack(0x000000c6f1300000,0x000000c6f1400000) (1024K)]
  0x00000299cebe6d90 JavaThread "C1 CompilerThread0"         daemon [_thread_blocked, id=2720, stack(0x000000c6f1400000,0x000000c6f1500000) (1024K)]
  0x00000299e6a49d30 JavaThread "Common-Cleaner"             daemon [_thread_blocked, id=13772, stack(0x000000c6f1500000,0x000000c6f1600000) (1024K)]
  0x00000299e77fd8a0 JavaThread "Notification Thread"        daemon [_thread_blocked, id=12540, stack(0x000000c6f1700000,0x000000c6f1800000) (1024K)]
  0x00000299e7c9b0f0 JavaThread "Active Thread: Equinox Container: f55c55d1-ea95-4e43-b102-2fc7e22b8f09"        [_thread_blocked, id=15504, stack(0x000000c6f1f00000,0x000000c6f2000000) (1024K)]
  0x00000299ec2ddda0 JavaThread "Refresh Thread: Equinox Container: f55c55d1-ea95-4e43-b102-2fc7e22b8f09" daemon [_thread_blocked, id=3136, stack(0x000000c6f1800000,0x000000c6f1900000) (1024K)]
  0x00000299ec124ba0 JavaThread "Framework Event Dispatcher: Equinox Container: f55c55d1-ea95-4e43-b102-2fc7e22b8f09" daemon [_thread_blocked, id=24584, stack(0x000000c6f2000000,0x000000c6f2100000) (1024K)]
  0x00000299e7a3f9b0 JavaThread "Start Level: Equinox Container: f55c55d1-ea95-4e43-b102-2fc7e22b8f09" daemon [_thread_blocked, id=24732, stack(0x000000c6f2100000,0x000000c6f2200000) (1024K)]
  0x00000299ec2dd1d0 JavaThread "Bundle File Closer"         daemon [_thread_blocked, id=14376, stack(0x000000c6f2500000,0x000000c6f2600000) (1024K)]
  0x00000299ec6fb450 JavaThread "SCR Component Actor"        daemon [_thread_blocked, id=28400, stack(0x000000c6f2200000,0x000000c6f2300000) (1024K)]
  0x00000299e7a2ae50 JavaThread "Worker-JM"                         [_thread_blocked, id=8068, stack(0x000000c6f2800000,0x000000c6f2900000) (1024K)]
  0x00000299ec47ef50 JavaThread "JNA Cleaner"                daemon [_thread_blocked, id=27496, stack(0x000000c6f2600000,0x000000c6f2700000) (1024K)]
  0x00000299ec86f780 JavaThread "Worker-2"                          [_thread_blocked, id=16876, stack(0x000000c6f2c00000,0x000000c6f2d00000) (1024K)]
  0x00000299ec86ea60 JavaThread "Java indexing"              daemon [_thread_blocked, id=15956, stack(0x000000c6f2d00000,0x000000c6f2e00000) (1024K)]
  0x00000299ec86d020 JavaThread "Worker-4"                          [_thread_blocked, id=8148, stack(0x000000c6f3200000,0x000000c6f3300000) (1024K)]
  0x00000299ec86d6b0 JavaThread "Thread-1"                   daemon [_thread_in_native, id=26908, stack(0x000000c6f3300000,0x000000c6f3400000) (1024K)]
  0x00000299ec86f0f0 JavaThread "Thread-2"                   daemon [_thread_in_native, id=9448, stack(0x000000c6f3400000,0x000000c6f3500000) (1024K)]
  0x00000299ee3260a0 JavaThread "Thread-3"                   daemon [_thread_in_native, id=12588, stack(0x000000c6f3500000,0x000000c6f3600000) (1024K)]
  0x00000299ee329bb0 JavaThread "Thread-4"                   daemon [_thread_in_native, id=6488, stack(0x000000c6f3600000,0x000000c6f3700000) (1024K)]
  0x00000299ee328800 JavaThread "Thread-5"                   daemon [_thread_in_native, id=27200, stack(0x000000c6f3700000,0x000000c6f3800000) (1024K)]
  0x00000299ee327ae0 JavaThread "Thread-6"                   daemon [_thread_in_native, id=28340, stack(0x000000c6f3800000,0x000000c6f3900000) (1024K)]
  0x00000299ee328e90 JavaThread "Thread-7"                   daemon [_thread_in_native, id=4868, stack(0x000000c6f3900000,0x000000c6f3a00000) (1024K)]
  0x00000299ee326730 JavaThread "Thread-8"                   daemon [_thread_in_native, id=1372, stack(0x000000c6f3a00000,0x000000c6f3b00000) (1024K)]
  0x00000299ee327450 JavaThread "Thread-9"                   daemon [_thread_in_native, id=10644, stack(0x000000c6f3b00000,0x000000c6f3c00000) (1024K)]
  0x00000299ee32a240 JavaThread "Thread-10"                  daemon [_thread_in_native, id=27180, stack(0x000000c6f3c00000,0x000000c6f3d00000) (1024K)]
  0x00000299ee326dc0 JavaThread "Thread-11"                  daemon [_thread_in_native, id=29344, stack(0x000000c6f3d00000,0x000000c6f3e00000) (1024K)]
  0x00000299ee32a8d0 JavaThread "Thread-12"                  daemon [_thread_in_native, id=7156, stack(0x000000c6f3e00000,0x000000c6f3f00000) (1024K)]
  0x00000299ee32af60 JavaThread "Thread-13"                  daemon [_thread_in_native, id=6784, stack(0x000000c6f3f00000,0x000000c6f4000000) (1024K)]
  0x00000299ee32b5f0 JavaThread "pool-2-thread-1"                   [_thread_blocked, id=18248, stack(0x000000c6f4000000,0x000000c6f4100000) (1024K)]
  0x00000299ee329520 JavaThread "WorkspaceEventsHandler"            [_thread_blocked, id=13484, stack(0x000000c6f4100000,0x000000c6f4200000) (1024K)]
  0x00000299ee328170 JavaThread "pool-1-thread-1"                   [_thread_blocked, id=24820, stack(0x000000c6f4200000,0x000000c6f4300000) (1024K)]
  0x00000299ee32c9a0 JavaThread "PatternSearchJob-worker-1"  daemon [_thread_blocked, id=17264, stack(0x000000c6f4300000,0x000000c6f4400000) (1024K)]
  0x00000299ee32bc80 JavaThread "PatternSearchJob-worker-2"  daemon [_thread_blocked, id=2608, stack(0x000000c6f4400000,0x000000c6f4500000) (1024K)]
  0x00000299ee32c310 JavaThread "PatternSearchJob-worker-3"  daemon [_thread_blocked, id=13336, stack(0x000000c6f4500000,0x000000c6f4600000) (1024K)]
  0x00000299ee32d6c0 JavaThread "PatternSearchJob-worker-4"  daemon [_thread_blocked, id=15568, stack(0x000000c6f4600000,0x000000c6f4700000) (1024K)]
  0x00000299ee32d030 JavaThread "PatternSearchJob-worker-5"  daemon [_thread_blocked, id=22592, stack(0x000000c6f4700000,0x000000c6f4800000) (1024K)]
  0x00000299eee1eb40 JavaThread "PatternSearchJob-worker-6"  daemon [_thread_blocked, id=23056, stack(0x000000c6f4800000,0x000000c6f4900000) (1024K)]
  0x00000299eee1d100 JavaThread "PatternSearchJob-worker-7"  daemon [_thread_blocked, id=29900, stack(0x000000c6f4900000,0x000000c6f4a00000) (1024K)]
  0x00000299eee1e4b0 JavaThread "PatternSearchJob-worker-8"  daemon [_thread_blocked, id=22676, stack(0x000000c6f4a00000,0x000000c6f4b00000) (1024K)]
  0x00000299eee1f1d0 JavaThread "PatternSearchJob-worker-9"  daemon [_thread_blocked, id=10540, stack(0x000000c6f4b00000,0x000000c6f4c00000) (1024K)]
  0x00000299eee1de20 JavaThread "PatternSearchJob-worker-10" daemon [_thread_blocked, id=25196, stack(0x000000c6f4c00000,0x000000c6f4d00000) (1024K)]
  0x00000299eee1bd50 JavaThread "PatternSearchJob-worker-11" daemon [_thread_blocked, id=8860, stack(0x000000c6f4d00000,0x000000c6f4e00000) (1024K)]
  0x00000299eee1fef0 JavaThread "Compiler Source File Reader" daemon [_thread_blocked, id=17820, stack(0x000000c6f5000000,0x000000c6f5100000) (1024K)]
  0x00000299eee1ca70 JavaThread "Compiler Source File Reader" daemon [_thread_blocked, id=6960, stack(0x000000c6f5100000,0x000000c6f5200000) (1024K)]
  0x00000299eee1d790 JavaThread "Compiler Source File Reader" daemon [_thread_blocked, id=4956, stack(0x000000c6f5200000,0x000000c6f5300000) (1024K)]
  0x00000299eee20580 JavaThread "Compiler Source File Reader" daemon [_thread_blocked, id=24972, stack(0x000000c6f5300000,0x000000c6f5400000) (1024K)]
  0x00000299eee212a0 JavaThread "Compiler Source File Reader" daemon [_thread_blocked, id=28744, stack(0x000000c6f5400000,0x000000c6f5500000) (1024K)]
  0x00000299eee23370 JavaThread "Compiler Source File Reader" daemon [_thread_blocked, id=14796, stack(0x000000c6f5500000,0x000000c6f5600000) (1024K)]
  0x00000299eee22ce0 JavaThread "Compiler Source File Reader" daemon [_thread_blocked, id=9468, stack(0x000000c6f5600000,0x000000c6f5700000) (1024K)]
  0x00000299eee20c10 JavaThread "Compiler Source File Reader" daemon [_thread_blocked, id=13836, stack(0x000000c6f5700000,0x000000c6f5800000) (1024K)]
  0x00000299eee21930 JavaThread "Compiler Source File Reader" daemon [_thread_blocked, id=15220, stack(0x000000c6f5800000,0x000000c6f5900000) (1024K)]
  0x00000299eee21fc0 JavaThread "Compiler Source File Reader" daemon [_thread_blocked, id=21128, stack(0x000000c6f5900000,0x000000c6f5a00000) (1024K)]
  0x00000299ef80d680 JavaThread "ForkJoinPool.commonPool-worker-1" daemon [_thread_blocked, id=24844, stack(0x000000c6f5b00000,0x000000c6f5c00000) (1024K)]
  0x00000299ef80e3a0 JavaThread "ForkJoinPool.commonPool-worker-4" daemon [_thread_blocked, id=19272, stack(0x000000c6f5e00000,0x000000c6f5f00000) (1024K)]
  0x00000299ef80f0c0 JavaThread "ForkJoinPool.commonPool-worker-5" daemon [_thread_blocked, id=12796, stack(0x000000c6f5f00000,0x000000c6f6000000) (1024K)]
  0x00000299ef80f750 JavaThread "ForkJoinPool.commonPool-worker-6" daemon [_thread_blocked, id=3960, stack(0x000000c6f6000000,0x000000c6f6100000) (1024K)]
  0x00000299ef80c2d0 JavaThread "ForkJoinPool.commonPool-worker-7" daemon [_thread_blocked, id=26620, stack(0x000000c6f6100000,0x000000c6f6200000) (1024K)]
  0x00000299ed8611f0 JavaThread "Cleaner-0"                  daemon [_thread_blocked, id=19680, stack(0x000000c6f6200000,0x000000c6f6300000) (1024K)]
Total: 65

Other Threads:
  0x00000299cebcfaa0 VMThread "VM Thread"                           [id=17416, stack(0x000000c6f0c00000,0x000000c6f0d00000) (1024K)]
  0x00000299ce9bca00 WatcherThread "VM Periodic Task Thread"        [id=30560, stack(0x000000c6f0b00000,0x000000c6f0c00000) (1024K)]
  0x00000299ceb4cb40 WorkerThread "GC Thread#0"                     [id=11812, stack(0x000000c6f0a00000,0x000000c6f0b00000) (1024K)]
  0x00000299e6ba29e0 WorkerThread "GC Thread#1"                     [id=13704, stack(0x000000c6f1900000,0x000000c6f1a00000) (1024K)]
  0x00000299ec06f880 WorkerThread "GC Thread#2"                     [id=24980, stack(0x000000c6f1a00000,0x000000c6f1b00000) (1024K)]
  0x00000299ec06fc30 WorkerThread "GC Thread#3"                     [id=30344, stack(0x000000c6f1b00000,0x000000c6f1c00000) (1024K)]
  0x00000299ec2e9010 WorkerThread "GC Thread#4"                     [id=26436, stack(0x000000c6f1c00000,0x000000c6f1d00000) (1024K)]
  0x00000299ec046f20 WorkerThread "GC Thread#5"                     [id=25416, stack(0x000000c6f1d00000,0x000000c6f1e00000) (1024K)]
  0x00000299ec0476d0 WorkerThread "GC Thread#6"                     [id=28456, stack(0x000000c6f1e00000,0x000000c6f1f00000) (1024K)]
  0x00000299e7ca5f20 WorkerThread "GC Thread#7"                     [id=15344, stack(0x000000c6f1600000,0x000000c6f1700000) (1024K)]
  0x00000299e7ca4550 WorkerThread "GC Thread#8"                     [id=27132, stack(0x000000c6f2300000,0x000000c6f2400000) (1024K)]
  0x00000299e7ca57c0 WorkerThread "GC Thread#9"                     [id=27584, stack(0x000000c6f2400000,0x000000c6f2500000) (1024K)]
Total: 12

Threads with active compile tasks:
Total: 0

VM state: not at safepoint (normal execution)

VM Mutex/Monitor currently owned by a thread: None

Heap address: 0x0000000080000000, size: 2048 MB, Compressed Oops mode: 32-bit

CDS archive(s) mapped at: [0x0000029980000000-0x0000029980ba0000-0x0000029980ba0000), size 12189696, SharedBaseAddress: 0x0000029980000000, ArchiveRelocationMode: 1.
Compressed class space mapped at: 0x0000029981000000-0x00000299c1000000, reserved size: 1073741824
Narrow klass base: 0x0000029980000000, Narrow klass shift: 0, Narrow klass range: 0x100000000

GC Precious Log:
 CardTable entry size: 512
 CPUs: 12 total, 12 available
 Memory: 15681M
 Large Page Support: Disabled
 NUMA Support: Disabled
 Compressed Oops: Enabled (32-bit)
 Alignments: Space 512K, Generation 512K, Heap 2M
 Heap Min Capacity: 100M
 Heap Initial Capacity: 100M
 Heap Max Capacity: 2G
 Pre-touch: Disabled
 Parallel Workers: 10

Heap:
 PSYoungGen      total 19456K, used 12457K [0x00000000d5580000, 0x00000000d6a80000, 0x0000000100000000)
  eden space 17920K, 63% used [0x00000000d5580000,0x00000000d6095268,0x00000000d6700000)
  from space 1536K, 72% used [0x00000000d6800000,0x00000000d6915200,0x00000000d6980000)
  to   space 1024K, 0% used [0x00000000d6980000,0x00000000d6980000,0x00000000d6a80000)
 ParOldGen       total 117248K, used 117129K [0x0000000080000000, 0x0000000087280000, 0x00000000d5580000)
  object space 117248K, 99% used [0x0000000080000000,0x00000000872625e8,0x0000000087280000)
 Metaspace       used 72173K, committed 73856K, reserved 1179648K
  class space    used 7409K, committed 8128K, reserved 1048576K

Card table byte_map: [0x00000299ce4d0000,0x00000299ce8e0000] _byte_map_base: 0x00000299ce0d0000

Marking Bits: (ParMarkBitMap*) 0x00007ff9e21e4460
 Begin Bits: [0x00000299e0fe0000, 0x00000299e2fe0000)
 End Bits:   [0x00000299e2fe0000, 0x00000299e4fe0000)

Polling page: 0x00000299cc9a0000

Metaspace:

Usage:
  Non-class:     63.25 MB used.
      Class:      7.24 MB used.
       Both:     70.48 MB used.

Virtual space:
  Non-class space:      128.00 MB reserved,      64.19 MB ( 50%) committed,  2 nodes.
      Class space:        1.00 GB reserved,       7.94 MB ( <1%) committed,  1 nodes.
             Both:        1.12 GB reserved,      72.12 MB (  6%) committed. 

Chunk freelists:
   Non-Class:  15.05 MB
       Class:  7.91 MB
        Both:  22.95 MB

MaxMetaspaceSize: unlimited
CompressedClassSpaceSize: 1.00 GB
Initial GC threshold: 21.00 MB
Current GC threshold: 97.31 MB
CDS: on
 - commit_granule_bytes: 65536.
 - commit_granule_words: 8192.
 - virtual_space_node_default_size: 8388608.
 - enlarge_chunks_in_place: 1.
 - use_allocation_guard: 0.


Internal statistics:

num_allocs_failed_limit: 9.
num_arena_births: 1304.
num_arena_deaths: 14.
num_vsnodes_births: 3.
num_vsnodes_deaths: 0.
num_space_committed: 1154.
num_space_uncommitted: 0.
num_chunks_returned_to_freelist: 23.
num_chunks_taken_from_freelist: 4829.
num_chunk_merges: 14.
num_chunk_splits: 2899.
num_chunks_enlarged: 1570.
num_inconsistent_stats: 0.

CodeHeap 'non-profiled nmethods': size=120000Kb used=9233Kb max_used=9233Kb free=110766Kb
 bounds [0x00000299d9800000, 0x00000299da110000, 0x00000299e0d30000]
CodeHeap 'profiled nmethods': size=120000Kb used=31940Kb max_used=31940Kb free=88059Kb
 bounds [0x00000299d1d30000, 0x00000299d3c70000, 0x00000299d9260000]
CodeHeap 'non-nmethods': size=5760Kb used=1460Kb max_used=1544Kb free=4299Kb
 bounds [0x00000299d9260000, 0x00000299d94d0000, 0x00000299d9800000]
CodeCache: size=245760Kb, used=42633Kb, max_used=42717Kb, free=203124Kb
 total_blobs=13887, nmethods=13107, adapters=684, full_count=0
Compilation: enabled, stopped_count=0, restarted_count=0

Compilation events (20 events):
Event: 31.972 Thread 0x00000299f072e270 13047       4       org.eclipse.jdt.internal.core.JavaElement::getJavaProject (5 bytes)
Event: 31.972 Thread 0x00000299f072e270 nmethod 13047 0x00000299da0fd910 code [0x00000299da0fdaa0, 0x00000299da0fdb50]
Event: 31.972 Thread 0x00000299f072e270 13211       4       org.eclipse.osgi.container.ModuleDatabase$Persistence::addToWriteTable (77 bytes)
Event: 31.973 Thread 0x00000299cebe56d0 nmethod 13531 0x00000299da0fdc10 code [0x00000299da0fde80, 0x00000299da0fead8]
Event: 31.973 Thread 0x00000299cebe56d0 12745       4       org.eclipse.jdt.internal.core.PackageFragmentRoot::getPath (5 bytes)
Event: 31.978 Thread 0x00000299cebe56d0 nmethod 12745 0x00000299da0fef10 code [0x00000299da0ff100, 0x00000299da0ff520]
Event: 31.978 Thread 0x00000299cebe56d0 12789       4       org.eclipse.jdt.internal.core.JavaElement::escapeMementoName (6 bytes)
Event: 31.978 Thread 0x00000299cebe56d0 nmethod 12789 0x00000299da0ff910 code [0x00000299da0ffaa0, 0x00000299da0ffb58]
Event: 31.978 Thread 0x00000299cebe56d0 12776       4       java.lang.reflect.Field::getOverrideFieldAccessor (18 bytes)
Event: 31.979 Thread 0x00000299cebe56d0 nmethod 12776 0x00000299da0ffc10 code [0x00000299da0ffda0, 0x00000299da0ffe60]
Event: 31.982 Thread 0x00000299f072dba0 nmethod 13198 0x00000299da0fff10 code [0x00000299da1002e0, 0x00000299da101ba0]
Event: 31.984 Thread 0x00000299f072e270 nmethod 13211 0x00000299da103310 code [0x00000299da103540, 0x00000299da103f18]
Event: 40.792 Thread 0x00000299cebe6d90 13880   !   3       java.util.concurrent.ThreadPoolExecutor::getTask (177 bytes)
Event: 40.793 Thread 0x00000299cebe6d90 nmethod 13880 0x00000299d3c5e710 code [0x00000299d3c5e9c0, 0x00000299d3c5f7f0]
Event: 121.148 Thread 0x00000299cebe6d90 13881       3       java.util.concurrent.ThreadPoolExecutor::afterExecute (1 bytes)
Event: 121.148 Thread 0x00000299cebe6d90 nmethod 13881 0x00000299d3c5fc90 code [0x00000299d3c5fe20, 0x00000299d3c5ff28]
Event: 198.394 Thread 0x00000299cebe6d90 13882   !   3       java.util.concurrent.locks.AbstractQueuedSynchronizer$ConditionObject::newConditionNode (78 bytes)
Event: 198.395 Thread 0x00000299cebe6d90 nmethod 13882 0x00000299d3c5ff90 code [0x00000299d3c60200, 0x00000299d3c609e0]
Event: 198.395 Thread 0x00000299cebe6d90 13883       3       java.util.concurrent.locks.AbstractQueuedSynchronizer$ConditionNode::<init> (5 bytes)
Event: 198.395 Thread 0x00000299cebe6d90 nmethod 13883 0x00000299d3c60c90 code [0x00000299d3c60e40, 0x00000299d3c61008]

GC Heap History (20 events):
Event: 30.969 GC heap before
{Heap before GC invocations=181 (full 3):
 PSYoungGen      total 18432K, used 18240K [0x00000000d5580000, 0x00000000d6880000, 0x0000000100000000)
  eden space 17920K, 100% used [0x00000000d5580000,0x00000000d6700000,0x00000000d6700000)
  from space 512K, 62% used [0x00000000d6780000,0x00000000d67d0000,0x00000000d6800000)
  to   space 512K, 0% used [0x00000000d6800000,0x00000000d6800000,0x00000000d6880000)
 ParOldGen       total 105984K, used 105586K [0x0000000080000000, 0x0000000086780000, 0x00000000d5580000)
  object space 105984K, 99% used [0x0000000080000000,0x000000008671caf0,0x0000000086780000)
 Metaspace       used 67273K, committed 68928K, reserved 1114112K
  class space    used 6996K, committed 7680K, reserved 1048576K
}
Event: 30.971 GC heap after
{Heap after GC invocations=181 (full 3):
 PSYoungGen      total 18432K, used 480K [0x00000000d5580000, 0x00000000d6900000, 0x0000000100000000)
  eden space 17920K, 0% used [0x00000000d5580000,0x00000000d5580000,0x00000000d6700000)
  from space 512K, 93% used [0x00000000d6800000,0x00000000d6878020,0x00000000d6880000)
  to   space 1024K, 0% used [0x00000000d6700000,0x00000000d6700000,0x00000000d6800000)
 ParOldGen       total 105984K, used 105730K [0x0000000080000000, 0x0000000086780000, 0x00000000d5580000)
  object space 105984K, 99% used [0x0000000080000000,0x0000000086740af0,0x0000000086780000)
 Metaspace       used 67273K, committed 68928K, reserved 1114112K
  class space    used 6996K, committed 7680K, reserved 1048576K
}
Event: 31.062 GC heap before
{Heap before GC invocations=182 (full 3):
 PSYoungGen      total 18432K, used 18400K [0x00000000d5580000, 0x00000000d6900000, 0x0000000100000000)
  eden space 17920K, 100% used [0x00000000d5580000,0x00000000d6700000,0x00000000d6700000)
  from space 512K, 93% used [0x00000000d6800000,0x00000000d6878020,0x00000000d6880000)
  to   space 1024K, 0% used [0x00000000d6700000,0x00000000d6700000,0x00000000d6800000)
 ParOldGen       total 105984K, used 105730K [0x0000000080000000, 0x0000000086780000, 0x00000000d5580000)
  object space 105984K, 99% used [0x0000000080000000,0x0000000086740af0,0x0000000086780000)
 Metaspace       used 67477K, committed 69120K, reserved 1114112K
  class space    used 7023K, committed 7744K, reserved 1048576K
}
Event: 31.066 GC heap after
{Heap after GC invocations=182 (full 3):
 PSYoungGen      total 18944K, used 992K [0x00000000d5580000, 0x00000000d7000000, 0x0000000100000000)
  eden space 17920K, 0% used [0x00000000d5580000,0x00000000d5580000,0x00000000d6700000)
  from space 1024K, 96% used [0x00000000d6700000,0x00000000d67f8010,0x00000000d6800000)
  to   space 4608K, 0% used [0x00000000d6b80000,0x00000000d6b80000,0x00000000d7000000)
 ParOldGen       total 108544K, used 108479K [0x0000000080000000, 0x0000000086a00000, 0x00000000d5580000)
  object space 108544K, 99% used [0x0000000080000000,0x00000000869eff90,0x0000000086a00000)
 Metaspace       used 67477K, committed 69120K, reserved 1114112K
  class space    used 7023K, committed 7744K, reserved 1048576K
}
Event: 31.108 GC heap before
{Heap before GC invocations=183 (full 3):
 PSYoungGen      total 18944K, used 18912K [0x00000000d5580000, 0x00000000d7000000, 0x0000000100000000)
  eden space 17920K, 100% used [0x00000000d5580000,0x00000000d6700000,0x00000000d6700000)
  from space 1024K, 96% used [0x00000000d6700000,0x00000000d67f8010,0x00000000d6800000)
  to   space 4608K, 0% used [0x00000000d6b80000,0x00000000d6b80000,0x00000000d7000000)
 ParOldGen       total 108544K, used 108479K [0x0000000080000000, 0x0000000086a00000, 0x00000000d5580000)
  object space 108544K, 99% used [0x0000000080000000,0x00000000869eff90,0x0000000086a00000)
 Metaspace       used 67517K, committed 69184K, reserved 1114112K
  class space    used 7024K, committed 7744K, reserved 1048576K
}
Event: 31.111 GC heap after
{Heap after GC invocations=183 (full 3):
 PSYoungGen      total 22016K, used 3658K [0x00000000d5580000, 0x00000000d6f80000, 0x0000000100000000)
  eden space 17920K, 0% used [0x00000000d5580000,0x00000000d5580000,0x00000000d6700000)
  from space 4096K, 89% used [0x00000000d6b80000,0x00000000d6f12840,0x00000000d6f80000)
  to   space 4096K, 0% used [0x00000000d6780000,0x00000000d6780000,0x00000000d6b80000)
 ParOldGen       total 109568K, used 109437K [0x0000000080000000, 0x0000000086b00000, 0x00000000d5580000)
  object space 109568K, 99% used [0x0000000080000000,0x0000000086adf400,0x0000000086b00000)
 Metaspace       used 67517K, committed 69184K, reserved 1114112K
  class space    used 7024K, committed 7744K, reserved 1048576K
}
Event: 31.170 GC heap before
{Heap before GC invocations=184 (full 3):
 PSYoungGen      total 22016K, used 21507K [0x00000000d5580000, 0x00000000d6f80000, 0x0000000100000000)
  eden space 17920K, 99% used [0x00000000d5580000,0x00000000d66ee488,0x00000000d6700000)
  from space 4096K, 89% used [0x00000000d6b80000,0x00000000d6f12840,0x00000000d6f80000)
  to   space 4096K, 0% used [0x00000000d6780000,0x00000000d6780000,0x00000000d6b80000)
 ParOldGen       total 109568K, used 109437K [0x0000000080000000, 0x0000000086b00000, 0x00000000d5580000)
  object space 109568K, 99% used [0x0000000080000000,0x0000000086adf400,0x0000000086b00000)
 Metaspace       used 67594K, committed 69248K, reserved 1114112K
  class space    used 7028K, committed 7744K, reserved 1048576K
}
Event: 31.173 GC heap after
{Heap after GC invocations=184 (full 3):
 PSYoungGen      total 20480K, used 2270K [0x00000000d5580000, 0x00000000d6d00000, 0x0000000100000000)
  eden space 17920K, 0% used [0x00000000d5580000,0x00000000d5580000,0x00000000d6700000)
  from space 2560K, 88% used [0x00000000d6780000,0x00000000d69b78c8,0x00000000d6a00000)
  to   space 3072K, 0% used [0x00000000d6a00000,0x00000000d6a00000,0x00000000d6d00000)
 ParOldGen       total 112640K, used 112441K [0x0000000080000000, 0x0000000086e00000, 0x00000000d5580000)
  object space 112640K, 99% used [0x0000000080000000,0x0000000086dce438,0x0000000086e00000)
 Metaspace       used 67594K, committed 69248K, reserved 1114112K
  class space    used 7028K, committed 7744K, reserved 1048576K
}
Event: 31.210 GC heap before
{Heap before GC invocations=185 (full 3):
 PSYoungGen      total 20480K, used 20190K [0x00000000d5580000, 0x00000000d6d00000, 0x0000000100000000)
  eden space 17920K, 100% used [0x00000000d5580000,0x00000000d6700000,0x00000000d6700000)
  from space 2560K, 88% used [0x00000000d6780000,0x00000000d69b78c8,0x00000000d6a00000)
  to   space 3072K, 0% used [0x00000000d6a00000,0x00000000d6a00000,0x00000000d6d00000)
 ParOldGen       total 112640K, used 112441K [0x0000000080000000, 0x0000000086e00000, 0x00000000d5580000)
  object space 112640K, 99% used [0x0000000080000000,0x0000000086dce438,0x0000000086e00000)
 Metaspace       used 67852K, committed 69504K, reserved 1114112K
  class space    used 7039K, committed 7744K, reserved 1048576K
}
Event: 31.212 GC heap after
{Heap after GC invocations=185 (full 3):
 PSYoungGen      total 18944K, used 896K [0x00000000d5580000, 0x00000000d6b00000, 0x0000000100000000)
  eden space 17920K, 0% used [0x00000000d5580000,0x00000000d5580000,0x00000000d6700000)
  from space 1024K, 87% used [0x00000000d6a00000,0x00000000d6ae0000,0x00000000d6b00000)
  to   space 1536K, 0% used [0x00000000d6800000,0x00000000d6800000,0x00000000d6980000)
 ParOldGen       total 114176K, used 113718K [0x0000000080000000, 0x0000000086f80000, 0x00000000d5580000)
  object space 114176K, 99% used [0x0000000080000000,0x0000000086f0d970,0x0000000086f80000)
 Metaspace       used 67852K, committed 69504K, reserved 1114112K
  class space    used 7039K, committed 7744K, reserved 1048576K
}
Event: 31.330 GC heap before
{Heap before GC invocations=186 (full 3):
 PSYoungGen      total 18944K, used 18816K [0x00000000d5580000, 0x00000000d6b00000, 0x0000000100000000)
  eden space 17920K, 100% used [0x00000000d5580000,0x00000000d6700000,0x00000000d6700000)
  from space 1024K, 87% used [0x00000000d6a00000,0x00000000d6ae0000,0x00000000d6b00000)
  to   space 1536K, 0% used [0x00000000d6800000,0x00000000d6800000,0x00000000d6980000)
 ParOldGen       total 114176K, used 113718K [0x0000000080000000, 0x0000000086f80000, 0x00000000d5580000)
  object space 114176K, 99% used [0x0000000080000000,0x0000000086f0d970,0x0000000086f80000)
 Metaspace       used 69147K, committed 70784K, reserved 1114112K
  class space    used 7171K, committed 7872K, reserved 1048576K
}
Event: 31.331 GC heap after
{Heap after GC invocations=186 (full 3):
 PSYoungGen      total 19456K, used 1198K [0x00000000d5580000, 0x00000000d6a80000, 0x0000000100000000)
  eden space 17920K, 0% used [0x00000000d5580000,0x00000000d5580000,0x00000000d6700000)
  from space 1536K, 78% used [0x00000000d6800000,0x00000000d692bb38,0x00000000d6980000)
  to   space 1024K, 0% used [0x00000000d6980000,0x00000000d6980000,0x00000000d6a80000)
 ParOldGen       total 114688K, used 114402K [0x0000000080000000, 0x0000000087000000, 0x00000000d5580000)
  object space 114688K, 99% used [0x0000000080000000,0x0000000086fb8980,0x0000000087000000)
 Metaspace       used 69147K, committed 70784K, reserved 1114112K
  class space    used 7171K, committed 7872K, reserved 1048576K
}
Event: 31.414 GC heap before
{Heap before GC invocations=187 (full 3):
 PSYoungGen      total 19456K, used 19118K [0x00000000d5580000, 0x00000000d6a80000, 0x0000000100000000)
  eden space 17920K, 100% used [0x00000000d5580000,0x00000000d6700000,0x00000000d6700000)
  from space 1536K, 78% used [0x00000000d6800000,0x00000000d692bb38,0x00000000d6980000)
  to   space 1024K, 0% used [0x00000000d6980000,0x00000000d6980000,0x00000000d6a80000)
 ParOldGen       total 114688K, used 114402K [0x0000000080000000, 0x0000000087000000, 0x00000000d5580000)
  object space 114688K, 99% used [0x0000000080000000,0x0000000086fb8980,0x0000000087000000)
 Metaspace       used 70264K, committed 71872K, reserved 1114112K
  class space    used 7253K, committed 7936K, reserved 1048576K
}
Event: 31.416 GC heap after
{Heap after GC invocations=187 (full 3):
 PSYoungGen      total 18944K, used 964K [0x00000000d5580000, 0x00000000d6a80000, 0x0000000100000000)
  eden space 17920K, 0% used [0x00000000d5580000,0x00000000d5580000,0x00000000d6700000)
  from space 1024K, 94% used [0x00000000d6980000,0x00000000d6a71210,0x00000000d6a80000)
  to   space 1536K, 0% used [0x00000000d6780000,0x00000000d6780000,0x00000000d6900000)
 ParOldGen       total 115200K, used 114934K [0x0000000080000000, 0x0000000087080000, 0x00000000d5580000)
  object space 115200K, 99% used [0x0000000080000000,0x000000008703d8c8,0x0000000087080000)
 Metaspace       used 70264K, committed 71872K, reserved 1114112K
  class space    used 7253K, committed 7936K, reserved 1048576K
}
Event: 31.543 GC heap before
{Heap before GC invocations=188 (full 3):
 PSYoungGen      total 18944K, used 18884K [0x00000000d5580000, 0x00000000d6a80000, 0x0000000100000000)
  eden space 17920K, 100% used [0x00000000d5580000,0x00000000d6700000,0x00000000d6700000)
  from space 1024K, 94% used [0x00000000d6980000,0x00000000d6a71210,0x00000000d6a80000)
  to   space 1536K, 0% used [0x00000000d6780000,0x00000000d6780000,0x00000000d6900000)
 ParOldGen       total 115200K, used 114934K [0x0000000080000000, 0x0000000087080000, 0x00000000d5580000)
  object space 115200K, 99% used [0x0000000080000000,0x000000008703d8c8,0x0000000087080000)
 Metaspace       used 70925K, committed 72512K, reserved 1114112K
  class space    used 7293K, committed 8000K, reserved 1048576K
}
Event: 31.545 GC heap after
{Heap after GC invocations=188 (full 3):
 PSYoungGen      total 19456K, used 1535K [0x00000000d5580000, 0x00000000d6d00000, 0x0000000100000000)
  eden space 17920K, 0% used [0x00000000d5580000,0x00000000d5580000,0x00000000d6700000)
  from space 1536K, 99% used [0x00000000d6780000,0x00000000d68ffff0,0x00000000d6900000)
  to   space 3072K, 0% used [0x00000000d6a00000,0x00000000d6a00000,0x00000000d6d00000)
 ParOldGen       total 116224K, used 115807K [0x0000000080000000, 0x0000000087180000, 0x00000000d5580000)
  object space 116224K, 99% used [0x0000000080000000,0x0000000087117df8,0x0000000087180000)
 Metaspace       used 70925K, committed 72512K, reserved 1114112K
  class space    used 7293K, committed 8000K, reserved 1048576K
}
Event: 31.678 GC heap before
{Heap before GC invocations=189 (full 3):
 PSYoungGen      total 19456K, used 19455K [0x00000000d5580000, 0x00000000d6d00000, 0x0000000100000000)
  eden space 17920K, 100% used [0x00000000d5580000,0x00000000d6700000,0x00000000d6700000)
  from space 1536K, 99% used [0x00000000d6780000,0x00000000d68ffff0,0x00000000d6900000)
  to   space 3072K, 0% used [0x00000000d6a00000,0x00000000d6a00000,0x00000000d6d00000)
 ParOldGen       total 116224K, used 115807K [0x0000000080000000, 0x0000000087180000, 0x00000000d5580000)
  object space 116224K, 99% used [0x0000000080000000,0x0000000087117df8,0x0000000087180000)
 Metaspace       used 71634K, committed 73216K, reserved 1179648K
  class space    used 7357K, committed 8064K, reserved 1048576K
}
Event: 31.680 GC heap after
{Heap after GC invocations=189 (full 3):
 PSYoungGen      total 18944K, used 628K [0x00000000d5580000, 0x00000000d6b00000, 0x0000000100000000)
  eden space 17920K, 0% used [0x00000000d5580000,0x00000000d5580000,0x00000000d6700000)
  from space 1024K, 61% used [0x00000000d6a00000,0x00000000d6a9d200,0x00000000d6b00000)
  to   space 1536K, 0% used [0x00000000d6800000,0x00000000d6800000,0x00000000d6980000)
 ParOldGen       total 116736K, used 116697K [0x0000000080000000, 0x0000000087200000, 0x00000000d5580000)
  object space 116736K, 99% used [0x0000000080000000,0x00000000871f65e8,0x0000000087200000)
 Metaspace       used 71634K, committed 73216K, reserved 1179648K
  class space    used 7357K, committed 8064K, reserved 1048576K
}
Event: 31.799 GC heap before
{Heap before GC invocations=190 (full 3):
 PSYoungGen      total 18944K, used 18548K [0x00000000d5580000, 0x00000000d6b00000, 0x0000000100000000)
  eden space 17920K, 100% used [0x00000000d5580000,0x00000000d6700000,0x00000000d6700000)
  from space 1024K, 61% used [0x00000000d6a00000,0x00000000d6a9d200,0x00000000d6b00000)
  to   space 1536K, 0% used [0x00000000d6800000,0x00000000d6800000,0x00000000d6980000)
 ParOldGen       total 116736K, used 116697K [0x0000000080000000, 0x0000000087200000, 0x00000000d5580000)
  object space 116736K, 99% used [0x0000000080000000,0x00000000871f65e8,0x0000000087200000)
 Metaspace       used 72059K, committed 73728K, reserved 1179648K
  class space    used 7409K, committed 8128K, reserved 1048576K
}
Event: 31.800 GC heap after
{Heap after GC invocations=190 (full 3):
 PSYoungGen      total 19456K, used 1108K [0x00000000d5580000, 0x00000000d6a80000, 0x0000000100000000)
  eden space 17920K, 0% used [0x00000000d5580000,0x00000000d5580000,0x00000000d6700000)
  from space 1536K, 72% used [0x00000000d6800000,0x00000000d6915200,0x00000000d6980000)
  to   space 1024K, 0% used [0x00000000d6980000,0x00000000d6980000,0x00000000d6a80000)
 ParOldGen       total 117248K, used 117129K [0x0000000080000000, 0x0000000087280000, 0x00000000d5580000)
  object space 117248K, 99% used [0x0000000080000000,0x00000000872625e8,0x0000000087280000)
 Metaspace       used 72059K, committed 73728K, reserved 1179648K
  class space    used 7409K, committed 8128K, reserved 1048576K
}

Dll operation events (10 events):
Event: 0.043 Loaded shared library c:\Users\Administrator\.vscode\extensions\redhat.java-1.55.0-win32-x64\jre\21.0.11-win32-x86_64\bin\java.dll
Event: 0.105 Loaded shared library c:\Users\Administrator\.vscode\extensions\redhat.java-1.55.0-win32-x64\jre\21.0.11-win32-x86_64\bin\zip.dll
Event: 0.125 Loaded shared library C:\Users\Administrator\.vscode\extensions\redhat.java-1.55.0-win32-x64\jre\21.0.11-win32-x86_64\bin\instrument.dll
Event: 0.131 Loaded shared library C:\Users\Administrator\.vscode\extensions\redhat.java-1.55.0-win32-x64\jre\21.0.11-win32-x86_64\bin\net.dll
Event: 0.134 Loaded shared library C:\Users\Administrator\.vscode\extensions\redhat.java-1.55.0-win32-x64\jre\21.0.11-win32-x86_64\bin\nio.dll
Event: 0.137 Loaded shared library C:\Users\Administrator\.vscode\extensions\redhat.java-1.55.0-win32-x64\jre\21.0.11-win32-x86_64\bin\zip.dll
Event: 0.159 Loaded shared library C:\Users\Administrator\.vscode\extensions\redhat.java-1.55.0-win32-x64\jre\21.0.11-win32-x86_64\bin\jimage.dll
Event: 0.234 Loaded shared library c:\Users\Administrator\.vscode\extensions\redhat.java-1.55.0-win32-x64\jre\21.0.11-win32-x86_64\bin\verify.dll
Event: 7.271 Loaded shared library C:\Users\Administrator\AppData\Roaming\Code\User\globalStorage\redhat.java\1.55.0\config_win\org.eclipse.equinox.launcher\org.eclipse.equinox.launcher.win32.win32.x86_64_1.3.100.v20260613-0559\eclipse_11924.dll
Event: 16.624 Loaded shared library C:\Users\Administrator\AppData\Local\Temp\jna-146731693\jna11260092438645611511.dll

Deoptimization events (20 events):
Event: 31.560 Thread 0x00000299eee1d100 Uncommon trap: trap_request=0xffffff45 fr.pc=0x00000299d9950b5c relative=0x00000000000003dc
Event: 31.560 Thread 0x00000299eee1d100 Uncommon trap: reason=unstable_if action=reinterpret pc=0x00000299d9950b5c method=java.util.Arrays.hashCode([C)I @ 8 c2
Event: 31.560 Thread 0x00000299eee1d100 DEOPT PACKING pc=0x00000299d9950b5c sp=0x000000c6f49fe700
Event: 31.560 Thread 0x00000299eee1d100 DEOPT UNPACKING pc=0x00000299d92b3aa2 sp=0x000000c6f49fe5d0 mode 2
Event: 31.610 Thread 0x00000299ef80dd10 DEOPT PACKING pc=0x00000299d29af1c8 sp=0x000000c6f5dfdf10
Event: 31.610 Thread 0x00000299ef80dd10 DEOPT UNPACKING pc=0x00000299d92b4242 sp=0x000000c6f5dfd3c8 mode 0
Event: 31.616 Thread 0x00000299ec86f780 DEOPT PACKING pc=0x00000299d39c8c31 sp=0x000000c6f2cfe550
Event: 31.616 Thread 0x00000299ec86f780 DEOPT UNPACKING pc=0x00000299d92b4242 sp=0x000000c6f2cfdaa8 mode 0
Event: 31.616 Thread 0x00000299ec86f780 Uncommon trap: trap_request=0xffffffde fr.pc=0x00000299d9f0478c relative=0x00000000000005ec
Event: 31.616 Thread 0x00000299ec86f780 Uncommon trap: reason=class_check action=maybe_recompile pc=0x00000299d9f0478c method=org.eclipse.jdt.internal.compiler.parser.Scanner.addTokenToLookBack(Lorg/eclipse/jdt/internal/compiler/parser/TerminalToken;)V @ 104 c2
Event: 31.616 Thread 0x00000299ec86f780 DEOPT PACKING pc=0x00000299d9f0478c sp=0x000000c6f2cfe5a0
Event: 31.616 Thread 0x00000299ec86f780 DEOPT UNPACKING pc=0x00000299d92b3aa2 sp=0x000000c6f2cfe478 mode 2
Event: 31.697 Thread 0x00000299ef80dd10 DEOPT PACKING pc=0x00000299d29af1c8 sp=0x000000c6f5dfdf40
Event: 31.697 Thread 0x00000299ef80dd10 DEOPT UNPACKING pc=0x00000299d92b4242 sp=0x000000c6f5dfd3f8 mode 0
Event: 31.744 Thread 0x00000299ef80dd10 Uncommon trap: trap_request=0xffffffde fr.pc=0x00000299d9f09b98 relative=0x0000000000000078
Event: 31.744 Thread 0x00000299ef80dd10 Uncommon trap: reason=class_check action=maybe_recompile pc=0x00000299d9f09b98 method=java.util.LinkedHashMap.afterNodeInsertion(Z)V @ 15 c2
Event: 31.744 Thread 0x00000299ef80dd10 DEOPT PACKING pc=0x00000299d9f09b98 sp=0x000000c6f5dfee60
Event: 31.744 Thread 0x00000299ef80dd10 DEOPT UNPACKING pc=0x00000299d92b3aa2 sp=0x000000c6f5dfedd8 mode 2
Event: 31.919 Thread 0x00000299ec86f780 DEOPT PACKING pc=0x00000299d36f9f39 sp=0x000000c6f2cfe2a0
Event: 31.919 Thread 0x00000299ec86f780 DEOPT UNPACKING pc=0x00000299d92b4242 sp=0x000000c6f2cfd7a0 mode 0

Classes loaded (20 events):
Event: 30.377 Loading class java/util/HashMap$EntrySpliterator
Event: 30.377 Loading class java/util/HashMap$EntrySpliterator done
Event: 30.384 Loading class java/util/stream/ReduceOps$5
Event: 30.384 Loading class java/util/stream/ReduceOps$5 done
Event: 30.384 Loading class java/util/stream/ReduceOps$CountingSink$OfRef
Event: 30.384 Loading class java/util/stream/ReduceOps$CountingSink
Event: 30.384 Loading class java/util/stream/ReduceOps$CountingSink done
Event: 30.384 Loading class java/util/stream/ReduceOps$CountingSink$OfRef done
Event: 30.656 Loading class java/util/stream/ReduceOps$1
Event: 30.656 Loading class java/util/stream/ReduceOps$1 done
Event: 30.656 Loading class java/util/stream/ReduceOps$1ReducingSink
Event: 30.657 Loading class java/util/stream/ReduceOps$1ReducingSink done
Event: 31.117 Loading class sun/nio/cs/ISO_8859_1$Encoder
Event: 31.117 Loading class sun/nio/cs/ISO_8859_1$Encoder done
Event: 31.117 Loading class sun/nio/cs/Surrogate$Parser
Event: 31.117 Loading class sun/nio/cs/Surrogate$Parser done
Event: 31.117 Loading class sun/nio/cs/Surrogate
Event: 31.118 Loading class sun/nio/cs/Surrogate done
Event: 31.484 Loading class jdk/internal/ref/CleanerImpl$InnocuousThreadFactory
Event: 31.485 Loading class jdk/internal/ref/CleanerImpl$InnocuousThreadFactory done

Classes unloaded (7 events):
Event: 17.094 Thread 0x00000299cebcfaa0 Unloading class 0x00000299811a3800 'java/lang/invoke/LambdaForm$MH+0x00000299811a3800'
Event: 17.094 Thread 0x00000299cebcfaa0 Unloading class 0x00000299811a3400 'java/lang/invoke/LambdaForm$MH+0x00000299811a3400'
Event: 17.094 Thread 0x00000299cebcfaa0 Unloading class 0x00000299811a3000 'java/lang/invoke/LambdaForm$MH+0x00000299811a3000'
Event: 17.094 Thread 0x00000299cebcfaa0 Unloading class 0x00000299811a2c00 'java/lang/invoke/LambdaForm$MH+0x00000299811a2c00'
Event: 17.094 Thread 0x00000299cebcfaa0 Unloading class 0x00000299811a2800 'java/lang/invoke/LambdaForm$BMH+0x00000299811a2800'
Event: 17.094 Thread 0x00000299cebcfaa0 Unloading class 0x00000299811a2400 'java/lang/invoke/LambdaForm$DMH+0x00000299811a2400'
Event: 17.094 Thread 0x00000299cebcfaa0 Unloading class 0x00000299811a1000 'java/lang/invoke/LambdaForm$DMH+0x00000299811a1000'

Classes redefined (0 events):
No events

Internal exceptions (20 events):
Event: 31.794 Thread 0x00000299ec86f780 Exception <a 'java/lang/NullPointerException'{0x00000000d66c3c08}> (0x00000000d66c3c08) 
thrown [s\src\hotspot\share\interpreter\linkResolver.cpp, line 1372]
Event: 31.794 Thread 0x00000299ec86f780 Exception <a 'java/lang/NullPointerException'{0x00000000d66c4a08}> (0x00000000d66c4a08) 
thrown [s\src\hotspot\share\interpreter\linkResolver.cpp, line 1372]
Event: 31.795 Thread 0x00000299ec86f780 Exception <a 'java/lang/NullPointerException'{0x00000000d66c6ae8}> (0x00000000d66c6ae8) 
thrown [s\src\hotspot\share\interpreter\linkResolver.cpp, line 1372]
Event: 31.795 Thread 0x00000299ec86f780 Exception <a 'java/lang/NullPointerException'{0x00000000d66c7f50}> (0x00000000d66c7f50) 
thrown [s\src\hotspot\share\interpreter\linkResolver.cpp, line 1372]
Event: 31.795 Thread 0x00000299ec86f780 Exception <a 'java/lang/NullPointerException'{0x00000000d66c8400}> (0x00000000d66c8400) 
thrown [s\src\hotspot\share\interpreter\linkResolver.cpp, line 1372]
Event: 31.795 Thread 0x00000299ec86f780 Exception <a 'java/lang/NullPointerException'{0x00000000d66ca3f0}> (0x00000000d66ca3f0) 
thrown [s\src\hotspot\share\interpreter\linkResolver.cpp, line 1372]
Event: 31.796 Thread 0x00000299ec86f780 Exception <a 'java/lang/NullPointerException'{0x00000000d66cb0d0}> (0x00000000d66cb0d0) 
thrown [s\src\hotspot\share\interpreter\linkResolver.cpp, line 1372]
Event: 31.796 Thread 0x00000299ec86f780 Exception <a 'java/lang/NullPointerException'{0x00000000d66cb580}> (0x00000000d66cb580) 
thrown [s\src\hotspot\share\interpreter\linkResolver.cpp, line 1372]
Event: 31.796 Thread 0x00000299ec86f780 Exception <a 'java/lang/NullPointerException'{0x00000000d66cbdd0}> (0x00000000d66cbdd0) 
thrown [s\src\hotspot\share\interpreter\linkResolver.cpp, line 1372]
Event: 31.796 Thread 0x00000299ec86f780 Exception <a 'java/lang/NullPointerException'{0x00000000d66cc5b8}> (0x00000000d66cc5b8) 
thrown [s\src\hotspot\share\interpreter\linkResolver.cpp, line 1372]
Event: 31.796 Thread 0x00000299ec86f780 Exception <a 'java/lang/NullPointerException'{0x00000000d66cea98}> (0x00000000d66cea98) 
thrown [s\src\hotspot\share\interpreter\linkResolver.cpp, line 1372]
Event: 31.796 Thread 0x00000299ec86f780 Exception <a 'java/lang/NullPointerException'{0x00000000d66cf1c0}> (0x00000000d66cf1c0) 
thrown [s\src\hotspot\share\interpreter\linkResolver.cpp, line 1372]
Event: 31.797 Thread 0x00000299ec86f780 Exception <a 'java/lang/NullPointerException'{0x00000000d66d1038}> (0x00000000d66d1038) 
thrown [s\src\hotspot\share\interpreter\linkResolver.cpp, line 1372]
Event: 31.797 Thread 0x00000299ec86f780 Exception <a 'java/lang/NullPointerException'{0x00000000d66d1920}> (0x00000000d66d1920) 
thrown [s\src\hotspot\share\interpreter\linkResolver.cpp, line 1372]
Event: 31.797 Thread 0x00000299ec86f780 Exception <a 'java/lang/NullPointerException'{0x00000000d66d1d58}> (0x00000000d66d1d58) 
thrown [s\src\hotspot\share\interpreter\linkResolver.cpp, line 1372]
Event: 31.797 Thread 0x00000299ec86f780 Exception <a 'java/lang/NullPointerException'{0x00000000d66d21b0}> (0x00000000d66d21b0) 
thrown [s\src\hotspot\share\interpreter\linkResolver.cpp, line 1372]
Event: 31.808 Thread 0x00000299ec86f780 Exception <a 'java/lang/NullPointerException'{0x00000000d560bc80}> (0x00000000d560bc80) 
thrown [s\src\hotspot\share\interpreter\linkResolver.cpp, line 1372]
Event: 31.808 Thread 0x00000299ec86f780 Exception <a 'java/lang/NullPointerException'{0x00000000d560c430}> (0x00000000d560c430) 
thrown [s\src\hotspot\share\interpreter\linkResolver.cpp, line 1372]
Event: 31.808 Thread 0x00000299ec86f780 Exception <a 'java/lang/NullPointerException'{0x00000000d560d308}> (0x00000000d560d308) 
thrown [s\src\hotspot\share\interpreter\linkResolver.cpp, line 1372]
Event: 31.809 Thread 0x00000299ec86f780 Exception <a 'java/lang/NullPointerException'{0x00000000d560f100}> (0x00000000d560f100) 
thrown [s\src\hotspot\share\interpreter\linkResolver.cpp, line 1372]

ZGC Phase Switch (0 events):
No events

VM Operations (20 events):
Event: 31.414 Executing safepoint VM operation: ParallelGCFailedAllocation (Allocation Failure)
Event: 31.416 Executing safepoint VM operation: ParallelGCFailedAllocation (Allocation Failure) done
Event: 31.543 Executing safepoint VM operation: ParallelGCFailedAllocation (Allocation Failure)
Event: 31.545 Executing safepoint VM operation: ParallelGCFailedAllocation (Allocation Failure) done
Event: 31.677 Executing safepoint VM operation: ParallelGCFailedAllocation (Allocation Failure)
Event: 31.680 Executing safepoint VM operation: ParallelGCFailedAllocation (Allocation Failure) done
Event: 31.799 Executing safepoint VM operation: ParallelGCFailedAllocation (Allocation Failure)
Event: 31.800 Executing safepoint VM operation: ParallelGCFailedAllocation (Allocation Failure) done
Event: 33.803 Executing safepoint VM operation: Cleanup
Event: 33.803 Executing safepoint VM operation: Cleanup done
Event: 45.859 Executing safepoint VM operation: Cleanup
Event: 45.859 Executing safepoint VM operation: Cleanup done
Event: 60.244 Executing non-safepoint VM operation: HandshakeAllThreads (HandshakeForDeflation)
Event: 60.244 Executing non-safepoint VM operation: HandshakeAllThreads (HandshakeForDeflation) done
Event: 60.244 Executing non-safepoint VM operation: RendezvousGCThreads
Event: 60.244 Executing non-safepoint VM operation: RendezvousGCThreads done
Event: 120.432 Executing non-safepoint VM operation: HandshakeAllThreads (HandshakeForDeflation)
Event: 120.432 Executing non-safepoint VM operation: HandshakeAllThreads (HandshakeForDeflation) done
Event: 120.432 Executing non-safepoint VM operation: RendezvousGCThreads
Event: 120.432 Executing non-safepoint VM operation: RendezvousGCThreads done

Memory protections (0 events):
No events

Nmethod flushes (20 events):
Event: 22.724 Thread 0x00000299cebcfaa0 flushing  nmethod 0x00000299d259b990
Event: 22.724 Thread 0x00000299cebcfaa0 flushing  nmethod 0x00000299d259bf10
Event: 22.724 Thread 0x00000299cebcfaa0 flushing  nmethod 0x00000299d25cd910
Event: 22.724 Thread 0x00000299cebcfaa0 flushing  nmethod 0x00000299d25e0990
Event: 22.724 Thread 0x00000299cebcfaa0 flushing osr nmethod 0x00000299d2630910
Event: 22.724 Thread 0x00000299cebcfaa0 flushing  nmethod 0x00000299d2639110
Event: 22.724 Thread 0x00000299cebcfaa0 flushing  nmethod 0x00000299d264ad10
Event: 22.724 Thread 0x00000299cebcfaa0 flushing  nmethod 0x00000299d2656810
Event: 22.724 Thread 0x00000299cebcfaa0 flushing osr nmethod 0x00000299d2658510
Event: 22.724 Thread 0x00000299cebcfaa0 flushing  nmethod 0x00000299d265a890
Event: 22.725 Thread 0x00000299cebcfaa0 flushing  nmethod 0x00000299d2665310
Event: 22.725 Thread 0x00000299cebcfaa0 flushing  nmethod 0x00000299d2667d90
Event: 22.725 Thread 0x00000299cebcfaa0 flushing  nmethod 0x00000299d266d590
Event: 22.725 Thread 0x00000299cebcfaa0 flushing  nmethod 0x00000299d2678210
Event: 22.725 Thread 0x00000299cebcfaa0 flushing  nmethod 0x00000299d268b790
Event: 22.725 Thread 0x00000299cebcfaa0 flushing  nmethod 0x00000299d26a3490
Event: 22.725 Thread 0x00000299cebcfaa0 flushing  nmethod 0x00000299d26a3a90
Event: 22.725 Thread 0x00000299cebcfaa0 flushing  nmethod 0x00000299d26a4310
Event: 22.725 Thread 0x00000299cebcfaa0 flushing  nmethod 0x00000299d26a5590
Event: 22.725 Thread 0x00000299cebcfaa0 flushing  nmethod 0x00000299d26b4410

Events (20 events):
Event: 28.482 Thread 0x00000299ef80f0c0 Thread exited: 0x00000299ef80f0c0
Event: 28.758 Thread 0x00000299cebe6d90 Thread added: 0x00000299f072dba0
Event: 28.878 Thread 0x00000299ee328170 Thread added: 0x00000299ef80d680
Event: 28.880 Thread 0x00000299ee328170 Thread added: 0x00000299ef80ea30
Event: 28.880 Thread 0x00000299ee328170 Thread added: 0x00000299ef80dd10
Event: 28.881 Thread 0x00000299ef80dd10 Thread added: 0x00000299ef80e3a0
Event: 28.881 Thread 0x00000299ef80e3a0 Thread added: 0x00000299ef80f0c0
Event: 28.883 Thread 0x00000299ee328170 Thread added: 0x00000299ef80f750
Event: 28.977 Thread 0x00000299ee328170 Thread added: 0x00000299ef80c2d0
Event: 31.485 Thread 0x00000299ef80dd10 Thread added: 0x00000299ed8611f0
Event: 36.994 Thread 0x00000299f072dba0 Thread exited: 0x00000299f072dba0
Event: 40.792 Thread 0x00000299f072e270 Thread exited: 0x00000299f072e270
Event: 82.335 Thread 0x00000299eee1c3e0 Thread exited: 0x00000299eee1c3e0
Event: 82.461 Thread 0x00000299ef33f6a0 Thread exited: 0x00000299ef33f6a0
Event: 89.891 Thread 0x00000299ec86e3d0 Thread exited: 0x00000299ec86e3d0
Event: 90.248 Thread 0x00000299ec86fe10 Thread exited: 0x00000299ec86fe10
Event: 90.248 Thread 0x00000299ec8704a0 Thread exited: 0x00000299ec8704a0
Event: 91.760 Thread 0x00000299ef80dd10 Thread exited: 0x00000299ef80dd10
Event: 142.344 Thread 0x00000299eee1f860 Thread exited: 0x00000299eee1f860
Event: 151.766 Thread 0x00000299ef80ea30 Thread exited: 0x00000299ef80ea30


Dynamic libraries:
0x00007ff7cc8b0000 - 0x00007ff7cc8be000 	c:\Users\Administrator\.vscode\extensions\redhat.java-1.55.0-win32-x64\jre\21.0.11-win32-x86_64\bin\java.exe
0x00007ffa7d440000 - 0x00007ffa7d6a6000 	C:\WINDOWS\SYSTEM32\ntdll.dll
0x00007ffa7bde0000 - 0x00007ffa7bea9000 	C:\WINDOWS\System32\KERNEL32.DLL
0x00007ffa7a970000 - 0x00007ffa7ad6e000 	C:\WINDOWS\System32\KERNELBASE.dll
0x00007ffa7a690000 - 0x00007ffa7a7dc000 	C:\WINDOWS\System32\ucrtbase.dll
0x00007ffa57120000 - 0x00007ffa57138000 	c:\Users\Administrator\.vscode\extensions\redhat.java-1.55.0-win32-x64\jre\21.0.11-win32-x86_64\bin\jli.dll
0x00007ffa7cfe0000 - 0x00007ffa7d1a7000 	C:\WINDOWS\System32\USER32.dll
0x00007ffa7a660000 - 0x00007ffa7a687000 	C:\WINDOWS\System32\win32u.dll
0x00007ffa7cda0000 - 0x00007ffa7cdcb000 	C:\WINDOWS\System32\GDI32.dll
0x00007ffa7afb0000 - 0x00007ffa7b0da000 	C:\WINDOWS\System32\gdi32full.dll
0x00007ffa7ae40000 - 0x00007ffa7aee3000 	C:\WINDOWS\System32\msvcp_win.dll
0x00007ffa40190000 - 0x00007ffa401ae000 	c:\Users\Administrator\.vscode\extensions\redhat.java-1.55.0-win32-x64\jre\21.0.11-win32-x86_64\bin\VCRUNTIME140.dll
0x00007ffa6d780000 - 0x00007ffa6da12000 	C:\WINDOWS\WinSxS\amd64_microsoft.windows.common-controls_6595b64144ccf1df_6.0.26100.8875_none_3e0d5d42e32fe9dd\COMCTL32.dll
0x00007ffa7c670000 - 0x00007ffa7c719000 	C:\WINDOWS\System32\msvcrt.dll
0x00007ffa7b340000 - 0x00007ffa7b372000 	C:\WINDOWS\System32\IMM32.DLL
0x00007ffa753b0000 - 0x00007ffa753bc000 	c:\Users\Administrator\.vscode\extensions\redhat.java-1.55.0-win32-x64\jre\21.0.11-win32-x86_64\bin\vcruntime140_1.dll
0x00007ffa0a8a0000 - 0x00007ffa0a92d000 	c:\Users\Administrator\.vscode\extensions\redhat.java-1.55.0-win32-x64\jre\21.0.11-win32-x86_64\bin\msvcp140.dll
0x00007ff9e1520000 - 0x00007ff9e22c2000 	c:\Users\Administrator\.vscode\extensions\redhat.java-1.55.0-win32-x64\jre\21.0.11-win32-x86_64\bin\server\jvm.dll
0x00007ffa7d2b0000 - 0x00007ffa7d367000 	C:\WINDOWS\System32\ADVAPI32.dll
0x00007ffa7b220000 - 0x00007ffa7b2ca000 	C:\WINDOWS\System32\sechost.dll
0x00007ffa7c720000 - 0x00007ffa7c838000 	C:\WINDOWS\System32\RPCRT4.dll
0x00007ffa7b180000 - 0x00007ffa7b200000 	C:\WINDOWS\System32\WS2_32.dll
0x00007ffa727f0000 - 0x00007ffa72826000 	C:\WINDOWS\SYSTEM32\WINMM.dll
0x00007ffa72830000 - 0x00007ffa7283b000 	C:\WINDOWS\SYSTEM32\VERSION.dll
0x00007ffa7a4e0000 - 0x00007ffa7a53e000 	C:\WINDOWS\SYSTEM32\POWRPROF.dll
0x00007ffa7a4c0000 - 0x00007ffa7a4d4000 	C:\WINDOWS\SYSTEM32\UMPDC.dll
0x00007ffa79300000 - 0x00007ffa7931b000 	C:\WINDOWS\SYSTEM32\kernel.appcore.dll
0x00007ffa6d750000 - 0x00007ffa6d75a000 	c:\Users\Administrator\.vscode\extensions\redhat.java-1.55.0-win32-x64\jre\21.0.11-win32-x86_64\bin\jimage.dll
0x00007ffa77a70000 - 0x00007ffa77cb2000 	C:\WINDOWS\SYSTEM32\DBGHELP.DLL
0x00007ffa7ca10000 - 0x00007ffa7cd93000 	C:\WINDOWS\System32\combase.dll
0x00007ffa7bd00000 - 0x00007ffa7bdd9000 	C:\WINDOWS\System32\OLEAUT32.dll
0x00007ffa54d20000 - 0x00007ffa54d5b000 	C:\WINDOWS\SYSTEM32\dbgcore.DLL
0x00007ffa7aef0000 - 0x00007ffa7af9c000 	C:\WINDOWS\System32\bcryptPrimitives.dll
0x00007ffa6bcb0000 - 0x00007ffa6bcbf000 	c:\Users\Administrator\.vscode\extensions\redhat.java-1.55.0-win32-x64\jre\21.0.11-win32-x86_64\bin\instrument.dll
0x00007ffa3f1a0000 - 0x00007ffa3f1c0000 	c:\Users\Administrator\.vscode\extensions\redhat.java-1.55.0-win32-x64\jre\21.0.11-win32-x86_64\bin\java.dll
0x00007ffa7beb0000 - 0x00007ffa7c642000 	C:\WINDOWS\System32\SHELL32.dll
0x00007ffa780c0000 - 0x00007ffa78952000 	C:\WINDOWS\SYSTEM32\windows.storage.dll
0x00007ffa7b390000 - 0x00007ffa7b487000 	C:\WINDOWS\System32\SHCORE.dll
0x00007ffa7b2d0000 - 0x00007ffa7b337000 	C:\WINDOWS\System32\shlwapi.dll
0x00007ffa7a580000 - 0x00007ffa7a5a9000 	C:\WINDOWS\SYSTEM32\profapi.dll
0x00007ffa3f180000 - 0x00007ffa3f198000 	c:\Users\Administrator\.vscode\extensions\redhat.java-1.55.0-win32-x64\jre\21.0.11-win32-x86_64\bin\zip.dll
0x00007ffa6bc50000 - 0x00007ffa6bc60000 	C:\Users\Administrator\.vscode\extensions\redhat.java-1.55.0-win32-x64\jre\21.0.11-win32-x86_64\bin\net.dll
0x00007ffa72d10000 - 0x00007ffa72e37000 	C:\WINDOWS\SYSTEM32\WINHTTP.dll
0x00007ffa79890000 - 0x00007ffa798fc000 	C:\WINDOWS\system32\mswsock.dll
0x00007ffa38ff0000 - 0x00007ffa39006000 	C:\Users\Administrator\.vscode\extensions\redhat.java-1.55.0-win32-x64\jre\21.0.11-win32-x86_64\bin\nio.dll
0x00007ffa6ba50000 - 0x00007ffa6ba60000 	c:\Users\Administrator\.vscode\extensions\redhat.java-1.55.0-win32-x64\jre\21.0.11-win32-x86_64\bin\verify.dll
0x00007ffa6baf0000 - 0x00007ffa6bb35000 	C:\Users\Administrator\AppData\Roaming\Code\User\globalStorage\redhat.java\1.55.0\config_win\org.eclipse.equinox.launcher\org.eclipse.equinox.launcher.win32.win32.x86_64_1.3.100.v20260613-0559\eclipse_11924.dll
0x00007ffa7ce20000 - 0x00007ffa7cfb9000 	C:\WINDOWS\System32\ole32.dll
0x00007ffa79cc0000 - 0x00007ffa79cdb000 	C:\WINDOWS\SYSTEM32\CRYPTSP.dll
0x00007ffa79260000 - 0x00007ffa79299000 	C:\WINDOWS\system32\rsaenh.dll
0x00007ffa79950000 - 0x00007ffa79982000 	C:\WINDOWS\SYSTEM32\USERENV.dll
0x00007ffa7a550000 - 0x00007ffa7a57a000 	C:\WINDOWS\SYSTEM32\bcrypt.dll
0x00007ffa79c90000 - 0x00007ffa79c9c000 	C:\WINDOWS\SYSTEM32\CRYPTBASE.dll
0x00007ffa78cb0000 - 0x00007ffa78ce3000 	C:\WINDOWS\SYSTEM32\IPHLPAPI.DLL
0x00007ffa7b170000 - 0x00007ffa7b17a000 	C:\WINDOWS\System32\NSI.dll
0x00007ffa62d30000 - 0x00007ffa62d79000 	C:\Users\Administrator\AppData\Local\Temp\jna-146731693\jna11260092438645611511.dll
0x00007ffa7b210000 - 0x00007ffa7b218000 	C:\WINDOWS\System32\PSAPI.DLL
0x00007ffa745e0000 - 0x00007ffa745fd000 	C:\WINDOWS\SYSTEM32\dhcpcsvc6.DLL
0x00007ffa74530000 - 0x00007ffa74555000 	C:\WINDOWS\SYSTEM32\dhcpcsvc.DLL

JVMTI agents:
c:\Users\Administrator\.vscode\extensions\redhat.java-1.55.0-win32-x64\lombok\lombok-1.18.39-4050.jar path:c:\Users\Administrator\.vscode\extensions\redhat.java-1.55.0-win32-x64\jre\21.0.11-win32-x86_64\bin\instrument.dll, loaded, initialized, instrumentlib options:none

dbghelp: loaded successfully - version: 4.0.5 - missing functions: none
symbol engine: initialized successfully - sym options: 0x614 - pdb path: .;c:\Users\Administrator\.vscode\extensions\redhat.java-1.55.0-win32-x64\jre\21.0.11-win32-x86_64\bin;C:\WINDOWS\SYSTEM32;C:\WINDOWS\WinSxS\amd64_microsoft.windows.common-controls_6595b64144ccf1df_6.0.26100.8875_none_3e0d5d42e32fe9dd;c:\Users\Administrator\.vscode\extensions\redhat.java-1.55.0-win32-x64\jre\21.0.11-win32-x86_64\bin\server;C:\Users\Administrator\AppData\Roaming\Code\User\globalStorage\redhat.java\1.55.0\config_win\org.eclipse.equinox.launcher\org.eclipse.equinox.launcher.win32.win32.x86_64_1.3.100.v20260613-0559;C:\Users\Administrator\AppData\Local\Temp\jna-146731693

VM Arguments:
jvm_args: --add-modules=ALL-SYSTEM --add-opens=java.base/java.util=ALL-UNNAMED --add-opens=java.base/java.lang=ALL-UNNAMED --add-opens=java.base/sun.nio.fs=ALL-UNNAMED -Declipse.application=org.eclipse.jdt.ls.core.id1 -Dosgi.bundles.defaultStartLevel=4 -Declipse.product=org.eclipse.jdt.ls.core.product -Djava.import.generatesMetadataFilesAtProjectRoot=false -DDetectVMInstallationsJob.disabled=true -Dfile.encoding=utf8 -XX:+UseParallelGC -XX:GCTimeRatio=4 -XX:AdaptiveSizePolicyWeight=90 -Dsun.zip.disableMemoryMapping=true -Xmx2G -Xms100m -Xlog:disable -javaagent:c:\Users\Administrator\.vscode\extensions\redhat.java-1.55.0-win32-x64\lombok\lombok-1.18.39-4050.jar -XX:+HeapDumpOnOutOfMemoryError -XX:HeapDumpPath=c:\Users\Administrator\AppData\Roaming\Code\User\workspaceStorage\47d38d0315a5049dedd72c8bc73d439b\redhat.java -Daether.dependencyCollector.impl=bf 
java_command: c:\Users\Administrator\.vscode\extensions\redhat.java-1.55.0-win32-x64\server\plugins\org.eclipse.equinox.launcher_1.7.200.v20260619-2039.jar -configuration c:\Users\Administrator\AppData\Roaming\Code\User\globalStorage\redhat.java\1.55.0\config_win -data c:\Users\Administrator\AppData\Roaming\Code\User\workspaceStorage\47d38d0315a5049dedd72c8bc73d439b\redhat.java\jdt_ws --pipe=\\.\pipe\lsp-e5f0693fcb65b42e098e0140e276bc4f-sock
java_class_path (initial): c:\Users\Administrator\.vscode\extensions\redhat.java-1.55.0-win32-x64\server\plugins\org.eclipse.equinox.launcher_1.7.200.v20260619-2039.jar
Launcher Type: SUN_STANDARD

[Global flags]
    uintx AdaptiveSizePolicyWeight                 = 90                                        {product} {command line}
     intx CICompilerCount                          = 4                                         {product} {ergonomic}
    uintx GCTimeRatio                              = 4                                         {product} {command line}
     bool HeapDumpOnOutOfMemoryError               = true                                   {manageable} {command line}
    ccstr HeapDumpPath                             = c:\Users\Administrator\AppData\Roaming\Code\User\workspaceStorage\47d38d0315a5049dedd72c8bc73d439b\redhat.java         {manageable} {command line}
   size_t InitialHeapSize                          = 104857600                                 {product} {command line}
   size_t MaxHeapSize                              = 2147483648                                {product} {command line}
   size_t MaxNewSize                               = 715653120                                 {product} {ergonomic}
   size_t MinHeapDeltaBytes                        = 524288                                    {product} {ergonomic}
   size_t MinHeapSize                              = 104857600                                 {product} {command line}
   size_t NewSize                                  = 34603008                                  {product} {ergonomic}
    uintx NonNMethodCodeHeapSize                   = 5839372                                {pd product} {ergonomic}
    uintx NonProfiledCodeHeapSize                  = 122909434                              {pd product} {ergonomic}
   size_t OldSize                                  = 70254592                                  {product} {ergonomic}
    uintx ProfiledCodeHeapSize                     = 122909434                              {pd product} {ergonomic}
    uintx ReservedCodeCacheSize                    = 251658240                              {pd product} {ergonomic}
     bool SegmentedCodeCache                       = true                                      {product} {ergonomic}
   size_t SoftMaxHeapSize                          = 2147483648                             {manageable} {ergonomic}
     bool UseCompressedOops                        = true                           {product lp64_product} {ergonomic}
     bool UseLargePagesIndividualAllocation        = false                                  {pd product} {ergonomic}
     bool UseParallelGC                            = true                                      {product} {command line}

Logging:
Log output configuration:
 #0: stdout all=off uptime,level,tags foldmultilines=false
 #1: stderr all=off uptime,level,tags foldmultilines=false

Release file:
JAVA_VERSION="21.0.11" 
MODULES="java.base java.compiler java.datatransfer java.xml java.prefs java.desktop java.instrument java.logging java.management java.security.sasl java.naming java.rmi java.management.rmi java.net.http java.scripting java.security.jgss java.transaction.xa java.sql java.sql.rowset java.xml.crypto java.se java.smartcardio jdk.accessibility jdk.internal.jvmstat jdk.attach jdk.charsets jdk.internal.opt jdk.zipfs jdk.compiler jdk.crypto.ec jdk.crypto.cryptoki jdk.crypto.mscapi jdk.dynalink jdk.internal.ed jdk.editpad jdk.hotspot.agent jdk.httpserver jdk.internal.le jdk.internal.vm.ci jdk.internal.vm.compiler jdk.internal.vm.compiler.management jdk.jartool jdk.javadoc jdk.jcmd jdk.management jdk.management.agent jdk.jconsole jdk.jdeps jdk.jdwp.agent jdk.jdi jdk.jfr jdk.jshell jdk.jsobject jdk.jstatd jdk.localedata jdk.management.jfr jdk.naming.dns jdk.naming.rmi jdk.net jdk.nio.mapmode jdk.random jdk.sctp jdk.security.auth jdk.security.jgss jdk.unsupported jdk.unsupported.desktop jdk.xml.dom" 

Environment Variables:
PATH=C:\Program Files\Common Files\Oracle\Java\javapath;C:\WINDOWS\system32;C:\WINDOWS;C:\WINDOWS\System32\Wbem;C:\WINDOWS\System32\WindowsPowerShell\v1.0\;C:\WINDOWS\System32\OpenSSH\;C:\Program Files\nodejs\;C:\Program Files\Git\cmd;C:\Users\Administrator\AppData\Local\Programs\Python\Python313\Scripts\;C:\Users\Administrator\AppData\Local\Programs\Python\Python313\;C:\Users\Administrator\AppData\Local\Programs\Python\Launcher\;C:\Users\Administrator\AppData\Local\Microsoft\WindowsApps;C:\Users\Administrator\AppData\Local\Programs\Microsoft VS Code\bin;C:\Users\Administrator\AppData\Local\GitHubDesktop\bin;C:\Users\Administrator\AppData\Roaming\npm;C:\Users\Administrator\AppData\Local\Programs\Antigravity\bin
USERNAME=Administrator
OS=Windows_NT
PROCESSOR_IDENTIFIER=AMD64 Family 25 Model 80 Stepping 0, AuthenticAMD
TMP=C:\Users\ADMINI~1\AppData\Local\Temp
TEMP=C:\Users\ADMINI~1\AppData\Local\Temp




Periodic native trim disabled

---------------  S Y S T E M  ---------------

OS:
 Windows 11 , 64 bit Build 26100 (10.0.26100.8875)
OS uptime: 2 days 4:46 hours
Hyper-V role detected

CPU: total 12 (initial active 12) (12 cores per cpu, 2 threads per core) family 25 model 80 stepping 0 microcode 0xa500014, cx8, cmov, fxsr, ht, mmx, 3dnowpref, sse, sse2, sse3, ssse3, sse4a, sse4.1, sse4.2, popcnt, lzcnt, tsc, tscinvbit, avx, avx2, aes, erms, clmul, bmi1, bmi2, adx, sha, fma, vzeroupper, clflush, clflushopt, hv, rdtscp, rdpid, fsrm, f16c, cet_ss
Processor Information for processor 0
  Max Mhz: 2301, Current Mhz: 2301, Mhz Limit: 2301
Processor Information for processor 1
  Max Mhz: 2301, Current Mhz: 1990, Mhz Limit: 2301
Processor Information for processor 2
  Max Mhz: 2301, Current Mhz: 1990, Mhz Limit: 2301
Processor Information for processor 3
  Max Mhz: 2301, Current Mhz: 1990, Mhz Limit: 2301
Processor Information for processor 4
  Max Mhz: 2301, Current Mhz: 1990, Mhz Limit: 2301
Processor Information for processor 5
  Max Mhz: 2301, Current Mhz: 1990, Mhz Limit: 2301
Processor Information for processor 6
  Max Mhz: 2301, Current Mhz: 1990, Mhz Limit: 2301
Processor Information for processor 7
  Max Mhz: 2301, Current Mhz: 1990, Mhz Limit: 2301
Processor Information for processor 8
  Max Mhz: 2301, Current Mhz: 1990, Mhz Limit: 2301
Processor Information for processor 9
  Max Mhz: 2301, Current Mhz: 1990, Mhz Limit: 2301
Processor Information for processor 10
  Max Mhz: 2301, Current Mhz: 1990, Mhz Limit: 2301
Processor Information for processor 11
  Max Mhz: 2301, Current Mhz: 1990, Mhz Limit: 2301

Memory: 4k page, system-wide physical 15681M (3661M free)
TotalPageFile size 46088M (AvailPageFile size 5M)
current process WorkingSet (physical memory assigned to process): 348M, peak: 421M
current process commit charge ("private bytes"): 428M, peak: 498M

vm_info: OpenJDK 64-Bit Server VM (21.0.11+10-LTS) for windows-amd64 JRE (21.0.11+10-LTS), built on 2026-04-21T00:00:00Z by "admin" with MS VC++ 17.12 (VS2022)

END.
