#
# There is insufficient memory for the Java Runtime Environment to continue.
# Native memory allocation (malloc) failed to allocate 1564336 bytes. Error detail: Chunk::new
# Possible reasons:
#   The system is out of physical RAM or swap space
#   This process is running with CompressedOops enabled, and the Java Heap may be blocking the growth of the native heap
# Possible solutions:
#   Reduce memory load on the system
#   Increase physical memory or swap space
#   Check if swap backing store is full
#   Decrease Java heap size (-Xmx/-Xms)
#   Decrease number of Java threads
#   Decrease Java thread stack sizes (-Xss)
#   Set larger code cache with -XX:ReservedCodeCacheSize=
#   JVM is running with Unscaled Compressed Oops mode in which the Java heap is
#     placed in the first 4GB address space. The Java Heap base address is the
#     maximum limit for the native heap growth. Please use -XX:HeapBaseMinAddress
#     to set the Java Heap base and to place the Java Heap above 4GB virtual address.
# This output file may be truncated or incomplete.
#
#  Out of Memory Error (arena.cpp:168), pid=3660, tid=2760
#
# JRE version: OpenJDK Runtime Environment Temurin-21.0.11+10 (21.0.11+10) (build 21.0.11+10-LTS)
# Java VM: OpenJDK 64-Bit Server VM Temurin-21.0.11+10 (21.0.11+10-LTS, mixed mode, sharing, tiered, compressed oops, compressed class ptrs, parallel gc, windows-amd64)
# No core dump will be written. Minidumps are not enabled by default on client versions of Windows
#

---------------  S U M M A R Y ------------

Command Line: --add-modules=ALL-SYSTEM --add-opens=java.base/java.util=ALL-UNNAMED --add-opens=java.base/java.lang=ALL-UNNAMED --add-opens=java.base/sun.nio.fs=ALL-UNNAMED -Declipse.application=org.eclipse.jdt.ls.core.id1 -Dosgi.bundles.defaultStartLevel=4 -Declipse.product=org.eclipse.jdt.ls.core.product -Djava.import.generatesMetadataFilesAtProjectRoot=false -DDetectVMInstallationsJob.disabled=true -Dfile.encoding=utf8 -XX:+UseParallelGC -XX:GCTimeRatio=4 -XX:AdaptiveSizePolicyWeight=90 -Dsun.zip.disableMemoryMapping=true -Xmx2G -Xms100m -Xlog:disable -javaagent:c:\Users\Administrator\.vscode\extensions\redhat.java-1.55.0-win32-x64\lombok\lombok-1.18.39-4050.jar -XX:+HeapDumpOnOutOfMemoryError -XX:HeapDumpPath=c:\Users\Administrator\AppData\Roaming\Code\User\workspaceStorage\47d38d0315a5049dedd72c8bc73d439b\redhat.java -Daether.dependencyCollector.impl=bf c:\Users\Administrator\.vscode\extensions\redhat.java-1.55.0-win32-x64\server\plugins\org.eclipse.equinox.launcher_1.7.200.v20260619-2039.jar -configuration c:\Users\Administrator\AppData\Roaming\Code\User\globalStorage\redhat.java\1.55.0\config_win -data c:\Users\Administrator\AppData\Roaming\Code\User\workspaceStorage\47d38d0315a5049dedd72c8bc73d439b\redhat.java\jdt_ws --pipe=\\.\pipe\lsp-8bd498f982a40b5a3b7815bde3c91cf6-sock

Host: AMD Ryzen 5 PRO 5650U with Radeon Graphics     , 12 cores, 15G,  Windows 11 , 64 bit Build 26100 (10.0.26100.8875)
Time: Wed Aug  5 01:07:19 2026 E. Africa Standard Time elapsed time: 16182.010309 seconds (0d 4h 29m 42s)

---------------  T H R E A D  ---------------

Current thread (0x0000014bc609e040):  JavaThread "C2 CompilerThread0" daemon [_thread_in_native, id=2760, stack(0x0000000af8e00000,0x0000000af8f00000) (1024K)]


Current CompileTask:
C2:16182010 15817       4       lombok.eclipse.EclipseAST::buildStatement (57 bytes)

Stack: [0x0000000af8e00000,0x0000000af8f00000]
Native frames: (J=compiled Java code, j=interpreted, Vv=VM code, C=native code)
V  [jvm.dll+0x6d7e19]
V  [jvm.dll+0x8b5096]
V  [jvm.dll+0x8b764e]
V  [jvm.dll+0x8b7d33]
V  [jvm.dll+0x284596]
V  [jvm.dll+0xc685d]
V  [jvm.dll+0xc6da1]
V  [jvm.dll+0x3bed31]
V  [jvm.dll+0x38b2b2]
V  [jvm.dll+0x38a6fa]
V  [jvm.dll+0x24c700]
V  [jvm.dll+0x24bce0]
V  [jvm.dll+0x1cb4ae]
V  [jvm.dll+0x25baad]
V  [jvm.dll+0x25a03a]
V  [jvm.dll+0x3f868e]
V  [jvm.dll+0x85fb0d]
V  [jvm.dll+0x6d664d]
C  [ucrtbase.dll+0x2cd30]
C  [KERNEL32.DLL+0x2e957]
C  [ntdll.dll+0xaad6c]


---------------  P R O C E S S  ---------------

Threads class SMR info:
_java_thread_list=0x0000014be85c6f50, length=45, elements={
0x0000014bc5fec9c0, 0x0000014bc6090190, 0x0000014bc6092920, 0x0000014bc6098d10,
0x0000014bc60999d0, 0x0000014bc609a790, 0x0000014bc609b1f0, 0x0000014bc609e040,
0x0000014bc60a9140, 0x0000014bde107990, 0x0000014bde11df50, 0x0000014bde1aadd0,
0x0000014be36a7f00, 0x0000014be360fd00, 0x0000014be343e260, 0x0000014be3d345e0,
0x0000014be4040680, 0x0000014be3a7c1c0, 0x0000014be3bf6800, 0x0000014be3bf5450,
0x0000014be3bf5ae0, 0x0000014be3bf6170, 0x0000014be327d030, 0x0000014be327e3e0,
0x0000014be327ea70, 0x0000014be327b5f0, 0x0000014be327c310, 0x0000014be327c9a0,
0x0000014be327d6c0, 0x0000014be327bc80, 0x0000014be327f100, 0x0000014be327f790,
0x0000014be327dd50, 0x0000014be3282c10, 0x0000014be32804b0, 0x0000014be3281860,
0x0000014be3bf4730, 0x0000014be8051a30, 0x0000014be804cb70, 0x0000014be7602970,
0x0000014be7603000, 0x0000014be7603d20, 0x0000014be76022e0, 0x0000014be76043b0,
0x0000014be7604a40
}

Java Threads: ( => current thread )
  0x0000014bc5fec9c0 JavaThread "main"                              [_thread_blocked, id=19064, stack(0x0000000af8400000,0x0000000af8500000) (1024K)]
  0x0000014bc6090190 JavaThread "Reference Handler"          daemon [_thread_blocked, id=11260, stack(0x0000000af8800000,0x0000000af8900000) (1024K)]
  0x0000014bc6092920 JavaThread "Finalizer"                  daemon [_thread_blocked, id=27508, stack(0x0000000af8900000,0x0000000af8a00000) (1024K)]
  0x0000014bc6098d10 JavaThread "Signal Dispatcher"          daemon [_thread_blocked, id=3996, stack(0x0000000af8a00000,0x0000000af8b00000) (1024K)]
  0x0000014bc60999d0 JavaThread "Attach Listener"            daemon [_thread_blocked, id=8616, stack(0x0000000af8b00000,0x0000000af8c00000) (1024K)]
  0x0000014bc609a790 JavaThread "Service Thread"             daemon [_thread_blocked, id=19136, stack(0x0000000af8c00000,0x0000000af8d00000) (1024K)]
  0x0000014bc609b1f0 JavaThread "Monitor Deflation Thread"   daemon [_thread_blocked, id=28888, stack(0x0000000af8d00000,0x0000000af8e00000) (1024K)]
=>0x0000014bc609e040 JavaThread "C2 CompilerThread0"         daemon [_thread_in_native, id=2760, stack(0x0000000af8e00000,0x0000000af8f00000) (1024K)]
  0x0000014bc60a9140 JavaThread "C1 CompilerThread0"         daemon [_thread_blocked, id=18680, stack(0x0000000af8f00000,0x0000000af9000000) (1024K)]
  0x0000014bde107990 JavaThread "Common-Cleaner"             daemon [_thread_blocked, id=4232, stack(0x0000000af9100000,0x0000000af9200000) (1024K)]
  0x0000014bde11df50 JavaThread "Notification Thread"        daemon [_thread_blocked, id=28352, stack(0x0000000af9200000,0x0000000af9300000) (1024K)]
  0x0000014bde1aadd0 JavaThread "Active Thread: Equinox Container: 84efd00a-a3b3-4fc7-b186-6d127df2a39d"        [_thread_blocked, id=24880, stack(0x0000000af9a00000,0x0000000af9b00000) (1024K)]
  0x0000014be36a7f00 JavaThread "Refresh Thread: Equinox Container: 84efd00a-a3b3-4fc7-b186-6d127df2a39d" daemon [_thread_blocked, id=14132, stack(0x0000000af9c00000,0x0000000af9d00000) (1024K)]
  0x0000014be360fd00 JavaThread "Framework Event Dispatcher: Equinox Container: 84efd00a-a3b3-4fc7-b186-6d127df2a39d" daemon [_thread_blocked, id=7112, stack(0x0000000af9d00000,0x0000000af9e00000) (1024K)]
  0x0000014be343e260 JavaThread "Start Level: Equinox Container: 84efd00a-a3b3-4fc7-b186-6d127df2a39d" daemon [_thread_blocked, id=28480, stack(0x0000000af9e00000,0x0000000af9f00000) (1024K)]
  0x0000014be3d345e0 JavaThread "Bundle File Closer"         daemon [_thread_blocked, id=13596, stack(0x0000000afa100000,0x0000000afa200000) (1024K)]
  0x0000014be4040680 JavaThread "SCR Component Actor"        daemon [_thread_blocked, id=1492, stack(0x0000000af9000000,0x0000000af9100000) (1024K)]
  0x0000014be3a7c1c0 JavaThread "Worker-JM"                         [_thread_blocked, id=7136, stack(0x0000000afa300000,0x0000000afa400000) (1024K)]
  0x0000014be3bf6800 JavaThread "JNA Cleaner"                daemon [_thread_blocked, id=19436, stack(0x0000000afa400000,0x0000000afa500000) (1024K)]
  0x0000014be3bf5450 JavaThread "Java indexing"              daemon [_thread_blocked, id=30456, stack(0x0000000afa700000,0x0000000afa800000) (1024K)]
  0x0000014be3bf5ae0 JavaThread "Thread-1"                   daemon [_thread_blocked, id=22028, stack(0x0000000afad00000,0x0000000afae00000) (1024K)]
  0x0000014be3bf6170 JavaThread "Thread-2"                   daemon [_thread_in_native, id=28792, stack(0x0000000afae00000,0x0000000afaf00000) (1024K)]
  0x0000014be327d030 JavaThread "Thread-3"                   daemon [_thread_in_native, id=7160, stack(0x0000000afaf00000,0x0000000afb000000) (1024K)]
  0x0000014be327e3e0 JavaThread "Thread-4"                   daemon [_thread_in_native, id=22828, stack(0x0000000afb000000,0x0000000afb100000) (1024K)]
  0x0000014be327ea70 JavaThread "Thread-5"                   daemon [_thread_in_native, id=25812, stack(0x0000000afb100000,0x0000000afb200000) (1024K)]
  0x0000014be327b5f0 JavaThread "Thread-6"                   daemon [_thread_in_native, id=30292, stack(0x0000000afb200000,0x0000000afb300000) (1024K)]
  0x0000014be327c310 JavaThread "Thread-7"                   daemon [_thread_in_native, id=22852, stack(0x0000000afb300000,0x0000000afb400000) (1024K)]
  0x0000014be327c9a0 JavaThread "Thread-8"                   daemon [_thread_in_native, id=17336, stack(0x0000000afb400000,0x0000000afb500000) (1024K)]
  0x0000014be327d6c0 JavaThread "Thread-9"                   daemon [_thread_in_native, id=29376, stack(0x0000000afb500000,0x0000000afb600000) (1024K)]
  0x0000014be327bc80 JavaThread "Thread-10"                  daemon [_thread_in_native, id=9328, stack(0x0000000afb600000,0x0000000afb700000) (1024K)]
  0x0000014be327f100 JavaThread "Thread-11"                  daemon [_thread_in_native, id=6308, stack(0x0000000afb700000,0x0000000afb800000) (1024K)]
  0x0000014be327f790 JavaThread "Thread-12"                  daemon [_thread_in_native, id=25196, stack(0x0000000afb800000,0x0000000afb900000) (1024K)]
  0x0000014be327dd50 JavaThread "Thread-13"                  daemon [_thread_in_native, id=19812, stack(0x0000000afb900000,0x0000000afba00000) (1024K)]
  0x0000014be3282c10 JavaThread "pool-2-thread-1"                   [_thread_blocked, id=3960, stack(0x0000000afba00000,0x0000000afbb00000) (1024K)]
  0x0000014be32804b0 JavaThread "WorkspaceEventsHandler"            [_thread_blocked, id=6176, stack(0x0000000afbb00000,0x0000000afbc00000) (1024K)]
  0x0000014be3281860 JavaThread "pool-1-thread-1"                   [_thread_blocked, id=23024, stack(0x0000000afbc00000,0x0000000afbd00000) (1024K)]
  0x0000014be3bf4730 JavaThread "Cleaner-0"                  daemon [_thread_blocked, id=14320, stack(0x0000000afaa00000,0x0000000afab00000) (1024K)]
  0x0000014be8051a30 JavaThread "Worker-8"                          [_thread_blocked, id=26084, stack(0x0000000afce00000,0x0000000afcf00000) (1024K)]
  0x0000014be804cb70 JavaThread "Worker-14: Publish Diagnostics"        [_thread_blocked, id=12496, stack(0x0000000af8200000,0x0000000af8300000) (1024K)]
  0x0000014be7602970 JavaThread "Worker-17"                         [_thread_blocked, id=13724, stack(0x0000000af8100000,0x0000000af8200000) (1024K)]
  0x0000014be7603000 JavaThread "ForkJoinPool.commonPool-worker-26" daemon [_thread_blocked, id=9228, stack(0x0000000af8300000,0x0000000af8400000) (1024K)]
  0x0000014be7603d20 JavaThread "ForkJoinPool.commonPool-worker-27" daemon [_thread_blocked, id=5416, stack(0x0000000af9300000,0x0000000af9400000) (1024K)]
  0x0000014be76022e0 JavaThread "ForkJoinPool.commonPool-worker-28" daemon [_thread_blocked, id=13080, stack(0x0000000afa200000,0x0000000afa300000) (1024K)]
  0x0000014be76043b0 JavaThread "ForkJoinPool.commonPool-worker-29" daemon [_thread_blocked, id=13372, stack(0x0000000afa500000,0x0000000afa600000) (1024K)]
  0x0000014be7604a40 JavaThread "ForkJoinPool.commonPool-worker-30" daemon [_thread_blocked, id=28732, stack(0x0000000afa600000,0x0000000afa700000) (1024K)]
Total: 45

Other Threads:
  0x0000014bdca82d00 VMThread "VM Thread"                           [id=19172, stack(0x0000000af8700000,0x0000000af8800000) (1024K)]
  0x0000014bdc97ca00 WatcherThread "VM Periodic Task Thread"        [id=12692, stack(0x0000000af8600000,0x0000000af8700000) (1024K)]
  0x0000014bc600ad10 WorkerThread "GC Thread#0"                     [id=28800, stack(0x0000000af8500000,0x0000000af8600000) (1024K)]
  0x0000014be385d020 WorkerThread "GC Thread#1"                     [id=2620, stack(0x0000000af9400000,0x0000000af9500000) (1024K)]
  0x0000014be385d3d0 WorkerThread "GC Thread#2"                     [id=24952, stack(0x0000000af9500000,0x0000000af9600000) (1024K)]
  0x0000014be33fd920 WorkerThread "GC Thread#3"                     [id=22760, stack(0x0000000af9600000,0x0000000af9700000) (1024K)]
  0x0000014be33fdcd0 WorkerThread "GC Thread#4"                     [id=22648, stack(0x0000000af9700000,0x0000000af9800000) (1024K)]
  0x0000014be33fe080 WorkerThread "GC Thread#5"                     [id=19900, stack(0x0000000af9800000,0x0000000af9900000) (1024K)]
  0x0000014be33fe430 WorkerThread "GC Thread#6"                     [id=26300, stack(0x0000000af9900000,0x0000000af9a00000) (1024K)]
  0x0000014be37dd0c0 WorkerThread "GC Thread#7"                     [id=29336, stack(0x0000000af9b00000,0x0000000af9c00000) (1024K)]
  0x0000014be3c11710 WorkerThread "GC Thread#8"                     [id=29064, stack(0x0000000af9f00000,0x0000000afa000000) (1024K)]
  0x0000014be3b41f60 WorkerThread "GC Thread#9"                     [id=19536, stack(0x0000000afa000000,0x0000000afa100000) (1024K)]
Total: 12

Threads with active compile tasks:
C2 CompilerThread0  16182055 15817       4       lombok.eclipse.EclipseAST::buildStatement (57 bytes)
Total: 1

VM state: at safepoint (normal execution)

VM Mutex/Monitor currently owned by a thread:  ([mutex/lock_event])
[0x00007ff9a04ef570] Threads_lock - owner thread: 0x0000014bdca82d00
[0x00007ff9a04ef670] Heap_lock - owner thread: 0x0000014be804cb70
[0x00007ff9a04efaf0] PSOldGenExpand_lock - owner thread: 0x0000014be37dd0c0

Heap address: 0x0000000080000000, size: 2048 MB, Compressed Oops mode: 32-bit

CDS archive(s) mapped at: [0x0000014b80000000-0x0000014b80ba0000-0x0000014b80ba0000), size 12189696, SharedBaseAddress: 0x0000014b80000000, ArchiveRelocationMode: 1.
Compressed class space mapped at: 0x0000014b81000000-0x0000014bc1000000, reserved size: 1073741824
Narrow klass base: 0x0000014b80000000, Narrow klass shift: 0, Narrow klass range: 0x100000000

GC Precious Log:
 CardTable entry size: 512
 CPUs: 12 total, 12 available
 Memory: 15681M
 Large Page Support: Disabled
 NUMA Support: Disabled
 Compressed Oops: Enabled (32-bit)
 Alignments: Space 512K, Generation 512K, Heap 2M
 Heap Min Capacity: 100M
 Heap Initial Capacity: 100M
 Heap Max Capacity: 2G
 Pre-touch: Disabled
 Parallel Workers: 10

Heap:
 PSYoungGen      total 3584K, used 3332K [0x00000000d5580000, 0x00000000d5a80000, 0x0000000100000000)
  eden space 2560K, 100% used [0x00000000d5580000,0x00000000d5800000,0x00000000d5800000)
  from space 1024K, 75% used [0x00000000d5980000,0x00000000d5a41210,0x00000000d5a80000)
  to   space 1024K, 60% used [0x00000000d5880000,0x00000000d591a910,0x00000000d5980000)
 ParOldGen       total 339456K, used 339451K [0x0000000080000000, 0x0000000094b80000, 0x00000000d5580000)
  object space 339456K, 99% used [0x0000000080000000,0x0000000094b7ed08,0x0000000094b80000)
 Metaspace       used 78939K, committed 80960K, reserved 1179648K
  class space    used 8243K, committed 9152K, reserved 1048576K

Card table byte_map: [0x0000014bc59a0000,0x0000014bc5db0000] _byte_map_base: 0x0000014bc55a0000

Marking Bits: (ParMarkBitMap*) 0x00007ff9a04f4460
 Begin Bits: [0x0000014bd84a0000, 0x0000014bda4a0000)
 End Bits:   [0x0000014bda4a0000, 0x0000014bdc4a0000)

Polling page: 0x0000014bc3fd0000

Metaspace:

Usage:
  Non-class:     69.04 MB used.
      Class:      8.05 MB used.
       Both:     77.09 MB used.

Virtual space:
  Non-class space:      128.00 MB reserved,      70.12 MB ( 55%) committed,  2 nodes.
      Class space:        1.00 GB reserved,       8.94 MB ( <1%) committed,  1 nodes.
             Both:        1.12 GB reserved,      79.06 MB (  7%) committed. 

Chunk freelists:
   Non-Class:  9.19 MB
       Class:  6.99 MB
        Both:  16.17 MB

MaxMetaspaceSize: unlimited
CompressedClassSpaceSize: 1.00 GB
Initial GC threshold: 21.00 MB
Current GC threshold: 97.31 MB
CDS: on
 - commit_granule_bytes: 65536.
 - commit_granule_words: 8192.
 - virtual_space_node_default_size: 8388608.
 - enlarge_chunks_in_place: 1.
 - use_allocation_guard: 0.


Internal statistics:

num_allocs_failed_limit: 11.
num_arena_births: 1530.
num_arena_deaths: 22.
num_vsnodes_births: 3.
num_vsnodes_deaths: 0.
num_space_committed: 1265.
num_space_uncommitted: 0.
num_chunks_returned_to_freelist: 36.
num_chunks_taken_from_freelist: 5417.
num_chunk_merges: 19.
num_chunk_splits: 3344.
num_chunks_enlarged: 1888.
num_inconsistent_stats: 0.

CodeHeap 'non-profiled nmethods': size=120000Kb used=13320Kb max_used=13320Kb free=106679Kb
 bounds [0x0000014bd0cc0000, 0x0000014bd19d0000, 0x0000014bd81f0000]
CodeHeap 'profiled nmethods': size=120000Kb used=36249Kb max_used=36249Kb free=83750Kb
 bounds [0x0000014bc91f0000, 0x0000014bcb560000, 0x0000014bd0720000]
CodeHeap 'non-nmethods': size=5760Kb used=1483Kb max_used=1556Kb free=4276Kb
 bounds [0x0000014bd0720000, 0x0000014bd0990000, 0x0000014bd0cc0000]
CodeCache: size=245760Kb, used=51052Kb, max_used=51125Kb, free=194705Kb
 total_blobs=15840, nmethods=15038, adapters=704, full_count=0
Compilation: enabled, stopped_count=0, restarted_count=0

Compilation events (20 events):
Event: 16180.827 Thread 0x0000014bc60a9140 15823       3       org.eclipse.jdt.ls.core.internal.semantictokens.SemanticTokensVisitor::castNodeList (2 bytes)
Event: 16180.828 Thread 0x0000014bc60a9140 nmethod 15823 0x0000014bcb552910 code [0x0000014bcb552aa0, 0x0000014bcb552bb0]
Event: 16180.828 Thread 0x0000014bc60a9140 15824       3       org.eclipse.jdt.ls.core.internal.handlers.InlayHintVisitor::visit (44 bytes)
Event: 16180.830 Thread 0x0000014bc60a9140 nmethod 15824 0x0000014bcb552c90 code [0x0000014bcb552f40, 0x0000014bcb553ad0]
Event: 16180.830 Thread 0x0000014bc60a9140 15825       3       org.eclipse.jdt.internal.core.JavaElement::toStringName (10 bytes)
Event: 16180.831 Thread 0x0000014bc60a9140 nmethod 15825 0x0000014bcb554010 code [0x0000014bcb5541e0, 0x0000014bcb554458]
Event: 16180.835 Thread 0x0000014bc60a9140 15826       3       java.util.concurrent.CopyOnWriteArrayList::iterator (13 bytes)
Event: 16180.836 Thread 0x0000014bc60a9140 nmethod 15826 0x0000014bcb554590 code [0x0000014bcb554740, 0x0000014bcb5549a0]
Event: 16180.836 Thread 0x0000014bc60a9140 15827       3       java.util.concurrent.CopyOnWriteArrayList$COWIterator::<init> (15 bytes)
Event: 16180.836 Thread 0x0000014bc60a9140 nmethod 15827 0x0000014bcb554a90 code [0x0000014bcb554c40, 0x0000014bcb554dc8]
Event: 16180.842 Thread 0x0000014bc60a9140 15828       3       org.eclipse.jdt.core.dom.AbstractTypeDeclaration::resolveBinding (5 bytes)
Event: 16180.843 Thread 0x0000014bc609e040 nmethod 15812 0x0000014bd19c0890 code [0x0000014bd19c0a80, 0x0000014bd19c1710]
Event: 16180.843 Thread 0x0000014bc60a9140 nmethod 15828 0x0000014bcb554e90 code [0x0000014bcb555040, 0x0000014bcb555208]
Event: 16180.843 Thread 0x0000014bc60a9140 15830       3       org.eclipse.jdt.internal.compiler.lookup.SplitPackageBinding::getVisibleFor (141 bytes)
Event: 16180.843 Thread 0x0000014bc609e040 15822       4       org.eclipse.jdt.internal.compiler.lookup.BinaryModuleBinding::getExports (23 bytes)
Event: 16180.844 Thread 0x0000014bc60a9140 nmethod 15830 0x0000014bcb555290 code [0x0000014bcb555500, 0x0000014bcb555f98]
Event: 16180.844 Thread 0x0000014bc60a9140 15829       3       org.eclipse.jdt.core.dom.TypeDeclaration::internalResolveBinding (12 bytes)
Event: 16180.844 Thread 0x0000014bc60a9140 nmethod 15829 0x0000014bcb556210 code [0x0000014bcb5563c0, 0x0000014bcb5565c0]
Event: 16180.847 Thread 0x0000014bc609e040 nmethod 15822 0x0000014bd19c1b10 code [0x0000014bd19c1cc0, 0x0000014bd19c1ed8]
Event: 16180.847 Thread 0x0000014bc609e040 15817       4       lombok.eclipse.EclipseAST::buildStatement (57 bytes)

GC Heap History (20 events):
Event: 10192.503 GC heap after
{Heap after GC invocations=386 (full 3):
 PSYoungGen      total 3072K, used 512K [0x00000000d5580000, 0x00000000d5b00000, 0x0000000100000000)
  eden space 2560K, 0% used [0x00000000d5580000,0x00000000d5580000,0x00000000d5800000)
  from space 512K, 100% used [0x00000000d5a00000,0x00000000d5a80000,0x00000000d5a80000)
  to   space 512K, 0% used [0x00000000d5a80000,0x00000000d5a80000,0x00000000d5b00000)
 ParOldGen       total 336384K, used 336376K [0x0000000080000000, 0x0000000094880000, 0x00000000d5580000)
  object space 336384K, 99% used [0x0000000080000000,0x000000009487e3d0,0x0000000094880000)
 Metaspace       used 78832K, committed 80832K, reserved 1179648K
  class space    used 8243K, committed 9152K, reserved 1048576K
}
Event: 10192.721 GC heap before
{Heap before GC invocations=387 (full 3):
 PSYoungGen      total 3072K, used 3071K [0x00000000d5580000, 0x00000000d5b00000, 0x0000000100000000)
  eden space 2560K, 99% used [0x00000000d5580000,0x00000000d57ffff0,0x00000000d5800000)
  from space 512K, 100% used [0x00000000d5a00000,0x00000000d5a80000,0x00000000d5a80000)
  to   space 512K, 0% used [0x00000000d5a80000,0x00000000d5a80000,0x00000000d5b00000)
 ParOldGen       total 336384K, used 336376K [0x0000000080000000, 0x0000000094880000, 0x00000000d5580000)
  object space 336384K, 99% used [0x0000000080000000,0x000000009487e3d0,0x0000000094880000)
 Metaspace       used 78851K, committed 80832K, reserved 1179648K
  class space    used 8243K, committed 9152K, reserved 1048576K
}
Event: 10192.722 GC heap after
{Heap after GC invocations=387 (full 3):
 PSYoungGen      total 3072K, used 320K [0x00000000d5580000, 0x00000000d5b00000, 0x0000000100000000)
  eden space 2560K, 0% used [0x00000000d5580000,0x00000000d5580000,0x00000000d5800000)
  from space 512K, 62% used [0x00000000d5a80000,0x00000000d5ad0000,0x00000000d5b00000)
  to   space 512K, 0% used [0x00000000d5a00000,0x00000000d5a00000,0x00000000d5a80000)
 ParOldGen       total 336896K, used 336856K [0x0000000080000000, 0x0000000094900000, 0x00000000d5580000)
  object space 336896K, 99% used [0x0000000080000000,0x00000000948f63e0,0x0000000094900000)
 Metaspace       used 78851K, committed 80832K, reserved 1179648K
  class space    used 8243K, committed 9152K, reserved 1048576K
}
Event: 10192.931 GC heap before
{Heap before GC invocations=388 (full 3):
 PSYoungGen      total 3072K, used 2880K [0x00000000d5580000, 0x00000000d5b00000, 0x0000000100000000)
  eden space 2560K, 100% used [0x00000000d5580000,0x00000000d5800000,0x00000000d5800000)
  from space 512K, 62% used [0x00000000d5a80000,0x00000000d5ad0000,0x00000000d5b00000)
  to   space 512K, 0% used [0x00000000d5a00000,0x00000000d5a00000,0x00000000d5a80000)
 ParOldGen       total 336896K, used 336856K [0x0000000080000000, 0x0000000094900000, 0x00000000d5580000)
  object space 336896K, 99% used [0x0000000080000000,0x00000000948f63e0,0x0000000094900000)
 Metaspace       used 78856K, committed 80832K, reserved 1179648K
  class space    used 8243K, committed 9152K, reserved 1048576K
}
Event: 10192.932 GC heap after
{Heap after GC invocations=388 (full 3):
 PSYoungGen      total 3072K, used 484K [0x00000000d5580000, 0x00000000d5b00000, 0x0000000100000000)
  eden space 2560K, 0% used [0x00000000d5580000,0x00000000d5580000,0x00000000d5800000)
  from space 512K, 94% used [0x00000000d5a00000,0x00000000d5a79210,0x00000000d5a80000)
  to   space 512K, 0% used [0x00000000d5a80000,0x00000000d5a80000,0x00000000d5b00000)
 ParOldGen       total 337408K, used 337096K [0x0000000080000000, 0x0000000094980000, 0x00000000d5580000)
  object space 337408K, 99% used [0x0000000080000000,0x00000000949323e0,0x0000000094980000)
 Metaspace       used 78856K, committed 80832K, reserved 1179648K
  class space    used 8243K, committed 9152K, reserved 1048576K
}
Event: 10192.940 GC heap before
{Heap before GC invocations=389 (full 3):
 PSYoungGen      total 3072K, used 3044K [0x00000000d5580000, 0x00000000d5b00000, 0x0000000100000000)
  eden space 2560K, 100% used [0x00000000d5580000,0x00000000d5800000,0x00000000d5800000)
  from space 512K, 94% used [0x00000000d5a00000,0x00000000d5a79210,0x00000000d5a80000)
  to   space 512K, 0% used [0x00000000d5a80000,0x00000000d5a80000,0x00000000d5b00000)
 ParOldGen       total 337408K, used 337096K [0x0000000080000000, 0x0000000094980000, 0x00000000d5580000)
  object space 337408K, 99% used [0x0000000080000000,0x00000000949323e0,0x0000000094980000)
 Metaspace       used 78857K, committed 80832K, reserved 1179648K
  class space    used 8243K, committed 9152K, reserved 1048576K
}
Event: 10192.941 GC heap after
{Heap after GC invocations=389 (full 3):
 PSYoungGen      total 3072K, used 500K [0x00000000d5580000, 0x00000000d5b00000, 0x0000000100000000)
  eden space 2560K, 0% used [0x00000000d5580000,0x00000000d5580000,0x00000000d5800000)
  from space 512K, 97% used [0x00000000d5a80000,0x00000000d5afd200,0x00000000d5b00000)
  to   space 1536K, 0% used [0x00000000d5800000,0x00000000d5800000,0x00000000d5980000)
 ParOldGen       total 337920K, used 337765K [0x0000000080000000, 0x0000000094a00000, 0x00000000d5580000)
  object space 337920K, 99% used [0x0000000080000000,0x00000000949d9600,0x0000000094a00000)
 Metaspace       used 78857K, committed 80832K, reserved 1179648K
  class space    used 8243K, committed 9152K, reserved 1048576K
}
Event: 10301.015 GC heap before
{Heap before GC invocations=390 (full 3):
 PSYoungGen      total 3072K, used 3060K [0x00000000d5580000, 0x00000000d5b00000, 0x0000000100000000)
  eden space 2560K, 100% used [0x00000000d5580000,0x00000000d5800000,0x00000000d5800000)
  from space 512K, 97% used [0x00000000d5a80000,0x00000000d5afd200,0x00000000d5b00000)
  to   space 1536K, 0% used [0x00000000d5800000,0x00000000d5800000,0x00000000d5980000)
 ParOldGen       total 337920K, used 337765K [0x0000000080000000, 0x0000000094a00000, 0x00000000d5580000)
  object space 337920K, 99% used [0x0000000080000000,0x00000000949d9600,0x0000000094a00000)
 Metaspace       used 78869K, committed 80832K, reserved 1179648K
  class space    used 8243K, committed 9152K, reserved 1048576K
}
Event: 10301.016 GC heap after
{Heap after GC invocations=390 (full 3):
 PSYoungGen      total 4096K, used 410K [0x00000000d5580000, 0x00000000d5b00000, 0x0000000100000000)
  eden space 2560K, 0% used [0x00000000d5580000,0x00000000d5580000,0x00000000d5800000)
  from space 1536K, 26% used [0x00000000d5800000,0x00000000d5866920,0x00000000d5980000)
  to   space 1024K, 0% used [0x00000000d5a00000,0x00000000d5a00000,0x00000000d5b00000)
 ParOldGen       total 338432K, used 338258K [0x0000000080000000, 0x0000000094a80000, 0x00000000d5580000)
  object space 338432K, 99% used [0x0000000080000000,0x0000000094a54800,0x0000000094a80000)
 Metaspace       used 78869K, committed 80832K, reserved 1179648K
  class space    used 8243K, committed 9152K, reserved 1048576K
}
Event: 15384.487 GC heap before
{Heap before GC invocations=391 (full 3):
 PSYoungGen      total 4096K, used 2970K [0x00000000d5580000, 0x00000000d5b00000, 0x0000000100000000)
  eden space 2560K, 100% used [0x00000000d5580000,0x00000000d5800000,0x00000000d5800000)
  from space 1536K, 26% used [0x00000000d5800000,0x00000000d5866920,0x00000000d5980000)
  to   space 1024K, 0% used [0x00000000d5a00000,0x00000000d5a00000,0x00000000d5b00000)
 ParOldGen       total 338432K, used 338258K [0x0000000080000000, 0x0000000094a80000, 0x00000000d5580000)
  object space 338432K, 99% used [0x0000000080000000,0x0000000094a54800,0x0000000094a80000)
 Metaspace       used 78882K, committed 80896K, reserved 1179648K
  class space    used 8243K, committed 9152K, reserved 1048576K
}
Event: 15384.495 GC heap after
{Heap after GC invocations=391 (full 3):
 PSYoungGen      total 3072K, used 192K [0x00000000d5580000, 0x00000000d5a80000, 0x0000000100000000)
  eden space 2560K, 0% used [0x00000000d5580000,0x00000000d5580000,0x00000000d5800000)
  from space 512K, 37% used [0x00000000d5a00000,0x00000000d5a30000,0x00000000d5a80000)
  to   space 512K, 0% used [0x00000000d5980000,0x00000000d5980000,0x00000000d5a00000)
 ParOldGen       total 338432K, used 338394K [0x0000000080000000, 0x0000000094a80000, 0x00000000d5580000)
  object space 338432K, 99% used [0x0000000080000000,0x0000000094a76820,0x0000000094a80000)
 Metaspace       used 78882K, committed 80896K, reserved 1179648K
  class space    used 8243K, committed 9152K, reserved 1048576K
}
Event: 16180.629 GC heap before
{Heap before GC invocations=392 (full 3):
 PSYoungGen      total 3072K, used 2751K [0x00000000d5580000, 0x00000000d5a80000, 0x0000000100000000)
  eden space 2560K, 99% used [0x00000000d5580000,0x00000000d57fffa0,0x00000000d5800000)
  from space 512K, 37% used [0x00000000d5a00000,0x00000000d5a30000,0x00000000d5a80000)
  to   space 512K, 0% used [0x00000000d5980000,0x00000000d5980000,0x00000000d5a00000)
 ParOldGen       total 338432K, used 338394K [0x0000000080000000, 0x0000000094a80000, 0x00000000d5580000)
  object space 338432K, 99% used [0x0000000080000000,0x0000000094a76820,0x0000000094a80000)
 Metaspace       used 78913K, committed 80960K, reserved 1179648K
  class space    used 8243K, committed 9152K, reserved 1048576K
}
Event: 16180.632 GC heap after
{Heap after GC invocations=392 (full 3):
 PSYoungGen      total 3072K, used 320K [0x00000000d5580000, 0x00000000d5a80000, 0x0000000100000000)
  eden space 2560K, 0% used [0x00000000d5580000,0x00000000d5580000,0x00000000d5800000)
  from space 512K, 62% used [0x00000000d5980000,0x00000000d59d0000,0x00000000d5a00000)
  to   space 512K, 0% used [0x00000000d5a00000,0x00000000d5a00000,0x00000000d5a80000)
 ParOldGen       total 338432K, used 338418K [0x0000000080000000, 0x0000000094a80000, 0x00000000d5580000)
  object space 338432K, 99% used [0x0000000080000000,0x0000000094a7c820,0x0000000094a80000)
 Metaspace       used 78913K, committed 80960K, reserved 1179648K
  class space    used 8243K, committed 9152K, reserved 1048576K
}
Event: 16180.662 GC heap before
{Heap before GC invocations=393 (full 3):
 PSYoungGen      total 3072K, used 2880K [0x00000000d5580000, 0x00000000d5a80000, 0x0000000100000000)
  eden space 2560K, 100% used [0x00000000d5580000,0x00000000d5800000,0x00000000d5800000)
  from space 512K, 62% used [0x00000000d5980000,0x00000000d59d0000,0x00000000d5a00000)
  to   space 512K, 0% used [0x00000000d5a00000,0x00000000d5a00000,0x00000000d5a80000)
 ParOldGen       total 338432K, used 338418K [0x0000000080000000, 0x0000000094a80000, 0x00000000d5580000)
  object space 338432K, 99% used [0x0000000080000000,0x0000000094a7c820,0x0000000094a80000)
 Metaspace       used 78913K, committed 80960K, reserved 1179648K
  class space    used 8243K, committed 9152K, reserved 1048576K
}
Event: 16180.665 GC heap after
{Heap after GC invocations=393 (full 3):
 PSYoungGen      total 3072K, used 500K [0x00000000d5580000, 0x00000000d5a80000, 0x0000000100000000)
  eden space 2560K, 0% used [0x00000000d5580000,0x00000000d5580000,0x00000000d5800000)
  from space 512K, 97% used [0x00000000d5a00000,0x00000000d5a7d220,0x00000000d5a80000)
  to   space 1024K, 0% used [0x00000000d5880000,0x00000000d5880000,0x00000000d5980000)
 ParOldGen       total 338944K, used 338598K [0x0000000080000000, 0x0000000094b00000, 0x00000000d5580000)
  object space 338944K, 99% used [0x0000000080000000,0x0000000094aa9ab8,0x0000000094b00000)
 Metaspace       used 78913K, committed 80960K, reserved 1179648K
  class space    used 8243K, committed 9152K, reserved 1048576K
}
Event: 16180.785 GC heap before
{Heap before GC invocations=394 (full 3):
 PSYoungGen      total 3072K, used 3060K [0x00000000d5580000, 0x00000000d5a80000, 0x0000000100000000)
  eden space 2560K, 99% used [0x00000000d5580000,0x00000000d57fffa8,0x00000000d5800000)
  from space 512K, 97% used [0x00000000d5a00000,0x00000000d5a7d220,0x00000000d5a80000)
  to   space 1024K, 0% used [0x00000000d5880000,0x00000000d5880000,0x00000000d5980000)
 ParOldGen       total 338944K, used 338598K [0x0000000080000000, 0x0000000094b00000, 0x00000000d5580000)
  object space 338944K, 99% used [0x0000000080000000,0x0000000094aa9ab8,0x0000000094b00000)
 Metaspace       used 78918K, committed 80960K, reserved 1179648K
  class space    used 8243K, committed 9152K, reserved 1048576K
}
Event: 16180.789 GC heap after
{Heap after GC invocations=394 (full 3):
 PSYoungGen      total 3584K, used 624K [0x00000000d5580000, 0x00000000d5a80000, 0x0000000100000000)
  eden space 2560K, 0% used [0x00000000d5580000,0x00000000d5580000,0x00000000d5800000)
  from space 1024K, 60% used [0x00000000d5880000,0x00000000d591c030,0x00000000d5980000)
  to   space 1024K, 0% used [0x00000000d5980000,0x00000000d5980000,0x00000000d5a80000)
 ParOldGen       total 339456K, used 339019K [0x0000000080000000, 0x0000000094b80000, 0x00000000d5580000)
  object space 339456K, 99% used [0x0000000080000000,0x0000000094b12ce8,0x0000000094b80000)
 Metaspace       used 78918K, committed 80960K, reserved 1179648K
  class space    used 8243K, committed 9152K, reserved 1048576K
}
Event: 16180.812 GC heap before
{Heap before GC invocations=395 (full 3):
 PSYoungGen      total 3584K, used 3184K [0x00000000d5580000, 0x00000000d5a80000, 0x0000000100000000)
  eden space 2560K, 100% used [0x00000000d5580000,0x00000000d5800000,0x00000000d5800000)
  from space 1024K, 60% used [0x00000000d5880000,0x00000000d591c030,0x00000000d5980000)
  to   space 1024K, 0% used [0x00000000d5980000,0x00000000d5980000,0x00000000d5a80000)
 ParOldGen       total 339456K, used 339019K [0x0000000080000000, 0x0000000094b80000, 0x00000000d5580000)
  object space 339456K, 99% used [0x0000000080000000,0x0000000094b12ce8,0x0000000094b80000)
 Metaspace       used 78935K, committed 80960K, reserved 1179648K
  class space    used 8243K, committed 9152K, reserved 1048576K
}
Event: 16180.815 GC heap after
{Heap after GC invocations=395 (full 3):
 PSYoungGen      total 3584K, used 772K [0x00000000d5580000, 0x00000000d5a80000, 0x0000000100000000)
  eden space 2560K, 0% used [0x00000000d5580000,0x00000000d5580000,0x00000000d5800000)
  from space 1024K, 75% used [0x00000000d5980000,0x00000000d5a41210,0x00000000d5a80000)
  to   space 1024K, 0% used [0x00000000d5880000,0x00000000d5880000,0x00000000d5980000)
 ParOldGen       total 339456K, used 339427K [0x0000000080000000, 0x0000000094b80000, 0x00000000d5580000)
  object space 339456K, 99% used [0x0000000080000000,0x0000000094b78d08,0x0000000094b80000)
 Metaspace       used 78935K, committed 80960K, reserved 1179648K
  class space    used 8243K, committed 9152K, reserved 1048576K
}
Event: 16181.091 GC heap before
{Heap before GC invocations=396 (full 3):
 PSYoungGen      total 3584K, used 3332K [0x00000000d5580000, 0x00000000d5a80000, 0x0000000100000000)
  eden space 2560K, 100% used [0x00000000d5580000,0x00000000d5800000,0x00000000d5800000)
  from space 1024K, 75% used [0x00000000d5980000,0x00000000d5a41210,0x00000000d5a80000)
  to   space 1024K, 0% used [0x00000000d5880000,0x00000000d5880000,0x00000000d5980000)
 ParOldGen       total 339456K, used 339427K [0x0000000080000000, 0x0000000094b80000, 0x00000000d5580000)
  object space 339456K, 99% used [0x0000000080000000,0x0000000094b78d08,0x0000000094b80000)
 Metaspace       used 78939K, committed 80960K, reserved 1179648K
  class space    used 8243K, committed 9152K, reserved 1048576K
}

Dll operation events (10 events):
Event: 0.015 Loaded shared library c:\Users\Administrator\.vscode\extensions\redhat.java-1.55.0-win32-x64\jre\21.0.11-win32-x86_64\bin\java.dll
Event: 0.105 Loaded shared library c:\Users\Administrator\.vscode\extensions\redhat.java-1.55.0-win32-x64\jre\21.0.11-win32-x86_64\bin\zip.dll
Event: 0.134 Loaded shared library C:\Users\Administrator\.vscode\extensions\redhat.java-1.55.0-win32-x64\jre\21.0.11-win32-x86_64\bin\instrument.dll
Event: 0.140 Loaded shared library C:\Users\Administrator\.vscode\extensions\redhat.java-1.55.0-win32-x64\jre\21.0.11-win32-x86_64\bin\net.dll
Event: 0.143 Loaded shared library C:\Users\Administrator\.vscode\extensions\redhat.java-1.55.0-win32-x64\jre\21.0.11-win32-x86_64\bin\nio.dll
Event: 0.147 Loaded shared library C:\Users\Administrator\.vscode\extensions\redhat.java-1.55.0-win32-x64\jre\21.0.11-win32-x86_64\bin\zip.dll
Event: 0.170 Loaded shared library C:\Users\Administrator\.vscode\extensions\redhat.java-1.55.0-win32-x64\jre\21.0.11-win32-x86_64\bin\jimage.dll
Event: 0.260 Loaded shared library c:\Users\Administrator\.vscode\extensions\redhat.java-1.55.0-win32-x64\jre\21.0.11-win32-x86_64\bin\verify.dll
Event: 1.310 Loaded shared library C:\Users\Administrator\AppData\Roaming\Code\User\globalStorage\redhat.java\1.55.0\config_win\org.eclipse.equinox.launcher\org.eclipse.equinox.launcher.win32.win32.x86_64_1.3.100.v20260613-0559\eclipse_11924.dll
Event: 4.533 Loaded shared library C:\Users\Administrator\AppData\Local\Temp\jna-146731693\jna173495579173181854.dll

Deoptimization events (20 events):
Event: 2701.657 Thread 0x0000014be8051a30 DEOPT PACKING pc=0x0000014bd18fe320 sp=0x0000000afcefe8a0
Event: 2701.657 Thread 0x0000014be8051a30 DEOPT UNPACKING pc=0x0000014bd0773aa2 sp=0x0000000afcefe820 mode 2
Event: 2701.882 Thread 0x0000014be804d890 Uncommon trap: trap_request=0xffffffc6 fr.pc=0x0000014bd185fa78 relative=0x0000000000000838
Event: 2701.882 Thread 0x0000014be804d890 Uncommon trap: reason=bimorphic_or_optimized_type_check action=maybe_recompile pc=0x0000014bd185fa78 method=org.eclipse.jdt.internal.compiler.parser.Parser.consumeRule(I)V @ 6872 c2
Event: 2701.882 Thread 0x0000014be804d890 DEOPT PACKING pc=0x0000014bd185fa78 sp=0x0000000af93fe790
Event: 2701.882 Thread 0x0000014be804d890 DEOPT UNPACKING pc=0x0000014bd0773aa2 sp=0x0000000af93fe710 mode 2
Event: 2701.947 Thread 0x0000014be804d890 Uncommon trap: trap_request=0xffffffc6 fr.pc=0x0000014bd185fa78 relative=0x0000000000000838
Event: 2701.948 Thread 0x0000014be804d890 Uncommon trap: reason=bimorphic_or_optimized_type_check action=maybe_recompile pc=0x0000014bd185fa78 method=org.eclipse.jdt.internal.compiler.parser.Parser.consumeRule(I)V @ 6872 c2
Event: 2701.948 Thread 0x0000014be804d890 DEOPT PACKING pc=0x0000014bd185fa78 sp=0x0000000af93fe530
Event: 2701.948 Thread 0x0000014be804d890 DEOPT UNPACKING pc=0x0000014bd0773aa2 sp=0x0000000af93fe4b0 mode 2
Event: 2701.952 Thread 0x0000014be804d890 Uncommon trap: trap_request=0xffffffc6 fr.pc=0x0000014bd16a7dcc relative=0x00000000000007ac
Event: 2701.952 Thread 0x0000014be804d890 Uncommon trap: reason=bimorphic_or_optimized_type_check action=maybe_recompile pc=0x0000014bd16a7dcc method=org.eclipse.jdt.internal.compiler.util.SimpleSet.add(Ljava/lang/Object;)Ljava/lang/Object; @ 7 c2
Event: 2701.952 Thread 0x0000014be804d890 DEOPT PACKING pc=0x0000014bd16a7dcc sp=0x0000000af93fe3f0
Event: 2701.952 Thread 0x0000014be804d890 DEOPT UNPACKING pc=0x0000014bd0773aa2 sp=0x0000000af93fe398 mode 2
Event: 2714.520 Thread 0x0000014be804d890 DEOPT PACKING pc=0x0000014bca41d3a4 sp=0x0000000af93fedd0
Event: 2714.520 Thread 0x0000014be804d890 DEOPT UNPACKING pc=0x0000014bd0774242 sp=0x0000000af93fe1f8 mode 0
Event: 2741.830 Thread 0x0000014be8052750 Uncommon trap: trap_request=0xffffffe4 fr.pc=0x0000014bd16d5ffc relative=0x000000000000031c
Event: 2741.830 Thread 0x0000014be8052750 Uncommon trap: reason=range_check action=make_not_entrant pc=0x0000014bd16d5ffc method=org.eclipse.jdt.internal.compiler.parser.Scanner.pushLineSeparator()V @ 104 c2
Event: 2741.830 Thread 0x0000014be8052750 DEOPT PACKING pc=0x0000014bd16d5ffc sp=0x0000000afa8feaf0
Event: 2741.830 Thread 0x0000014be8052750 DEOPT UNPACKING pc=0x0000014bd0773aa2 sp=0x0000000afa8fea90 mode 2

Classes loaded (20 events):
Event: 540.859 Loading class java/util/stream/Nodes$AbstractConcNode done
Event: 540.859 Loading class java/util/stream/Nodes$ConcNode done
Event: 540.887 Loading class java/io/ObjectOutputStream$BlockDataOutputStream
Event: 540.888 Loading class java/io/ObjectOutputStream$BlockDataOutputStream done
Event: 540.888 Loading class java/io/ObjectOutputStream$HandleTable
Event: 540.888 Loading class java/io/ObjectOutputStream$HandleTable done
Event: 540.888 Loading class java/io/ObjectOutputStream$ReplaceTable
Event: 540.888 Loading class java/io/ObjectOutputStream$ReplaceTable done
Event: 1154.523 Loading class jdk/internal/module/IllegalAccessLogger
Event: 1154.523 Loading class jdk/internal/module/IllegalAccessLogger done
Event: 2393.642 Loading class java/util/concurrent/ConcurrentHashMap$TreeNode
Event: 2393.648 Loading class java/util/concurrent/ConcurrentHashMap$TreeNode done
Event: 2393.648 Loading class java/util/concurrent/ConcurrentHashMap$TreeBin
Event: 2393.648 Loading class java/util/concurrent/ConcurrentHashMap$TreeBin done
Event: 2436.346 Loading class java/util/function/IntPredicate
Event: 2436.347 Loading class java/util/function/IntPredicate done
Event: 2436.359 Loading class java/util/regex/Pattern$Bound
Event: 2436.359 Loading class java/util/regex/Pattern$Bound done
Event: 2437.914 Loading class java/lang/StringLatin1$LinesSpliterator
Event: 2437.914 Loading class java/lang/StringLatin1$LinesSpliterator done

Classes unloaded (11 events):
Event: 4.972 Thread 0x0000014bdca82d00 Unloading class 0x0000014b811aac00 'java/lang/invoke/LambdaForm$MH+0x0000014b811aac00'
Event: 4.972 Thread 0x0000014bdca82d00 Unloading class 0x0000014b811aa800 'java/lang/invoke/LambdaForm$MH+0x0000014b811aa800'
Event: 4.972 Thread 0x0000014bdca82d00 Unloading class 0x0000014b811aa400 'java/lang/invoke/LambdaForm$MH+0x0000014b811aa400'
Event: 4.972 Thread 0x0000014bdca82d00 Unloading class 0x0000014b811aa000 'java/lang/invoke/LambdaForm$MH+0x0000014b811aa000'
Event: 4.972 Thread 0x0000014bdca82d00 Unloading class 0x0000014b811a9c00 'java/lang/invoke/LambdaForm$BMH+0x0000014b811a9c00'
Event: 4.972 Thread 0x0000014bdca82d00 Unloading class 0x0000014b811a9800 'java/lang/invoke/LambdaForm$DMH+0x0000014b811a9800'
Event: 4.972 Thread 0x0000014bdca82d00 Unloading class 0x0000014b811a8400 'java/lang/invoke/LambdaForm$DMH+0x0000014b811a8400'
Event: 12.617 Thread 0x0000014bdca82d00 Unloading class 0x0000014b8162d400 'java/lang/invoke/LambdaForm$DMH+0x0000014b8162d400'
Event: 12.617 Thread 0x0000014bdca82d00 Unloading class 0x0000014b8162d000 'java/lang/invoke/LambdaForm$DMH+0x0000014b8162d000'
Event: 12.617 Thread 0x0000014bdca82d00 Unloading class 0x0000014b8162cc00 'java/lang/invoke/LambdaForm$DMH+0x0000014b8162cc00'
Event: 12.617 Thread 0x0000014bdca82d00 Unloading class 0x0000014b8162c800 'java/lang/invoke/LambdaForm$DMH+0x0000014b8162c800'

Classes redefined (0 events):
No events

Internal exceptions (20 events):
Event: 1154.347 Thread 0x0000014be3281860 Exception <a 'java/lang/NullPointerException'{0x00000000d55bb800}> (0x00000000d55bb800) 
thrown [s\src\hotspot\share\interpreter\linkResolver.cpp, line 1372]
Event: 1154.347 Thread 0x0000014be3281860 Exception <a 'java/lang/NullPointerException'{0x00000000d55bca98}> (0x00000000d55bca98) 
thrown [s\src\hotspot\share\interpreter\linkResolver.cpp, line 1372]
Event: 1154.367 Thread 0x0000014be3bf5450 Exception <a 'sun/nio/fs/WindowsException'{0x00000000d5605c80}> (0x00000000d5605c80) 
thrown [s\src\hotspot\share\prims\jni.cpp, line 520]
Event: 1154.525 Thread 0x0000014be804d890 Exception <a 'java/lang/NullPointerException'{0x00000000d57bb5d0}> (0x00000000d57bb5d0) 
thrown [s\src\hotspot\share\interpreter\linkResolver.cpp, line 1372]
Event: 1154.525 Thread 0x0000014be804d890 Exception <a 'java/lang/NullPointerException'{0x00000000d57bc310}> (0x00000000d57bc310) 
thrown [s\src\hotspot\share\interpreter\linkResolver.cpp, line 1372]
Event: 1154.729 Thread 0x0000014be3bf5450 Exception <a 'sun/nio/fs/WindowsException'{0x00000000d56e3cd0}> (0x00000000d56e3cd0) 
thrown [s\src\hotspot\share\prims\jni.cpp, line 520]
Event: 1154.734 Thread 0x0000014be3bf5450 Exception <a 'java/lang/NullPointerException'{0x00000000d5856810}> (0x00000000d5856810) 
thrown [s\src\hotspot\share\interpreter\linkResolver.cpp, line 1372]
Event: 1154.734 Thread 0x0000014be3bf5450 Exception <a 'java/lang/NullPointerException'{0x00000000d5857588}> (0x00000000d5857588) 
thrown [s\src\hotspot\share\interpreter\linkResolver.cpp, line 1372]
Event: 1154.735 Thread 0x0000014be3bf5450 Exception <a 'java/lang/NullPointerException'{0x00000000d587ea10}> (0x00000000d587ea10) 
thrown [s\src\hotspot\share\interpreter\linkResolver.cpp, line 1372]
Event: 1154.735 Thread 0x0000014be3bf5450 Exception <a 'java/lang/NullPointerException'{0x00000000d587f750}> (0x00000000d587f750) 
thrown [s\src\hotspot\share\interpreter\linkResolver.cpp, line 1372]
Event: 1454.328 Thread 0x0000014be80520c0 Exception <a 'sun/nio/fs/WindowsException'{0x00000000d566b5f8}> (0x00000000d566b5f8) 
thrown [s\src\hotspot\share\prims\jni.cpp, line 520]
Event: 1454.328 Thread 0x0000014be80520c0 Exception <a 'sun/nio/fs/WindowsException'{0x00000000d566c3a8}> (0x00000000d566c3a8) 
thrown [s\src\hotspot\share\prims\jni.cpp, line 520]
Event: 2369.483 Thread 0x0000014be804e5b0 Implicit null exception at 0x0000014bd17276fe to 0x0000014bd17279c0
Event: 2369.484 Thread 0x0000014be804e5b0 Implicit null exception at 0x0000014bd15a03a0 to 0x0000014bd15a05c0
Event: 2392.940 Thread 0x0000014be804f960 Implicit null exception at 0x0000014bd165207a to 0x0000014bd1655578
Event: 2436.347 Thread 0x0000014be804fff0 Exception <a 'java/lang/NoSuchMethodError'{0x00000000d55be2d8}: 'int java.lang.invoke.DirectMethodHandle$Holder.invokeStaticInit(java.lang.Object, int)'> (0x00000000d55be2d8) 
thrown [s\src\hotspot\share\interpreter\linkResolver.cpp, line 773]
Event: 2437.573 Thread 0x0000014be804fff0 Implicit null exception at 0x0000014bd125835a to 0x0000014bd12583b3
Event: 2437.900 Thread 0x0000014be804fff0 Exception <a 'java/lang/NoSuchMethodError'{0x00000000d567e0e8}: 'int java.lang.invoke.DirectMethodHandle$Holder.invokeSpecialIFC(java.lang.Object, java.lang.Object, int)'> (0x00000000d567e0e8) 
thrown [s\src\hotspot\share\interpreter\linkResolver.cpp, line 773]
Event: 2741.830 Thread 0x0000014be8052750 Exception <a 'java/lang/ArrayIndexOutOfBoundsException'{0x00000000d56f2d68}: Index 605 out of bounds for length 604> (0x00000000d56f2d68) 
thrown [s\src\hotspot\share\interpreter\interpreterRuntime.cpp, line 439]
Event: 8671.463 Thread 0x0000014be3281860 Exception <a 'java/lang/IncompatibleClassChangeError'{0x00000000d56bbd08}: Found class java.lang.Object, but interface was expected> (0x00000000d56bbd08) 
thrown [s\src\hotspot\share\interpreter\linkResolver.cpp, line 840]

ZGC Phase Switch (0 events):
No events

VM Operations (20 events):
Event: 15974.462 Executing non-safepoint VM operation: HandshakeAllThreads (HandshakeForDeflation) done
Event: 15974.462 Executing non-safepoint VM operation: RendezvousGCThreads
Event: 15974.462 Executing non-safepoint VM operation: RendezvousGCThreads done
Event: 16094.796 Executing non-safepoint VM operation: HandshakeAllThreads (HandshakeForDeflation)
Event: 16094.796 Executing non-safepoint VM operation: HandshakeAllThreads (HandshakeForDeflation) done
Event: 16094.797 Executing non-safepoint VM operation: RendezvousGCThreads
Event: 16094.797 Executing non-safepoint VM operation: RendezvousGCThreads done
Event: 16154.940 Executing non-safepoint VM operation: HandshakeAllThreads (HandshakeForDeflation)
Event: 16154.940 Executing non-safepoint VM operation: HandshakeAllThreads (HandshakeForDeflation) done
Event: 16154.940 Executing non-safepoint VM operation: RendezvousGCThreads
Event: 16154.940 Executing non-safepoint VM operation: RendezvousGCThreads done
Event: 16180.629 Executing safepoint VM operation: ParallelGCFailedAllocation (Allocation Failure)
Event: 16180.632 Executing safepoint VM operation: ParallelGCFailedAllocation (Allocation Failure) done
Event: 16180.662 Executing safepoint VM operation: ParallelGCFailedAllocation (Allocation Failure)
Event: 16180.665 Executing safepoint VM operation: ParallelGCFailedAllocation (Allocation Failure) done
Event: 16180.785 Executing safepoint VM operation: ParallelGCFailedAllocation (Allocation Failure)
Event: 16180.789 Executing safepoint VM operation: ParallelGCFailedAllocation (Allocation Failure) done
Event: 16180.812 Executing safepoint VM operation: ParallelGCFailedAllocation (Allocation Failure)
Event: 16180.815 Executing safepoint VM operation: ParallelGCFailedAllocation (Allocation Failure) done
Event: 16181.091 Executing safepoint VM operation: ParallelGCFailedAllocation (Allocation Failure)

Memory protections (0 events):
No events

Nmethod flushes (20 events):
Event: 12.637 Thread 0x0000014bdca82d00 flushing  nmethod 0x0000014bc9a7a510
Event: 12.637 Thread 0x0000014bdca82d00 flushing  nmethod 0x0000014bc9a93b90
Event: 12.637 Thread 0x0000014bdca82d00 flushing  nmethod 0x0000014bc9a94410
Event: 12.637 Thread 0x0000014bdca82d00 flushing  nmethod 0x0000014bc9a94a10
Event: 12.637 Thread 0x0000014bdca82d00 flushing  nmethod 0x0000014bc9a95110
Event: 12.637 Thread 0x0000014bdca82d00 flushing  nmethod 0x0000014bc9a96f10
Event: 12.637 Thread 0x0000014bdca82d00 flushing  nmethod 0x0000014bc9aa6310
Event: 12.637 Thread 0x0000014bdca82d00 flushing  nmethod 0x0000014bc9ab9e90
Event: 12.637 Thread 0x0000014bdca82d00 flushing  nmethod 0x0000014bc9ade890
Event: 12.637 Thread 0x0000014bdca82d00 flushing  nmethod 0x0000014bc9b1bc90
Event: 12.637 Thread 0x0000014bdca82d00 flushing  nmethod 0x0000014bc9b1d790
Event: 12.637 Thread 0x0000014bdca82d00 flushing  nmethod 0x0000014bc9b1f090
Event: 12.637 Thread 0x0000014bdca82d00 flushing  nmethod 0x0000014bc9b22410
Event: 12.637 Thread 0x0000014bdca82d00 flushing  nmethod 0x0000014bc9b22790
Event: 12.637 Thread 0x0000014bdca82d00 flushing  nmethod 0x0000014bc9b29310
Event: 12.637 Thread 0x0000014bdca82d00 flushing  nmethod 0x0000014bc9b2ab90
Event: 12.637 Thread 0x0000014bdca82d00 flushing  nmethod 0x0000014bc9b2b310
Event: 12.637 Thread 0x0000014bdca82d00 flushing  nmethod 0x0000014bc9b2b690
Event: 12.637 Thread 0x0000014bdca82d00 flushing  nmethod 0x0000014bc9b2d890
Event: 12.637 Thread 0x0000014bdca82d00 flushing  nmethod 0x0000014bc9b3a290

Events (20 events):
Event: 10188.695 Thread 0x0000014be3281860 Thread added: 0x0000014be804d890
Event: 10188.695 Thread 0x0000014be3281860 Thread added: 0x0000014be80520c0
Event: 10188.696 Thread 0x0000014be3281860 Thread added: 0x0000014be8054190
Event: 10192.401 Thread 0x0000014be8050d10 Thread added: 0x0000014be76043b0
Event: 10192.468 Thread 0x0000014be3281860 Thread added: 0x0000014be7604a40
Event: 10192.511 Thread 0x0000014bc60a9140 Thread added: 0x0000014be8509e70
Event: 10192.724 Thread 0x0000014be8509e70 Thread exited: 0x0000014be8509e70
Event: 10252.929 Thread 0x0000014be76043b0 Thread exited: 0x0000014be76043b0
Event: 10252.929 Thread 0x0000014be8050d10 Thread exited: 0x0000014be8050d10
Event: 10254.033 Thread 0x0000014be7604a40 Thread exited: 0x0000014be7604a40
Event: 10361.023 Thread 0x0000014be8054190 Thread exited: 0x0000014be8054190
Event: 10421.025 Thread 0x0000014be804f960 Thread exited: 0x0000014be804f960
Event: 10481.033 Thread 0x0000014be80520c0 Thread exited: 0x0000014be80520c0
Event: 10541.048 Thread 0x0000014be804d890 Thread exited: 0x0000014be804d890
Event: 16180.596 Thread 0x0000014be3281860 Thread added: 0x0000014be7602970
Event: 16180.601 Thread 0x0000014be3281860 Thread added: 0x0000014be7603000
Event: 16180.614 Thread 0x0000014be3281860 Thread added: 0x0000014be7603d20
Event: 16180.615 Thread 0x0000014be7603d20 Thread added: 0x0000014be76022e0
Event: 16180.735 Thread 0x0000014be3281860 Thread added: 0x0000014be76043b0
Event: 16180.780 Thread 0x0000014be3281860 Thread added: 0x0000014be7604a40


Dynamic libraries:
0x00007ff6a2300000 - 0x00007ff6a230e000 	c:\Users\Administrator\.vscode\extensions\redhat.java-1.55.0-win32-x64\jre\21.0.11-win32-x86_64\bin\java.exe
0x00007ffa7d440000 - 0x00007ffa7d6a6000 	C:\WINDOWS\SYSTEM32\ntdll.dll
0x00007ffa7bde0000 - 0x00007ffa7bea9000 	C:\WINDOWS\System32\KERNEL32.DLL
0x00007ffa7a970000 - 0x00007ffa7ad6e000 	C:\WINDOWS\System32\KERNELBASE.dll
0x00007ffa7a690000 - 0x00007ffa7a7dc000 	C:\WINDOWS\System32\ucrtbase.dll
0x00007ffa4ab70000 - 0x00007ffa4ab88000 	c:\Users\Administrator\.vscode\extensions\redhat.java-1.55.0-win32-x64\jre\21.0.11-win32-x86_64\bin\jli.dll
0x00007ffa7cfe0000 - 0x00007ffa7d1a7000 	C:\WINDOWS\System32\USER32.dll
0x00007ffa7a660000 - 0x00007ffa7a687000 	C:\WINDOWS\System32\win32u.dll
0x00007ffa7cda0000 - 0x00007ffa7cdcb000 	C:\WINDOWS\System32\GDI32.dll
0x00007ffa7afb0000 - 0x00007ffa7b0da000 	C:\WINDOWS\System32\gdi32full.dll
0x00007ffa7ae40000 - 0x00007ffa7aee3000 	C:\WINDOWS\System32\msvcp_win.dll
0x00007ffa494a0000 - 0x00007ffa494be000 	c:\Users\Administrator\.vscode\extensions\redhat.java-1.55.0-win32-x64\jre\21.0.11-win32-x86_64\bin\VCRUNTIME140.dll
0x00007ffa6d780000 - 0x00007ffa6da12000 	C:\WINDOWS\WinSxS\amd64_microsoft.windows.common-controls_6595b64144ccf1df_6.0.26100.8875_none_3e0d5d42e32fe9dd\COMCTL32.dll
0x00007ffa7c670000 - 0x00007ffa7c719000 	C:\WINDOWS\System32\msvcrt.dll
0x00007ffa7b340000 - 0x00007ffa7b372000 	C:\WINDOWS\System32\IMM32.DLL
0x00007ffa78020000 - 0x00007ffa7802c000 	c:\Users\Administrator\.vscode\extensions\redhat.java-1.55.0-win32-x64\jre\21.0.11-win32-x86_64\bin\vcruntime140_1.dll
0x00007ff9eb6a0000 - 0x00007ff9eb72d000 	c:\Users\Administrator\.vscode\extensions\redhat.java-1.55.0-win32-x64\jre\21.0.11-win32-x86_64\bin\msvcp140.dll
0x00007ff99f830000 - 0x00007ff9a05d2000 	c:\Users\Administrator\.vscode\extensions\redhat.java-1.55.0-win32-x64\jre\21.0.11-win32-x86_64\bin\server\jvm.dll
0x00007ffa7d2b0000 - 0x00007ffa7d367000 	C:\WINDOWS\System32\ADVAPI32.dll
0x00007ffa7b220000 - 0x00007ffa7b2ca000 	C:\WINDOWS\System32\sechost.dll
0x00007ffa7c720000 - 0x00007ffa7c838000 	C:\WINDOWS\System32\RPCRT4.dll
0x00007ffa7b180000 - 0x00007ffa7b200000 	C:\WINDOWS\System32\WS2_32.dll
0x00007ffa72830000 - 0x00007ffa7283b000 	C:\WINDOWS\SYSTEM32\VERSION.dll
0x00007ffa727f0000 - 0x00007ffa72826000 	C:\WINDOWS\SYSTEM32\WINMM.dll
0x00007ffa7a4e0000 - 0x00007ffa7a53e000 	C:\WINDOWS\SYSTEM32\POWRPROF.dll
0x00007ffa7a4c0000 - 0x00007ffa7a4d4000 	C:\WINDOWS\SYSTEM32\UMPDC.dll
0x00007ffa79300000 - 0x00007ffa7931b000 	C:\WINDOWS\SYSTEM32\kernel.appcore.dll
0x00007ffa77ef0000 - 0x00007ffa77efa000 	c:\Users\Administrator\.vscode\extensions\redhat.java-1.55.0-win32-x64\jre\21.0.11-win32-x86_64\bin\jimage.dll
0x00007ffa77a70000 - 0x00007ffa77cb2000 	C:\WINDOWS\SYSTEM32\DBGHELP.DLL
0x00007ffa7ca10000 - 0x00007ffa7cd93000 	C:\WINDOWS\System32\combase.dll
0x00007ffa7bd00000 - 0x00007ffa7bdd9000 	C:\WINDOWS\System32\OLEAUT32.dll
0x00007ffa54d20000 - 0x00007ffa54d5b000 	C:\WINDOWS\SYSTEM32\dbgcore.DLL
0x00007ffa7aef0000 - 0x00007ffa7af9c000 	C:\WINDOWS\System32\bcryptPrimitives.dll
0x00007ffa753b0000 - 0x00007ffa753bf000 	c:\Users\Administrator\.vscode\extensions\redhat.java-1.55.0-win32-x64\jre\21.0.11-win32-x86_64\bin\instrument.dll
0x00007ffa3c690000 - 0x00007ffa3c6b0000 	c:\Users\Administrator\.vscode\extensions\redhat.java-1.55.0-win32-x64\jre\21.0.11-win32-x86_64\bin\java.dll
0x00007ffa7beb0000 - 0x00007ffa7c642000 	C:\WINDOWS\System32\SHELL32.dll
0x00007ffa780c0000 - 0x00007ffa78952000 	C:\WINDOWS\SYSTEM32\windows.storage.dll
0x00007ffa7b390000 - 0x00007ffa7b487000 	C:\WINDOWS\System32\SHCORE.dll
0x00007ffa7b2d0000 - 0x00007ffa7b337000 	C:\WINDOWS\System32\shlwapi.dll
0x00007ffa7a580000 - 0x00007ffa7a5a9000 	C:\WINDOWS\SYSTEM32\profapi.dll
0x00007ffa3c5b0000 - 0x00007ffa3c5c8000 	c:\Users\Administrator\.vscode\extensions\redhat.java-1.55.0-win32-x64\jre\21.0.11-win32-x86_64\bin\zip.dll
0x00007ffa73ea0000 - 0x00007ffa73eb0000 	C:\Users\Administrator\.vscode\extensions\redhat.java-1.55.0-win32-x64\jre\21.0.11-win32-x86_64\bin\net.dll
0x00007ffa72d10000 - 0x00007ffa72e37000 	C:\WINDOWS\SYSTEM32\WINHTTP.dll
0x00007ffa79890000 - 0x00007ffa798fc000 	C:\WINDOWS\system32\mswsock.dll
0x00007ffa38980000 - 0x00007ffa38996000 	C:\Users\Administrator\.vscode\extensions\redhat.java-1.55.0-win32-x64\jre\21.0.11-win32-x86_64\bin\nio.dll
0x00007ffa5a910000 - 0x00007ffa5a920000 	c:\Users\Administrator\.vscode\extensions\redhat.java-1.55.0-win32-x64\jre\21.0.11-win32-x86_64\bin\verify.dll
0x00007ff9f1440000 - 0x00007ff9f1485000 	C:\Users\Administrator\AppData\Roaming\Code\User\globalStorage\redhat.java\1.55.0\config_win\org.eclipse.equinox.launcher\org.eclipse.equinox.launcher.win32.win32.x86_64_1.3.100.v20260613-0559\eclipse_11924.dll
0x00007ffa7ce20000 - 0x00007ffa7cfb9000 	C:\WINDOWS\System32\ole32.dll
0x00007ffa79cc0000 - 0x00007ffa79cdb000 	C:\WINDOWS\SYSTEM32\CRYPTSP.dll
0x00007ffa79260000 - 0x00007ffa79299000 	C:\WINDOWS\system32\rsaenh.dll
0x00007ffa79950000 - 0x00007ffa79982000 	C:\WINDOWS\SYSTEM32\USERENV.dll
0x00007ffa7a550000 - 0x00007ffa7a57a000 	C:\WINDOWS\SYSTEM32\bcrypt.dll
0x00007ffa79c90000 - 0x00007ffa79c9c000 	C:\WINDOWS\SYSTEM32\CRYPTBASE.dll
0x00007ffa78cb0000 - 0x00007ffa78ce3000 	C:\WINDOWS\SYSTEM32\IPHLPAPI.DLL
0x00007ffa7b170000 - 0x00007ffa7b17a000 	C:\WINDOWS\System32\NSI.dll
0x00007ff9f13a0000 - 0x00007ff9f13e9000 	C:\Users\Administrator\AppData\Local\Temp\jna-146731693\jna173495579173181854.dll
0x00007ffa7b210000 - 0x00007ffa7b218000 	C:\WINDOWS\System32\PSAPI.DLL
0x00007ffa745e0000 - 0x00007ffa745fd000 	C:\WINDOWS\SYSTEM32\dhcpcsvc6.DLL
0x00007ffa74530000 - 0x00007ffa74555000 	C:\WINDOWS\SYSTEM32\dhcpcsvc.DLL

JVMTI agents:
c:\Users\Administrator\.vscode\extensions\redhat.java-1.55.0-win32-x64\lombok\lombok-1.18.39-4050.jar path:c:\Users\Administrator\.vscode\extensions\redhat.java-1.55.0-win32-x64\jre\21.0.11-win32-x86_64\bin\instrument.dll, loaded, initialized, instrumentlib options:none

dbghelp: loaded successfully - version: 4.0.5 - missing functions: none
symbol engine: initialized successfully - sym options: 0x614 - pdb path: .;c:\Users\Administrator\.vscode\extensions\redhat.java-1.55.0-win32-x64\jre\21.0.11-win32-x86_64\bin;C:\WINDOWS\SYSTEM32;C:\WINDOWS\WinSxS\amd64_microsoft.windows.common-controls_6595b64144ccf1df_6.0.26100.8875_none_3e0d5d42e32fe9dd;c:\Users\Administrator\.vscode\extensions\redhat.java-1.55.0-win32-x64\jre\21.0.11-win32-x86_64\bin\server;C:\Users\Administrator\AppData\Roaming\Code\User\globalStorage\redhat.java\1.55.0\config_win\org.eclipse.equinox.launcher\org.eclipse.equinox.launcher.win32.win32.x86_64_1.3.100.v20260613-0559;C:\Users\Administrator\AppData\Local\Temp\jna-146731693

VM Arguments:
jvm_args: --add-modules=ALL-SYSTEM --add-opens=java.base/java.util=ALL-UNNAMED --add-opens=java.base/java.lang=ALL-UNNAMED --add-opens=java.base/sun.nio.fs=ALL-UNNAMED -Declipse.application=org.eclipse.jdt.ls.core.id1 -Dosgi.bundles.defaultStartLevel=4 -Declipse.product=org.eclipse.jdt.ls.core.product -Djava.import.generatesMetadataFilesAtProjectRoot=false -DDetectVMInstallationsJob.disabled=true -Dfile.encoding=utf8 -XX:+UseParallelGC -XX:GCTimeRatio=4 -XX:AdaptiveSizePolicyWeight=90 -Dsun.zip.disableMemoryMapping=true -Xmx2G -Xms100m -Xlog:disable -javaagent:c:\Users\Administrator\.vscode\extensions\redhat.java-1.55.0-win32-x64\lombok\lombok-1.18.39-4050.jar -XX:+HeapDumpOnOutOfMemoryError -XX:HeapDumpPath=c:\Users\Administrator\AppData\Roaming\Code\User\workspaceStorage\47d38d0315a5049dedd72c8bc73d439b\redhat.java -Daether.dependencyCollector.impl=bf 
java_command: c:\Users\Administrator\.vscode\extensions\redhat.java-1.55.0-win32-x64\server\plugins\org.eclipse.equinox.launcher_1.7.200.v20260619-2039.jar -configuration c:\Users\Administrator\AppData\Roaming\Code\User\globalStorage\redhat.java\1.55.0\config_win -data c:\Users\Administrator\AppData\Roaming\Code\User\workspaceStorage\47d38d0315a5049dedd72c8bc73d439b\redhat.java\jdt_ws --pipe=\\.\pipe\lsp-8bd498f982a40b5a3b7815bde3c91cf6-sock
java_class_path (initial): c:\Users\Administrator\.vscode\extensions\redhat.java-1.55.0-win32-x64\server\plugins\org.eclipse.equinox.launcher_1.7.200.v20260619-2039.jar
Launcher Type: SUN_STANDARD

[Global flags]
    uintx AdaptiveSizePolicyWeight                 = 90                                        {product} {command line}
     intx CICompilerCount                          = 4                                         {product} {ergonomic}
    uintx GCTimeRatio                              = 4                                         {product} {command line}
     bool HeapDumpOnOutOfMemoryError               = true                                   {manageable} {command line}
    ccstr HeapDumpPath                             = c:\Users\Administrator\AppData\Roaming\Code\User\workspaceStorage\47d38d0315a5049dedd72c8bc73d439b\redhat.java         {manageable} {command line}
   size_t InitialHeapSize                          = 104857600                                 {product} {command line}
   size_t MaxHeapSize                              = 2147483648                                {product} {command line}
   size_t MaxNewSize                               = 715653120                                 {product} {ergonomic}
   size_t MinHeapDeltaBytes                        = 524288                                    {product} {ergonomic}
   size_t MinHeapSize                              = 104857600                                 {product} {command line}
   size_t NewSize                                  = 34603008                                  {product} {ergonomic}
    uintx NonNMethodCodeHeapSize                   = 5839372                                {pd product} {ergonomic}
    uintx NonProfiledCodeHeapSize                  = 122909434                              {pd product} {ergonomic}
   size_t OldSize                                  = 70254592                                  {product} {ergonomic}
    uintx ProfiledCodeHeapSize                     = 122909434                              {pd product} {ergonomic}
    uintx ReservedCodeCacheSize                    = 251658240                              {pd product} {ergonomic}
     bool SegmentedCodeCache                       = true                                      {product} {ergonomic}
   size_t SoftMaxHeapSize                          = 2147483648                             {manageable} {ergonomic}
     bool UseCompressedOops                        = true                           {product lp64_product} {ergonomic}
     bool UseLargePagesIndividualAllocation        = false                                  {pd product} {ergonomic}
     bool UseParallelGC                            = true                                      {product} {command line}

Logging:
Log output configuration:
 #0: stdout all=off uptime,level,tags foldmultilines=false
 #1: stderr all=off uptime,level,tags foldmultilines=false

Release file:
JAVA_VERSION="21.0.11" 
MODULES="java.base java.compiler java.datatransfer java.xml java.prefs java.desktop java.instrument java.logging java.management java.security.sasl java.naming java.rmi java.management.rmi java.net.http java.scripting java.security.jgss java.transaction.xa java.sql java.sql.rowset java.xml.crypto java.se java.smartcardio jdk.accessibility jdk.internal.jvmstat jdk.attach jdk.charsets jdk.internal.opt jdk.zipfs jdk.compiler jdk.crypto.ec jdk.crypto.cryptoki jdk.crypto.mscapi jdk.dynalink jdk.internal.ed jdk.editpad jdk.hotspot.agent jdk.httpserver jdk.internal.le jdk.internal.vm.ci jdk.internal.vm.compiler jdk.internal.vm.compiler.management jdk.jartool jdk.javadoc jdk.jcmd jdk.management jdk.management.agent jdk.jconsole jdk.jdeps jdk.jdwp.agent jdk.jdi jdk.jfr jdk.jshell jdk.jsobject jdk.jstatd jdk.localedata jdk.management.jfr jdk.naming.dns jdk.naming.rmi jdk.net jdk.nio.mapmode jdk.random jdk.sctp jdk.security.auth jdk.security.jgss jdk.unsupported jdk.unsupported.desktop jdk.xml.dom" 

Environment Variables:
PATH=C:\Program Files\Common Files\Oracle\Java\javapath;C:\WINDOWS\system32;C:\WINDOWS;C:\WINDOWS\System32\Wbem;C:\WINDOWS\System32\WindowsPowerShell\v1.0\;C:\WINDOWS\System32\OpenSSH\;C:\Program Files\nodejs\;C:\Program Files\Git\cmd;C:\Users\Administrator\AppData\Local\Programs\Python\Python313\Scripts\;C:\Users\Administrator\AppData\Local\Programs\Python\Python313\;C:\Users\Administrator\AppData\Local\Programs\Python\Launcher\;C:\Users\Administrator\AppData\Local\Microsoft\WindowsApps;C:\Users\Administrator\AppData\Local\Programs\Microsoft VS Code\bin;C:\Users\Administrator\AppData\Local\GitHubDesktop\bin;C:\Users\Administrator\AppData\Roaming\npm;C:\Users\Administrator\AppData\Local\Programs\Antigravity\bin
USERNAME=Administrator
OS=Windows_NT
PROCESSOR_IDENTIFIER=AMD64 Family 25 Model 80 Stepping 0, AuthenticAMD
TMP=C:\Users\ADMINI~1\AppData\Local\Temp
TEMP=C:\Users\ADMINI~1\AppData\Local\Temp




Periodic native trim disabled

---------------  S Y S T E M  ---------------

OS:
 Windows 11 , 64 bit Build 26100 (10.0.26100.8875)
OS uptime: 0 days 16:28 hours
Hyper-V role detected

CPU: total 12 (initial active 12) (12 cores per cpu, 2 threads per core) family 25 model 80 stepping 0 microcode 0xa500014, cx8, cmov, fxsr, ht, mmx, 3dnowpref, sse, sse2, sse3, ssse3, sse4a, sse4.1, sse4.2, popcnt, lzcnt, tsc, tscinvbit, avx, avx2, aes, erms, clmul, bmi1, bmi2, adx, sha, fma, vzeroupper, clflush, clflushopt, hv, rdtscp, rdpid, fsrm, f16c, cet_ss
Processor Information for processor 0
  Max Mhz: 2301, Current Mhz: 1783, Mhz Limit: 2301
Processor Information for processor 1
  Max Mhz: 2301, Current Mhz: 1783, Mhz Limit: 2301
Processor Information for processor 2
  Max Mhz: 2301, Current Mhz: 2301, Mhz Limit: 2301
Processor Information for processor 3
  Max Mhz: 2301, Current Mhz: 2301, Mhz Limit: 2301
Processor Information for processor 4
  Max Mhz: 2301, Current Mhz: 2301, Mhz Limit: 2301
Processor Information for processor 5
  Max Mhz: 2301, Current Mhz: 1783, Mhz Limit: 2301
Processor Information for processor 6
  Max Mhz: 2301, Current Mhz: 2301, Mhz Limit: 2301
Processor Information for processor 7
  Max Mhz: 2301, Current Mhz: 1783, Mhz Limit: 2301
Processor Information for processor 8
  Max Mhz: 2301, Current Mhz: 2301, Mhz Limit: 2301
Processor Information for processor 9
  Max Mhz: 2301, Current Mhz: 1783, Mhz Limit: 2301
Processor Information for processor 10
  Max Mhz: 2301, Current Mhz: 1783, Mhz Limit: 2301
Processor Information for processor 11
  Max Mhz: 2301, Current Mhz: 1783, Mhz Limit: 2301

Memory: 4k page, system-wide physical 15681M (2888M free)
TotalPageFile size 46088M (AvailPageFile size 0M)
current process WorkingSet (physical memory assigned to process): 151M, peak: 508M
current process commit charge ("private bytes"): 684M, peak: 685M

vm_info: OpenJDK 64-Bit Server VM (21.0.11+10-LTS) for windows-amd64 JRE (21.0.11+10-LTS), built on 2026-04-21T00:00:00Z by "admin" with MS VC++ 17.12 (VS2022)

END.
