#
# There is insufficient memory for the Java Runtime Environment to continue.
# Native memory allocation (malloc) failed to allocate 1861392 bytes. Error detail: Chunk::new
# Possible reasons:
#   The system is out of physical RAM or swap space
#   This process is running with CompressedOops enabled, and the Java Heap may be blocking the growth of the native heap
# Possible solutions:
#   Reduce memory load on the system
#   Increase physical memory or swap space
#   Check if swap backing store is full
#   Decrease Java heap size (-Xmx/-Xms)
#   Decrease number of Java threads
#   Decrease Java thread stack sizes (-Xss)
#   Set larger code cache with -XX:ReservedCodeCacheSize=
#   JVM is running with Unscaled Compressed Oops mode in which the Java heap is
#     placed in the first 4GB address space. The Java Heap base address is the
#     maximum limit for the native heap growth. Please use -XX:HeapBaseMinAddress
#     to set the Java Heap base and to place the Java Heap above 4GB virtual address.
# This output file may be truncated or incomplete.
#
#  Out of Memory Error (arena.cpp:168), pid=17820, tid=13084
#
# JRE version: OpenJDK Runtime Environment Temurin-21.0.11+10 (21.0.11+10) (build 21.0.11+10-LTS)
# Java VM: OpenJDK 64-Bit Server VM Temurin-21.0.11+10 (21.0.11+10-LTS, mixed mode, sharing, tiered, compressed oops, compressed class ptrs, parallel gc, windows-amd64)
# No core dump will be written. Minidumps are not enabled by default on client versions of Windows
#

---------------  S U M M A R Y ------------

Command Line: --add-modules=ALL-SYSTEM --add-opens=java.base/java.util=ALL-UNNAMED --add-opens=java.base/java.lang=ALL-UNNAMED --add-opens=java.base/sun.nio.fs=ALL-UNNAMED -Declipse.application=org.eclipse.jdt.ls.core.id1 -Dosgi.bundles.defaultStartLevel=4 -Declipse.product=org.eclipse.jdt.ls.core.product -Djava.import.generatesMetadataFilesAtProjectRoot=false -DDetectVMInstallationsJob.disabled=true -Dfile.encoding=utf8 -XX:+UseParallelGC -XX:GCTimeRatio=4 -XX:AdaptiveSizePolicyWeight=90 -Dsun.zip.disableMemoryMapping=true -Xmx2G -Xms100m -Xlog:disable -javaagent:c:\Users\Administrator\.vscode\extensions\redhat.java-1.55.0-win32-x64\lombok\lombok-1.18.39-4050.jar -XX:+HeapDumpOnOutOfMemoryError -XX:HeapDumpPath=c:\Users\Administrator\AppData\Roaming\Code\User\workspaceStorage\47d38d0315a5049dedd72c8bc73d439b\redhat.java -Daether.dependencyCollector.impl=bf c:\Users\Administrator\.vscode\extensions\redhat.java-1.55.0-win32-x64\server\plugins\org.eclipse.equinox.launcher_1.7.200.v20260619-2039.jar -configuration c:\Users\Administrator\AppData\Roaming\Code\User\globalStorage\redhat.java\1.55.0\config_win -data c:\Users\Administrator\AppData\Roaming\Code\User\workspaceStorage\47d38d0315a5049dedd72c8bc73d439b\redhat.java\jdt_ws --pipe=\\.\pipe\lsp-adf7be09988624432a0c14e0c1f8264e-sock

Host: AMD Ryzen 5 PRO 5650U with Radeon Graphics     , 12 cores, 15G,  Windows 11 , 64 bit Build 26100 (10.0.26100.8875)
Time: Thu Aug  6 13:26:36 2026 E. Africa Standard Time elapsed time: 12.313883 seconds (0d 0h 0m 12s)

---------------  T H R E A D  ---------------

Current thread (0x000002a6fc2139c0):  JavaThread "C2 CompilerThread2" daemon [_thread_in_native, id=13084, stack(0x000000fa48200000,0x000000fa48300000) (1024K)]


Current CompileTask:
C2:12313 4256   !   4       org.eclipse.osgi.internal.loader.classpath.ClasspathManager::findClassImpl (328 bytes)

Stack: [0x000000fa48200000,0x000000fa48300000]
Native frames: (J=compiled Java code, j=interpreted, Vv=VM code, C=native code)
V  [jvm.dll+0x6d7e19]
V  [jvm.dll+0x8b5096]
V  [jvm.dll+0x8b764e]
V  [jvm.dll+0x8b7d33]
V  [jvm.dll+0x284596]
V  [jvm.dll+0xc685d]
V  [jvm.dll+0xc6da1]
V  [jvm.dll+0x3bed6b]
V  [jvm.dll+0x38b2b2]
V  [jvm.dll+0x38a6fa]
V  [jvm.dll+0x24c700]
V  [jvm.dll+0x24bce0]
V  [jvm.dll+0x1cb4ae]
V  [jvm.dll+0x25baad]
V  [jvm.dll+0x25a03a]
V  [jvm.dll+0x3f868e]
V  [jvm.dll+0x85fb0d]
V  [jvm.dll+0x6d664d]
C  [ucrtbase.dll+0x2cd30]
C  [KERNEL32.DLL+0x2e957]
C  [ntdll.dll+0xaad6c]


---------------  P R O C E S S  ---------------

Threads class SMR info:
_java_thread_list=0x000002a6fc59eef0, length=25, elements={
0x000002a69d0bd6e0, 0x000002a6f69a44b0, 0x000002a6f69a54c0, 0x000002a6f69a8540,
0x000002a6f69aa3a0, 0x000002a6f69abde0, 0x000002a6f69a8ff0, 0x000002a6f69d4880,
0x000002a6f69f55c0, 0x000002a6f69a9680, 0x000002a6f69ac470, 0x000002a6f69a9d10,
0x000002a6f69ab0c0, 0x000002a6f69aaa30, 0x000002a6f69ab750, 0x000002a6fbf93a80,
0x000002a6fbf926d0, 0x000002a6fbf90c90, 0x000002a6fbf94110, 0x000002a6fbf91320,
0x000002a6fbf933f0, 0x000002a6fbc4ccb0, 0x000002a6fbf92040, 0x000002a6fc2139c0,
0x000002a6fbf919b0
}

Java Threads: ( => current thread )
  0x000002a69d0bd6e0 JavaThread "main"                              [_thread_blocked, id=26620, stack(0x000000fa45f00000,0x000000fa46000000) (1024K)]
  0x000002a6f69a44b0 JavaThread "Reference Handler"          daemon [_thread_blocked, id=25108, stack(0x000000fa46300000,0x000000fa46400000) (1024K)]
  0x000002a6f69a54c0 JavaThread "Finalizer"                  daemon [_thread_blocked, id=2104, stack(0x000000fa46400000,0x000000fa46500000) (1024K)]
  0x000002a6f69a8540 JavaThread "Signal Dispatcher"          daemon [_thread_blocked, id=27932, stack(0x000000fa46500000,0x000000fa46600000) (1024K)]
  0x000002a6f69aa3a0 JavaThread "Attach Listener"            daemon [_thread_blocked, id=1672, stack(0x000000fa46600000,0x000000fa46700000) (1024K)]
  0x000002a6f69abde0 JavaThread "Service Thread"             daemon [_thread_blocked, id=12560, stack(0x000000fa46700000,0x000000fa46800000) (1024K)]
  0x000002a6f69a8ff0 JavaThread "Monitor Deflation Thread"   daemon [_thread_blocked, id=13176, stack(0x000000fa46800000,0x000000fa46900000) (1024K)]
  0x000002a6f69d4880 JavaThread "C2 CompilerThread0"         daemon [_thread_in_native, id=2340, stack(0x000000fa46900000,0x000000fa46a00000) (1024K)]
  0x000002a6f69f55c0 JavaThread "C1 CompilerThread0"         daemon [_thread_blocked, id=18104, stack(0x000000fa46a00000,0x000000fa46b00000) (1024K)]
  0x000002a6f69a9680 JavaThread "Common-Cleaner"             daemon [_thread_blocked, id=11324, stack(0x000000fa46c00000,0x000000fa46d00000) (1024K)]
  0x000002a6f69ac470 JavaThread "Notification Thread"        daemon [_thread_blocked, id=16232, stack(0x000000fa46d00000,0x000000fa46e00000) (1024K)]
  0x000002a6f69a9d10 JavaThread "Active Thread: Equinox Container: acfc331c-f489-4152-aa0e-0c092406cde9"        [_thread_blocked, id=25556, stack(0x000000fa47500000,0x000000fa47600000) (1024K)]
  0x000002a6f69ab0c0 JavaThread "Refresh Thread: Equinox Container: acfc331c-f489-4152-aa0e-0c092406cde9" daemon [_thread_blocked, id=17340, stack(0x000000fa47700000,0x000000fa47800000) (1024K)]
  0x000002a6f69aaa30 JavaThread "Framework Event Dispatcher: Equinox Container: acfc331c-f489-4152-aa0e-0c092406cde9" daemon [_thread_blocked, id=1364, stack(0x000000fa47800000,0x000000fa47900000) (1024K)]
  0x000002a6f69ab750 JavaThread "Start Level: Equinox Container: acfc331c-f489-4152-aa0e-0c092406cde9" daemon [_thread_in_vm, id=27804, stack(0x000000fa47900000,0x000000fa47a00000) (1024K)]
  0x000002a6fbf93a80 JavaThread "Bundle File Closer"         daemon [_thread_blocked, id=20592, stack(0x000000fa47c00000,0x000000fa47d00000) (1024K)]
  0x000002a6fbf926d0 JavaThread "SCR Component Actor"        daemon [_thread_blocked, id=3040, stack(0x000000fa46b00000,0x000000fa46c00000) (1024K)]
  0x000002a6fbf90c90 JavaThread "Worker-JM"                         [_thread_blocked, id=11320, stack(0x000000fa47e00000,0x000000fa47f00000) (1024K)]
  0x000002a6fbf94110 JavaThread "JNA Cleaner"                daemon [_thread_blocked, id=9068, stack(0x000000fa46e00000,0x000000fa46f00000) (1024K)]
  0x000002a6fbf91320 JavaThread "Worker-0: Repository registry initialization"        [_thread_in_vm, id=19008, stack(0x000000fa47d00000,0x000000fa47e00000) (1024K)]
  0x000002a6fbf933f0 JavaThread "Worker-1: Building"                [_thread_blocked, id=3996, stack(0x000000fa47f00000,0x000000fa48000000) (1024K)]
  0x000002a6fbc4ccb0 JavaThread "C2 CompilerThread1"         daemon [_thread_in_native, id=13092, stack(0x000000fa48000000,0x000000fa48100000) (1024K)]
  0x000002a6fbf92040 JavaThread "Worker-2"                          [_thread_blocked, id=20664, stack(0x000000fa48100000,0x000000fa48200000) (1024K)]
=>0x000002a6fc2139c0 JavaThread "C2 CompilerThread2"         daemon [_thread_in_native, id=13084, stack(0x000000fa48200000,0x000000fa48300000) (1024K)]
  0x000002a6fbf919b0 JavaThread "Worker-3"                          [_thread_blocked, id=15964, stack(0x000000fa48300000,0x000000fa48400000) (1024K)]
Total: 25

Other Threads:
  0x000002a69d052f40 VMThread "VM Thread"                           [id=16376, stack(0x000000fa46200000,0x000000fa46300000) (1024K)]
  0x000002a69cf4ba00 WatcherThread "VM Periodic Task Thread"        [id=27776, stack(0x000000fa46100000,0x000000fa46200000) (1024K)]
  0x000002a69d0dab20 WorkerThread "GC Thread#0"                     [id=3960, stack(0x000000fa46000000,0x000000fa46100000) (1024K)]
  0x000002a6fb6f6450 WorkerThread "GC Thread#1"                     [id=17000, stack(0x000000fa46f00000,0x000000fa47000000) (1024K)]
  0x000002a6fb104ac0 WorkerThread "GC Thread#2"                     [id=29508, stack(0x000000fa47000000,0x000000fa47100000) (1024K)]
  0x000002a6fb104e70 WorkerThread "GC Thread#3"                     [id=5960, stack(0x000000fa47100000,0x000000fa47200000) (1024K)]
  0x000002a6fb816fb0 WorkerThread "GC Thread#4"                     [id=18880, stack(0x000000fa47200000,0x000000fa47300000) (1024K)]
  0x000002a6fb817360 WorkerThread "GC Thread#5"                     [id=27704, stack(0x000000fa47300000,0x000000fa47400000) (1024K)]
  0x000002a6fb75b980 WorkerThread "GC Thread#6"                     [id=12684, stack(0x000000fa47400000,0x000000fa47500000) (1024K)]
  0x000002a6fbc39370 WorkerThread "GC Thread#7"                     [id=9232, stack(0x000000fa47600000,0x000000fa47700000) (1024K)]
  0x000002a6fb8d6990 WorkerThread "GC Thread#8"                     [id=12804, stack(0x000000fa47a00000,0x000000fa47b00000) (1024K)]
  0x000002a6fb890f60 WorkerThread "GC Thread#9"                     [id=29492, stack(0x000000fa47b00000,0x000000fa47c00000) (1024K)]
Total: 12

Threads with active compile tasks:
C2 CompilerThread0  12337 4409       4       org.eclipse.osgi.internal.loader.ModuleClassLoader::toString (80 bytes)
C2 CompilerThread1  12337 4442       4       org.eclipse.osgi.internal.serviceregistry.ServiceRegistry::notifyHooksPrivileged (57 bytes)
C2 CompilerThread2  12337 4256   !   4       org.eclipse.osgi.internal.loader.classpath.ClasspathManager::findClassImpl (328 bytes)
Total: 3

VM state: not at safepoint (normal execution)

VM Mutex/Monitor currently owned by a thread: None

Heap address: 0x0000000080000000, size: 2048 MB, Compressed Oops mode: 32-bit

CDS archive(s) mapped at: [0x000002a6b4000000-0x000002a6b4ba0000-0x000002a6b4ba0000), size 12189696, SharedBaseAddress: 0x000002a6b4000000, ArchiveRelocationMode: 1.
Compressed class space mapped at: 0x000002a6b5000000-0x000002a6f5000000, reserved size: 1073741824
Narrow klass base: 0x000002a6b4000000, Narrow klass shift: 0, Narrow klass range: 0x100000000

GC Precious Log:
 CardTable entry size: 512
 CPUs: 12 total, 12 available
 Memory: 15681M
 Large Page Support: Disabled
 NUMA Support: Disabled
 Compressed Oops: Enabled (32-bit)
 Alignments: Space 512K, Generation 512K, Heap 2M
 Heap Min Capacity: 100M
 Heap Initial Capacity: 100M
 Heap Max Capacity: 2G
 Pre-touch: Disabled
 Parallel Workers: 10

Heap:
 PSYoungGen      total 24064K, used 7381K [0x00000000d5580000, 0x00000000d7180000, 0x0000000100000000)
  eden space 23040K, 27% used [0x00000000d5580000,0x00000000d5bca568,0x00000000d6c00000)
  from space 1024K, 91% used [0x00000000d7080000,0x00000000d716b080,0x00000000d7180000)
  to   space 1536K, 0% used [0x00000000d6e80000,0x00000000d6e80000,0x00000000d7000000)
 ParOldGen       total 68608K, used 14313K [0x0000000080000000, 0x0000000084300000, 0x00000000d5580000)
  object space 68608K, 20% used [0x0000000080000000,0x0000000080dfa490,0x0000000084300000)
 Metaspace       used 29567K, committed 30592K, reserved 1114112K
  class space    used 3054K, committed 3520K, reserved 1048576K

Card table byte_map: [0x000002a69ca60000,0x000002a69ce70000] _byte_map_base: 0x000002a69c660000

Marking Bits: (ParMarkBitMap*) 0x00007ff9e21e4460
 Begin Bits: [0x000002a6af570000, 0x000002a6b1570000)
 End Bits:   [0x000002a6b1570000, 0x000002a6b3570000)

Polling page: 0x000002a69aea0000

Metaspace:

Usage:
  Non-class:     25.89 MB used.
      Class:      2.98 MB used.
       Both:     28.88 MB used.

Virtual space:
  Non-class space:       64.00 MB reserved,      26.44 MB ( 41%) committed,  1 nodes.
      Class space:        1.00 GB reserved,       3.44 MB ( <1%) committed,  1 nodes.
             Both:        1.06 GB reserved,      29.88 MB (  3%) committed. 

Chunk freelists:
   Non-Class:  4.95 MB
       Class:  12.53 MB
        Both:  17.47 MB

MaxMetaspaceSize: unlimited
CompressedClassSpaceSize: 1.00 GB
Initial GC threshold: 21.00 MB
Current GC threshold: 35.00 MB
CDS: on
 - commit_granule_bytes: 65536.
 - commit_granule_words: 8192.
 - virtual_space_node_default_size: 8388608.
 - enlarge_chunks_in_place: 1.
 - use_allocation_guard: 0.


Internal statistics:

num_allocs_failed_limit: 3.
num_arena_births: 848.
num_arena_deaths: 14.
num_vsnodes_births: 2.
num_vsnodes_deaths: 0.
num_space_committed: 478.
num_space_uncommitted: 0.
num_chunks_returned_to_freelist: 17.
num_chunks_taken_from_freelist: 2174.
num_chunk_merges: 5.
num_chunk_splits: 1329.
num_chunks_enlarged: 711.
num_inconsistent_stats: 0.

CodeHeap 'non-profiled nmethods': size=120000Kb used=2057Kb max_used=2057Kb free=117942Kb
 bounds [0x000002a6a7d90000, 0x000002a6a8000000, 0x000002a6af2c0000]
CodeHeap 'profiled nmethods': size=120000Kb used=9173Kb max_used=9173Kb free=110827Kb
 bounds [0x000002a6a02c0000, 0x000002a6a0bc0000, 0x000002a6a77f0000]
CodeHeap 'non-nmethods': size=5760Kb used=1339Kb max_used=1359Kb free=4420Kb
 bounds [0x000002a6a77f0000, 0x000002a6a7a60000, 0x000002a6a7d90000]
CodeCache: size=245760Kb, used=12569Kb, max_used=12589Kb, free=233189Kb
 total_blobs=5105, nmethods=4475, adapters=535, full_count=0
Compilation: enabled, stopped_count=0, restarted_count=0

Compilation events (20 events):
Event: 11.281 Thread 0x000002a6f69f55c0 nmethod 4438 0x000002a6a0b9ce90 code [0x000002a6a0b9d440, 0x000002a6a0b9fce0]
Event: 11.290 Thread 0x000002a6f69f55c0 4439       3       java.util.Comparator$$Lambda/0x000002a6b5022be8::compare (16 bytes)
Event: 11.290 Thread 0x000002a6fbc4ccb0 nmethod 4435 0x000002a6a7f90210 code [0x000002a6a7f903e0, 0x000002a6a7f907b0]
Event: 11.290 Thread 0x000002a6f69f55c0 nmethod 4439 0x000002a6a0ba0f10 code [0x000002a6a0ba10e0, 0x000002a6a0ba1550]
Event: 11.290 Thread 0x000002a6f69f55c0 4440       3       java.util.Comparator::lambda$thenComparing$36697e65$1 (29 bytes)
Event: 11.291 Thread 0x000002a6f69f55c0 nmethod 4440 0x000002a6a0ba1690 code [0x000002a6a0ba1860, 0x000002a6a0ba1b80]
Event: 11.291 Thread 0x000002a6fbc4ccb0 4441       4       lombok.patcher.MethodTarget::matches (29 bytes)
Event: 11.293 Thread 0x000002a6fbc4ccb0 nmethod 4441 0x000002a6a7f90b10 code [0x000002a6a7f90cc0, 0x000002a6a7f90f18]
Event: 11.293 Thread 0x000002a6fbc4ccb0 4442       4       org.eclipse.osgi.internal.serviceregistry.ServiceRegistry::notifyHooksPrivileged (57 bytes)
Event: 11.295 Thread 0x000002a6f69f55c0 4443       3       java.util.stream.Nodes$FixedNodeBuilder::accept (61 bytes)
Event: 11.296 Thread 0x000002a6f69f55c0 nmethod 4443 0x000002a6a0ba1c90 code [0x000002a6a0ba1f40, 0x000002a6a0ba2de0]
Event: 11.296 Thread 0x000002a6f69f55c0 4445       3       com.google.inject.internal.DeclaredMembers$$Lambda/0x000002a6b532eeb0::apply (8 bytes)
Event: 11.296 Thread 0x000002a6f69f55c0 nmethod 4445 0x000002a6a0ba3310 code [0x000002a6a0ba34c0, 0x000002a6a0ba36e0]
Event: 11.296 Thread 0x000002a6f69f55c0 4446       3       java.util.Comparator$$Lambda/0x000002a6b5022e88::compare (10 bytes)
Event: 11.297 Thread 0x000002a6f69f55c0 nmethod 4446 0x000002a6a0ba3790 code [0x000002a6a0ba3980, 0x000002a6a0ba3e78]
Event: 11.298 Thread 0x000002a6f69f55c0 4448       3       java.util.stream.Sink$ChainedReference::begin (11 bytes)
Event: 11.298 Thread 0x000002a6f69f55c0 nmethod 4448 0x000002a6a0ba4010 code [0x000002a6a0ba41c0, 0x000002a6a0ba4398]
Event: 11.299 Thread 0x000002a6f69f55c0 4449       3       java.util.stream.SortedOps$SizedRefSortingSink::accept (18 bytes)
Event: 11.299 Thread 0x000002a6f69f55c0 nmethod 4449 0x000002a6a0ba4490 code [0x000002a6a0ba4640, 0x000002a6a0ba48c0]
Event: 12.230 Thread 0x000002a6f69f55c0 4450       3       java.lang.Thread::onSpinWait (1 bytes)

GC Heap History (20 events):
Event: 1.033 GC heap before
{Heap before GC invocations=2 (full 0):
 PSYoungGen      total 29696K, used 28903K [0x00000000d5580000, 0x00000000d7680000, 0x0000000100000000)
  eden space 25600K, 100% used [0x00000000d5580000,0x00000000d6e80000,0x00000000d6e80000)
  from space 4096K, 80% used [0x00000000d6e80000,0x00000000d71b9e98,0x00000000d7280000)
  to   space 4096K, 0% used [0x00000000d7280000,0x00000000d7280000,0x00000000d7680000)
 ParOldGen       total 68608K, used 16K [0x0000000080000000, 0x0000000084300000, 0x00000000d5580000)
  object space 68608K, 0% used [0x0000000080000000,0x0000000080004000,0x0000000084300000)
 Metaspace       used 7967K, committed 8256K, reserved 1114112K
  class space    used 832K, committed 960K, reserved 1048576K
}
Event: 1.040 GC heap after
{Heap after GC invocations=2 (full 0):
 PSYoungGen      total 29696K, used 4070K [0x00000000d5580000, 0x00000000d7680000, 0x0000000100000000)
  eden space 25600K, 0% used [0x00000000d5580000,0x00000000d5580000,0x00000000d6e80000)
  from space 4096K, 99% used [0x00000000d7280000,0x00000000d7679800,0x00000000d7680000)
  to   space 4096K, 0% used [0x00000000d6e80000,0x00000000d6e80000,0x00000000d7280000)
 ParOldGen       total 68608K, used 2033K [0x0000000080000000, 0x0000000084300000, 0x00000000d5580000)
  object space 68608K, 2% used [0x0000000080000000,0x00000000801fc6a8,0x0000000084300000)
 Metaspace       used 7967K, committed 8256K, reserved 1114112K
  class space    used 832K, committed 960K, reserved 1048576K
}
Event: 1.390 GC heap before
{Heap before GC invocations=3 (full 0):
 PSYoungGen      total 29696K, used 29670K [0x00000000d5580000, 0x00000000d7680000, 0x0000000100000000)
  eden space 25600K, 100% used [0x00000000d5580000,0x00000000d6e80000,0x00000000d6e80000)
  from space 4096K, 99% used [0x00000000d7280000,0x00000000d7679800,0x00000000d7680000)
  to   space 4096K, 0% used [0x00000000d6e80000,0x00000000d6e80000,0x00000000d7280000)
 ParOldGen       total 68608K, used 2033K [0x0000000080000000, 0x0000000084300000, 0x00000000d5580000)
  object space 68608K, 2% used [0x0000000080000000,0x00000000801fc6a8,0x0000000084300000)
 Metaspace       used 9415K, committed 9728K, reserved 1114112K
  class space    used 1006K, committed 1152K, reserved 1048576K
}
Event: 1.396 GC heap after
{Heap after GC invocations=3 (full 0):
 PSYoungGen      total 29696K, used 4078K [0x00000000d5580000, 0x00000000d7680000, 0x0000000100000000)
  eden space 25600K, 0% used [0x00000000d5580000,0x00000000d5580000,0x00000000d6e80000)
  from space 4096K, 99% used [0x00000000d6e80000,0x00000000d727bbf8,0x00000000d7280000)
  to   space 4096K, 0% used [0x00000000d7280000,0x00000000d7280000,0x00000000d7680000)
 ParOldGen       total 68608K, used 4880K [0x0000000080000000, 0x0000000084300000, 0x00000000d5580000)
  object space 68608K, 7% used [0x0000000080000000,0x00000000804c4268,0x0000000084300000)
 Metaspace       used 9415K, committed 9728K, reserved 1114112K
  class space    used 1006K, committed 1152K, reserved 1048576K
}
Event: 3.602 GC heap before
{Heap before GC invocations=4 (full 0):
 PSYoungGen      total 29696K, used 29678K [0x00000000d5580000, 0x00000000d7680000, 0x0000000100000000)
  eden space 25600K, 100% used [0x00000000d5580000,0x00000000d6e80000,0x00000000d6e80000)
  from space 4096K, 99% used [0x00000000d6e80000,0x00000000d727bbf8,0x00000000d7280000)
  to   space 4096K, 0% used [0x00000000d7280000,0x00000000d7280000,0x00000000d7680000)
 ParOldGen       total 68608K, used 4880K [0x0000000080000000, 0x0000000084300000, 0x00000000d5580000)
  object space 68608K, 7% used [0x0000000080000000,0x00000000804c4268,0x0000000084300000)
 Metaspace       used 11575K, committed 11968K, reserved 1114112K
  class space    used 1226K, committed 1408K, reserved 1048576K
}
Event: 3.607 GC heap after
{Heap after GC invocations=4 (full 0):
 PSYoungGen      total 29696K, used 4084K [0x00000000d5580000, 0x00000000d7680000, 0x0000000100000000)
  eden space 25600K, 0% used [0x00000000d5580000,0x00000000d5580000,0x00000000d6e80000)
  from space 4096K, 99% used [0x00000000d7280000,0x00000000d767d1c8,0x00000000d7680000)
  to   space 4096K, 0% used [0x00000000d6e80000,0x00000000d6e80000,0x00000000d7280000)
 ParOldGen       total 68608K, used 6683K [0x0000000080000000, 0x0000000084300000, 0x00000000d5580000)
  object space 68608K, 9% used [0x0000000080000000,0x0000000080686d38,0x0000000084300000)
 Metaspace       used 11575K, committed 11968K, reserved 1114112K
  class space    used 1226K, committed 1408K, reserved 1048576K
}
Event: 3.982 GC heap before
{Heap before GC invocations=5 (full 0):
 PSYoungGen      total 29696K, used 29684K [0x00000000d5580000, 0x00000000d7680000, 0x0000000100000000)
  eden space 25600K, 100% used [0x00000000d5580000,0x00000000d6e80000,0x00000000d6e80000)
  from space 4096K, 99% used [0x00000000d7280000,0x00000000d767d1c8,0x00000000d7680000)
  to   space 4096K, 0% used [0x00000000d6e80000,0x00000000d6e80000,0x00000000d7280000)
 ParOldGen       total 68608K, used 6683K [0x0000000080000000, 0x0000000084300000, 0x00000000d5580000)
  object space 68608K, 9% used [0x0000000080000000,0x0000000080686d38,0x0000000084300000)
 Metaspace       used 15511K, committed 16128K, reserved 1114112K
  class space    used 1611K, committed 1856K, reserved 1048576K
}
Event: 3.986 GC heap after
{Heap after GC invocations=5 (full 0):
 PSYoungGen      total 29184K, used 4070K [0x00000000d5580000, 0x00000000d7900000, 0x0000000100000000)
  eden space 25088K, 0% used [0x00000000d5580000,0x00000000d5580000,0x00000000d6e00000)
  from space 4096K, 99% used [0x00000000d6e80000,0x00000000d7279890,0x00000000d7280000)
  to   space 5632K, 0% used [0x00000000d7380000,0x00000000d7380000,0x00000000d7900000)
 ParOldGen       total 68608K, used 7843K [0x0000000080000000, 0x0000000084300000, 0x00000000d5580000)
  object space 68608K, 11% used [0x0000000080000000,0x00000000807a8d58,0x0000000084300000)
 Metaspace       used 15511K, committed 16128K, reserved 1114112K
  class space    used 1611K, committed 1856K, reserved 1048576K
}
Event: 6.439 GC heap before
{Heap before GC invocations=6 (full 0):
 PSYoungGen      total 29184K, used 29158K [0x00000000d5580000, 0x00000000d7900000, 0x0000000100000000)
  eden space 25088K, 100% used [0x00000000d5580000,0x00000000d6e00000,0x00000000d6e00000)
  from space 4096K, 99% used [0x00000000d6e80000,0x00000000d7279890,0x00000000d7280000)
  to   space 5632K, 0% used [0x00000000d7380000,0x00000000d7380000,0x00000000d7900000)
 ParOldGen       total 68608K, used 7843K [0x0000000080000000, 0x0000000084300000, 0x00000000d5580000)
  object space 68608K, 11% used [0x0000000080000000,0x00000000807a8d58,0x0000000084300000)
 Metaspace       used 18567K, committed 19328K, reserved 1114112K
  class space    used 1952K, committed 2240K, reserved 1048576K
}
Event: 6.442 GC heap after
{Heap after GC invocations=6 (full 0):
 PSYoungGen      total 30208K, used 5411K [0x00000000d5580000, 0x00000000d7900000, 0x0000000100000000)
  eden space 24576K, 0% used [0x00000000d5580000,0x00000000d5580000,0x00000000d6d80000)
  from space 5632K, 96% used [0x00000000d7380000,0x00000000d78c8c68,0x00000000d7900000)
  to   space 5632K, 0% used [0x00000000d6e00000,0x00000000d6e00000,0x00000000d7380000)
 ParOldGen       total 68608K, used 7851K [0x0000000080000000, 0x0000000084300000, 0x00000000d5580000)
  object space 68608K, 11% used [0x0000000080000000,0x00000000807aad58,0x0000000084300000)
 Metaspace       used 18567K, committed 19328K, reserved 1114112K
  class space    used 1952K, committed 2240K, reserved 1048576K
}
Event: 7.704 GC heap before
{Heap before GC invocations=7 (full 0):
 PSYoungGen      total 30208K, used 26005K [0x00000000d5580000, 0x00000000d7900000, 0x0000000100000000)
  eden space 24576K, 83% used [0x00000000d5580000,0x00000000d699c7a8,0x00000000d6d80000)
  from space 5632K, 96% used [0x00000000d7380000,0x00000000d78c8c68,0x00000000d7900000)
  to   space 5632K, 0% used [0x00000000d6e00000,0x00000000d6e00000,0x00000000d7380000)
 ParOldGen       total 68608K, used 7851K [0x0000000080000000, 0x0000000084300000, 0x00000000d5580000)
  object space 68608K, 11% used [0x0000000080000000,0x00000000807aad58,0x0000000084300000)
 Metaspace       used 20601K, committed 21504K, reserved 1114112K
  class space    used 2208K, committed 2624K, reserved 1048576K
}
Event: 7.707 GC heap after
{Heap after GC invocations=7 (full 0):
 PSYoungGen      total 29184K, used 4575K [0x00000000d5580000, 0x00000000d7780000, 0x0000000100000000)
  eden space 24576K, 0% used [0x00000000d5580000,0x00000000d5580000,0x00000000d6d80000)
  from space 4608K, 99% used [0x00000000d6e00000,0x00000000d7277df0,0x00000000d7280000)
  to   space 5120K, 0% used [0x00000000d7280000,0x00000000d7280000,0x00000000d7780000)
 ParOldGen       total 68608K, used 9411K [0x0000000080000000, 0x0000000084300000, 0x00000000d5580000)
  object space 68608K, 13% used [0x0000000080000000,0x0000000080930d18,0x0000000084300000)
 Metaspace       used 20601K, committed 21504K, reserved 1114112K
  class space    used 2208K, committed 2624K, reserved 1048576K
}
Event: 7.707 GC heap before
{Heap before GC invocations=8 (full 1):
 PSYoungGen      total 29184K, used 4575K [0x00000000d5580000, 0x00000000d7780000, 0x0000000100000000)
  eden space 24576K, 0% used [0x00000000d5580000,0x00000000d5580000,0x00000000d6d80000)
  from space 4608K, 99% used [0x00000000d6e00000,0x00000000d7277df0,0x00000000d7280000)
  to   space 5120K, 0% used [0x00000000d7280000,0x00000000d7280000,0x00000000d7780000)
 ParOldGen       total 68608K, used 9411K [0x0000000080000000, 0x0000000084300000, 0x00000000d5580000)
  object space 68608K, 13% used [0x0000000080000000,0x0000000080930d18,0x0000000084300000)
 Metaspace       used 20601K, committed 21504K, reserved 1114112K
  class space    used 2208K, committed 2624K, reserved 1048576K
}
Event: 7.742 GC heap after
{Heap after GC invocations=8 (full 1):
 PSYoungGen      total 29184K, used 0K [0x00000000d5580000, 0x00000000d7780000, 0x0000000100000000)
  eden space 24576K, 0% used [0x00000000d5580000,0x00000000d5580000,0x00000000d6d80000)
  from space 4608K, 0% used [0x00000000d6e00000,0x00000000d6e00000,0x00000000d7280000)
  to   space 5120K, 0% used [0x00000000d7280000,0x00000000d7280000,0x00000000d7780000)
 ParOldGen       total 68608K, used 13358K [0x0000000080000000, 0x0000000084300000, 0x00000000d5580000)
  object space 68608K, 19% used [0x0000000080000000,0x0000000080d0ba40,0x0000000084300000)
 Metaspace       used 20588K, committed 21504K, reserved 1114112K
  class space    used 2204K, committed 2624K, reserved 1048576K
}
Event: 9.002 GC heap before
{Heap before GC invocations=9 (full 1):
 PSYoungGen      total 29184K, used 24576K [0x00000000d5580000, 0x00000000d7780000, 0x0000000100000000)
  eden space 24576K, 100% used [0x00000000d5580000,0x00000000d6d80000,0x00000000d6d80000)
  from space 4608K, 0% used [0x00000000d6e00000,0x00000000d6e00000,0x00000000d7280000)
  to   space 5120K, 0% used [0x00000000d7280000,0x00000000d7280000,0x00000000d7780000)
 ParOldGen       total 68608K, used 13358K [0x0000000080000000, 0x0000000084300000, 0x00000000d5580000)
  object space 68608K, 19% used [0x0000000080000000,0x0000000080d0ba40,0x0000000084300000)
 Metaspace       used 22692K, committed 23680K, reserved 1114112K
  class space    used 2398K, committed 2816K, reserved 1048576K
}
Event: 9.003 GC heap after
{Heap after GC invocations=9 (full 1):
 PSYoungGen      total 26624K, used 2246K [0x00000000d5580000, 0x00000000d7500000, 0x0000000100000000)
  eden space 24064K, 0% used [0x00000000d5580000,0x00000000d5580000,0x00000000d6d00000)
  from space 2560K, 87% used [0x00000000d7280000,0x00000000d74b1878,0x00000000d7500000)
  to   space 3584K, 0% used [0x00000000d6e00000,0x00000000d6e00000,0x00000000d7180000)
 ParOldGen       total 68608K, used 13366K [0x0000000080000000, 0x0000000084300000, 0x00000000d5580000)
  object space 68608K, 19% used [0x0000000080000000,0x0000000080d0da40,0x0000000084300000)
 Metaspace       used 22692K, committed 23680K, reserved 1114112K
  class space    used 2398K, committed 2816K, reserved 1048576K
}
Event: 11.146 GC heap before
{Heap before GC invocations=10 (full 1):
 PSYoungGen      total 26624K, used 26310K [0x00000000d5580000, 0x00000000d7500000, 0x0000000100000000)
  eden space 24064K, 100% used [0x00000000d5580000,0x00000000d6d00000,0x00000000d6d00000)
  from space 2560K, 87% used [0x00000000d7280000,0x00000000d74b1878,0x00000000d7500000)
  to   space 3584K, 0% used [0x00000000d6e00000,0x00000000d6e00000,0x00000000d7180000)
 ParOldGen       total 68608K, used 13366K [0x0000000080000000, 0x0000000084300000, 0x00000000d5580000)
  object space 68608K, 19% used [0x0000000080000000,0x0000000080d0da40,0x0000000084300000)
 Metaspace       used 25667K, committed 26624K, reserved 1114112K
  class space    used 2640K, committed 3072K, reserved 1048576K
}
Event: 11.147 GC heap after
{Heap after GC invocations=10 (full 1):
 PSYoungGen      total 25600K, used 1762K [0x00000000d5580000, 0x00000000d7300000, 0x0000000100000000)
  eden space 23552K, 0% used [0x00000000d5580000,0x00000000d5580000,0x00000000d6c80000)
  from space 2048K, 86% used [0x00000000d6e00000,0x00000000d6fb89f8,0x00000000d7000000)
  to   space 2560K, 0% used [0x00000000d7080000,0x00000000d7080000,0x00000000d7300000)
 ParOldGen       total 68608K, used 13374K [0x0000000080000000, 0x0000000084300000, 0x00000000d5580000)
  object space 68608K, 19% used [0x0000000080000000,0x0000000080d0fa40,0x0000000084300000)
 Metaspace       used 25667K, committed 26624K, reserved 1114112K
  class space    used 2640K, committed 3072K, reserved 1048576K
}
Event: 11.288 GC heap before
{Heap before GC invocations=11 (full 1):
 PSYoungGen      total 25600K, used 25314K [0x00000000d5580000, 0x00000000d7300000, 0x0000000100000000)
  eden space 23552K, 100% used [0x00000000d5580000,0x00000000d6c80000,0x00000000d6c80000)
  from space 2048K, 86% used [0x00000000d6e00000,0x00000000d6fb89f8,0x00000000d7000000)
  to   space 2560K, 0% used [0x00000000d7080000,0x00000000d7080000,0x00000000d7300000)
 ParOldGen       total 68608K, used 13374K [0x0000000080000000, 0x0000000084300000, 0x00000000d5580000)
  object space 68608K, 19% used [0x0000000080000000,0x0000000080d0fa40,0x0000000084300000)
 Metaspace       used 28857K, committed 29888K, reserved 1114112K
  class space    used 2991K, committed 3456K, reserved 1048576K
}
Event: 11.289 GC heap after
{Heap after GC invocations=11 (full 1):
 PSYoungGen      total 24064K, used 940K [0x00000000d5580000, 0x00000000d7180000, 0x0000000100000000)
  eden space 23040K, 0% used [0x00000000d5580000,0x00000000d5580000,0x00000000d6c00000)
  from space 1024K, 91% used [0x00000000d7080000,0x00000000d716b080,0x00000000d7180000)
  to   space 1536K, 0% used [0x00000000d6e80000,0x00000000d6e80000,0x00000000d7000000)
 ParOldGen       total 68608K, used 14313K [0x0000000080000000, 0x0000000084300000, 0x00000000d5580000)
  object space 68608K, 20% used [0x0000000080000000,0x0000000080dfa490,0x0000000084300000)
 Metaspace       used 28857K, committed 29888K, reserved 1114112K
  class space    used 2991K, committed 3456K, reserved 1048576K
}

Dll operation events (10 events):
Event: 0.012 Loaded shared library c:\Users\Administrator\.vscode\extensions\redhat.java-1.55.0-win32-x64\jre\21.0.11-win32-x86_64\bin\java.dll
Event: 0.100 Loaded shared library c:\Users\Administrator\.vscode\extensions\redhat.java-1.55.0-win32-x64\jre\21.0.11-win32-x86_64\bin\zip.dll
Event: 0.125 Loaded shared library C:\Users\Administrator\.vscode\extensions\redhat.java-1.55.0-win32-x64\jre\21.0.11-win32-x86_64\bin\instrument.dll
Event: 0.132 Loaded shared library C:\Users\Administrator\.vscode\extensions\redhat.java-1.55.0-win32-x64\jre\21.0.11-win32-x86_64\bin\net.dll
Event: 0.135 Loaded shared library C:\Users\Administrator\.vscode\extensions\redhat.java-1.55.0-win32-x64\jre\21.0.11-win32-x86_64\bin\nio.dll
Event: 0.138 Loaded shared library C:\Users\Administrator\.vscode\extensions\redhat.java-1.55.0-win32-x64\jre\21.0.11-win32-x86_64\bin\zip.dll
Event: 0.154 Loaded shared library C:\Users\Administrator\.vscode\extensions\redhat.java-1.55.0-win32-x64\jre\21.0.11-win32-x86_64\bin\jimage.dll
Event: 0.221 Loaded shared library c:\Users\Administrator\.vscode\extensions\redhat.java-1.55.0-win32-x64\jre\21.0.11-win32-x86_64\bin\verify.dll
Event: 1.059 Loaded shared library C:\Users\Administrator\AppData\Roaming\Code\User\globalStorage\redhat.java\1.55.0\config_win\org.eclipse.equinox.launcher\org.eclipse.equinox.launcher.win32.win32.x86_64_1.3.100.v20260613-0559\eclipse_11924.dll
Event: 5.186 Loaded shared library C:\Users\Administrator\AppData\Local\Temp\jna-146731693\jna13838989472668873227.dll

Deoptimization events (20 events):
Event: 11.080 Thread 0x000002a6fbf933f0 DEOPT PACKING pc=0x000002a6a078021f sp=0x000000fa47ffeed0
Event: 11.080 Thread 0x000002a6fbf933f0 DEOPT UNPACKING pc=0x000002a6a7844242 sp=0x000000fa47ffe3a8 mode 0
Event: 11.125 Thread 0x000002a6fbf933f0 DEOPT PACKING pc=0x000002a6a03631f8 sp=0x000000fa47ffeb60
Event: 11.125 Thread 0x000002a6fbf933f0 DEOPT UNPACKING pc=0x000002a6a7844242 sp=0x000000fa47ffe048 mode 0
Event: 11.127 Thread 0x000002a6fbf933f0 Uncommon trap: trap_request=0xffffffbe fr.pc=0x000002a6a7f7992c relative=0x00000000000011cc
Event: 11.127 Thread 0x000002a6fbf933f0 Uncommon trap: reason=profile_predicate action=maybe_recompile pc=0x000002a6a7f7992c method=org.eclipse.core.internal.dtree.AbstractDataTreeNode.assembleWith([Lorg/eclipse/core/internal/dtree/AbstractDataTreeNode;[Lorg/eclipse/core/internal/dtree/Abstract
Event: 11.127 Thread 0x000002a6fbf933f0 DEOPT PACKING pc=0x000002a6a7f7992c sp=0x000000fa47ffea70
Event: 11.127 Thread 0x000002a6fbf933f0 DEOPT UNPACKING pc=0x000002a6a7843aa2 sp=0x000000fa47ffea38 mode 2
Event: 11.127 Thread 0x000002a6fbf933f0 Uncommon trap: trap_request=0xffffffbe fr.pc=0x000002a6a7f7992c relative=0x00000000000011cc
Event: 11.127 Thread 0x000002a6fbf933f0 Uncommon trap: reason=profile_predicate action=maybe_recompile pc=0x000002a6a7f7992c method=org.eclipse.core.internal.dtree.AbstractDataTreeNode.assembleWith([Lorg/eclipse/core/internal/dtree/AbstractDataTreeNode;[Lorg/eclipse/core/internal/dtree/Abstract
Event: 11.127 Thread 0x000002a6fbf933f0 DEOPT PACKING pc=0x000002a6a7f7992c sp=0x000000fa47ffe940
Event: 11.127 Thread 0x000002a6fbf933f0 DEOPT UNPACKING pc=0x000002a6a7843aa2 sp=0x000000fa47ffe908 mode 2
Event: 11.127 Thread 0x000002a6fbf933f0 Uncommon trap: trap_request=0xffffffbe fr.pc=0x000002a6a7f7992c relative=0x00000000000011cc
Event: 11.127 Thread 0x000002a6fbf933f0 Uncommon trap: reason=profile_predicate action=maybe_recompile pc=0x000002a6a7f7992c method=org.eclipse.core.internal.dtree.AbstractDataTreeNode.assembleWith([Lorg/eclipse/core/internal/dtree/AbstractDataTreeNode;[Lorg/eclipse/core/internal/dtree/Abstract
Event: 11.127 Thread 0x000002a6fbf933f0 DEOPT PACKING pc=0x000002a6a7f7992c sp=0x000000fa47ffe810
Event: 11.127 Thread 0x000002a6fbf933f0 DEOPT UNPACKING pc=0x000002a6a7843aa2 sp=0x000000fa47ffe7d8 mode 2
Event: 11.127 Thread 0x000002a6fbf933f0 Uncommon trap: trap_request=0xffffffbe fr.pc=0x000002a6a7f7992c relative=0x00000000000011cc
Event: 11.127 Thread 0x000002a6fbf933f0 Uncommon trap: reason=profile_predicate action=maybe_recompile pc=0x000002a6a7f7992c method=org.eclipse.core.internal.dtree.AbstractDataTreeNode.assembleWith([Lorg/eclipse/core/internal/dtree/AbstractDataTreeNode;[Lorg/eclipse/core/internal/dtree/Abstract
Event: 11.127 Thread 0x000002a6fbf933f0 DEOPT PACKING pc=0x000002a6a7f7992c sp=0x000000fa47ffe470
Event: 11.127 Thread 0x000002a6fbf933f0 DEOPT UNPACKING pc=0x000002a6a7843aa2 sp=0x000000fa47ffe438 mode 2

Classes loaded (20 events):
Event: 11.191 Loading class sun/reflect/generics/tree/ClassSignature done
Event: 11.191 Loading class sun/reflect/annotation/TypeAnnotation$TypeAnnotationTarget
Event: 11.191 Loading class sun/reflect/annotation/TypeAnnotation$TypeAnnotationTarget done
Event: 11.191 Loading class sun/reflect/annotation/TypeAnnotation$LocationInfo
Event: 11.191 Loading class sun/reflect/annotation/TypeAnnotation$LocationInfo done
Event: 11.192 Loading class sun/reflect/annotation/TypeAnnotation$LocationInfo$Location
Event: 11.192 Loading class sun/reflect/annotation/TypeAnnotation$LocationInfo$Location done
Event: 11.192 Loading class sun/reflect/annotation/AnnotatedTypeFactory
Event: 11.192 Loading class sun/reflect/annotation/AnnotatedTypeFactory done
Event: 11.192 Loading class sun/reflect/annotation/AnnotatedTypeFactory$AnnotatedTypeBaseImpl
Event: 11.192 Loading class sun/reflect/annotation/AnnotatedTypeFactory$AnnotatedTypeBaseImpl done
Event: 11.244 Loading class java/lang/annotation/ElementType
Event: 11.244 Loading class java/lang/annotation/ElementType done
Event: 11.270 Loading class java/lang/reflect/ParameterizedType
Event: 11.270 Loading class java/lang/reflect/ParameterizedType done
Event: 11.274 Loading class java/lang/reflect/WildcardType
Event: 11.274 Loading class java/lang/reflect/WildcardType done
Event: 11.277 Loading class sun/reflect/generics/tree/TypeVariableSignature
Event: 11.277 Loading class sun/reflect/generics/tree/TypeVariableSignature done
Event: 11.300 Loading class java/lang/Deprecated

Classes unloaded (7 events):
Event: 7.711 Thread 0x000002a69d052f40 Unloading class 0x000002a6b51a3800 'java/lang/invoke/LambdaForm$MH+0x000002a6b51a3800'
Event: 7.711 Thread 0x000002a69d052f40 Unloading class 0x000002a6b51a3400 'java/lang/invoke/LambdaForm$MH+0x000002a6b51a3400'
Event: 7.711 Thread 0x000002a69d052f40 Unloading class 0x000002a6b51a3000 'java/lang/invoke/LambdaForm$MH+0x000002a6b51a3000'
Event: 7.711 Thread 0x000002a69d052f40 Unloading class 0x000002a6b51a2c00 'java/lang/invoke/LambdaForm$MH+0x000002a6b51a2c00'
Event: 7.711 Thread 0x000002a69d052f40 Unloading class 0x000002a6b51a2800 'java/lang/invoke/LambdaForm$BMH+0x000002a6b51a2800'
Event: 7.711 Thread 0x000002a69d052f40 Unloading class 0x000002a6b51a2400 'java/lang/invoke/LambdaForm$DMH+0x000002a6b51a2400'
Event: 7.711 Thread 0x000002a69d052f40 Unloading class 0x000002a6b51a1000 'java/lang/invoke/LambdaForm$DMH+0x000002a6b51a1000'

Classes redefined (0 events):
No events

Internal exceptions (20 events):
Event: 7.674 Thread 0x000002a6f69ab750 Exception <a 'java/lang/NoSuchMethodError'{0x00000000d68382a0}: 'int java.lang.invoke.DirectMethodHandle$Holder.invokeStaticInit(java.lang.Object, long, long)'> (0x00000000d68382a0) 
thrown [s\src\hotspot\share\interpreter\linkResolver.cpp, line 773]
Event: 7.675 Thread 0x000002a6f69ab750 Exception <a 'java/lang/NoSuchMethodError'{0x00000000d683fc58}: 'int java.lang.invoke.DirectMethodHandle$Holder.invokeStaticInit(java.lang.Object, float, float)'> (0x00000000d683fc58) 
thrown [s\src\hotspot\share\interpreter\linkResolver.cpp, line 773]
Event: 7.675 Thread 0x000002a6f69ab750 Exception <a 'java/lang/NoSuchMethodError'{0x00000000d6847850}: 'int java.lang.invoke.DirectMethodHandle$Holder.invokeStaticInit(java.lang.Object, double, double)'> (0x00000000d6847850) 
thrown [s\src\hotspot\share\interpreter\linkResolver.cpp, line 773]
Event: 7.675 Thread 0x000002a6f69ab750 Exception <a 'java/lang/NoSuchMethodError'{0x00000000d684cc68}: 'int java.lang.invoke.DirectMethodHandle$Holder.invokeStatic(java.lang.Object, long)'> (0x00000000d684cc68) 
thrown [s\src\hotspot\share\interpreter\linkResolver.cpp, line 773]
Event: 7.678 Thread 0x000002a6f69ab750 Exception <a 'java/lang/NoSuchMethodError'{0x00000000d686b950}: 'int java.lang.invoke.Invokers$Holder.linkToTargetMethod(java.lang.Object, java.lang.Object)'> (0x00000000d686b950) 
thrown [s\src\hotspot\share\interpreter\linkResolver.cpp, line 773]
Event: 7.702 Thread 0x000002a6f69ab750 Exception <a 'java/lang/NoSuchMethodError'{0x00000000d695d878}: 'java.lang.Object java.lang.invoke.DirectMethodHandle$Holder.newInvokeSpecial(java.lang.Object, java.lang.Object, java.lang.Object, java.lang.Object, java.lang.Object)'> (0x00000000d695d878) 
thrown [s\src\hotspot\share\interpreter\linkResolver.cpp, line 773]
Event: 7.744 Thread 0x000002a6f69ab750 Exception <a 'java/lang/NoSuchMethodError'{0x00000000d5581f90}: 'java.lang.Object java.lang.invoke.Invokers$Holder.invoke_MT(java.lang.Object, java.lang.Object, java.lang.Object, java.lang.Object, java.lang.Object, java.lang.Object, java.lang.Object, java.lang.Object, java.lang.Object, java.lang.Object, java.lang.Object)'> (0x00000000d5581f90) 
thrown [s\src\hotspot\share\interpreter\linkResolver.cpp, line 773]
Event: 7.760 Thread 0x000002a6f69ab750 Exception <a 'java/lang/NoSuchMethodError'{0x00000000d5621388}: 'java.lang.Object java.lang.invoke.Invokers$Holder.invoke_MT(java.lang.Object, java.lang.Object, java.lang.Object, java.lang.Object, java.lang.Object, java.lang.Object, java.lang.Object, java.lang.Object, java.lang.Object, java.lang.Object)'> (0x00000000d5621388) 
thrown [s\src\hotspot\share\interpreter\linkResolver.cpp, line 773]
Event: 7.774 Thread 0x000002a6f69ab750 Exception <a 'java/lang/NoSuchMethodError'{0x00000000d56d53e8}: 'java.lang.Object java.lang.invoke.DirectMethodHandle$Holder.newInvokeSpecial(java.lang.Object, java.lang.Object, java.lang.Object, java.lang.Object, java.lang.Object, java.lang.Object, java.lang.Object)'> (0x00000000d56d53e8) 
thrown [s\src\hotspot\share\interpreter\linkResolver.cpp, line 773]
Event: 7.784 Thread 0x000002a6f69ab750 Exception <a 'java/lang/NoSuchMethodError'{0x00000000d574d5b8}: 'java.lang.Object java.lang.invoke.Invokers$Holder.invoker(java.lang.Object, java.lang.Object, java.lang.Object, java.lang.Object, java.lang.Object, java.lang.Object, java.lang.Object, java.lang.Object, java.lang.Object, java.lang.Object, java.lang.Object, java.lang.Object, java.lang.Object)'> (0x00000000d574d5b8) 
thrown [s\src\hotspot\share\interpreter\linkResolver.cpp, line 773]
Event: 7.784 Thread 0x000002a6f69ab750 Exception <a 'java/lang/NoSuchMethodError'{0x00000000d5757a50}: 'java.lang.Object java.lang.invoke.DelegatingMethodHandle$Holder.delegate(java.lang.Object, java.lang.Object, java.lang.Object, java.lang.Object, java.lang.Object, java.lang.Object, java.lang.Object, java.lang.Object, java.lang.Object, java.lang.Object, java.lang.Object, java.lang.Object, java.lang.Object)'> (0x00000000d5757a50) 
thrown [s\src\hotspot\share\interpreter\linkResolver.cpp, line 773]
Event: 7.792 Thread 0x000002a6f69ab750 Exception <a 'java/lang/NoSuchMethodError'{0x00000000d57c3918}: static Lorg/eclipse/m2e/core/internal/lifecyclemapping/model/PluginExecutionMetadata;.<clinit>()V> (0x00000000d57c3918) 
thrown [s\src\hotspot\share\prims\jni.cpp, line 1111]
Event: 7.800 Thread 0x000002a6f69ab750 Exception <a 'java/lang/NoSuchMethodError'{0x00000000d58239a8}: static Lorg/eclipse/m2e/core/internal/lifecyclemapping/model/PluginExecutionFilter;.<clinit>()V> (0x00000000d58239a8) 
thrown [s\src\hotspot\share\prims\jni.cpp, line 1111]
Event: 7.805 Thread 0x000002a6f69ab750 Exception <a 'java/lang/NoSuchMethodError'{0x00000000d5853648}: static Lorg/eclipse/m2e/core/internal/project/registry/MavenProjectFacade$MavenProjectConfiguration;.<clinit>()V> (0x00000000d5853648) 
thrown [s\src\hotspot\share\prims\jni.cpp, line 1111]
Event: 7.877 Thread 0x000002a6f69ab750 Exception <a 'java/lang/NoSuchMethodError'{0x00000000d5d38d98}: 'double java.lang.invoke.DirectMethodHandle$Holder.invokeStatic(java.lang.Object, java.lang.Object)'> (0x00000000d5d38d98) 
thrown [s\src\hotspot\share\interpreter\linkResolver.cpp, line 773]
Event: 7.877 Thread 0x000002a6f69ab750 Exception <a 'java/lang/NoSuchMethodError'{0x00000000d5d3c458}: 'double java.lang.invoke.DirectMethodHandle$Holder.invokeStaticInit(java.lang.Object, java.lang.Object)'> (0x00000000d5d3c458) 
thrown [s\src\hotspot\share\interpreter\linkResolver.cpp, line 773]
Event: 7.877 Thread 0x000002a6fbf933f0 Exception <a 'java/lang/NoSuchMethodError'{0x00000000d5d70258}: 'java.lang.Object java.lang.invoke.DirectMethodHandle$Holder.newInvokeSpecial(java.lang.Object, java.lang.Object, java.lang.Object, int)'> (0x00000000d5d70258) 
thrown [s\src\hotspot\share\interpreter\linkResolver.cpp, line 773]
Event: 7.878 Thread 0x000002a6fbf933f0 Exception <a 'java/lang/NoSuchMethodError'{0x00000000d5d73ea8}: 'java.lang.Object java.lang.invoke.DirectMethodHandle$Holder.invokeSpecial(java.lang.Object, java.lang.Object, java.lang.Object, java.lang.Object, int)'> (0x00000000d5d73ea8) 
thrown [s\src\hotspot\share\interpreter\linkResolver.cpp, line 773]
Event: 7.878 Thread 0x000002a6fbf933f0 Exception <a 'java/lang/NoSuchMethodError'{0x00000000d5d77620}: 'java.lang.Object java.lang.invoke.Invokers$Holder.linkToTargetMethod(java.lang.Object, java.lang.Object, int, java.lang.Object)'> (0x00000000d5d77620) 
thrown [s\src\hotspot\share\interpreter\linkResolver.cpp, line 773]
Event: 9.019 Thread 0x000002a6fbf91320 Exception <a 'java/lang/NoSuchMethodError'{0x00000000d5ad2be8}: 'java.lang.Object java.lang.invoke.DirectMethodHandle$Holder.invokeSpecialIFC(java.lang.Object, java.lang.Object, java.lang.Object, java.lang.Object)'> (0x00000000d5ad2be8) 
thrown [s\src\hotspot\share\interpreter\linkResolver.cpp, line 773]

ZGC Phase Switch (0 events):
No events

VM Operations (20 events):
Event: 7.445 Executing safepoint VM operation: Cleanup done
Event: 7.663 Executing non-safepoint VM operation: HandshakeAllThreads (Deoptimize)
Event: 7.663 Executing non-safepoint VM operation: HandshakeAllThreads (Deoptimize) done
Event: 7.704 Executing safepoint VM operation: CollectForMetadataAllocation (Metadata GC Threshold)
Event: 7.742 Executing safepoint VM operation: CollectForMetadataAllocation (Metadata GC Threshold) done
Event: 7.858 Executing non-safepoint VM operation: HandshakeAllThreads (Deoptimize)
Event: 7.858 Executing non-safepoint VM operation: HandshakeAllThreads (Deoptimize) done
Event: 8.866 Executing safepoint VM operation: Cleanup
Event: 8.866 Executing safepoint VM operation: Cleanup done
Event: 8.991 Executing non-safepoint VM operation: HandshakeAllThreads (Deoptimize)
Event: 8.991 Executing non-safepoint VM operation: HandshakeAllThreads (Deoptimize) done
Event: 9.002 Executing safepoint VM operation: ParallelGCFailedAllocation (Allocation Failure)
Event: 9.004 Executing safepoint VM operation: ParallelGCFailedAllocation (Allocation Failure) done
Event: 10.015 Executing safepoint VM operation: Cleanup
Event: 11.081 Executing safepoint VM operation: Cleanup done
Event: 11.146 Executing safepoint VM operation: ParallelGCFailedAllocation (Allocation Failure)
Event: 11.147 Executing safepoint VM operation: ParallelGCFailedAllocation (Allocation Failure) done
Event: 11.282 Executing safepoint VM operation: ParallelGCFailedAllocation (Allocation Failure)
Event: 11.290 Executing safepoint VM operation: ParallelGCFailedAllocation (Allocation Failure) done
Event: 12.296 Executing safepoint VM operation: Cleanup

Memory protections (0 events):
No events

Nmethod flushes (0 events):
No events

Events (20 events):
Event: 0.850 Thread 0x000002a69d0bd6e0 Thread added: 0x000002a6f69a9d10
Event: 1.049 Thread 0x000002a69d0bd6e0 Thread added: 0x000002a6f69ab0c0
Event: 1.082 Thread 0x000002a6f69ab0c0 Thread added: 0x000002a6f69aaa30
Event: 1.085 Thread 0x000002a69d0bd6e0 Thread added: 0x000002a6f69ab750
Event: 1.449 Thread 0x000002a6f69ab750 Thread added: 0x000002a6fbf93a80
Event: 1.542 Thread 0x000002a6f6c8dcb0 Thread exited: 0x000002a6f6c8dcb0
Event: 1.751 Thread 0x000002a6f6bf4a00 Thread exited: 0x000002a6f6bf4a00
Event: 3.520 Thread 0x000002a6f69ab750 Thread added: 0x000002a6fbf926d0
Event: 3.647 Thread 0x000002a6f69f55c0 Thread added: 0x000002a6fbeabec0
Event: 3.647 Thread 0x000002a6f69f55c0 Thread added: 0x000002a6fbc4ccb0
Event: 3.817 Thread 0x000002a6f69ab750 Thread added: 0x000002a6fbf90c90
Event: 5.192 Thread 0x000002a6fbc4ccb0 Thread exited: 0x000002a6fbc4ccb0
Event: 5.192 Thread 0x000002a6fbeabec0 Thread exited: 0x000002a6fbeabec0
Event: 5.205 Thread 0x000002a6f69ab750 Thread added: 0x000002a6fbf94110
Event: 5.237 Thread 0x000002a6f69ab750 Thread added: 0x000002a6fbf91320
Event: 6.263 Thread 0x000002a6f69ab750 Thread added: 0x000002a6fbf933f0
Event: 6.334 Thread 0x000002a6f69f55c0 Thread added: 0x000002a6fbc4ccb0
Event: 6.518 Thread 0x000002a6fbf933f0 Thread added: 0x000002a6fbf92040
Event: 9.000 Thread 0x000002a6f69f55c0 Thread added: 0x000002a6fc2139c0
Event: 11.080 Thread 0x000002a6fbf92040 Thread added: 0x000002a6fbf919b0


Dynamic libraries:
0x00007ff7cc8b0000 - 0x00007ff7cc8be000 	c:\Users\Administrator\.vscode\extensions\redhat.java-1.55.0-win32-x64\jre\21.0.11-win32-x86_64\bin\java.exe
0x00007ffa7d440000 - 0x00007ffa7d6a6000 	C:\WINDOWS\SYSTEM32\ntdll.dll
0x00007ffa7bde0000 - 0x00007ffa7bea9000 	C:\WINDOWS\System32\KERNEL32.DLL
0x00007ffa7a970000 - 0x00007ffa7ad6e000 	C:\WINDOWS\System32\KERNELBASE.dll
0x00007ffa7a690000 - 0x00007ffa7a7dc000 	C:\WINDOWS\System32\ucrtbase.dll
0x00007ffa40190000 - 0x00007ffa401ae000 	c:\Users\Administrator\.vscode\extensions\redhat.java-1.55.0-win32-x64\jre\21.0.11-win32-x86_64\bin\VCRUNTIME140.dll
0x00007ffa57120000 - 0x00007ffa57138000 	c:\Users\Administrator\.vscode\extensions\redhat.java-1.55.0-win32-x64\jre\21.0.11-win32-x86_64\bin\jli.dll
0x00007ffa7cfe0000 - 0x00007ffa7d1a7000 	C:\WINDOWS\System32\USER32.dll
0x00007ffa6d780000 - 0x00007ffa6da12000 	C:\WINDOWS\WinSxS\amd64_microsoft.windows.common-controls_6595b64144ccf1df_6.0.26100.8875_none_3e0d5d42e32fe9dd\COMCTL32.dll
0x00007ffa7a660000 - 0x00007ffa7a687000 	C:\WINDOWS\System32\win32u.dll
0x00007ffa7c670000 - 0x00007ffa7c719000 	C:\WINDOWS\System32\msvcrt.dll
0x00007ffa7cda0000 - 0x00007ffa7cdcb000 	C:\WINDOWS\System32\GDI32.dll
0x00007ffa7afb0000 - 0x00007ffa7b0da000 	C:\WINDOWS\System32\gdi32full.dll
0x00007ffa7ae40000 - 0x00007ffa7aee3000 	C:\WINDOWS\System32\msvcp_win.dll
0x00007ffa7b340000 - 0x00007ffa7b372000 	C:\WINDOWS\System32\IMM32.DLL
0x00007ffa753b0000 - 0x00007ffa753bc000 	c:\Users\Administrator\.vscode\extensions\redhat.java-1.55.0-win32-x64\jre\21.0.11-win32-x86_64\bin\vcruntime140_1.dll
0x00007ffa0a8a0000 - 0x00007ffa0a92d000 	c:\Users\Administrator\.vscode\extensions\redhat.java-1.55.0-win32-x64\jre\21.0.11-win32-x86_64\bin\msvcp140.dll
0x00007ff9e1520000 - 0x00007ff9e22c2000 	c:\Users\Administrator\.vscode\extensions\redhat.java-1.55.0-win32-x64\jre\21.0.11-win32-x86_64\bin\server\jvm.dll
0x00007ffa7d2b0000 - 0x00007ffa7d367000 	C:\WINDOWS\System32\ADVAPI32.dll
0x00007ffa7b220000 - 0x00007ffa7b2ca000 	C:\WINDOWS\System32\sechost.dll
0x00007ffa7c720000 - 0x00007ffa7c838000 	C:\WINDOWS\System32\RPCRT4.dll
0x00007ffa7b180000 - 0x00007ffa7b200000 	C:\WINDOWS\System32\WS2_32.dll
0x00007ffa7a4e0000 - 0x00007ffa7a53e000 	C:\WINDOWS\SYSTEM32\POWRPROF.dll
0x00007ffa72830000 - 0x00007ffa7283b000 	C:\WINDOWS\SYSTEM32\VERSION.dll
0x00007ffa727f0000 - 0x00007ffa72826000 	C:\WINDOWS\SYSTEM32\WINMM.dll
0x00007ffa7a4c0000 - 0x00007ffa7a4d4000 	C:\WINDOWS\SYSTEM32\UMPDC.dll
0x00007ffa79300000 - 0x00007ffa7931b000 	C:\WINDOWS\SYSTEM32\kernel.appcore.dll
0x00007ffa6d750000 - 0x00007ffa6d75a000 	c:\Users\Administrator\.vscode\extensions\redhat.java-1.55.0-win32-x64\jre\21.0.11-win32-x86_64\bin\jimage.dll
0x00007ffa77a70000 - 0x00007ffa77cb2000 	C:\WINDOWS\SYSTEM32\DBGHELP.DLL
0x00007ffa7ca10000 - 0x00007ffa7cd93000 	C:\WINDOWS\System32\combase.dll
0x00007ffa7bd00000 - 0x00007ffa7bdd9000 	C:\WINDOWS\System32\OLEAUT32.dll
0x00007ffa54d20000 - 0x00007ffa54d5b000 	C:\WINDOWS\SYSTEM32\dbgcore.DLL
0x00007ffa7aef0000 - 0x00007ffa7af9c000 	C:\WINDOWS\System32\bcryptPrimitives.dll
0x00007ffa6bcb0000 - 0x00007ffa6bcbf000 	c:\Users\Administrator\.vscode\extensions\redhat.java-1.55.0-win32-x64\jre\21.0.11-win32-x86_64\bin\instrument.dll
0x00007ffa3f1a0000 - 0x00007ffa3f1c0000 	c:\Users\Administrator\.vscode\extensions\redhat.java-1.55.0-win32-x64\jre\21.0.11-win32-x86_64\bin\java.dll
0x00007ffa7beb0000 - 0x00007ffa7c642000 	C:\WINDOWS\System32\SHELL32.dll
0x00007ffa780c0000 - 0x00007ffa78952000 	C:\WINDOWS\SYSTEM32\windows.storage.dll
0x00007ffa7b390000 - 0x00007ffa7b487000 	C:\WINDOWS\System32\SHCORE.dll
0x00007ffa7b2d0000 - 0x00007ffa7b337000 	C:\WINDOWS\System32\shlwapi.dll
0x00007ffa7a580000 - 0x00007ffa7a5a9000 	C:\WINDOWS\SYSTEM32\profapi.dll
0x00007ffa3f180000 - 0x00007ffa3f198000 	c:\Users\Administrator\.vscode\extensions\redhat.java-1.55.0-win32-x64\jre\21.0.11-win32-x86_64\bin\zip.dll
0x00007ffa6bc50000 - 0x00007ffa6bc60000 	C:\Users\Administrator\.vscode\extensions\redhat.java-1.55.0-win32-x64\jre\21.0.11-win32-x86_64\bin\net.dll
0x00007ffa72d10000 - 0x00007ffa72e37000 	C:\WINDOWS\SYSTEM32\WINHTTP.dll
0x00007ffa79890000 - 0x00007ffa798fc000 	C:\WINDOWS\system32\mswsock.dll
0x00007ffa62bd0000 - 0x00007ffa62be6000 	C:\Users\Administrator\.vscode\extensions\redhat.java-1.55.0-win32-x64\jre\21.0.11-win32-x86_64\bin\nio.dll
0x00007ffa6bae0000 - 0x00007ffa6baf0000 	c:\Users\Administrator\.vscode\extensions\redhat.java-1.55.0-win32-x64\jre\21.0.11-win32-x86_64\bin\verify.dll
0x00007ffa4a6a0000 - 0x00007ffa4a6e5000 	C:\Users\Administrator\AppData\Roaming\Code\User\globalStorage\redhat.java\1.55.0\config_win\org.eclipse.equinox.launcher\org.eclipse.equinox.launcher.win32.win32.x86_64_1.3.100.v20260613-0559\eclipse_11924.dll
0x00007ffa7ce20000 - 0x00007ffa7cfb9000 	C:\WINDOWS\System32\ole32.dll
0x00007ffa79cc0000 - 0x00007ffa79cdb000 	C:\WINDOWS\SYSTEM32\CRYPTSP.dll
0x00007ffa79260000 - 0x00007ffa79299000 	C:\WINDOWS\system32\rsaenh.dll
0x00007ffa79950000 - 0x00007ffa79982000 	C:\WINDOWS\SYSTEM32\USERENV.dll
0x00007ffa7a550000 - 0x00007ffa7a57a000 	C:\WINDOWS\SYSTEM32\bcrypt.dll
0x00007ffa79c90000 - 0x00007ffa79c9c000 	C:\WINDOWS\SYSTEM32\CRYPTBASE.dll
0x00007ffa78cb0000 - 0x00007ffa78ce3000 	C:\WINDOWS\SYSTEM32\IPHLPAPI.DLL
0x00007ffa7b170000 - 0x00007ffa7b17a000 	C:\WINDOWS\System32\NSI.dll
0x00007ffa38a80000 - 0x00007ffa38ac9000 	C:\Users\Administrator\AppData\Local\Temp\jna-146731693\jna13838989472668873227.dll
0x00007ffa7b210000 - 0x00007ffa7b218000 	C:\WINDOWS\System32\PSAPI.DLL

JVMTI agents:
c:\Users\Administrator\.vscode\extensions\redhat.java-1.55.0-win32-x64\lombok\lombok-1.18.39-4050.jar path:c:\Users\Administrator\.vscode\extensions\redhat.java-1.55.0-win32-x64\jre\21.0.11-win32-x86_64\bin\instrument.dll, loaded, initialized, instrumentlib options:none

dbghelp: loaded successfully - version: 4.0.5 - missing functions: none
symbol engine: initialized successfully - sym options: 0x614 - pdb path: .;c:\Users\Administrator\.vscode\extensions\redhat.java-1.55.0-win32-x64\jre\21.0.11-win32-x86_64\bin;C:\WINDOWS\SYSTEM32;C:\WINDOWS\WinSxS\amd64_microsoft.windows.common-controls_6595b64144ccf1df_6.0.26100.8875_none_3e0d5d42e32fe9dd;c:\Users\Administrator\.vscode\extensions\redhat.java-1.55.0-win32-x64\jre\21.0.11-win32-x86_64\bin\server;C:\Users\Administrator\AppData\Roaming\Code\User\globalStorage\redhat.java\1.55.0\config_win\org.eclipse.equinox.launcher\org.eclipse.equinox.launcher.win32.win32.x86_64_1.3.100.v20260613-0559;C:\Users\Administrator\AppData\Local\Temp\jna-146731693

VM Arguments:
jvm_args: --add-modules=ALL-SYSTEM --add-opens=java.base/java.util=ALL-UNNAMED --add-opens=java.base/java.lang=ALL-UNNAMED --add-opens=java.base/sun.nio.fs=ALL-UNNAMED -Declipse.application=org.eclipse.jdt.ls.core.id1 -Dosgi.bundles.defaultStartLevel=4 -Declipse.product=org.eclipse.jdt.ls.core.product -Djava.import.generatesMetadataFilesAtProjectRoot=false -DDetectVMInstallationsJob.disabled=true -Dfile.encoding=utf8 -XX:+UseParallelGC -XX:GCTimeRatio=4 -XX:AdaptiveSizePolicyWeight=90 -Dsun.zip.disableMemoryMapping=true -Xmx2G -Xms100m -Xlog:disable -javaagent:c:\Users\Administrator\.vscode\extensions\redhat.java-1.55.0-win32-x64\lombok\lombok-1.18.39-4050.jar -XX:+HeapDumpOnOutOfMemoryError -XX:HeapDumpPath=c:\Users\Administrator\AppData\Roaming\Code\User\workspaceStorage\47d38d0315a5049dedd72c8bc73d439b\redhat.java -Daether.dependencyCollector.impl=bf 
java_command: c:\Users\Administrator\.vscode\extensions\redhat.java-1.55.0-win32-x64\server\plugins\org.eclipse.equinox.launcher_1.7.200.v20260619-2039.jar -configuration c:\Users\Administrator\AppData\Roaming\Code\User\globalStorage\redhat.java\1.55.0\config_win -data c:\Users\Administrator\AppData\Roaming\Code\User\workspaceStorage\47d38d0315a5049dedd72c8bc73d439b\redhat.java\jdt_ws --pipe=\\.\pipe\lsp-adf7be09988624432a0c14e0c1f8264e-sock
java_class_path (initial): c:\Users\Administrator\.vscode\extensions\redhat.java-1.55.0-win32-x64\server\plugins\org.eclipse.equinox.launcher_1.7.200.v20260619-2039.jar
Launcher Type: SUN_STANDARD

[Global flags]
    uintx AdaptiveSizePolicyWeight                 = 90                                        {product} {command line}
     intx CICompilerCount                          = 4                                         {product} {ergonomic}
    uintx GCTimeRatio                              = 4                                         {product} {command line}
     bool HeapDumpOnOutOfMemoryError               = true                                   {manageable} {command line}
    ccstr HeapDumpPath                             = c:\Users\Administrator\AppData\Roaming\Code\User\workspaceStorage\47d38d0315a5049dedd72c8bc73d439b\redhat.java         {manageable} {command line}
   size_t InitialHeapSize                          = 104857600                                 {product} {command line}
   size_t MaxHeapSize                              = 2147483648                                {product} {command line}
   size_t MaxNewSize                               = 715653120                                 {product} {ergonomic}
   size_t MinHeapDeltaBytes                        = 524288                                    {product} {ergonomic}
   size_t MinHeapSize                              = 104857600                                 {product} {command line}
   size_t NewSize                                  = 34603008                                  {product} {ergonomic}
    uintx NonNMethodCodeHeapSize                   = 5839372                                {pd product} {ergonomic}
    uintx NonProfiledCodeHeapSize                  = 122909434                              {pd product} {ergonomic}
   size_t OldSize                                  = 70254592                                  {product} {ergonomic}
    uintx ProfiledCodeHeapSize                     = 122909434                              {pd product} {ergonomic}
    uintx ReservedCodeCacheSize                    = 251658240                              {pd product} {ergonomic}
     bool SegmentedCodeCache                       = true                                      {product} {ergonomic}
   size_t SoftMaxHeapSize                          = 2147483648                             {manageable} {ergonomic}
     bool UseCompressedOops                        = true                           {product lp64_product} {ergonomic}
     bool UseLargePagesIndividualAllocation        = false                                  {pd product} {ergonomic}
     bool UseParallelGC                            = true                                      {product} {command line}

Logging:
Log output configuration:
 #0: stdout all=off uptime,level,tags foldmultilines=false
 #1: stderr all=off uptime,level,tags foldmultilines=false

Release file:
JAVA_VERSION="21.0.11" 
MODULES="java.base java.compiler java.datatransfer java.xml java.prefs java.desktop java.instrument java.logging java.management java.security.sasl java.naming java.rmi java.management.rmi java.net.http java.scripting java.security.jgss java.transaction.xa java.sql java.sql.rowset java.xml.crypto java.se java.smartcardio jdk.accessibility jdk.internal.jvmstat jdk.attach jdk.charsets jdk.internal.opt jdk.zipfs jdk.compiler jdk.crypto.ec jdk.crypto.cryptoki jdk.crypto.mscapi jdk.dynalink jdk.internal.ed jdk.editpad jdk.hotspot.agent jdk.httpserver jdk.internal.le jdk.internal.vm.ci jdk.internal.vm.compiler jdk.internal.vm.compiler.management jdk.jartool jdk.javadoc jdk.jcmd jdk.management jdk.management.agent jdk.jconsole jdk.jdeps jdk.jdwp.agent jdk.jdi jdk.jfr jdk.jshell jdk.jsobject jdk.jstatd jdk.localedata jdk.management.jfr jdk.naming.dns jdk.naming.rmi jdk.net jdk.nio.mapmode jdk.random jdk.sctp jdk.security.auth jdk.security.jgss jdk.unsupported jdk.unsupported.desktop jdk.xml.dom" 

Environment Variables:
PATH=C:\Program Files\Common Files\Oracle\Java\javapath;C:\WINDOWS\system32;C:\WINDOWS;C:\WINDOWS\System32\Wbem;C:\WINDOWS\System32\WindowsPowerShell\v1.0\;C:\WINDOWS\System32\OpenSSH\;C:\Program Files\nodejs\;C:\Program Files\Git\cmd;C:\Users\Administrator\AppData\Local\Programs\Python\Python313\Scripts\;C:\Users\Administrator\AppData\Local\Programs\Python\Python313\;C:\Users\Administrator\AppData\Local\Programs\Python\Launcher\;C:\Users\Administrator\AppData\Local\Microsoft\WindowsApps;C:\Users\Administrator\AppData\Local\Programs\Microsoft VS Code\bin;C:\Users\Administrator\AppData\Local\GitHubDesktop\bin;C:\Users\Administrator\AppData\Roaming\npm;C:\Users\Administrator\AppData\Local\Programs\Antigravity\bin
USERNAME=Administrator
OS=Windows_NT
PROCESSOR_IDENTIFIER=AMD64 Family 25 Model 80 Stepping 0, AuthenticAMD
TMP=C:\Users\ADMINI~1\AppData\Local\Temp
TEMP=C:\Users\ADMINI~1\AppData\Local\Temp




Periodic native trim disabled

---------------  S Y S T E M  ---------------

OS:
 Windows 11 , 64 bit Build 26100 (10.0.26100.8875)
OS uptime: 2 days 4:48 hours
Hyper-V role detected

CPU: total 12 (initial active 12) (12 cores per cpu, 2 threads per core) family 25 model 80 stepping 0 microcode 0xa500014, cx8, cmov, fxsr, ht, mmx, 3dnowpref, sse, sse2, sse3, ssse3, sse4a, sse4.1, sse4.2, popcnt, lzcnt, tsc, tscinvbit, avx, avx2, aes, erms, clmul, bmi1, bmi2, adx, sha, fma, vzeroupper, clflush, clflushopt, hv, rdtscp, rdpid, fsrm, f16c, cet_ss
Processor Information for the first 12 processors :
  Max Mhz: 2301, Current Mhz: 2301, Mhz Limit: 2301

Memory: 4k page, system-wide physical 15681M (3764M free)
TotalPageFile size 46088M (AvailPageFile size 5M)
current process WorkingSet (physical memory assigned to process): 178M, peak: 178M
current process commit charge ("private bytes"): 313M, peak: 313M

vm_info: OpenJDK 64-Bit Server VM (21.0.11+10-LTS) for windows-amd64 JRE (21.0.11+10-LTS), built on 2026-04-21T00:00:00Z by "admin" with MS VC++ 17.12 (VS2022)

END.
