#
# There is insufficient memory for the Java Runtime Environment to continue.
# Native memory allocation (malloc) failed to allocate 1817392 bytes. Error detail: Chunk::new
# Possible reasons:
#   The system is out of physical RAM or swap space
#   This process is running with CompressedOops enabled, and the Java Heap may be blocking the growth of the native heap
# Possible solutions:
#   Reduce memory load on the system
#   Increase physical memory or swap space
#   Check if swap backing store is full
#   Decrease Java heap size (-Xmx/-Xms)
#   Decrease number of Java threads
#   Decrease Java thread stack sizes (-Xss)
#   Set larger code cache with -XX:ReservedCodeCacheSize=
#   JVM is running with Unscaled Compressed Oops mode in which the Java heap is
#     placed in the first 4GB address space. The Java Heap base address is the
#     maximum limit for the native heap growth. Please use -XX:HeapBaseMinAddress
#     to set the Java Heap base and to place the Java Heap above 4GB virtual address.
# This output file may be truncated or incomplete.
#
#  Out of Memory Error (arena.cpp:168), pid=9972, tid=9828
#
# JRE version: OpenJDK Runtime Environment Temurin-21.0.11+10 (21.0.11+10) (build 21.0.11+10-LTS)
# Java VM: OpenJDK 64-Bit Server VM Temurin-21.0.11+10 (21.0.11+10-LTS, mixed mode, sharing, tiered, compressed oops, compressed class ptrs, parallel gc, windows-amd64)
# No core dump will be written. Minidumps are not enabled by default on client versions of Windows
#

---------------  S U M M A R Y ------------

Command Line: --add-modules=ALL-SYSTEM --add-opens=java.base/java.util=ALL-UNNAMED --add-opens=java.base/java.lang=ALL-UNNAMED --add-opens=java.base/sun.nio.fs=ALL-UNNAMED -Declipse.application=org.eclipse.jdt.ls.core.id1 -Dosgi.bundles.defaultStartLevel=4 -Declipse.product=org.eclipse.jdt.ls.core.product -Djava.import.generatesMetadataFilesAtProjectRoot=false -DDetectVMInstallationsJob.disabled=true -Dfile.encoding=utf8 -XX:+UseParallelGC -XX:GCTimeRatio=4 -XX:AdaptiveSizePolicyWeight=90 -Dsun.zip.disableMemoryMapping=true -Xmx2G -Xms100m -Xlog:disable -javaagent:c:\Users\Administrator\.vscode\extensions\redhat.java-1.55.0-win32-x64\lombok\lombok-1.18.39-4050.jar -XX:+HeapDumpOnOutOfMemoryError -XX:HeapDumpPath=c:\Users\Administrator\AppData\Roaming\Code\User\workspaceStorage\47d38d0315a5049dedd72c8bc73d439b\redhat.java -Daether.dependencyCollector.impl=bf c:\Users\Administrator\.vscode\extensions\redhat.java-1.55.0-win32-x64\server\plugins\org.eclipse.equinox.launcher_1.7.200.v20260619-2039.jar -configuration c:\Users\Administrator\AppData\Roaming\Code\User\globalStorage\redhat.java\1.55.0\config_win -data c:\Users\Administrator\AppData\Roaming\Code\User\workspaceStorage\47d38d0315a5049dedd72c8bc73d439b\redhat.java\jdt_ws --pipe=\\.\pipe\lsp-19d982d6e86ba54b016d4e26723c0b15-sock

Host: AMD Ryzen 5 PRO 5650U with Radeon Graphics     , 12 cores, 15G,  Windows 11 , 64 bit Build 26100 (10.0.26100.8875)
Time: Mon Aug  3 00:24:42 2026 E. Africa Standard Time elapsed time: 10.414087 seconds (0d 0h 0m 10s)

---------------  T H R E A D  ---------------

Current thread (0x000001ea851180f0):  JavaThread "C2 CompilerThread2" daemon [_thread_in_native, id=9828, stack(0x00000077f1600000,0x00000077f1700000) (1024K)]


Current CompileTask:
C2:10414 4686   !   4       org.eclipse.osgi.internal.loader.classpath.ClasspathManager::findClassImpl (328 bytes)

Stack: [0x00000077f1600000,0x00000077f1700000]
Native frames: (J=compiled Java code, j=interpreted, Vv=VM code, C=native code)
V  [jvm.dll+0x6d7e19]
V  [jvm.dll+0x8b5096]
V  [jvm.dll+0x8b764e]
V  [jvm.dll+0x8b7d33]
V  [jvm.dll+0x284596]
V  [jvm.dll+0xc685d]
V  [jvm.dll+0xc6da1]
V  [jvm.dll+0x3bed6b]
V  [jvm.dll+0x38b2b2]
V  [jvm.dll+0x38a6fa]
V  [jvm.dll+0x24c700]
V  [jvm.dll+0x24bce0]
V  [jvm.dll+0x1cb4ae]
V  [jvm.dll+0x25baad]
V  [jvm.dll+0x25a03a]
V  [jvm.dll+0x3f868e]
V  [jvm.dll+0x85fb0d]
V  [jvm.dll+0x6d664d]
C  [ucrtbase.dll+0x2cd30]
C  [KERNEL32.DLL+0x2e957]
C  [ntdll.dll+0xaad6c]


---------------  P R O C E S S  ---------------

Threads class SMR info:
_java_thread_list=0x000001ea85c885a0, length=54, elements={
0x000001eaa2019170, 0x000001eaa1fcbd10, 0x000001eaa1fcdae0, 0x000001ea840157f0,
0x000001ea84016460, 0x000001ea840187d0, 0x000001ea84021680, 0x000001ea84033f70,
0x000001ea8403a1c0, 0x000001ea84020960, 0x000001ea84020ff0, 0x000001ea84021d10,
0x000001ea8401fc40, 0x000001ea8401e890, 0x000001ea8401f5b0, 0x000001ea840202d0,
0x000001ea8401ef20, 0x000001ea84547b30, 0x000001ea852b0550, 0x000001ea852af1a0,
0x000001ea852b0be0, 0x000001ea852addf0, 0x000001ea851180f0, 0x000001ea852ad760,
0x000001ea852af830, 0x000001ea852aeb10, 0x000001ea852b1f90, 0x000001ea852b1900,
0x000001ea852b1270, 0x000001ea852b3340, 0x000001ea852afec0, 0x000001ea852b2cb0,
0x000001ea852b39d0, 0x000001ea852b4060, 0x000001ea852b2620, 0x000001ea852b46f0,
0x000001ea852b4d80, 0x000001ea854a3c00, 0x000001ea854a4920, 0x000001ea854a7710,
0x000001ea854a4290, 0x000001ea854a5cd0, 0x000001ea854a7da0, 0x000001ea854a6360,
0x000001ea854a8430, 0x000001ea854a5640, 0x000001ea854a4fb0, 0x000001ea854a9150,
0x000001ea854a8ac0, 0x000001ea854a7080, 0x000001ea854a97e0, 0x000001ea854a9e70,
0x000001ea854a69f0, 0x000001ea854aab90
}

Java Threads: ( => current thread )
  0x000001eaa2019170 JavaThread "main"                              [_thread_blocked, id=19408, stack(0x00000077ef800000,0x00000077ef900000) (1024K)]
  0x000001eaa1fcbd10 JavaThread "Reference Handler"          daemon [_thread_blocked, id=3416, stack(0x00000077efc00000,0x00000077efd00000) (1024K)]
  0x000001eaa1fcdae0 JavaThread "Finalizer"                  daemon [_thread_blocked, id=17896, stack(0x00000077efd00000,0x00000077efe00000) (1024K)]
  0x000001ea840157f0 JavaThread "Signal Dispatcher"          daemon [_thread_blocked, id=23588, stack(0x00000077efe00000,0x00000077eff00000) (1024K)]
  0x000001ea84016460 JavaThread "Attach Listener"            daemon [_thread_blocked, id=22160, stack(0x00000077eff00000,0x00000077f0000000) (1024K)]
  0x000001ea840187d0 JavaThread "Service Thread"             daemon [_thread_blocked, id=21660, stack(0x00000077f0000000,0x00000077f0100000) (1024K)]
  0x000001ea84021680 JavaThread "Monitor Deflation Thread"   daemon [_thread_blocked, id=11564, stack(0x00000077f0100000,0x00000077f0200000) (1024K)]
  0x000001ea84033f70 JavaThread "C2 CompilerThread0"         daemon [_thread_in_native, id=9268, stack(0x00000077f0200000,0x00000077f0300000) (1024K)]
  0x000001ea8403a1c0 JavaThread "C1 CompilerThread0"         daemon [_thread_blocked, id=5600, stack(0x00000077f0300000,0x00000077f0400000) (1024K)]
  0x000001ea84020960 JavaThread "Common-Cleaner"             daemon [_thread_blocked, id=6360, stack(0x00000077f0500000,0x00000077f0600000) (1024K)]
  0x000001ea84020ff0 JavaThread "Notification Thread"        daemon [_thread_blocked, id=19292, stack(0x00000077f0600000,0x00000077f0700000) (1024K)]
  0x000001ea84021d10 JavaThread "Active Thread: Equinox Container: b8af0430-1dd3-40b4-87b9-517bf04a35fa"        [_thread_blocked, id=23224, stack(0x00000077f0e00000,0x00000077f0f00000) (1024K)]
  0x000001ea8401fc40 JavaThread "Refresh Thread: Equinox Container: b8af0430-1dd3-40b4-87b9-517bf04a35fa" daemon [_thread_blocked, id=6172, stack(0x00000077f1000000,0x00000077f1100000) (1024K)]
  0x000001ea8401e890 JavaThread "Framework Event Dispatcher: Equinox Container: b8af0430-1dd3-40b4-87b9-517bf04a35fa" daemon [_thread_blocked, id=14708, stack(0x00000077f1100000,0x00000077f1200000) (1024K)]
  0x000001ea8401f5b0 JavaThread "Start Level: Equinox Container: b8af0430-1dd3-40b4-87b9-517bf04a35fa" daemon [_thread_blocked, id=9624, stack(0x00000077f1200000,0x00000077f1300000) (1024K)]
  0x000001ea840202d0 JavaThread "Bundle File Closer"         daemon [_thread_blocked, id=19936, stack(0x00000077f1500000,0x00000077f1600000) (1024K)]
  0x000001ea8401ef20 JavaThread "SCR Component Actor"        daemon [_thread_blocked, id=14048, stack(0x00000077f0400000,0x00000077f0500000) (1024K)]
  0x000001ea84547b30 JavaThread "C2 CompilerThread1"         daemon [_thread_in_native, id=12000, stack(0x00000077f0700000,0x00000077f0800000) (1024K)]
  0x000001ea852b0550 JavaThread "Worker-JM"                         [_thread_blocked, id=13332, stack(0x00000077f1700000,0x00000077f1800000) (1024K)]
  0x000001ea852af1a0 JavaThread "JNA Cleaner"                daemon [_thread_blocked, id=24932, stack(0x00000077f1800000,0x00000077f1900000) (1024K)]
  0x000001ea852b0be0 JavaThread "Worker-0"                          [_thread_blocked, id=20784, stack(0x00000077f1900000,0x00000077f1a00000) (1024K)]
  0x000001ea852addf0 JavaThread "Worker-1"                          [_thread_blocked, id=23564, stack(0x00000077f1a00000,0x00000077f1b00000) (1024K)]
=>0x000001ea851180f0 JavaThread "C2 CompilerThread2"         daemon [_thread_in_native, id=9828, stack(0x00000077f1600000,0x00000077f1700000) (1024K)]
  0x000001ea852ad760 JavaThread "Java indexing"              daemon [_thread_blocked, id=13728, stack(0x00000077f1b00000,0x00000077f1c00000) (1024K)]
  0x000001ea852af830 JavaThread "Worker-2: Repository registry initialization"        [_thread_in_native, id=26756, stack(0x00000077f1f00000,0x00000077f2000000) (1024K)]
  0x000001ea852aeb10 JavaThread "Worker-3"                          [_thread_blocked, id=21136, stack(0x00000077f2000000,0x00000077f2100000) (1024K)]
  0x000001ea852b1f90 JavaThread "Worker-4"                          [_thread_blocked, id=4048, stack(0x00000077f2100000,0x00000077f2200000) (1024K)]
  0x000001ea852b1900 JavaThread "Thread-1"                   daemon [_thread_in_native, id=5444, stack(0x00000077f2200000,0x00000077f2300000) (1024K)]
  0x000001ea852b1270 JavaThread "Thread-2"                   daemon [_thread_in_native, id=11464, stack(0x00000077f2300000,0x00000077f2400000) (1024K)]
  0x000001ea852b3340 JavaThread "Thread-3"                   daemon [_thread_in_native, id=6764, stack(0x00000077f2400000,0x00000077f2500000) (1024K)]
  0x000001ea852afec0 JavaThread "Thread-4"                   daemon [_thread_in_native, id=20892, stack(0x00000077f2500000,0x00000077f2600000) (1024K)]
  0x000001ea852b2cb0 JavaThread "Thread-5"                   daemon [_thread_in_native, id=5488, stack(0x00000077f2600000,0x00000077f2700000) (1024K)]
  0x000001ea852b39d0 JavaThread "Thread-6"                   daemon [_thread_in_native, id=6716, stack(0x00000077f2700000,0x00000077f2800000) (1024K)]
  0x000001ea852b4060 JavaThread "Thread-7"                   daemon [_thread_in_native, id=14932, stack(0x00000077f2800000,0x00000077f2900000) (1024K)]
  0x000001ea852b2620 JavaThread "Thread-8"                   daemon [_thread_in_native, id=26432, stack(0x00000077f2900000,0x00000077f2a00000) (1024K)]
  0x000001ea852b46f0 JavaThread "Thread-9"                   daemon [_thread_in_native, id=5064, stack(0x00000077f2a00000,0x00000077f2b00000) (1024K)]
  0x000001ea852b4d80 JavaThread "Thread-10"                  daemon [_thread_in_native, id=14132, stack(0x00000077f2b00000,0x00000077f2c00000) (1024K)]
  0x000001ea854a3c00 JavaThread "Thread-11"                  daemon [_thread_in_native, id=17780, stack(0x00000077f2c00000,0x00000077f2d00000) (1024K)]
  0x000001ea854a4920 JavaThread "Thread-12"                  daemon [_thread_in_native, id=18276, stack(0x00000077f2d00000,0x00000077f2e00000) (1024K)]
  0x000001ea854a7710 JavaThread "Thread-13"                  daemon [_thread_in_native, id=13480, stack(0x00000077f2e00000,0x00000077f2f00000) (1024K)]
  0x000001ea854a4290 JavaThread "pool-2-thread-1"                   [_thread_blocked, id=16156, stack(0x00000077f2f00000,0x00000077f3000000) (1024K)]
  0x000001ea854a5cd0 JavaThread "WorkspaceEventsHandler"            [_thread_blocked, id=19960, stack(0x00000077f3000000,0x00000077f3100000) (1024K)]
  0x000001ea854a7da0 JavaThread "pool-1-thread-1"                   [_thread_blocked, id=25228, stack(0x00000077f3100000,0x00000077f3200000) (1024K)]
  0x000001ea854a6360 JavaThread "PatternSearchJob-worker-1"  daemon [_thread_blocked, id=21480, stack(0x00000077f3200000,0x00000077f3300000) (1024K)]
  0x000001ea854a8430 JavaThread "PatternSearchJob-worker-2"  daemon [_thread_blocked, id=25208, stack(0x00000077f3300000,0x00000077f3400000) (1024K)]
  0x000001ea854a5640 JavaThread "PatternSearchJob-worker-3"  daemon [_thread_blocked, id=7204, stack(0x00000077f3400000,0x00000077f3500000) (1024K)]
  0x000001ea854a4fb0 JavaThread "PatternSearchJob-worker-4"  daemon [_thread_blocked, id=10136, stack(0x00000077f3500000,0x00000077f3600000) (1024K)]
  0x000001ea854a9150 JavaThread "PatternSearchJob-worker-5"  daemon [_thread_blocked, id=7920, stack(0x00000077f3600000,0x00000077f3700000) (1024K)]
  0x000001ea854a8ac0 JavaThread "PatternSearchJob-worker-6"  daemon [_thread_blocked, id=7212, stack(0x00000077f3700000,0x00000077f3800000) (1024K)]
  0x000001ea854a7080 JavaThread "PatternSearchJob-worker-7"  daemon [_thread_blocked, id=2212, stack(0x00000077f3800000,0x00000077f3900000) (1024K)]
  0x000001ea854a97e0 JavaThread "PatternSearchJob-worker-8"  daemon [_thread_blocked, id=9832, stack(0x00000077f3900000,0x00000077f3a00000) (1024K)]
  0x000001ea854a9e70 JavaThread "PatternSearchJob-worker-9"  daemon [_thread_blocked, id=2984, stack(0x00000077f3a00000,0x00000077f3b00000) (1024K)]
  0x000001ea854a69f0 JavaThread "PatternSearchJob-worker-10" daemon [_thread_blocked, id=18128, stack(0x00000077f3b00000,0x00000077f3c00000) (1024K)]
  0x000001ea854aab90 JavaThread "PatternSearchJob-worker-11" daemon [_thread_blocked, id=7492, stack(0x00000077f3c00000,0x00000077f3d00000) (1024K)]
Total: 54

Other Threads:
  0x000001eaa1fb4290 VMThread "VM Thread"                           [id=12224, stack(0x00000077efb00000,0x00000077efc00000) (1024K)]
  0x000001eaa2085700 WatcherThread "VM Periodic Task Thread"        [id=4528, stack(0x00000077efa00000,0x00000077efb00000) (1024K)]
  0x000001eaa20366a0 WorkerThread "GC Thread#0"                     [id=20152, stack(0x00000077ef900000,0x00000077efa00000) (1024K)]
  0x000001ea84b8a1a0 WorkerThread "GC Thread#1"                     [id=25128, stack(0x00000077f0800000,0x00000077f0900000) (1024K)]
  0x000001ea847dea90 WorkerThread "GC Thread#2"                     [id=11848, stack(0x00000077f0900000,0x00000077f0a00000) (1024K)]
  0x000001ea847dee40 WorkerThread "GC Thread#3"                     [id=23328, stack(0x00000077f0a00000,0x00000077f0b00000) (1024K)]
  0x000001ea847df600 WorkerThread "GC Thread#4"                     [id=20128, stack(0x00000077f0b00000,0x00000077f0c00000) (1024K)]
  0x000001ea84d99d70 WorkerThread "GC Thread#5"                     [id=1600, stack(0x00000077f0c00000,0x00000077f0d00000) (1024K)]
  0x000001ea84b47ae0 WorkerThread "GC Thread#6"                     [id=9364, stack(0x00000077f0d00000,0x00000077f0e00000) (1024K)]
  0x000001ea84b48240 WorkerThread "GC Thread#7"                     [id=24504, stack(0x00000077f0f00000,0x00000077f1000000) (1024K)]
  0x000001ea84b494b0 WorkerThread "GC Thread#8"                     [id=22232, stack(0x00000077f1300000,0x00000077f1400000) (1024K)]
  0x000001ea84b47e90 WorkerThread "GC Thread#9"                     [id=24256, stack(0x00000077f1400000,0x00000077f1500000) (1024K)]
Total: 12

Threads with active compile tasks:
C2 CompilerThread0  11445 5079   !   4       java.nio.charset.CharsetDecoder::decode (275 bytes)
C1 CompilerThread0  11445 5198       2       org.objectweb.asm.ClassReader::readMethod (1070 bytes)
C2 CompilerThread1  11445 5087       4       sun.nio.cs.UTF_8$Decoder::decodeArrayLoop (688 bytes)
C2 CompilerThread2  11445 4686   !   4       org.eclipse.osgi.internal.loader.classpath.ClasspathManager::findClassImpl (328 bytes)
Total: 4

VM state: not at safepoint (normal execution)

VM Mutex/Monitor currently owned by a thread: None

Heap address: 0x0000000080000000, size: 2048 MB, Compressed Oops mode: 32-bit

CDS archive(s) mapped at: [0x000001eab9000000-0x000001eab9ba0000-0x000001eab9ba0000), size 12189696, SharedBaseAddress: 0x000001eab9000000, ArchiveRelocationMode: 1.
Compressed class space mapped at: 0x000001eaba000000-0x000001eafa000000, reserved size: 1073741824
Narrow klass base: 0x000001eab9000000, Narrow klass shift: 0, Narrow klass range: 0x100000000

GC Precious Log:
 CardTable entry size: 512
 CPUs: 12 total, 12 available
 Memory: 15681M
 Large Page Support: Disabled
 NUMA Support: Disabled
 Compressed Oops: Enabled (32-bit)
 Alignments: Space 512K, Generation 512K, Heap 2M
 Heap Min Capacity: 100M
 Heap Initial Capacity: 100M
 Heap Max Capacity: 2G
 Pre-touch: Disabled
 Parallel Workers: 10

Heap:
 PSYoungGen      total 29184K, used 7861K [0x00000000d5580000, 0x00000000d7900000, 0x0000000100000000)
  eden space 22016K, 5% used [0x00000000d5580000,0x00000000d56b4390,0x00000000d6b00000)
  from space 7168K, 92% used [0x00000000d7200000,0x00000000d7879170,0x00000000d7900000)
  to   space 7168K, 0% used [0x00000000d6b00000,0x00000000d6b00000,0x00000000d7200000)
 ParOldGen       total 68608K, used 26381K [0x0000000080000000, 0x0000000084300000, 0x00000000d5580000)
  object space 68608K, 38% used [0x0000000080000000,0x00000000819c3778,0x0000000084300000)
 Metaspace       used 39454K, committed 40704K, reserved 1114112K
  class space    used 4193K, committed 4736K, reserved 1048576K

Card table byte_map: [0x000001eaa19c0000,0x000001eaa1dd0000] _byte_map_base: 0x000001eaa15c0000

Marking Bits: (ParMarkBitMap*) 0x00007ffc89094460
 Begin Bits: [0x000001eab44d0000, 0x000001eab64d0000)
 End Bits:   [0x000001eab64d0000, 0x000001eab84d0000)

Polling page: 0x000001ea9fe20000

Metaspace:

Usage:
  Non-class:     34.43 MB used.
      Class:      4.10 MB used.
       Both:     38.53 MB used.

Virtual space:
  Non-class space:       64.00 MB reserved,      35.12 MB ( 55%) committed,  1 nodes.
      Class space:        1.00 GB reserved,       4.62 MB ( <1%) committed,  1 nodes.
             Both:        1.06 GB reserved,      39.75 MB (  4%) committed. 

Chunk freelists:
   Non-Class:  12.91 MB
       Class:  11.39 MB
        Both:  24.30 MB

MaxMetaspaceSize: unlimited
CompressedClassSpaceSize: 1.00 GB
Initial GC threshold: 21.00 MB
Current GC threshold: 58.38 MB
CDS: on
 - commit_granule_bytes: 65536.
 - commit_granule_words: 8192.
 - virtual_space_node_default_size: 8388608.
 - enlarge_chunks_in_place: 1.
 - use_allocation_guard: 0.


Internal statistics:

num_allocs_failed_limit: 6.
num_arena_births: 948.
num_arena_deaths: 14.
num_vsnodes_births: 2.
num_vsnodes_deaths: 0.
num_space_committed: 636.
num_space_uncommitted: 0.
num_chunks_returned_to_freelist: 20.
num_chunks_taken_from_freelist: 2739.
num_chunk_merges: 8.
num_chunk_splits: 1667.
num_chunks_enlarged: 916.
num_inconsistent_stats: 0.

CodeHeap 'non-profiled nmethods': size=120000Kb used=2199Kb max_used=2221Kb free=117800Kb
 bounds [0x000001eaaccf0000, 0x000001eaacf60000, 0x000001eab4220000]
CodeHeap 'profiled nmethods': size=120000Kb used=9305Kb max_used=9460Kb free=110694Kb
 bounds [0x000001eaa5220000, 0x000001eaa5b60000, 0x000001eaac750000]
CodeHeap 'non-nmethods': size=5760Kb used=1362Kb max_used=1406Kb free=4397Kb
 bounds [0x000001eaac750000, 0x000001eaac9c0000, 0x000001eaaccf0000]
CodeCache: size=245760Kb, used=12866Kb, max_used=13087Kb, free=232891Kb
 total_blobs=5263, nmethods=4603, adapters=566, full_count=0
Compilation: enabled, stopped_count=0, restarted_count=0

Compilation events (20 events):
Event: 9.386 Thread 0x000001ea8403a1c0 5174       2       java.util.stream.SortedOps$OfRef::opWrapSink (60 bytes)
Event: 9.387 Thread 0x000001ea8403a1c0 nmethod 5174 0x000001eaa5263d10 code [0x000001eaa5263f00, 0x000001eaa5264518]
Event: 9.387 Thread 0x000001ea8403a1c0 5175       2       java.util.stream.SortedOps$AbstractRefSortingSink::<init> (11 bytes)
Event: 9.387 Thread 0x000001ea8403a1c0 nmethod 5175 0x000001eaa5263790 code [0x000001eaa5263940, 0x000001eaa5263b90]
Event: 9.387 Thread 0x000001ea8403a1c0 5176       2       java.util.stream.ReferencePipeline::sorted (6 bytes)
Event: 9.387 Thread 0x000001ea8403a1c0 nmethod 5176 0x000001eaa5263390 code [0x000001eaa5263540, 0x000001eaa52636e0]
Event: 9.387 Thread 0x000001ea8403a1c0 5171       2       java.lang.reflect.Proxy::getProxyConstructor (92 bytes)
Event: 9.388 Thread 0x000001ea8403a1c0 nmethod 5171 0x000001eaa5262710 code [0x000001eaa5262940, 0x000001eaa5263010]
Event: 9.389 Thread 0x000001ea8403a1c0 5178       2       java.util.stream.SortedOps$OfRef::<init> (32 bytes)
Event: 9.389 Thread 0x000001ea8403a1c0 nmethod 5178 0x000001eaa5262110 code [0x000001eaa52622e0, 0x000001eaa5262578]
Event: 9.390 Thread 0x000001ea8403a1c0 5172       2       java.lang.Class::getGenericSuperclass (28 bytes)
Event: 9.391 Thread 0x000001ea8403a1c0 nmethod 5172 0x000001eaa5261990 code [0x000001eaa5261b80, 0x000001eaa5261ed8]
Event: 9.391 Thread 0x000001ea8403a1c0 5179       2       com.google.common.collect.AbstractIndexedListIterator::hasNext (17 bytes)
Event: 9.391 Thread 0x000001ea8403a1c0 nmethod 5179 0x000001eaa5261610 code [0x000001eaa52617a0, 0x000001eaa52618c0]
Event: 9.392 Thread 0x000001ea8403a1c0 5177       2       java.util.stream.SortedOps::makeRef (10 bytes)
Event: 9.392 Thread 0x000001ea8403a1c0 nmethod 5177 0x000001eaa5261210 code [0x000001eaa52613c0, 0x000001eaa5261540]
Event: 9.392 Thread 0x000001ea8403a1c0 5181       2       com.google.inject.TypeLiteral::get (9 bytes)
Event: 9.392 Thread 0x000001ea8403a1c0 nmethod 5181 0x000001eaa5260e10 code [0x000001eaa5260fc0, 0x000001eaa5261128]
Event: 9.394 Thread 0x000001ea8403a1c0 5182       2       java.net.URLConnection::<init> (62 bytes)
Event: 9.395 Thread 0x000001ea8403a1c0 nmethod 5182 0x000001eaa5260890 code [0x000001eaa5260a60, 0x000001eaa5260cd8]

GC Heap History (20 events):
Event: 6.975 GC heap before
{Heap before GC invocations=8 (full 1):
 PSYoungGen      total 29184K, used 4555K [0x00000000d5580000, 0x00000000d7780000, 0x0000000100000000)
  eden space 24576K, 0% used [0x00000000d5580000,0x00000000d5580000,0x00000000d6d80000)
  from space 4608K, 98% used [0x00000000d6e00000,0x00000000d7272f98,0x00000000d7280000)
  to   space 5120K, 0% used [0x00000000d7280000,0x00000000d7280000,0x00000000d7780000)
 ParOldGen       total 68608K, used 9526K [0x0000000080000000, 0x0000000084300000, 0x00000000d5580000)
  object space 68608K, 13% used [0x0000000080000000,0x000000008094d8e0,0x0000000084300000)
 Metaspace       used 20641K, committed 21504K, reserved 1114112K
  class space    used 2215K, committed 2560K, reserved 1048576K
}
Event: 7.013 GC heap after
{Heap after GC invocations=8 (full 1):
 PSYoungGen      total 29184K, used 0K [0x00000000d5580000, 0x00000000d7780000, 0x0000000100000000)
  eden space 24576K, 0% used [0x00000000d5580000,0x00000000d5580000,0x00000000d6d80000)
  from space 4608K, 0% used [0x00000000d6e00000,0x00000000d6e00000,0x00000000d7280000)
  to   space 5120K, 0% used [0x00000000d7280000,0x00000000d7280000,0x00000000d7780000)
 ParOldGen       total 68608K, used 13453K [0x0000000080000000, 0x0000000084300000, 0x00000000d5580000)
  object space 68608K, 19% used [0x0000000080000000,0x0000000080d23590,0x0000000084300000)
 Metaspace       used 20628K, committed 21504K, reserved 1114112K
  class space    used 2211K, committed 2560K, reserved 1048576K
}
Event: 7.254 GC heap before
{Heap before GC invocations=9 (full 1):
 PSYoungGen      total 29184K, used 24576K [0x00000000d5580000, 0x00000000d7780000, 0x0000000100000000)
  eden space 24576K, 100% used [0x00000000d5580000,0x00000000d6d80000,0x00000000d6d80000)
  from space 4608K, 0% used [0x00000000d6e00000,0x00000000d6e00000,0x00000000d7280000)
  to   space 5120K, 0% used [0x00000000d7280000,0x00000000d7280000,0x00000000d7780000)
 ParOldGen       total 68608K, used 13453K [0x0000000080000000, 0x0000000084300000, 0x00000000d5580000)
  object space 68608K, 19% used [0x0000000080000000,0x0000000080d23590,0x0000000084300000)
 Metaspace       used 22694K, committed 23616K, reserved 1114112K
  class space    used 2396K, committed 2752K, reserved 1048576K
}
Event: 7.256 GC heap after
{Heap after GC invocations=9 (full 1):
 PSYoungGen      total 25600K, used 1134K [0x00000000d5580000, 0x00000000d7400000, 0x0000000100000000)
  eden space 24064K, 0% used [0x00000000d5580000,0x00000000d5580000,0x00000000d6d00000)
  from space 1536K, 73% used [0x00000000d7280000,0x00000000d739b9e0,0x00000000d7400000)
  to   space 2560K, 0% used [0x00000000d6f00000,0x00000000d6f00000,0x00000000d7180000)
 ParOldGen       total 68608K, used 13461K [0x0000000080000000, 0x0000000084300000, 0x00000000d5580000)
  object space 68608K, 19% used [0x0000000080000000,0x0000000080d25590,0x0000000084300000)
 Metaspace       used 22694K, committed 23616K, reserved 1114112K
  class space    used 2396K, committed 2752K, reserved 1048576K
}
Event: 7.450 GC heap before
{Heap before GC invocations=10 (full 1):
 PSYoungGen      total 25600K, used 25198K [0x00000000d5580000, 0x00000000d7400000, 0x0000000100000000)
  eden space 24064K, 100% used [0x00000000d5580000,0x00000000d6d00000,0x00000000d6d00000)
  from space 1536K, 73% used [0x00000000d7280000,0x00000000d739b9e0,0x00000000d7400000)
  to   space 2560K, 0% used [0x00000000d6f00000,0x00000000d6f00000,0x00000000d7180000)
 ParOldGen       total 68608K, used 13461K [0x0000000080000000, 0x0000000084300000, 0x00000000d5580000)
  object space 68608K, 19% used [0x0000000080000000,0x0000000080d25590,0x0000000084300000)
 Metaspace       used 26368K, committed 27392K, reserved 1114112K
  class space    used 2664K, committed 3072K, reserved 1048576K
}
Event: 7.451 GC heap after
{Heap after GC invocations=10 (full 1):
 PSYoungGen      total 26112K, used 1227K [0x00000000d5580000, 0x00000000d7300000, 0x0000000100000000)
  eden space 23552K, 0% used [0x00000000d5580000,0x00000000d5580000,0x00000000d6c80000)
  from space 2560K, 47% used [0x00000000d6f00000,0x00000000d7032c68,0x00000000d7180000)
  to   space 1536K, 0% used [0x00000000d7180000,0x00000000d7180000,0x00000000d7300000)
 ParOldGen       total 68608K, used 13469K [0x0000000080000000, 0x0000000084300000, 0x00000000d5580000)
  object space 68608K, 19% used [0x0000000080000000,0x0000000080d27590,0x0000000084300000)
 Metaspace       used 26368K, committed 27392K, reserved 1114112K
  class space    used 2664K, committed 3072K, reserved 1048576K
}
Event: 7.711 GC heap before
{Heap before GC invocations=11 (full 1):
 PSYoungGen      total 26112K, used 24779K [0x00000000d5580000, 0x00000000d7300000, 0x0000000100000000)
  eden space 23552K, 100% used [0x00000000d5580000,0x00000000d6c80000,0x00000000d6c80000)
  from space 2560K, 47% used [0x00000000d6f00000,0x00000000d7032c68,0x00000000d7180000)
  to   space 1536K, 0% used [0x00000000d7180000,0x00000000d7180000,0x00000000d7300000)
 ParOldGen       total 68608K, used 13469K [0x0000000080000000, 0x0000000084300000, 0x00000000d5580000)
  object space 68608K, 19% used [0x0000000080000000,0x0000000080d27590,0x0000000084300000)
 Metaspace       used 28030K, committed 29056K, reserved 1114112K
  class space    used 2791K, committed 3200K, reserved 1048576K
}
Event: 7.714 GC heap after
{Heap after GC invocations=11 (full 1):
 PSYoungGen      total 24576K, used 1070K [0x00000000d5580000, 0x00000000d7300000, 0x0000000100000000)
  eden space 23040K, 0% used [0x00000000d5580000,0x00000000d5580000,0x00000000d6c00000)
  from space 1536K, 69% used [0x00000000d7180000,0x00000000d728b890,0x00000000d7300000)
  to   space 1536K, 0% used [0x00000000d7000000,0x00000000d7000000,0x00000000d7180000)
 ParOldGen       total 68608K, used 15988K [0x0000000080000000, 0x0000000084300000, 0x00000000d5580000)
  object space 68608K, 23% used [0x0000000080000000,0x0000000080f9d320,0x0000000084300000)
 Metaspace       used 28030K, committed 29056K, reserved 1114112K
  class space    used 2791K, committed 3200K, reserved 1048576K
}
Event: 8.120 GC heap before
{Heap before GC invocations=12 (full 1):
 PSYoungGen      total 24576K, used 23725K [0x00000000d5580000, 0x00000000d7300000, 0x0000000100000000)
  eden space 23040K, 98% used [0x00000000d5580000,0x00000000d6b9ff48,0x00000000d6c00000)
  from space 1536K, 69% used [0x00000000d7180000,0x00000000d728b890,0x00000000d7300000)
  to   space 1536K, 0% used [0x00000000d7000000,0x00000000d7000000,0x00000000d7180000)
 ParOldGen       total 68608K, used 15988K [0x0000000080000000, 0x0000000084300000, 0x00000000d5580000)
  object space 68608K, 23% used [0x0000000080000000,0x0000000080f9d320,0x0000000084300000)
 Metaspace       used 31251K, committed 32448K, reserved 1114112K
  class space    used 3137K, committed 3648K, reserved 1048576K
}
Event: 8.122 GC heap after
{Heap after GC invocations=12 (full 1):
 PSYoungGen      total 24064K, used 1534K [0x00000000d5580000, 0x00000000d7280000, 0x0000000100000000)
  eden space 22528K, 0% used [0x00000000d5580000,0x00000000d5580000,0x00000000d6b80000)
  from space 1536K, 99% used [0x00000000d7000000,0x00000000d717f908,0x00000000d7180000)
  to   space 1024K, 0% used [0x00000000d7180000,0x00000000d7180000,0x00000000d7280000)
 ParOldGen       total 68608K, used 17612K [0x0000000080000000, 0x0000000084300000, 0x00000000d5580000)
  object space 68608K, 25% used [0x0000000080000000,0x0000000081133170,0x0000000084300000)
 Metaspace       used 31251K, committed 32448K, reserved 1114112K
  class space    used 3137K, committed 3648K, reserved 1048576K
}
Event: 8.413 GC heap before
{Heap before GC invocations=13 (full 1):
 PSYoungGen      total 24064K, used 24062K [0x00000000d5580000, 0x00000000d7280000, 0x0000000100000000)
  eden space 22528K, 100% used [0x00000000d5580000,0x00000000d6b80000,0x00000000d6b80000)
  from space 1536K, 99% used [0x00000000d7000000,0x00000000d717f908,0x00000000d7180000)
  to   space 1024K, 0% used [0x00000000d7180000,0x00000000d7180000,0x00000000d7280000)
 ParOldGen       total 68608K, used 17612K [0x0000000080000000, 0x0000000084300000, 0x00000000d5580000)
  object space 68608K, 25% used [0x0000000080000000,0x0000000081133170,0x0000000084300000)
 Metaspace       used 33826K, committed 35008K, reserved 1114112K
  class space    used 3463K, committed 3904K, reserved 1048576K
}
Event: 8.416 GC heap after
{Heap after GC invocations=13 (full 1):
 PSYoungGen      total 23040K, used 1024K [0x00000000d5580000, 0x00000000d7300000, 0x0000000100000000)
  eden space 22016K, 0% used [0x00000000d5580000,0x00000000d5580000,0x00000000d6b00000)
  from space 1024K, 100% used [0x00000000d7180000,0x00000000d7280000,0x00000000d7280000)
  to   space 4096K, 0% used [0x00000000d6b00000,0x00000000d6b00000,0x00000000d6f00000)
 ParOldGen       total 68608K, used 20232K [0x0000000080000000, 0x0000000084300000, 0x00000000d5580000)
  object space 68608K, 29% used [0x0000000080000000,0x00000000813c2040,0x0000000084300000)
 Metaspace       used 33826K, committed 35008K, reserved 1114112K
  class space    used 3463K, committed 3904K, reserved 1048576K
}
Event: 8.514 GC heap before
{Heap before GC invocations=14 (full 1):
 PSYoungGen      total 23040K, used 8810K [0x00000000d5580000, 0x00000000d7300000, 0x0000000100000000)
  eden space 22016K, 35% used [0x00000000d5580000,0x00000000d5d1a978,0x00000000d6b00000)
  from space 1024K, 100% used [0x00000000d7180000,0x00000000d7280000,0x00000000d7280000)
  to   space 4096K, 0% used [0x00000000d6b00000,0x00000000d6b00000,0x00000000d6f00000)
 ParOldGen       total 68608K, used 20232K [0x0000000080000000, 0x0000000084300000, 0x00000000d5580000)
  object space 68608K, 29% used [0x0000000080000000,0x00000000813c2040,0x0000000084300000)
 Metaspace       used 34633K, committed 35840K, reserved 1114112K
  class space    used 3580K, committed 4096K, reserved 1048576K
}
Event: 8.516 GC heap after
{Heap after GC invocations=14 (full 1):
 PSYoungGen      total 26112K, used 480K [0x00000000d5580000, 0x00000000d7200000, 0x0000000100000000)
  eden space 22016K, 0% used [0x00000000d5580000,0x00000000d5580000,0x00000000d6b00000)
  from space 4096K, 11% used [0x00000000d6b00000,0x00000000d6b78000,0x00000000d6f00000)
  to   space 2048K, 0% used [0x00000000d7000000,0x00000000d7000000,0x00000000d7200000)
 ParOldGen       total 68608K, used 21212K [0x0000000080000000, 0x0000000084300000, 0x00000000d5580000)
  object space 68608K, 30% used [0x0000000080000000,0x00000000814b7108,0x0000000084300000)
 Metaspace       used 34633K, committed 35840K, reserved 1114112K
  class space    used 3580K, committed 4096K, reserved 1048576K
}
Event: 8.516 GC heap before
{Heap before GC invocations=15 (full 2):
 PSYoungGen      total 26112K, used 480K [0x00000000d5580000, 0x00000000d7200000, 0x0000000100000000)
  eden space 22016K, 0% used [0x00000000d5580000,0x00000000d5580000,0x00000000d6b00000)
  from space 4096K, 11% used [0x00000000d6b00000,0x00000000d6b78000,0x00000000d6f00000)
  to   space 2048K, 0% used [0x00000000d7000000,0x00000000d7000000,0x00000000d7200000)
 ParOldGen       total 68608K, used 21212K [0x0000000080000000, 0x0000000084300000, 0x00000000d5580000)
  object space 68608K, 30% used [0x0000000080000000,0x00000000814b7108,0x0000000084300000)
 Metaspace       used 34633K, committed 35840K, reserved 1114112K
  class space    used 3580K, committed 4096K, reserved 1048576K
}
Event: 8.550 GC heap after
{Heap after GC invocations=15 (full 2):
 PSYoungGen      total 26112K, used 0K [0x00000000d5580000, 0x00000000d7200000, 0x0000000100000000)
  eden space 22016K, 0% used [0x00000000d5580000,0x00000000d5580000,0x00000000d6b00000)
  from space 4096K, 0% used [0x00000000d6b00000,0x00000000d6b00000,0x00000000d6f00000)
  to   space 2048K, 0% used [0x00000000d7000000,0x00000000d7000000,0x00000000d7200000)
 ParOldGen       total 68608K, used 20578K [0x0000000080000000, 0x0000000084300000, 0x00000000d5580000)
  object space 68608K, 29% used [0x0000000080000000,0x0000000081418b88,0x0000000084300000)
 Metaspace       used 34633K, committed 35840K, reserved 1114112K
  class space    used 3580K, committed 4096K, reserved 1048576K
}
Event: 8.848 GC heap before
{Heap before GC invocations=16 (full 2):
 PSYoungGen      total 26112K, used 21997K [0x00000000d5580000, 0x00000000d7200000, 0x0000000100000000)
  eden space 22016K, 99% used [0x00000000d5580000,0x00000000d6afb700,0x00000000d6b00000)
  from space 4096K, 0% used [0x00000000d6b00000,0x00000000d6b00000,0x00000000d6f00000)
  to   space 2048K, 0% used [0x00000000d7000000,0x00000000d7000000,0x00000000d7200000)
 ParOldGen       total 68608K, used 20578K [0x0000000080000000, 0x0000000084300000, 0x00000000d5580000)
  object space 68608K, 29% used [0x0000000080000000,0x0000000081418b88,0x0000000084300000)
 Metaspace       used 37268K, committed 38528K, reserved 1114112K
  class space    used 3915K, committed 4480K, reserved 1048576K
}
Event: 8.851 GC heap after
{Heap after GC invocations=16 (full 2):
 PSYoungGen      total 23552K, used 1431K [0x00000000d5580000, 0x00000000d7180000, 0x0000000100000000)
  eden space 22016K, 0% used [0x00000000d5580000,0x00000000d5580000,0x00000000d6b00000)
  from space 1536K, 93% used [0x00000000d7000000,0x00000000d7165ec8,0x00000000d7180000)
  to   space 2048K, 0% used [0x00000000d6d80000,0x00000000d6d80000,0x00000000d6f80000)
 ParOldGen       total 68608K, used 20586K [0x0000000080000000, 0x0000000084300000, 0x00000000d5580000)
  object space 68608K, 30% used [0x0000000080000000,0x000000008141ab88,0x0000000084300000)
 Metaspace       used 37268K, committed 38528K, reserved 1114112K
  class space    used 3915K, committed 4480K, reserved 1048576K
}
Event: 9.158 GC heap before
{Heap before GC invocations=17 (full 2):
 PSYoungGen      total 23552K, used 23447K [0x00000000d5580000, 0x00000000d7180000, 0x0000000100000000)
  eden space 22016K, 100% used [0x00000000d5580000,0x00000000d6b00000,0x00000000d6b00000)
  from space 1536K, 93% used [0x00000000d7000000,0x00000000d7165ec8,0x00000000d7180000)
  to   space 2048K, 0% used [0x00000000d6d80000,0x00000000d6d80000,0x00000000d6f80000)
 ParOldGen       total 68608K, used 20586K [0x0000000080000000, 0x0000000084300000, 0x00000000d5580000)
  object space 68608K, 30% used [0x0000000080000000,0x000000008141ab88,0x0000000084300000)
 Metaspace       used 38298K, committed 39616K, reserved 1114112K
  class space    used 4044K, committed 4608K, reserved 1048576K
}
Event: 9.165 GC heap after
{Heap after GC invocations=17 (full 2):
 PSYoungGen      total 24064K, used 2016K [0x00000000d5580000, 0x00000000d7900000, 0x0000000100000000)
  eden space 22016K, 0% used [0x00000000d5580000,0x00000000d5580000,0x00000000d6b00000)
  from space 2048K, 98% used [0x00000000d6d80000,0x00000000d6f78020,0x00000000d6f80000)
  to   space 7168K, 0% used [0x00000000d7200000,0x00000000d7200000,0x00000000d7900000)
 ParOldGen       total 68608K, used 24498K [0x0000000080000000, 0x0000000084300000, 0x00000000d5580000)
  object space 68608K, 35% used [0x0000000080000000,0x00000000817eca00,0x0000000084300000)
 Metaspace       used 38298K, committed 39616K, reserved 1114112K
  class space    used 4044K, committed 4608K, reserved 1048576K
}

Dll operation events (10 events):
Event: 0.012 Loaded shared library c:\Users\Administrator\.vscode\extensions\redhat.java-1.55.0-win32-x64\jre\21.0.11-win32-x86_64\bin\java.dll
Event: 0.077 Loaded shared library c:\Users\Administrator\.vscode\extensions\redhat.java-1.55.0-win32-x64\jre\21.0.11-win32-x86_64\bin\zip.dll
Event: 0.094 Loaded shared library C:\Users\Administrator\.vscode\extensions\redhat.java-1.55.0-win32-x64\jre\21.0.11-win32-x86_64\bin\instrument.dll
Event: 0.099 Loaded shared library C:\Users\Administrator\.vscode\extensions\redhat.java-1.55.0-win32-x64\jre\21.0.11-win32-x86_64\bin\net.dll
Event: 0.101 Loaded shared library C:\Users\Administrator\.vscode\extensions\redhat.java-1.55.0-win32-x64\jre\21.0.11-win32-x86_64\bin\nio.dll
Event: 0.103 Loaded shared library C:\Users\Administrator\.vscode\extensions\redhat.java-1.55.0-win32-x64\jre\21.0.11-win32-x86_64\bin\zip.dll
Event: 0.118 Loaded shared library C:\Users\Administrator\.vscode\extensions\redhat.java-1.55.0-win32-x64\jre\21.0.11-win32-x86_64\bin\jimage.dll
Event: 0.180 Loaded shared library c:\Users\Administrator\.vscode\extensions\redhat.java-1.55.0-win32-x64\jre\21.0.11-win32-x86_64\bin\verify.dll
Event: 1.135 Loaded shared library C:\Users\Administrator\AppData\Roaming\Code\User\globalStorage\redhat.java\1.55.0\config_win\org.eclipse.equinox.launcher\org.eclipse.equinox.launcher.win32.win32.x86_64_1.3.100.v20260613-0559\eclipse_11924.dll
Event: 6.355 Loaded shared library C:\Users\Administrator\AppData\Local\Temp\jna-146731693\jna4432774731912422999.dll

Deoptimization events (20 events):
Event: 9.174 Thread 0x000001ea852af830 Uncommon trap: trap_request=0xffffff45 fr.pc=0x000001eaace1e1b0 relative=0x0000000000000110
Event: 9.174 Thread 0x000001ea852af830 Uncommon trap: reason=unstable_if action=reinterpret pc=0x000001eaace1e1b0 method=java.util.ArrayList.indexOfRange(Ljava/lang/Object;II)I @ 7 c2
Event: 9.174 Thread 0x000001ea852af830 DEOPT PACKING pc=0x000001eaace1e1b0 sp=0x00000077f1ffe1d0
Event: 9.174 Thread 0x000001ea852af830 DEOPT UNPACKING pc=0x000001eaac7a3aa2 sp=0x00000077f1ffe170 mode 2
Event: 9.192 Thread 0x000001ea854a7da0 Uncommon trap: trap_request=0xffffff45 fr.pc=0x000001eaacf0e22c relative=0x0000000000000b2c
Event: 9.192 Thread 0x000001ea854a7da0 Uncommon trap: reason=unstable_if action=reinterpret pc=0x000001eaacf0e22c method=org.eclipse.osgi.internal.loader.BundleLoader.getPackageName(Ljava/lang/String;)Ljava/lang/String; @ 12 c2
Event: 9.192 Thread 0x000001ea854a7da0 DEOPT PACKING pc=0x000001eaacf0e22c sp=0x00000077f31fdd10
Event: 9.192 Thread 0x000001ea854a7da0 DEOPT UNPACKING pc=0x000001eaac7a3aa2 sp=0x00000077f31fdc80 mode 2
Event: 9.226 Thread 0x000001ea854a7da0 Uncommon trap: trap_request=0xffffff45 fr.pc=0x000001eaacf1ae50 relative=0x0000000000000730
Event: 9.226 Thread 0x000001ea854a7da0 Uncommon trap: reason=unstable_if action=reinterpret pc=0x000001eaacf1ae50 method=com.google.gson.internal.LinkedTreeMap.find(Ljava/lang/Object;Z)Lcom/google/gson/internal/LinkedTreeMap$Node; @ 72 c2
Event: 9.226 Thread 0x000001ea854a7da0 DEOPT PACKING pc=0x000001eaacf1ae50 sp=0x00000077f31fe560
Event: 9.226 Thread 0x000001ea854a7da0 DEOPT UNPACKING pc=0x000001eaac7a3aa2 sp=0x00000077f31fe4f0 mode 2
Event: 9.294 Thread 0x000001ea854a7da0 Uncommon trap: trap_request=0xfffffff4 fr.pc=0x000001eaace99b28 relative=0x0000000000000368
Event: 9.294 Thread 0x000001ea854a7da0 Uncommon trap: reason=null_check action=make_not_entrant pc=0x000001eaace99b28 method=sun.invoke.util.VerifyType.isNullConversion(Ljava/lang/Class;Ljava/lang/Class;Z)Z @ 12 c2
Event: 9.294 Thread 0x000001ea854a7da0 DEOPT PACKING pc=0x000001eaace99b28 sp=0x00000077f31fca80
Event: 9.294 Thread 0x000001ea854a7da0 DEOPT UNPACKING pc=0x000001eaac7a3aa2 sp=0x00000077f31fca08 mode 2
Event: 9.295 Thread 0x000001ea854a7da0 Uncommon trap: trap_request=0xffffff45 fr.pc=0x000001eaacd5dea8 relative=0x0000000000000108
Event: 9.295 Thread 0x000001ea854a7da0 Uncommon trap: reason=unstable_if action=reinterpret pc=0x000001eaacd5dea8 method=jdk.internal.org.objectweb.asm.ByteVector.putShort(I)Ljdk/internal/org/objectweb/asm/ByteVector; @ 13 c2
Event: 9.296 Thread 0x000001ea854a7da0 DEOPT PACKING pc=0x000001eaacd5dea8 sp=0x00000077f31fc650
Event: 9.296 Thread 0x000001ea854a7da0 DEOPT UNPACKING pc=0x000001eaac7a3aa2 sp=0x00000077f31fc5e8 mode 2

Classes loaded (20 events):
Event: 8.820 Loading class sun/util/locale/provider/CalendarNameProviderImpl$LengthBasedComparator
Event: 8.820 Loading class sun/util/locale/provider/CalendarNameProviderImpl$LengthBasedComparator done
Event: 8.866 Loading class java/time/format/DateTimeParseContext
Event: 8.866 Loading class java/time/format/DateTimeParseContext done
Event: 8.866 Loading class java/time/format/Parsed
Event: 8.867 Loading class java/time/format/Parsed done
Event: 8.873 Loading class sun/reflect/generics/repository/FieldRepository
Event: 8.873 Loading class sun/reflect/generics/repository/FieldRepository done
Event: 9.064 Loading class java/lang/annotation/IncompleteAnnotationException
Event: 9.064 Loading class java/lang/annotation/IncompleteAnnotationException done
Event: 9.119 Loading class java/util/concurrent/ForkJoinTask$AdaptedCallable
Event: 9.119 Loading class java/util/concurrent/ForkJoinTask$AdaptedCallable done
Event: 9.148 Loading class java/lang/foreign/MemorySegment
Event: 9.149 Loading class java/lang/foreign/MemorySegment done
Event: 9.293 Loading class java/lang/invoke/MethodHandleImpl$CountingWrapper
Event: 9.293 Loading class java/lang/invoke/MethodHandleImpl$CountingWrapper done
Event: 9.310 Loading class sun/nio/ch/WindowsAsynchronousFileChannelImpl$WriteTask
Event: 9.310 Loading class sun/nio/ch/WindowsAsynchronousFileChannelImpl$WriteTask done
Event: 9.331 Loading class jdk/internal/math/FormattedFPDecimal
Event: 9.331 Loading class jdk/internal/math/FormattedFPDecimal done

Classes unloaded (7 events):
Event: 6.980 Thread 0x000001eaa1fb4290 Unloading class 0x000001eaba1ad000 'java/lang/invoke/LambdaForm$MH+0x000001eaba1ad000'
Event: 6.980 Thread 0x000001eaa1fb4290 Unloading class 0x000001eaba1acc00 'java/lang/invoke/LambdaForm$MH+0x000001eaba1acc00'
Event: 6.980 Thread 0x000001eaa1fb4290 Unloading class 0x000001eaba1ac800 'java/lang/invoke/LambdaForm$MH+0x000001eaba1ac800'
Event: 6.980 Thread 0x000001eaa1fb4290 Unloading class 0x000001eaba1ac400 'java/lang/invoke/LambdaForm$MH+0x000001eaba1ac400'
Event: 6.980 Thread 0x000001eaa1fb4290 Unloading class 0x000001eaba1ac000 'java/lang/invoke/LambdaForm$BMH+0x000001eaba1ac000'
Event: 6.980 Thread 0x000001eaa1fb4290 Unloading class 0x000001eaba1abc00 'java/lang/invoke/LambdaForm$DMH+0x000001eaba1abc00'
Event: 6.980 Thread 0x000001eaa1fb4290 Unloading class 0x000001eaba1aa800 'java/lang/invoke/LambdaForm$DMH+0x000001eaba1aa800'

Classes redefined (0 events):
No events

Internal exceptions (20 events):
Event: 8.420 Thread 0x000001ea852addf0 Exception <a 'java/io/FileNotFoundException'{0x00000000d55dfe00}> (0x00000000d55dfe00) 
thrown [s\src\hotspot\share\prims\jni.cpp, line 520]
Event: 8.506 Thread 0x000001ea852addf0 Exception <a 'sun/nio/fs/WindowsException'{0x00000000d5c9c608}> (0x00000000d5c9c608) 
thrown [s\src\hotspot\share\prims\jni.cpp, line 520]
Event: 8.506 Thread 0x000001ea852addf0 Exception <a 'sun/nio/fs/WindowsException'{0x00000000d5c9ceb0}> (0x00000000d5c9ceb0) 
thrown [s\src\hotspot\share\prims\jni.cpp, line 520]
Event: 8.701 Thread 0x000001ea852addf0 Exception <a 'sun/nio/fs/WindowsException'{0x00000000d604ceb8}> (0x00000000d604ceb8) 
thrown [s\src\hotspot\share\prims\jni.cpp, line 520]
Event: 8.744 Thread 0x000001ea852addf0 Exception <a 'java/io/FileNotFoundException'{0x00000000d638aaf8}> (0x00000000d638aaf8) 
thrown [s\src\hotspot\share\prims\jni.cpp, line 520]
Event: 8.745 Thread 0x000001ea852addf0 Exception <a 'java/io/FileNotFoundException'{0x00000000d638c108}> (0x00000000d638c108) 
thrown [s\src\hotspot\share\prims\jni.cpp, line 520]
Event: 8.746 Thread 0x000001ea852addf0 Exception <a 'java/lang/NoSuchMethodError'{0x00000000d63f09d8}: 'java.lang.Object java.lang.invoke.DirectMethodHandle$Holder.newInvokeSpecial(java.lang.Object, java.lang.Object, java.lang.Object, int)'> (0x00000000d63f09d8) 
thrown [s\src\hotspot\share\interpreter\linkResolver.cpp, line 773]
Event: 8.747 Thread 0x000001ea852addf0 Exception <a 'java/lang/NoSuchMethodError'{0x00000000d642e3d8}: 'java.lang.Object java.lang.invoke.DirectMethodHandle$Holder.invokeSpecial(java.lang.Object, java.lang.Object, java.lang.Object, java.lang.Object, int)'> (0x00000000d642e3d8) 
thrown [s\src\hotspot\share\interpreter\linkResolver.cpp, line 773]
Event: 8.748 Thread 0x000001ea852addf0 Exception <a 'java/lang/NoSuchMethodError'{0x00000000d6431880}: 'java.lang.Object java.lang.invoke.Invokers$Holder.linkToTargetMethod(java.lang.Object, java.lang.Object, int, java.lang.Object)'> (0x00000000d6431880) 
thrown [s\src\hotspot\share\interpreter\linkResolver.cpp, line 773]
Event: 8.750 Thread 0x000001ea852addf0 Exception <a 'java/lang/NoSuchMethodError'{0x00000000d64acae0}: 'void java.lang.invoke.DirectMethodHandle$Holder.invokeStaticInit(java.lang.Object, java.lang.Object, java.lang.Object)'> (0x00000000d64acae0) 
thrown [s\src\hotspot\share\interpreter\linkResolver.cpp, line 773]
Event: 8.763 Thread 0x000001eaa2019170 Exception <a 'java/lang/NoSuchMethodError'{0x00000000d65c30c0}: 'void java.lang.invoke.DirectMethodHandle$Holder.invokeSpecial(java.lang.Object, java.lang.Object, java.lang.Object, java.lang.Object, java.lang.Object, java.lang.Object)'> (0x00000000d65c30c0) 
thrown [s\src\hotspot\share\interpreter\linkResolver.cpp, line 773]
Event: 8.766 Thread 0x000001eaa2019170 Exception <a 'java/lang/IncompatibleClassChangeError'{0x00000000d65de9f8}: Found class java.lang.Object, but interface was expected> (0x00000000d65de9f8) 
thrown [s\src\hotspot\share\interpreter\linkResolver.cpp, line 840]
Event: 8.766 Thread 0x000001eaa2019170 Exception <a 'java/lang/IncompatibleClassChangeError'{0x00000000d65dfbb0}: Found class java.lang.Object, but interface was expected> (0x00000000d65dfbb0) 
thrown [s\src\hotspot\share\interpreter\linkResolver.cpp, line 840]
Event: 9.065 Thread 0x000001ea852af830 Exception <a 'java/lang/NoClassDefFoundError'{0x00000000d6190b70}: javax/enterprise/inject/Typed> (0x00000000d6190b70) 
thrown [s\src\hotspot\share\classfile\systemDictionary.cpp, line 302]
Event: 9.254 Thread 0x000001ea854a7da0 Exception <a 'java/io/FileNotFoundException'{0x00000000d60ccef8}> (0x00000000d60ccef8) 
thrown [s\src\hotspot\share\prims\jni.cpp, line 520]
Event: 9.292 Thread 0x000001ea854a7da0 Exception <a 'java/lang/NoSuchMethodError'{0x00000000d64f4bf0}: 'java.lang.Object java.lang.invoke.DirectMethodHandle$Holder.invokeStatic(java.lang.Object, int, java.lang.Object, java.lang.Object)'> (0x00000000d64f4bf0) 
thrown [s\src\hotspot\share\interpreter\linkResolver.cpp, line 773]
Event: 9.293 Thread 0x000001ea854a7da0 Exception <a 'java/lang/NoSuchMethodError'{0x00000000d64f83f0}: 'java.lang.Object java.lang.invoke.DelegatingMethodHandle$Holder.delegate(java.lang.Object, int, java.lang.Object, java.lang.Object)'> (0x00000000d64f83f0) 
thrown [s\src\hotspot\share\interpreter\linkResolver.cpp, line 773]
Event: 9.294 Thread 0x000001ea854a7da0 Implicit null exception at 0x000001eaace997f6 to 0x000001eaace99b18
Event: 9.297 Thread 0x000001ea854a7da0 Exception <a 'java/lang/NoSuchMethodError'{0x00000000d65541f8}: 'int java.lang.invoke.Invokers$Holder.linkToTargetMethod(java.lang.Object, java.lang.Object, java.lang.Object)'> (0x00000000d65541f8) 
thrown [s\src\hotspot\share\interpreter\linkResolver.cpp, line 773]
Event: 9.321 Thread 0x000001ea852addf0 Exception <a 'java/lang/NoSuchMethodError'{0x00000000d665e838}: 'int java.lang.invoke.DirectMethodHandle$Holder.invokeSpecialIFC(java.lang.Object, java.lang.Object, java.lang.Object, java.lang.Object)'> (0x00000000d665e838) 
thrown [s\src\hotspot\share\interpreter\linkResolver.cpp, line 773]

ZGC Phase Switch (0 events):
No events

VM Operations (20 events):
Event: 7.894 Executing non-safepoint VM operation: HandshakeAllThreads (Deoptimize)
Event: 7.894 Executing non-safepoint VM operation: HandshakeAllThreads (Deoptimize) done
Event: 8.113 Executing safepoint VM operation: ParallelGCFailedAllocation (Allocation Failure)
Event: 8.122 Executing safepoint VM operation: ParallelGCFailedAllocation (Allocation Failure) done
Event: 8.168 Executing non-safepoint VM operation: HandshakeAllThreads (Deoptimize)
Event: 8.168 Executing non-safepoint VM operation: HandshakeAllThreads (Deoptimize) done
Event: 8.412 Executing safepoint VM operation: ParallelGCFailedAllocation (Allocation Failure)
Event: 8.416 Executing safepoint VM operation: ParallelGCFailedAllocation (Allocation Failure) done
Event: 8.514 Executing safepoint VM operation: CollectForMetadataAllocation (Metadata GC Threshold)
Event: 8.550 Executing safepoint VM operation: CollectForMetadataAllocation (Metadata GC Threshold) done
Event: 8.847 Executing safepoint VM operation: ParallelGCFailedAllocation (Allocation Failure)
Event: 8.851 Executing safepoint VM operation: ParallelGCFailedAllocation (Allocation Failure) done
Event: 9.022 Executing non-safepoint VM operation: HandshakeAllThreads (Deoptimize)
Event: 9.022 Executing non-safepoint VM operation: HandshakeAllThreads (Deoptimize) done
Event: 9.158 Executing safepoint VM operation: ParallelGCFailedAllocation (Allocation Failure)
Event: 9.166 Executing safepoint VM operation: ParallelGCFailedAllocation (Allocation Failure) done
Event: 9.221 Executing non-safepoint VM operation: HandshakeAllThreads (Deoptimize)
Event: 9.222 Executing non-safepoint VM operation: HandshakeAllThreads (Deoptimize) done
Event: 10.232 Executing safepoint VM operation: Cleanup
Event: 10.233 Executing safepoint VM operation: Cleanup done

Memory protections (0 events):
No events

Nmethod flushes (20 events):
Event: 8.532 Thread 0x000001eaa1fb4290 flushing  nmethod 0x000001eaa583f890
Event: 8.532 Thread 0x000001eaa1fb4290 flushing  nmethod 0x000001eaa5840d10
Event: 8.532 Thread 0x000001eaa1fb4290 flushing  nmethod 0x000001eaa5841610
Event: 8.532 Thread 0x000001eaa1fb4290 flushing  nmethod 0x000001eaa5843010
Event: 8.532 Thread 0x000001eaa1fb4290 flushing  nmethod 0x000001eaa5843790
Event: 8.532 Thread 0x000001eaa1fb4290 flushing  nmethod 0x000001eaa5844d10
Event: 8.532 Thread 0x000001eaa1fb4290 flushing  nmethod 0x000001eaa5845890
Event: 8.532 Thread 0x000001eaa1fb4290 flushing  nmethod 0x000001eaa5845d90
Event: 8.532 Thread 0x000001eaa1fb4290 flushing  nmethod 0x000001eaa5846e90
Event: 8.532 Thread 0x000001eaa1fb4290 flushing  nmethod 0x000001eaa5847b10
Event: 8.532 Thread 0x000001eaa1fb4290 flushing  nmethod 0x000001eaa5848e90
Event: 8.532 Thread 0x000001eaa1fb4290 flushing  nmethod 0x000001eaa5863c10
Event: 8.532 Thread 0x000001eaa1fb4290 flushing  nmethod 0x000001eaa586ea10
Event: 8.532 Thread 0x000001eaa1fb4290 flushing  nmethod 0x000001eaa5871210
Event: 8.532 Thread 0x000001eaa1fb4290 flushing  nmethod 0x000001eaa587e510
Event: 8.532 Thread 0x000001eaa1fb4290 flushing  nmethod 0x000001eaa5883710
Event: 8.532 Thread 0x000001eaa1fb4290 flushing  nmethod 0x000001eaa588a290
Event: 8.532 Thread 0x000001eaa1fb4290 flushing  nmethod 0x000001eaa590a610
Event: 8.532 Thread 0x000001eaa1fb4290 flushing  nmethod 0x000001eaa592bd10
Event: 8.532 Thread 0x000001eaa1fb4290 flushing  nmethod 0x000001eaa593ed10

Events (20 events):
Event: 8.266 Thread 0x000001eaa2019170 Thread added: 0x000001ea852b2620
Event: 8.266 Thread 0x000001eaa2019170 Thread added: 0x000001ea852b46f0
Event: 8.267 Thread 0x000001eaa2019170 Thread added: 0x000001ea852b4d80
Event: 8.267 Thread 0x000001eaa2019170 Thread added: 0x000001ea854a3c00
Event: 8.268 Thread 0x000001eaa2019170 Thread added: 0x000001ea854a4920
Event: 8.268 Thread 0x000001eaa2019170 Thread added: 0x000001ea854a7710
Event: 8.306 Thread 0x000001eaa2019170 Thread added: 0x000001ea854a4290
Event: 8.810 Thread 0x000001eaa2019170 Thread added: 0x000001ea854a5cd0
Event: 8.811 Thread 0x000001eaa2019170 Thread added: 0x000001ea854a7da0
Event: 9.121 Thread 0x000001ea852addf0 Thread added: 0x000001ea854a6360
Event: 9.122 Thread 0x000001ea852addf0 Thread added: 0x000001ea854a8430
Event: 9.122 Thread 0x000001ea854a6360 Thread added: 0x000001ea854a5640
Event: 9.123 Thread 0x000001ea854a8430 Thread added: 0x000001ea854a4fb0
Event: 9.123 Thread 0x000001ea854a5640 Thread added: 0x000001ea854a9150
Event: 9.124 Thread 0x000001ea854a4fb0 Thread added: 0x000001ea854a8ac0
Event: 9.124 Thread 0x000001ea854a9150 Thread added: 0x000001ea854a7080
Event: 9.125 Thread 0x000001ea854a8ac0 Thread added: 0x000001ea854a97e0
Event: 9.125 Thread 0x000001ea854a7080 Thread added: 0x000001ea854a9e70
Event: 9.126 Thread 0x000001ea854a97e0 Thread added: 0x000001ea854a69f0
Event: 9.126 Thread 0x000001ea854a9e70 Thread added: 0x000001ea854aab90


Dynamic libraries:
0x00007ff7102e0000 - 0x00007ff7102ee000 	c:\Users\Administrator\.vscode\extensions\redhat.java-1.55.0-win32-x64\jre\21.0.11-win32-x86_64\bin\java.exe
0x00007ffd25b00000 - 0x00007ffd25d66000 	C:\WINDOWS\SYSTEM32\ntdll.dll
0x00007ffd24d70000 - 0x00007ffd24e39000 	C:\WINDOWS\System32\KERNEL32.DLL
0x00007ffd22ed0000 - 0x00007ffd232ce000 	C:\WINDOWS\System32\KERNELBASE.dll
0x00007ffd23390000 - 0x00007ffd234dc000 	C:\WINDOWS\System32\ucrtbase.dll
0x00007ffd1f3f0000 - 0x00007ffd1f40e000 	c:\Users\Administrator\.vscode\extensions\redhat.java-1.55.0-win32-x64\jre\21.0.11-win32-x86_64\bin\VCRUNTIME140.dll
0x00007ffd1f410000 - 0x00007ffd1f428000 	c:\Users\Administrator\.vscode\extensions\redhat.java-1.55.0-win32-x64\jre\21.0.11-win32-x86_64\bin\jli.dll
0x00007ffd25350000 - 0x00007ffd25517000 	C:\WINDOWS\System32\USER32.dll
0x00007ffd22ea0000 - 0x00007ffd22ec7000 	C:\WINDOWS\System32\win32u.dll
0x00007ffd09bb0000 - 0x00007ffd09e42000 	C:\WINDOWS\WinSxS\amd64_microsoft.windows.common-controls_6595b64144ccf1df_6.0.26100.8875_none_3e0d5d42e32fe9dd\COMCTL32.dll
0x00007ffd25260000 - 0x00007ffd2528b000 	C:\WINDOWS\System32\GDI32.dll
0x00007ffd24e70000 - 0x00007ffd24f19000 	C:\WINDOWS\System32\msvcrt.dll
0x00007ffd23700000 - 0x00007ffd2382a000 	C:\WINDOWS\System32\gdi32full.dll
0x00007ffd232e0000 - 0x00007ffd23383000 	C:\WINDOWS\System32\msvcp_win.dll
0x00007ffd24400000 - 0x00007ffd24432000 	C:\WINDOWS\System32\IMM32.DLL
0x00007ffd1f3e0000 - 0x00007ffd1f3ec000 	c:\Users\Administrator\.vscode\extensions\redhat.java-1.55.0-win32-x64\jre\21.0.11-win32-x86_64\bin\vcruntime140_1.dll
0x00007ffceea50000 - 0x00007ffceeadd000 	c:\Users\Administrator\.vscode\extensions\redhat.java-1.55.0-win32-x64\jre\21.0.11-win32-x86_64\bin\msvcp140.dll
0x00007ffc883d0000 - 0x00007ffc89172000 	c:\Users\Administrator\.vscode\extensions\redhat.java-1.55.0-win32-x64\jre\21.0.11-win32-x86_64\bin\server\jvm.dll
0x00007ffd25540000 - 0x00007ffd255f7000 	C:\WINDOWS\System32\ADVAPI32.dll
0x00007ffd25290000 - 0x00007ffd2533a000 	C:\WINDOWS\System32\sechost.dll
0x00007ffd24fd0000 - 0x00007ffd250e8000 	C:\WINDOWS\System32\RPCRT4.dll
0x00007ffd250f0000 - 0x00007ffd25170000 	C:\WINDOWS\System32\WS2_32.dll
0x00007ffd22ba0000 - 0x00007ffd22bfe000 	C:\WINDOWS\SYSTEM32\POWRPROF.dll
0x00007ffd1b320000 - 0x00007ffd1b356000 	C:\WINDOWS\SYSTEM32\WINMM.dll
0x00007ffd1b360000 - 0x00007ffd1b36b000 	C:\WINDOWS\SYSTEM32\VERSION.dll
0x00007ffd22b80000 - 0x00007ffd22b94000 	C:\WINDOWS\SYSTEM32\UMPDC.dll
0x00007ffd219c0000 - 0x00007ffd219db000 	C:\WINDOWS\SYSTEM32\kernel.appcore.dll
0x00007ffd1f390000 - 0x00007ffd1f39a000 	c:\Users\Administrator\.vscode\extensions\redhat.java-1.55.0-win32-x64\jre\21.0.11-win32-x86_64\bin\jimage.dll
0x00007ffd202b0000 - 0x00007ffd204f2000 	C:\WINDOWS\SYSTEM32\DBGHELP.DLL
0x00007ffd25730000 - 0x00007ffd25ab3000 	C:\WINDOWS\System32\combase.dll
0x00007ffd25180000 - 0x00007ffd25259000 	C:\WINDOWS\System32\OLEAUT32.dll
0x00007ffd001d0000 - 0x00007ffd0020b000 	C:\WINDOWS\SYSTEM32\dbgcore.DLL
0x00007ffd23640000 - 0x00007ffd236ec000 	C:\WINDOWS\System32\bcryptPrimitives.dll
0x00007ffd1f3c0000 - 0x00007ffd1f3cf000 	c:\Users\Administrator\.vscode\extensions\redhat.java-1.55.0-win32-x64\jre\21.0.11-win32-x86_64\bin\instrument.dll
0x00007ffd1f100000 - 0x00007ffd1f120000 	c:\Users\Administrator\.vscode\extensions\redhat.java-1.55.0-win32-x64\jre\21.0.11-win32-x86_64\bin\java.dll
0x00007ffd24550000 - 0x00007ffd24ce2000 	C:\WINDOWS\System32\SHELL32.dll
0x00007ffd20780000 - 0x00007ffd21012000 	C:\WINDOWS\SYSTEM32\windows.storage.dll
0x00007ffd24450000 - 0x00007ffd24547000 	C:\WINDOWS\System32\SHCORE.dll
0x00007ffd25600000 - 0x00007ffd25667000 	C:\WINDOWS\System32\shlwapi.dll
0x00007ffd22c40000 - 0x00007ffd22c69000 	C:\WINDOWS\SYSTEM32\profapi.dll
0x00007ffd1f190000 - 0x00007ffd1f1a8000 	c:\Users\Administrator\.vscode\extensions\redhat.java-1.55.0-win32-x64\jre\21.0.11-win32-x86_64\bin\zip.dll
0x00007ffd1f380000 - 0x00007ffd1f390000 	C:\Users\Administrator\.vscode\extensions\redhat.java-1.55.0-win32-x64\jre\21.0.11-win32-x86_64\bin\net.dll
0x00007ffd1b370000 - 0x00007ffd1b497000 	C:\WINDOWS\SYSTEM32\WINHTTP.dll
0x00007ffd21f50000 - 0x00007ffd21fbc000 	C:\WINDOWS\system32\mswsock.dll
0x00007ffd1f170000 - 0x00007ffd1f186000 	C:\Users\Administrator\.vscode\extensions\redhat.java-1.55.0-win32-x64\jre\21.0.11-win32-x86_64\bin\nio.dll
0x00007ffd1f160000 - 0x00007ffd1f170000 	c:\Users\Administrator\.vscode\extensions\redhat.java-1.55.0-win32-x64\jre\21.0.11-win32-x86_64\bin\verify.dll
0x00007ffd1ee80000 - 0x00007ffd1eec5000 	C:\Users\Administrator\AppData\Roaming\Code\User\globalStorage\redhat.java\1.55.0\config_win\org.eclipse.equinox.launcher\org.eclipse.equinox.launcher.win32.win32.x86_64_1.3.100.v20260613-0559\eclipse_11924.dll
0x00007ffd23830000 - 0x00007ffd239c9000 	C:\WINDOWS\System32\ole32.dll
0x00007ffd22380000 - 0x00007ffd2239b000 	C:\WINDOWS\SYSTEM32\CRYPTSP.dll
0x00007ffd21920000 - 0x00007ffd21959000 	C:\WINDOWS\system32\rsaenh.dll
0x00007ffd22010000 - 0x00007ffd22042000 	C:\WINDOWS\SYSTEM32\USERENV.dll
0x00007ffd22c10000 - 0x00007ffd22c3a000 	C:\WINDOWS\SYSTEM32\bcrypt.dll
0x00007ffd22350000 - 0x00007ffd2235c000 	C:\WINDOWS\SYSTEM32\CRYPTBASE.dll
0x00007ffd21370000 - 0x00007ffd213a3000 	C:\WINDOWS\SYSTEM32\IPHLPAPI.DLL
0x00007ffd24e60000 - 0x00007ffd24e6a000 	C:\WINDOWS\System32\NSI.dll
0x00007ffd13580000 - 0x00007ffd135c9000 	C:\Users\Administrator\AppData\Local\Temp\jna-146731693\jna4432774731912422999.dll
0x00007ffd25340000 - 0x00007ffd25348000 	C:\WINDOWS\System32\PSAPI.DLL
0x00007ffd1cc00000 - 0x00007ffd1cc1d000 	C:\WINDOWS\SYSTEM32\dhcpcsvc6.DLL
0x00007ffd1cbd0000 - 0x00007ffd1cbf5000 	C:\WINDOWS\SYSTEM32\dhcpcsvc.DLL

JVMTI agents:
c:\Users\Administrator\.vscode\extensions\redhat.java-1.55.0-win32-x64\lombok\lombok-1.18.39-4050.jar path:c:\Users\Administrator\.vscode\extensions\redhat.java-1.55.0-win32-x64\jre\21.0.11-win32-x86_64\bin\instrument.dll, loaded, initialized, instrumentlib options:none

dbghelp: loaded successfully - version: 4.0.5 - missing functions: none
symbol engine: initialized successfully - sym options: 0x614 - pdb path: .;c:\Users\Administrator\.vscode\extensions\redhat.java-1.55.0-win32-x64\jre\21.0.11-win32-x86_64\bin;C:\WINDOWS\SYSTEM32;C:\WINDOWS\WinSxS\amd64_microsoft.windows.common-controls_6595b64144ccf1df_6.0.26100.8875_none_3e0d5d42e32fe9dd;c:\Users\Administrator\.vscode\extensions\redhat.java-1.55.0-win32-x64\jre\21.0.11-win32-x86_64\bin\server;C:\Users\Administrator\AppData\Roaming\Code\User\globalStorage\redhat.java\1.55.0\config_win\org.eclipse.equinox.launcher\org.eclipse.equinox.launcher.win32.win32.x86_64_1.3.100.v20260613-0559;C:\Users\Administrator\AppData\Local\Temp\jna-146731693

VM Arguments:
jvm_args: --add-modules=ALL-SYSTEM --add-opens=java.base/java.util=ALL-UNNAMED --add-opens=java.base/java.lang=ALL-UNNAMED --add-opens=java.base/sun.nio.fs=ALL-UNNAMED -Declipse.application=org.eclipse.jdt.ls.core.id1 -Dosgi.bundles.defaultStartLevel=4 -Declipse.product=org.eclipse.jdt.ls.core.product -Djava.import.generatesMetadataFilesAtProjectRoot=false -DDetectVMInstallationsJob.disabled=true -Dfile.encoding=utf8 -XX:+UseParallelGC -XX:GCTimeRatio=4 -XX:AdaptiveSizePolicyWeight=90 -Dsun.zip.disableMemoryMapping=true -Xmx2G -Xms100m -Xlog:disable -javaagent:c:\Users\Administrator\.vscode\extensions\redhat.java-1.55.0-win32-x64\lombok\lombok-1.18.39-4050.jar -XX:+HeapDumpOnOutOfMemoryError -XX:HeapDumpPath=c:\Users\Administrator\AppData\Roaming\Code\User\workspaceStorage\47d38d0315a5049dedd72c8bc73d439b\redhat.java -Daether.dependencyCollector.impl=bf 
java_command: c:\Users\Administrator\.vscode\extensions\redhat.java-1.55.0-win32-x64\server\plugins\org.eclipse.equinox.launcher_1.7.200.v20260619-2039.jar -configuration c:\Users\Administrator\AppData\Roaming\Code\User\globalStorage\redhat.java\1.55.0\config_win -data c:\Users\Administrator\AppData\Roaming\Code\User\workspaceStorage\47d38d0315a5049dedd72c8bc73d439b\redhat.java\jdt_ws --pipe=\\.\pipe\lsp-19d982d6e86ba54b016d4e26723c0b15-sock
java_class_path (initial): c:\Users\Administrator\.vscode\extensions\redhat.java-1.55.0-win32-x64\server\plugins\org.eclipse.equinox.launcher_1.7.200.v20260619-2039.jar
Launcher Type: SUN_STANDARD

[Global flags]
    uintx AdaptiveSizePolicyWeight                 = 90                                        {product} {command line}
     intx CICompilerCount                          = 4                                         {product} {ergonomic}
    uintx GCTimeRatio                              = 4                                         {product} {command line}
     bool HeapDumpOnOutOfMemoryError               = true                                   {manageable} {command line}
    ccstr HeapDumpPath                             = c:\Users\Administrator\AppData\Roaming\Code\User\workspaceStorage\47d38d0315a5049dedd72c8bc73d439b\redhat.java         {manageable} {command line}
   size_t InitialHeapSize                          = 104857600                                 {product} {command line}
   size_t MaxHeapSize                              = 2147483648                                {product} {command line}
   size_t MaxNewSize                               = 715653120                                 {product} {ergonomic}
   size_t MinHeapDeltaBytes                        = 524288                                    {product} {ergonomic}
   size_t MinHeapSize                              = 104857600                                 {product} {command line}
   size_t NewSize                                  = 34603008                                  {product} {ergonomic}
    uintx NonNMethodCodeHeapSize                   = 5839372                                {pd product} {ergonomic}
    uintx NonProfiledCodeHeapSize                  = 122909434                              {pd product} {ergonomic}
   size_t OldSize                                  = 70254592                                  {product} {ergonomic}
    uintx ProfiledCodeHeapSize                     = 122909434                              {pd product} {ergonomic}
    uintx ReservedCodeCacheSize                    = 251658240                              {pd product} {ergonomic}
     bool SegmentedCodeCache                       = true                                      {product} {ergonomic}
   size_t SoftMaxHeapSize                          = 2147483648                             {manageable} {ergonomic}
     bool UseCompressedOops                        = true                           {product lp64_product} {ergonomic}
     bool UseLargePagesIndividualAllocation        = false                                  {pd product} {ergonomic}
     bool UseParallelGC                            = true                                      {product} {command line}

Logging:
Log output configuration:
 #0: stdout all=off uptime,level,tags foldmultilines=false
 #1: stderr all=off uptime,level,tags foldmultilines=false

Release file:
JAVA_VERSION="21.0.11" 
MODULES="java.base java.compiler java.datatransfer java.xml java.prefs java.desktop java.instrument java.logging java.management java.security.sasl java.naming java.rmi java.management.rmi java.net.http java.scripting java.security.jgss java.transaction.xa java.sql java.sql.rowset java.xml.crypto java.se java.smartcardio jdk.accessibility jdk.internal.jvmstat jdk.attach jdk.charsets jdk.internal.opt jdk.zipfs jdk.compiler jdk.crypto.ec jdk.crypto.cryptoki jdk.crypto.mscapi jdk.dynalink jdk.internal.ed jdk.editpad jdk.hotspot.agent jdk.httpserver jdk.internal.le jdk.internal.vm.ci jdk.internal.vm.compiler jdk.internal.vm.compiler.management jdk.jartool jdk.javadoc jdk.jcmd jdk.management jdk.management.agent jdk.jconsole jdk.jdeps jdk.jdwp.agent jdk.jdi jdk.jfr jdk.jshell jdk.jsobject jdk.jstatd jdk.localedata jdk.management.jfr jdk.naming.dns jdk.naming.rmi jdk.net jdk.nio.mapmode jdk.random jdk.sctp jdk.security.auth jdk.security.jgss jdk.unsupported jdk.unsupported.desktop jdk.xml.dom" 

Environment Variables:
PATH=C:\Program Files\Common Files\Oracle\Java\javapath;C:\WINDOWS\system32;C:\WINDOWS;C:\WINDOWS\System32\Wbem;C:\WINDOWS\System32\WindowsPowerShell\v1.0\;C:\WINDOWS\System32\OpenSSH\;C:\Program Files\nodejs\;C:\Program Files\Git\cmd;C:\Users\Administrator\AppData\Local\Programs\Python\Python313\Scripts\;C:\Users\Administrator\AppData\Local\Programs\Python\Python313\;C:\Users\Administrator\AppData\Local\Programs\Python\Launcher\;C:\Users\Administrator\AppData\Local\Microsoft\WindowsApps;C:\Users\Administrator\AppData\Local\Programs\Microsoft VS Code\bin;C:\Users\Administrator\AppData\Local\GitHubDesktop\bin;C:\Users\Administrator\AppData\Roaming\npm;C:\Users\Administrator\AppData\Local\Programs\Antigravity\bin
USERNAME=Administrator
OS=Windows_NT
PROCESSOR_IDENTIFIER=AMD64 Family 25 Model 80 Stepping 0, AuthenticAMD
TMP=C:\Users\ADMINI~1\AppData\Local\Temp
TEMP=C:\Users\ADMINI~1\AppData\Local\Temp




Periodic native trim disabled

---------------  S Y S T E M  ---------------

OS:
 Windows 11 , 64 bit Build 26100 (10.0.26100.8875)
OS uptime: 0 days 10:08 hours
Hyper-V role detected

CPU: total 12 (initial active 12) (12 cores per cpu, 2 threads per core) family 25 model 80 stepping 0 microcode 0xa500014, cx8, cmov, fxsr, ht, mmx, 3dnowpref, sse, sse2, sse3, ssse3, sse4a, sse4.1, sse4.2, popcnt, lzcnt, tsc, tscinvbit, avx, avx2, aes, erms, clmul, bmi1, bmi2, adx, sha, fma, vzeroupper, clflush, clflushopt, hv, rdtscp, rdpid, fsrm, f16c, cet_ss
Processor Information for processor 0
  Max Mhz: 2301, Current Mhz: 2301, Mhz Limit: 2301
Processor Information for processor 1
  Max Mhz: 2301, Current Mhz: 2301, Mhz Limit: 2301
Processor Information for processor 2
  Max Mhz: 2301, Current Mhz: 1990, Mhz Limit: 2301
Processor Information for processor 3
  Max Mhz: 2301, Current Mhz: 2301, Mhz Limit: 2301
Processor Information for processor 4
  Max Mhz: 2301, Current Mhz: 1990, Mhz Limit: 2301
Processor Information for processor 5
  Max Mhz: 2301, Current Mhz: 2301, Mhz Limit: 2301
Processor Information for processor 6
  Max Mhz: 2301, Current Mhz: 2301, Mhz Limit: 2301
Processor Information for processor 7
  Max Mhz: 2301, Current Mhz: 1990, Mhz Limit: 2301
Processor Information for processor 8
  Max Mhz: 2301, Current Mhz: 1990, Mhz Limit: 2301
Processor Information for processor 9
  Max Mhz: 2301, Current Mhz: 2301, Mhz Limit: 2301
Processor Information for processor 10
  Max Mhz: 2301, Current Mhz: 1990, Mhz Limit: 2301
Processor Information for processor 11
  Max Mhz: 2301, Current Mhz: 2301, Mhz Limit: 2301

Memory: 4k page, system-wide physical 15681M (6097M free)
TotalPageFile size 46088M (AvailPageFile size 9M)
current process WorkingSet (physical memory assigned to process): 224M, peak: 224M
current process commit charge ("private bytes"): 345M, peak: 345M

vm_info: OpenJDK 64-Bit Server VM (21.0.11+10-LTS) for windows-amd64 JRE (21.0.11+10-LTS), built on 2026-04-21T00:00:00Z by "admin" with MS VC++ 17.12 (VS2022)

END.
