#
# There is insufficient memory for the Java Runtime Environment to continue.
# Native memory allocation (malloc) failed to allocate 1048576 bytes. Error detail: AllocateHeap
# Possible reasons:
#   The system is out of physical RAM or swap space
#   This process is running with CompressedOops enabled, and the Java Heap may be blocking the growth of the native heap
# Possible solutions:
#   Reduce memory load on the system
#   Increase physical memory or swap space
#   Check if swap backing store is full
#   Decrease Java heap size (-Xmx/-Xms)
#   Decrease number of Java threads
#   Decrease Java thread stack sizes (-Xss)
#   Set larger code cache with -XX:ReservedCodeCacheSize=
#   JVM is running with Unscaled Compressed Oops mode in which the Java heap is
#     placed in the first 4GB address space. The Java Heap base address is the
#     maximum limit for the native heap growth. Please use -XX:HeapBaseMinAddress
#     to set the Java Heap base and to place the Java Heap above 4GB virtual address.
# This output file may be truncated or incomplete.
#
#  Out of Memory Error (allocation.cpp:44), pid=24520, tid=16120
#
# JRE version: OpenJDK Runtime Environment Temurin-21.0.11+10 (21.0.11+10) (build 21.0.11+10-LTS)
# Java VM: OpenJDK 64-Bit Server VM Temurin-21.0.11+10 (21.0.11+10-LTS, mixed mode, sharing, tiered, compressed oops, compressed class ptrs, parallel gc, windows-amd64)
# No core dump will be written. Minidumps are not enabled by default on client versions of Windows
#

---------------  S U M M A R Y ------------

Command Line: --add-modules=ALL-SYSTEM --add-opens=java.base/java.util=ALL-UNNAMED --add-opens=java.base/java.lang=ALL-UNNAMED --add-opens=java.base/sun.nio.fs=ALL-UNNAMED -Declipse.application=org.eclipse.jdt.ls.core.id1 -Dosgi.bundles.defaultStartLevel=4 -Declipse.product=org.eclipse.jdt.ls.core.product -Djava.import.generatesMetadataFilesAtProjectRoot=false -DDetectVMInstallationsJob.disabled=true -Dfile.encoding=utf8 -XX:+UseParallelGC -XX:GCTimeRatio=4 -XX:AdaptiveSizePolicyWeight=90 -Dsun.zip.disableMemoryMapping=true -Xmx2G -Xms100m -Xlog:disable -javaagent:c:\Users\Administrator\.vscode\extensions\redhat.java-1.55.0-win32-x64\lombok\lombok-1.18.39-4050.jar -XX:+HeapDumpOnOutOfMemoryError -XX:HeapDumpPath=c:\Users\Administrator\AppData\Roaming\Code\User\workspaceStorage\47d38d0315a5049dedd72c8bc73d439b\redhat.java -Daether.dependencyCollector.impl=bf c:\Users\Administrator\.vscode\extensions\redhat.java-1.55.0-win32-x64\server\plugins\org.eclipse.equinox.launcher_1.7.200.v20260619-2039.jar -configuration c:\Users\Administrator\AppData\Roaming\Code\User\globalStorage\redhat.java\1.55.0\config_win -data c:\Users\Administrator\AppData\Roaming\Code\User\workspaceStorage\47d38d0315a5049dedd72c8bc73d439b\redhat.java\jdt_ws --pipe=\\.\pipe\lsp-626b3567e7383dec8532f7037e2abc27-sock

Host: AMD Ryzen 5 PRO 5650U with Radeon Graphics     , 12 cores, 15G,  Windows 11 , 64 bit Build 26100 (10.0.26100.8875)
Time: Tue Aug  4 14:41:47 2026 E. Africa Standard Time elapsed time: 21665.870879 seconds (0d 6h 1m 5s)

---------------  T H R E A D  ---------------

Current thread (0x000001f088447c50):  JavaThread "Attach Listener" daemon [_thread_in_vm, id=16120, stack(0x0000006a53900000,0x0000006a53a00000) (1024K)]

Stack: [0x0000006a53900000,0x0000006a53a00000]
Native frames: (J=compiled Java code, j=interpreted, Vv=VM code, C=native code)
V  [jvm.dll+0x6d7e19]
V  [jvm.dll+0x8b5096]
V  [jvm.dll+0x8b764e]
V  [jvm.dll+0x8b7d33]
V  [jvm.dll+0x284596]
V  [jvm.dll+0xc13c7]
V  [jvm.dll+0x6d86c9]
V  [jvm.dll+0x133616]
V  [jvm.dll+0x3f868e]
V  [jvm.dll+0x85fb0d]
V  [jvm.dll+0x6d664d]
C  [ucrtbase.dll+0x2cd30]
C  [KERNEL32.DLL+0x2e957]
C  [ntdll.dll+0xaad6c]


---------------  P R O C E S S  ---------------

Threads class SMR info:
_java_thread_list=0x000001f0925cb090, length=50, elements={
0x000001f02c9fd670, 0x000001f04538e610, 0x000001f0884447b0, 0x000001f0884471f0,
0x000001f088447c50, 0x000001f0884486b0, 0x000001f08844fb50, 0x000001f088454190,
0x000001f08845c3d0, 0x000001f088661c50, 0x000001f0887a5d30, 0x000001f08d02c6d0,
0x000001f08d852db0, 0x000001f08d979430, 0x000001f08d979e70, 0x000001f08dd42e60,
0x000001f08dbbda70, 0x000001f08d634550, 0x000001f08ddb5db0, 0x000001f08e2264d0,
0x000001f08e2271f0, 0x000001f08e224400, 0x000001f08e224a90, 0x000001f08e225120,
0x000001f0900a9000, 0x000001f0900a6f30, 0x000001f0900a82e0, 0x000001f0900a6210,
0x000001f0900a75c0, 0x000001f0900a8970, 0x000001f0900a9690, 0x000001f0900a7c50,
0x000001f0900a9d20, 0x000001f0900a68a0, 0x000001f0900aa3b0, 0x000001f0900ab760,
0x000001f08ef67b40, 0x000001f08f4d2eb0, 0x000001f08f4d4f80, 0x000001f08f4d7050,
0x000001f08f4d4260, 0x000001f08d454400, 0x000001f08d451ca0, 0x000001f08ef674b0,
0x000001f08ef69580, 0x000001f08ef6b650, 0x000001f08ef6c370, 0x000001f08ef6bce0,
0x000001f08ec5a470, 0x000001f08f4d2820
}

Java Threads: ( => current thread )
  0x000001f02c9fd670 JavaThread "main"                              [_thread_blocked, id=24540, stack(0x0000006a53200000,0x0000006a53300000) (1024K)]
  0x000001f04538e610 JavaThread "Reference Handler"          daemon [_thread_blocked, id=24568, stack(0x0000006a53600000,0x0000006a53700000) (1024K)]
  0x000001f0884447b0 JavaThread "Finalizer"                  daemon [_thread_blocked, id=24572, stack(0x0000006a53700000,0x0000006a53800000) (1024K)]
  0x000001f0884471f0 JavaThread "Signal Dispatcher"          daemon [_thread_blocked, id=16128, stack(0x0000006a53800000,0x0000006a53900000) (1024K)]
=>0x000001f088447c50 JavaThread "Attach Listener"            daemon [_thread_in_vm, id=16120, stack(0x0000006a53900000,0x0000006a53a00000) (1024K)]
  0x000001f0884486b0 JavaThread "Service Thread"             daemon [_thread_blocked, id=23696, stack(0x0000006a53a00000,0x0000006a53b00000) (1024K)]
  0x000001f08844fb50 JavaThread "Monitor Deflation Thread"   daemon [_thread_blocked, id=23680, stack(0x0000006a53b00000,0x0000006a53c00000) (1024K)]
  0x000001f088454190 JavaThread "C2 CompilerThread0"         daemon [_thread_blocked, id=23684, stack(0x0000006a53c00000,0x0000006a53d00000) (1024K)]
  0x000001f08845c3d0 JavaThread "C1 CompilerThread0"         daemon [_thread_blocked, id=23708, stack(0x0000006a53d00000,0x0000006a53e00000) (1024K)]
  0x000001f088661c50 JavaThread "Common-Cleaner"             daemon [_thread_blocked, id=23908, stack(0x0000006a53e00000,0x0000006a53f00000) (1024K)]
  0x000001f0887a5d30 JavaThread "Notification Thread"        daemon [_thread_blocked, id=24368, stack(0x0000006a54000000,0x0000006a54100000) (1024K)]
  0x000001f08d02c6d0 JavaThread "Active Thread: Equinox Container: a4eb6a51-edc7-4558-96e9-6c5641a937cc"        [_thread_blocked, id=23556, stack(0x0000006a54800000,0x0000006a54900000) (1024K)]
  0x000001f08d852db0 JavaThread "Refresh Thread: Equinox Container: a4eb6a51-edc7-4558-96e9-6c5641a937cc" daemon [_thread_blocked, id=23992, stack(0x0000006a54900000,0x0000006a54a00000) (1024K)]
  0x000001f08d979430 JavaThread "Framework Event Dispatcher: Equinox Container: a4eb6a51-edc7-4558-96e9-6c5641a937cc" daemon [_thread_blocked, id=16496, stack(0x0000006a54a00000,0x0000006a54b00000) (1024K)]
  0x000001f08d979e70 JavaThread "Start Level: Equinox Container: a4eb6a51-edc7-4558-96e9-6c5641a937cc" daemon [_thread_blocked, id=11676, stack(0x0000006a54b00000,0x0000006a54c00000) (1024K)]
  0x000001f08dd42e60 JavaThread "Bundle File Closer"         daemon [_thread_blocked, id=25132, stack(0x0000006a54e00000,0x0000006a54f00000) (1024K)]
  0x000001f08dbbda70 JavaThread "SCR Component Actor"        daemon [_thread_blocked, id=23784, stack(0x0000006a54f00000,0x0000006a55000000) (1024K)]
  0x000001f08d634550 JavaThread "Worker-JM"                         [_thread_blocked, id=3328, stack(0x0000006a55100000,0x0000006a55200000) (1024K)]
  0x000001f08ddb5db0 JavaThread "JNA Cleaner"                daemon [_thread_blocked, id=3420, stack(0x0000006a55200000,0x0000006a55300000) (1024K)]
  0x000001f08e2264d0 JavaThread "Java indexing"              daemon [_thread_blocked, id=25372, stack(0x0000006a55600000,0x0000006a55700000) (1024K)]
  0x000001f08e2271f0 JavaThread "Thread-1"                   daemon [_thread_in_native, id=25368, stack(0x0000006a55b00000,0x0000006a55c00000) (1024K)]
  0x000001f08e224400 JavaThread "Thread-2"                   daemon [_thread_in_native, id=25328, stack(0x0000006a55c00000,0x0000006a55d00000) (1024K)]
  0x000001f08e224a90 JavaThread "Thread-3"                   daemon [_thread_in_native, id=25304, stack(0x0000006a55d00000,0x0000006a55e00000) (1024K)]
  0x000001f08e225120 JavaThread "Thread-4"                   daemon [_thread_in_native, id=25332, stack(0x0000006a55e00000,0x0000006a55f00000) (1024K)]
  0x000001f0900a9000 JavaThread "Thread-5"                   daemon [_thread_in_native, id=25360, stack(0x0000006a55f00000,0x0000006a56000000) (1024K)]
  0x000001f0900a6f30 JavaThread "Thread-6"                   daemon [_thread_in_native, id=25384, stack(0x0000006a56000000,0x0000006a56100000) (1024K)]
  0x000001f0900a82e0 JavaThread "Thread-7"                   daemon [_thread_in_native, id=25316, stack(0x0000006a56100000,0x0000006a56200000) (1024K)]
  0x000001f0900a6210 JavaThread "Thread-8"                   daemon [_thread_in_native, id=25392, stack(0x0000006a56200000,0x0000006a56300000) (1024K)]
  0x000001f0900a75c0 JavaThread "Thread-9"                   daemon [_thread_in_native, id=25388, stack(0x0000006a56300000,0x0000006a56400000) (1024K)]
  0x000001f0900a8970 JavaThread "Thread-10"                  daemon [_thread_in_native, id=25224, stack(0x0000006a56400000,0x0000006a56500000) (1024K)]
  0x000001f0900a9690 JavaThread "Thread-11"                  daemon [_thread_in_native, id=25340, stack(0x0000006a56500000,0x0000006a56600000) (1024K)]
  0x000001f0900a7c50 JavaThread "Thread-12"                  daemon [_thread_in_native, id=24816, stack(0x0000006a56600000,0x0000006a56700000) (1024K)]
  0x000001f0900a9d20 JavaThread "Thread-13"                  daemon [_thread_in_native, id=25136, stack(0x0000006a56700000,0x0000006a56800000) (1024K)]
  0x000001f0900a68a0 JavaThread "pool-2-thread-1"                   [_thread_blocked, id=16020, stack(0x0000006a56800000,0x0000006a56900000) (1024K)]
  0x000001f0900aa3b0 JavaThread "WorkspaceEventsHandler"            [_thread_blocked, id=4624, stack(0x0000006a56900000,0x0000006a56a00000) (1024K)]
  0x000001f0900ab760 JavaThread "pool-1-thread-1"                   [_thread_blocked, id=4616, stack(0x0000006a56a00000,0x0000006a56b00000) (1024K)]
  0x000001f08ef67b40 JavaThread "Cleaner-0"                  daemon [_thread_blocked, id=2772, stack(0x0000006a57f00000,0x0000006a58000000) (1024K)]
  0x000001f08f4d2eb0 JavaThread "PatternSearchJob-worker-15" daemon [_thread_blocked, id=2116, stack(0x0000006a56d00000,0x0000006a56e00000) (1024K)]
  0x000001f08f4d4f80 JavaThread "PatternSearchJob-worker-19" daemon [_thread_blocked, id=22500, stack(0x0000006a55700000,0x0000006a55800000) (1024K)]
  0x000001f08f4d7050 JavaThread "PatternSearchJob-worker-21" daemon [_thread_blocked, id=2872, stack(0x0000006a55900000,0x0000006a55a00000) (1024K)]
  0x000001f08f4d4260 JavaThread "PatternSearchJob-worker-22" daemon [_thread_blocked, id=23844, stack(0x0000006a55a00000,0x0000006a55b00000) (1024K)]
  0x000001f08d454400 JavaThread "PatternSearchJob-worker-28" daemon [_thread_blocked, id=16276, stack(0x0000006a58300000,0x0000006a58400000) (1024K)]
  0x000001f08d451ca0 JavaThread "PatternSearchJob-worker-29" daemon [_thread_blocked, id=6808, stack(0x0000006a58400000,0x0000006a58500000) (1024K)]
  0x000001f08ef674b0 JavaThread "PatternSearchJob-worker-30" daemon [_thread_blocked, id=8372, stack(0x0000006a53f00000,0x0000006a54000000) (1024K)]
  0x000001f08ef69580 JavaThread "PatternSearchJob-worker-31" daemon [_thread_blocked, id=28576, stack(0x0000006a55000000,0x0000006a55100000) (1024K)]
  0x000001f08ef6b650 JavaThread "PatternSearchJob-worker-33" daemon [_thread_blocked, id=7416, stack(0x0000006a53100000,0x0000006a53200000) (1024K)]
  0x000001f08ef6c370 JavaThread "PatternSearchJob-worker-35" daemon [_thread_blocked, id=27316, stack(0x0000006a56b00000,0x0000006a56c00000) (1024K)]
  0x000001f08ef6bce0 JavaThread "HttpClient-3-SelectorManager" daemon [_thread_in_native, id=7684, stack(0x0000006a56c00000,0x0000006a56d00000) (1024K)]
  0x000001f08ec5a470 JavaThread "Worker-92"                         [_thread_blocked, id=26632, stack(0x0000006a57100000,0x0000006a57200000) (1024K)]
  0x000001f08f4d2820 JavaThread "Worker-94"                         [_thread_blocked, id=28928, stack(0x0000006a55400000,0x0000006a55500000) (1024K)]
Total: 50

Other Threads:
  0x000001f045372fe0 VMThread "VM Thread"                           [id=24552, stack(0x0000006a53500000,0x0000006a53600000) (1024K)]
  0x000001f04526ba00 WatcherThread "VM Periodic Task Thread"        [id=24548, stack(0x0000006a53400000,0x0000006a53500000) (1024K)]
  0x000001f02ca1a9b0 WorkerThread "GC Thread#0"                     [id=24544, stack(0x0000006a53300000,0x0000006a53400000) (1024K)]
  0x000001f08d8d7710 WorkerThread "GC Thread#1"                     [id=24508, stack(0x0000006a54200000,0x0000006a54300000) (1024K)]
  0x000001f08d8d7ac0 WorkerThread "GC Thread#2"                     [id=24024, stack(0x0000006a54300000,0x0000006a54400000) (1024K)]
  0x000001f08d8d7e70 WorkerThread "GC Thread#3"                     [id=24060, stack(0x0000006a54400000,0x0000006a54500000) (1024K)]
  0x000001f08d63d380 WorkerThread "GC Thread#4"                     [id=24384, stack(0x0000006a54500000,0x0000006a54600000) (1024K)]
  0x000001f08d63d730 WorkerThread "GC Thread#5"                     [id=24000, stack(0x0000006a54600000,0x0000006a54700000) (1024K)]
  0x000001f08d63dae0 WorkerThread "GC Thread#6"                     [id=23996, stack(0x0000006a54700000,0x0000006a54800000) (1024K)]
  0x000001f08d920b00 WorkerThread "GC Thread#7"                     [id=23836, stack(0x0000006a54100000,0x0000006a54200000) (1024K)]
  0x000001f0887376b0 WorkerThread "GC Thread#8"                     [id=25124, stack(0x0000006a54c00000,0x0000006a54d00000) (1024K)]
  0x000001f08d34db30 WorkerThread "GC Thread#9"                     [id=25128, stack(0x0000006a54d00000,0x0000006a54e00000) (1024K)]
Total: 12

Threads with active compile tasks:
Total: 0

VM state: not at safepoint (normal execution)

VM Mutex/Monitor currently owned by a thread: None

Heap address: 0x0000000080000000, size: 2048 MB, Compressed Oops mode: 32-bit

CDS archive(s) mapped at: [0x000001f046000000-0x000001f046ba0000-0x000001f046ba0000), size 12189696, SharedBaseAddress: 0x000001f046000000, ArchiveRelocationMode: 1.
Compressed class space mapped at: 0x000001f047000000-0x000001f087000000, reserved size: 1073741824
Narrow klass base: 0x000001f046000000, Narrow klass shift: 0, Narrow klass range: 0x100000000

GC Precious Log:
 CardTable entry size: 512
 CPUs: 12 total, 12 available
 Memory: 15681M
 Large Page Support: Disabled
 NUMA Support: Disabled
 Compressed Oops: Enabled (32-bit)
 Alignments: Space 512K, Generation 512K, Heap 2M
 Heap Min Capacity: 100M
 Heap Initial Capacity: 100M
 Heap Max Capacity: 2G
 Pre-touch: Disabled
 Parallel Workers: 10

Heap:
 PSYoungGen      total 9216K, used 960K [0x00000000d5580000, 0x00000000d6200000, 0x0000000100000000)
  eden space 6656K, 8% used [0x00000000d5580000,0x00000000d5610348,0x00000000d5c00000)
  from space 2560K, 15% used [0x00000000d5e00000,0x00000000d5e60020,0x00000000d6080000)
  to   space 1024K, 0% used [0x00000000d6100000,0x00000000d6100000,0x00000000d6200000)
 ParOldGen       total 686080K, used 685723K [0x0000000080000000, 0x00000000a9e00000, 0x00000000d5580000)
  object space 686080K, 99% used [0x0000000080000000,0x00000000a9da6ed8,0x00000000a9e00000)
 Metaspace       used 97971K, committed 99904K, reserved 1179648K
  class space    used 9893K, committed 10880K, reserved 1048576K

Card table byte_map: [0x000001f0406a0000,0x000001f040ab0000] _byte_map_base: 0x000001f0402a0000

Marking Bits: (ParMarkBitMap*) 0x00007ff984fb4460
 Begin Bits: [0x000001f040d60000, 0x000001f042d60000)
 End Bits:   [0x000001f042d60000, 0x000001f044d60000)

Polling page: 0x000001f02c980000

Metaspace:

Usage:
  Non-class:     86.01 MB used.
      Class:      9.66 MB used.
       Both:     95.67 MB used.

Virtual space:
  Non-class space:      128.00 MB reserved,      86.94 MB ( 68%) committed,  2 nodes.
      Class space:        1.00 GB reserved,      10.62 MB (  1%) committed,  1 nodes.
             Both:        1.12 GB reserved,      97.56 MB (  8%) committed. 

Chunk freelists:
   Non-Class:  9.00 MB
       Class:  5.48 MB
        Both:  14.48 MB

MaxMetaspaceSize: unlimited
CompressedClassSpaceSize: 1.00 GB
Initial GC threshold: 21.00 MB
Current GC threshold: 161.06 MB
CDS: on
 - commit_granule_bytes: 65536.
 - commit_granule_words: 8192.
 - virtual_space_node_default_size: 8388608.
 - enlarge_chunks_in_place: 1.
 - use_allocation_guard: 0.


Internal statistics:

num_allocs_failed_limit: 9.
num_arena_births: 2054.
num_arena_deaths: 522.
num_vsnodes_births: 3.
num_vsnodes_deaths: 0.
num_space_committed: 1561.
num_space_uncommitted: 0.
num_chunks_returned_to_freelist: 618.
num_chunks_taken_from_freelist: 6998.
num_chunk_merges: 164.
num_chunk_splits: 4046.
num_chunks_enlarged: 2254.
num_inconsistent_stats: 0.

CodeHeap 'non-profiled nmethods': size=120000Kb used=17960Kb max_used=18793Kb free=102039Kb
 bounds [0x000001f038f90000, 0x000001f03a1f0000, 0x000001f0404c0000]
CodeHeap 'profiled nmethods': size=120000Kb used=33883Kb max_used=42476Kb free=86116Kb
 bounds [0x000001f0314c0000, 0x000001f033e40000, 0x000001f0389f0000]
CodeHeap 'non-nmethods': size=5760Kb used=1532Kb max_used=1593Kb free=4227Kb
 bounds [0x000001f0389f0000, 0x000001f038c60000, 0x000001f038f90000]
CodeCache: size=245760Kb, used=53375Kb, max_used=62862Kb, free=192382Kb
 total_blobs=15319, nmethods=14466, adapters=753, full_count=0
Compilation: enabled, stopped_count=0, restarted_count=0

Compilation events (20 events):
Event: 21639.501 Thread 0x000001f08845c3d0 25831       1       com.sun.org.apache.xerces.internal.dom.ParentNode::getOwnerDocument (5 bytes)
Event: 21639.501 Thread 0x000001f08845c3d0 nmethod 25831 0x000001f039c34910 code [0x000001f039c34aa0, 0x000001f039c34b68]
Event: 21639.501 Thread 0x000001f08845c3d0 25832       3       java.util.concurrent.ConcurrentHashMap::getOrDefault (16 bytes)
Event: 21639.501 Thread 0x000001f08845c3d0 nmethod 25832 0x000001f033602310 code [0x000001f0336024c0, 0x000001f0336026d8]
Event: 21639.501 Thread 0x000001f08845c3d0 25833       3       com.sun.org.apache.xml.internal.serializer.ToStream$CharacterBuffer::isAnyCharactersBuffered (18 bytes)
Event: 21639.502 Thread 0x000001f08845c3d0 nmethod 25833 0x000001f0336d6110 code [0x000001f0336d62c0, 0x000001f0336d64e8]
Event: 21639.503 Thread 0x000001f088454190 25834       4       org.eclipse.jdt.internal.core.JavaModelManager$VariablesAndContainersSaveHelper::saveAttributes (86 bytes)
Event: 21639.506 Thread 0x000001f08845c3d0 25836   !   3       org.eclipse.m2e.core.internal.project.registry.ProjectRegistryReader$2::annotateClass (82 bytes)
Event: 21639.507 Thread 0x000001f08845c3d0 nmethod 25836 0x000001f033700f10 code [0x000001f0337011c0, 0x000001f033701b80]
Event: 21639.507 Thread 0x000001f08845c3d0 25837       3       java.lang.invoke.LambdaForm$MH/0x000001f047a74c00::invoke (64 bytes)
Event: 21639.508 Thread 0x000001f08845c3d0 nmethod 25837 0x000001f033393b10 code [0x000001f033393da0, 0x000001f033394b70]
Event: 21639.520 Thread 0x000001f088454190 nmethod 25834 0x000001f039781990 code [0x000001f039781c80, 0x000001f039782ce0]
Event: 21639.521 Thread 0x000001f088454190 25835       4       jdk.internal.misc.Unsafe::putLongUnaligned (14 bytes)
Event: 21639.521 Thread 0x000001f088454190 nmethod 25835 0x000001f039c34610 code [0x000001f039c347a0, 0x000001f039c34858]
Event: 21639.635 Thread 0x000001f088454190 25838   !   4       jdk.xml.internal.SecuritySupport::readConfig (150 bytes)
Event: 21639.639 Thread 0x000001f08845c3d0 25840       3       org.eclipse.jdt.internal.core.builder.IncrementalImageBuilder::resetCollections (140 bytes)
Event: 21639.640 Thread 0x000001f08845c3d0 nmethod 25840 0x000001f031fa5090 code [0x000001f031fa5460, 0x000001f031fa6e90]
Event: 21639.645 Thread 0x000001f088454190 nmethod 25838 0x000001f039a07390 code [0x000001f039a075e0, 0x000001f039a07e18]
Event: 21639.645 Thread 0x000001f088454190 25839       4       com.sun.org.apache.xerces.internal.util.ParserConfigurationSettings::addRecognizedFeatures (56 bytes)
Event: 21639.658 Thread 0x000001f088454190 nmethod 25839 0x000001f039127010 code [0x000001f039127200, 0x000001f039127ac0]

GC Heap History (20 events):
Event: 21339.615 GC heap before
{Heap before GC invocations=3250 (full 9):
 PSYoungGen      total 4096K, used 3659K [0x00000000d5580000, 0x00000000d5d00000, 0x0000000100000000)
  eden space 2048K, 100% used [0x00000000d5580000,0x00000000d5780000,0x00000000d5780000)
  from space 2048K, 78% used [0x00000000d5780000,0x00000000d5912e00,0x00000000d5980000)
  to   space 2560K, 0% used [0x00000000d5a80000,0x00000000d5a80000,0x00000000d5d00000)
 ParOldGen       total 631296K, used 630967K [0x0000000080000000, 0x00000000a6880000, 0x00000000d5580000)
  object space 631296K, 99% used [0x0000000080000000,0x00000000a682dc38,0x00000000a6880000)
 Metaspace       used 97939K, committed 99840K, reserved 1179648K
  class space    used 9893K, committed 10880K, reserved 1048576K
}
Event: 21339.619 GC heap after
{Heap after GC invocations=3250 (full 9):
 PSYoungGen      total 4096K, used 1495K [0x00000000d5580000, 0x00000000d5c00000, 0x0000000100000000)
  eden space 2560K, 0% used [0x00000000d5580000,0x00000000d5580000,0x00000000d5800000)
  from space 1536K, 97% used [0x00000000d5a80000,0x00000000d5bf5c00,0x00000000d5c00000)
  to   space 2048K, 0% used [0x00000000d5800000,0x00000000d5800000,0x00000000d5a00000)
 ParOldGen       total 632320K, used 632007K [0x0000000080000000, 0x00000000a6980000, 0x00000000d5580000)
  object space 632320K, 99% used [0x0000000080000000,0x00000000a6931c38,0x00000000a6980000)
 Metaspace       used 97939K, committed 99840K, reserved 1179648K
  class space    used 9893K, committed 10880K, reserved 1048576K
}
Event: 21339.627 GC heap before
{Heap before GC invocations=3251 (full 9):
 PSYoungGen      total 4096K, used 4047K [0x00000000d5580000, 0x00000000d5c00000, 0x0000000100000000)
  eden space 2560K, 99% used [0x00000000d5580000,0x00000000d57fe248,0x00000000d5800000)
  from space 1536K, 97% used [0x00000000d5a80000,0x00000000d5bf5c00,0x00000000d5c00000)
  to   space 2048K, 0% used [0x00000000d5800000,0x00000000d5800000,0x00000000d5a00000)
 ParOldGen       total 632320K, used 632007K [0x0000000080000000, 0x00000000a6980000, 0x00000000d5580000)
  object space 632320K, 99% used [0x0000000080000000,0x00000000a6931c38,0x00000000a6980000)
 Metaspace       used 97949K, committed 99840K, reserved 1179648K
  class space    used 9893K, committed 10880K, reserved 1048576K
}
Event: 21339.631 GC heap after
{Heap after GC invocations=3251 (full 9):
 PSYoungGen      total 4608K, used 2030K [0x00000000d5580000, 0x00000000d6480000, 0x0000000100000000)
  eden space 2560K, 0% used [0x00000000d5580000,0x00000000d5580000,0x00000000d5800000)
  from space 2048K, 99% used [0x00000000d5800000,0x00000000d59fb840,0x00000000d5a00000)
  to   space 6144K, 0% used [0x00000000d5e80000,0x00000000d5e80000,0x00000000d6480000)
 ParOldGen       total 635392K, used 635020K [0x0000000080000000, 0x00000000a6c80000, 0x00000000d5580000)
  object space 635392K, 99% used [0x0000000080000000,0x00000000a6c23038,0x00000000a6c80000)
 Metaspace       used 97949K, committed 99840K, reserved 1179648K
  class space    used 9893K, committed 10880K, reserved 1048576K
}
Event: 21339.644 GC heap before
{Heap before GC invocations=3252 (full 9):
 PSYoungGen      total 4608K, used 4590K [0x00000000d5580000, 0x00000000d6480000, 0x0000000100000000)
  eden space 2560K, 100% used [0x00000000d5580000,0x00000000d5800000,0x00000000d5800000)
  from space 2048K, 99% used [0x00000000d5800000,0x00000000d59fb840,0x00000000d5a00000)
  to   space 6144K, 0% used [0x00000000d5e80000,0x00000000d5e80000,0x00000000d6480000)
 ParOldGen       total 635392K, used 635020K [0x0000000080000000, 0x00000000a6c80000, 0x00000000d5580000)
  object space 635392K, 99% used [0x0000000080000000,0x00000000a6c23038,0x00000000a6c80000)
 Metaspace       used 97950K, committed 99840K, reserved 1179648K
  class space    used 9893K, committed 10880K, reserved 1048576K
}
Event: 21339.648 GC heap after
{Heap after GC invocations=3252 (full 9):
 PSYoungGen      total 6144K, used 2632K [0x00000000d5580000, 0x00000000d6180000, 0x0000000100000000)
  eden space 3072K, 0% used [0x00000000d5580000,0x00000000d5580000,0x00000000d5880000)
  from space 3072K, 85% used [0x00000000d5e80000,0x00000000d61120f8,0x00000000d6180000)
  to   space 3584K, 0% used [0x00000000d5a80000,0x00000000d5a80000,0x00000000d5e00000)
 ParOldGen       total 637440K, used 637010K [0x0000000080000000, 0x00000000a6e80000, 0x00000000d5580000)
  object space 637440K, 99% used [0x0000000080000000,0x00000000a6e148b8,0x00000000a6e80000)
 Metaspace       used 97950K, committed 99840K, reserved 1179648K
  class space    used 9893K, committed 10880K, reserved 1048576K
}
Event: 21339.658 GC heap before
{Heap before GC invocations=3253 (full 9):
 PSYoungGen      total 6144K, used 5704K [0x00000000d5580000, 0x00000000d6180000, 0x0000000100000000)
  eden space 3072K, 100% used [0x00000000d5580000,0x00000000d5880000,0x00000000d5880000)
  from space 3072K, 85% used [0x00000000d5e80000,0x00000000d61120f8,0x00000000d6180000)
  to   space 3584K, 0% used [0x00000000d5a80000,0x00000000d5a80000,0x00000000d5e00000)
 ParOldGen       total 637440K, used 637010K [0x0000000080000000, 0x00000000a6e80000, 0x00000000d5580000)
  object space 637440K, 99% used [0x0000000080000000,0x00000000a6e148b8,0x00000000a6e80000)
 Metaspace       used 97950K, committed 99840K, reserved 1179648K
  class space    used 9893K, committed 10880K, reserved 1048576K
}
Event: 21339.662 GC heap after
{Heap after GC invocations=3253 (full 9):
 PSYoungGen      total 7168K, used 2660K [0x00000000d5580000, 0x00000000d5f80000, 0x0000000100000000)
  eden space 4096K, 0% used [0x00000000d5580000,0x00000000d5580000,0x00000000d5980000)
  from space 3072K, 86% used [0x00000000d5a80000,0x00000000d5d19368,0x00000000d5d80000)
  to   space 2048K, 0% used [0x00000000d5d80000,0x00000000d5d80000,0x00000000d5f80000)
 ParOldGen       total 640000K, used 639511K [0x0000000080000000, 0x00000000a7100000, 0x00000000d5580000)
  object space 640000K, 99% used [0x0000000080000000,0x00000000a7085e78,0x00000000a7100000)
 Metaspace       used 97950K, committed 99840K, reserved 1179648K
  class space    used 9893K, committed 10880K, reserved 1048576K
}
Event: 21339.681 GC heap before
{Heap before GC invocations=3254 (full 9):
 PSYoungGen      total 7168K, used 6756K [0x00000000d5580000, 0x00000000d5f80000, 0x0000000100000000)
  eden space 4096K, 100% used [0x00000000d5580000,0x00000000d5980000,0x00000000d5980000)
  from space 3072K, 86% used [0x00000000d5a80000,0x00000000d5d19368,0x00000000d5d80000)
  to   space 2048K, 0% used [0x00000000d5d80000,0x00000000d5d80000,0x00000000d5f80000)
 ParOldGen       total 640000K, used 639511K [0x0000000080000000, 0x00000000a7100000, 0x00000000d5580000)
  object space 640000K, 99% used [0x0000000080000000,0x00000000a7085e78,0x00000000a7100000)
 Metaspace       used 97951K, committed 99840K, reserved 1179648K
  class space    used 9893K, committed 10880K, reserved 1048576K
}
Event: 21339.684 GC heap after
{Heap after GC invocations=3254 (full 9):
 PSYoungGen      total 6656K, used 1120K [0x00000000d5580000, 0x00000000d5f00000, 0x0000000100000000)
  eden space 5120K, 0% used [0x00000000d5580000,0x00000000d5580000,0x00000000d5a80000)
  from space 1536K, 72% used [0x00000000d5d80000,0x00000000d5e98020,0x00000000d5f00000)
  to   space 2048K, 0% used [0x00000000d5b00000,0x00000000d5b00000,0x00000000d5d00000)
 ParOldGen       total 642048K, used 641957K [0x0000000080000000, 0x00000000a7300000, 0x00000000d5580000)
  object space 642048K, 99% used [0x0000000080000000,0x00000000a72e95e0,0x00000000a7300000)
 Metaspace       used 97951K, committed 99840K, reserved 1179648K
  class space    used 9893K, committed 10880K, reserved 1048576K
}
Event: 21339.700 GC heap before
{Heap before GC invocations=3255 (full 9):
 PSYoungGen      total 6656K, used 6240K [0x00000000d5580000, 0x00000000d5f00000, 0x0000000100000000)
  eden space 5120K, 100% used [0x00000000d5580000,0x00000000d5a80000,0x00000000d5a80000)
  from space 1536K, 72% used [0x00000000d5d80000,0x00000000d5e98020,0x00000000d5f00000)
  to   space 2048K, 0% used [0x00000000d5b00000,0x00000000d5b00000,0x00000000d5d00000)
 ParOldGen       total 642048K, used 641957K [0x0000000080000000, 0x00000000a7300000, 0x00000000d5580000)
  object space 642048K, 99% used [0x0000000080000000,0x00000000a72e95e0,0x00000000a7300000)
 Metaspace       used 97951K, committed 99840K, reserved 1179648K
  class space    used 9893K, committed 10880K, reserved 1048576K
}
Event: 21339.704 GC heap after
{Heap after GC invocations=3255 (full 9):
 PSYoungGen      total 7680K, used 2047K [0x00000000d5580000, 0x00000000d6580000, 0x0000000100000000)
  eden space 5632K, 0% used [0x00000000d5580000,0x00000000d5580000,0x00000000d5b00000)
  from space 2048K, 99% used [0x00000000d5b00000,0x00000000d5cffd80,0x00000000d5d00000)
  to   space 5120K, 0% used [0x00000000d6080000,0x00000000d6080000,0x00000000d6580000)
 ParOldGen       total 644096K, used 644047K [0x0000000080000000, 0x00000000a7500000, 0x00000000d5580000)
  object space 644096K, 99% used [0x0000000080000000,0x00000000a74f3c78,0x00000000a7500000)
 Metaspace       used 97951K, committed 99840K, reserved 1179648K
  class space    used 9893K, committed 10880K, reserved 1048576K
}
Event: 21339.715 GC heap before
{Heap before GC invocations=3256 (full 9):
 PSYoungGen      total 7680K, used 7679K [0x00000000d5580000, 0x00000000d6580000, 0x0000000100000000)
  eden space 5632K, 100% used [0x00000000d5580000,0x00000000d5b00000,0x00000000d5b00000)
  from space 2048K, 99% used [0x00000000d5b00000,0x00000000d5cffd80,0x00000000d5d00000)
  to   space 5120K, 0% used [0x00000000d6080000,0x00000000d6080000,0x00000000d6580000)
 ParOldGen       total 644096K, used 644047K [0x0000000080000000, 0x00000000a7500000, 0x00000000d5580000)
  object space 644096K, 99% used [0x0000000080000000,0x00000000a74f3c78,0x00000000a7500000)
 Metaspace       used 97951K, committed 99840K, reserved 1179648K
  class space    used 9893K, committed 10880K, reserved 1048576K
}
Event: 21339.719 GC heap after
{Heap after GC invocations=3256 (full 9):
 PSYoungGen      total 11776K, used 4064K [0x00000000d5580000, 0x00000000d6580000, 0x0000000100000000)
  eden space 6656K, 0% used [0x00000000d5580000,0x00000000d5580000,0x00000000d5c00000)
  from space 5120K, 79% used [0x00000000d6080000,0x00000000d6478000,0x00000000d6580000)
  to   space 4608K, 0% used [0x00000000d5c00000,0x00000000d5c00000,0x00000000d6080000)
 ParOldGen       total 646144K, used 646142K [0x0000000080000000, 0x00000000a7700000, 0x00000000d5580000)
  object space 646144K, 99% used [0x0000000080000000,0x00000000a76ff9f8,0x00000000a7700000)
 Metaspace       used 97951K, committed 99840K, reserved 1179648K
  class space    used 9893K, committed 10880K, reserved 1048576K
}
Event: 21339.735 GC heap before
{Heap before GC invocations=3257 (full 9):
 PSYoungGen      total 11776K, used 10720K [0x00000000d5580000, 0x00000000d6580000, 0x0000000100000000)
  eden space 6656K, 100% used [0x00000000d5580000,0x00000000d5c00000,0x00000000d5c00000)
  from space 5120K, 79% used [0x00000000d6080000,0x00000000d6478000,0x00000000d6580000)
  to   space 4608K, 0% used [0x00000000d5c00000,0x00000000d5c00000,0x00000000d6080000)
 ParOldGen       total 646144K, used 646142K [0x0000000080000000, 0x00000000a7700000, 0x00000000d5580000)
  object space 646144K, 99% used [0x0000000080000000,0x00000000a76ff9f8,0x00000000a7700000)
 Metaspace       used 97951K, committed 99840K, reserved 1179648K
  class space    used 9893K, committed 10880K, reserved 1048576K
}
Event: 21339.740 GC heap after
{Heap after GC invocations=3257 (full 9):
 PSYoungGen      total 11264K, used 4056K [0x00000000d5580000, 0x00000000d6580000, 0x0000000100000000)
  eden space 6656K, 0% used [0x00000000d5580000,0x00000000d5580000,0x00000000d5c00000)
  from space 4608K, 88% used [0x00000000d5c00000,0x00000000d5ff6000,0x00000000d6080000)
  to   space 4096K, 0% used [0x00000000d6180000,0x00000000d6180000,0x00000000d6580000)
 ParOldGen       total 650240K, used 650174K [0x0000000080000000, 0x00000000a7b00000, 0x00000000d5580000)
  object space 650240K, 99% used [0x0000000080000000,0x00000000a7aef9f8,0x00000000a7b00000)
 Metaspace       used 97951K, committed 99840K, reserved 1179648K
  class space    used 9893K, committed 10880K, reserved 1048576K
}
Event: 21339.819 GC heap before
{Heap before GC invocations=3258 (full 9):
 PSYoungGen      total 11264K, used 10712K [0x00000000d5580000, 0x00000000d6580000, 0x0000000100000000)
  eden space 6656K, 100% used [0x00000000d5580000,0x00000000d5c00000,0x00000000d5c00000)
  from space 4608K, 88% used [0x00000000d5c00000,0x00000000d5ff6000,0x00000000d6080000)
  to   space 4096K, 0% used [0x00000000d6180000,0x00000000d6180000,0x00000000d6580000)
 ParOldGen       total 681984K, used 680894K [0x0000000080000000, 0x00000000a9a00000, 0x00000000d5580000)
  object space 681984K, 99% used [0x0000000080000000,0x00000000a98efa28,0x00000000a9a00000)
 Metaspace       used 97959K, committed 99840K, reserved 1179648K
  class space    used 9893K, committed 10880K, reserved 1048576K
}
Event: 21339.825 GC heap after
{Heap after GC invocations=3258 (full 9):
 PSYoungGen      total 8192K, used 1472K [0x00000000d5580000, 0x00000000d6300000, 0x0000000100000000)
  eden space 6656K, 0% used [0x00000000d5580000,0x00000000d5580000,0x00000000d5c00000)
  from space 1536K, 95% used [0x00000000d6180000,0x00000000d62f0000,0x00000000d6300000)
  to   space 2560K, 0% used [0x00000000d5e00000,0x00000000d5e00000,0x00000000d6080000)
 ParOldGen       total 684544K, used 684419K [0x0000000080000000, 0x00000000a9c80000, 0x00000000d5580000)
  object space 684544K, 99% used [0x0000000080000000,0x00000000a9c60c78,0x00000000a9c80000)
 Metaspace       used 97959K, committed 99840K, reserved 1179648K
  class space    used 9893K, committed 10880K, reserved 1048576K
}
Event: 21639.636 GC heap before
{Heap before GC invocations=3259 (full 9):
 PSYoungGen      total 8192K, used 8128K [0x00000000d5580000, 0x00000000d6300000, 0x0000000100000000)
  eden space 6656K, 100% used [0x00000000d5580000,0x00000000d5c00000,0x00000000d5c00000)
  from space 1536K, 95% used [0x00000000d6180000,0x00000000d62f0000,0x00000000d6300000)
  to   space 2560K, 0% used [0x00000000d5e00000,0x00000000d5e00000,0x00000000d6080000)
 ParOldGen       total 684544K, used 684419K [0x0000000080000000, 0x00000000a9c80000, 0x00000000d5580000)
  object space 684544K, 99% used [0x0000000080000000,0x00000000a9c60c78,0x00000000a9c80000)
 Metaspace       used 97969K, committed 99904K, reserved 1179648K
  class space    used 9893K, committed 10880K, reserved 1048576K
}
Event: 21639.638 GC heap after
{Heap after GC invocations=3259 (full 9):
 PSYoungGen      total 9216K, used 384K [0x00000000d5580000, 0x00000000d6200000, 0x0000000100000000)
  eden space 6656K, 0% used [0x00000000d5580000,0x00000000d5580000,0x00000000d5c00000)
  from space 2560K, 15% used [0x00000000d5e00000,0x00000000d5e60020,0x00000000d6080000)
  to   space 1024K, 0% used [0x00000000d6100000,0x00000000d6100000,0x00000000d6200000)
 ParOldGen       total 686080K, used 685723K [0x0000000080000000, 0x00000000a9e00000, 0x00000000d5580000)
  object space 686080K, 99% used [0x0000000080000000,0x00000000a9da6ed8,0x00000000a9e00000)
 Metaspace       used 97969K, committed 99904K, reserved 1179648K
  class space    used 9893K, committed 10880K, reserved 1048576K
}

Dll operation events (12 events):
Event: 0.014 Loaded shared library c:\Users\Administrator\.vscode\extensions\redhat.java-1.55.0-win32-x64\jre\21.0.11-win32-x86_64\bin\java.dll
Event: 0.098 Loaded shared library c:\Users\Administrator\.vscode\extensions\redhat.java-1.55.0-win32-x64\jre\21.0.11-win32-x86_64\bin\zip.dll
Event: 0.129 Loaded shared library C:\Users\Administrator\.vscode\extensions\redhat.java-1.55.0-win32-x64\jre\21.0.11-win32-x86_64\bin\instrument.dll
Event: 0.140 Loaded shared library C:\Users\Administrator\.vscode\extensions\redhat.java-1.55.0-win32-x64\jre\21.0.11-win32-x86_64\bin\net.dll
Event: 0.143 Loaded shared library C:\Users\Administrator\.vscode\extensions\redhat.java-1.55.0-win32-x64\jre\21.0.11-win32-x86_64\bin\nio.dll
Event: 0.148 Loaded shared library C:\Users\Administrator\.vscode\extensions\redhat.java-1.55.0-win32-x64\jre\21.0.11-win32-x86_64\bin\zip.dll
Event: 0.179 Loaded shared library C:\Users\Administrator\.vscode\extensions\redhat.java-1.55.0-win32-x64\jre\21.0.11-win32-x86_64\bin\jimage.dll
Event: 0.321 Loaded shared library c:\Users\Administrator\.vscode\extensions\redhat.java-1.55.0-win32-x64\jre\21.0.11-win32-x86_64\bin\verify.dll
Event: 10.452 Loaded shared library C:\Users\Administrator\AppData\Roaming\Code\User\globalStorage\redhat.java\1.55.0\config_win\org.eclipse.equinox.launcher\org.eclipse.equinox.launcher.win32.win32.x86_64_1.3.100.v20260613-0559\eclipse_11924.dll
Event: 26.305 Loaded shared library C:\Users\Administrator\AppData\Local\Temp\jna-146731693\jna14505793531179007121.dll
Event: 285.867 Loaded shared library C:\Users\Administrator\.vscode\extensions\redhat.java-1.55.0-win32-x64\jre\21.0.11-win32-x86_64\bin\sunmscapi.dll
Event: 286.066 Loaded shared library C:\Users\Administrator\.vscode\extensions\redhat.java-1.55.0-win32-x64\jre\21.0.11-win32-x86_64\bin\extnet.dll

Deoptimization events (20 events):
Event: 21339.633 Thread 0x000001f08f4d69c0 Uncommon trap: trap_request=0xffffff6e fr.pc=0x000001f03986a310 relative=0x0000000000000250
Event: 21339.633 Thread 0x000001f08f4d69c0 Uncommon trap: reason=loop_limit_check action=maybe_recompile pc=0x000001f03986a310 method=org.eclipse.jdt.internal.compiler.parser.Parser.checkComment()V @ 145 c2
Event: 21339.633 Thread 0x000001f08f4d69c0 DEOPT PACKING pc=0x000001f03986a310 sp=0x0000006a555fe3e0
Event: 21339.633 Thread 0x000001f08f4d69c0 DEOPT UNPACKING pc=0x000001f038a43aa2 sp=0x0000006a555fe360 mode 2
Event: 21339.713 Thread 0x000001f08f4d69c0 Uncommon trap: trap_request=0xffffffc6 fr.pc=0x000001f039198ab0 relative=0x00000000000032b0
Event: 21339.713 Thread 0x000001f08f4d69c0 Uncommon trap: reason=bimorphic_or_optimized_type_check action=maybe_recompile pc=0x000001f039198ab0 method=org.eclipse.jdt.internal.compiler.lookup.BinaryTypeBinding.createFields([Lorg/eclipse/jdt/internal/compiler/env/IBinaryField;Lorg/eclipse/jdt/inter
Event: 21339.713 Thread 0x000001f08f4d69c0 DEOPT PACKING pc=0x000001f039198ab0 sp=0x0000006a555fda00
Event: 21339.713 Thread 0x000001f08f4d69c0 DEOPT UNPACKING pc=0x000001f038a43aa2 sp=0x0000006a555fd978 mode 2
Event: 21339.733 Thread 0x000001f08ec562d0 Uncommon trap: trap_request=0xffffff45 fr.pc=0x000001f03962d7f8 relative=0x0000000000000578
Event: 21339.733 Thread 0x000001f08ec562d0 Uncommon trap: reason=unstable_if action=reinterpret pc=0x000001f03962d7f8 method=org.eclipse.jdt.internal.compiler.codegen.ConstantPool.literalIndexForNameAndType([C[C)I @ 131 c2
Event: 21339.733 Thread 0x000001f08ec562d0 DEOPT PACKING pc=0x000001f03962d7f8 sp=0x0000006a570fe6d0
Event: 21339.733 Thread 0x000001f08ec562d0 DEOPT UNPACKING pc=0x000001f038a43aa2 sp=0x0000006a570fe668 mode 2
Event: 21339.743 Thread 0x000001f08ec562d0 Uncommon trap: trap_request=0xffffffde fr.pc=0x000001f0398aa600 relative=0x00000000000028e0
Event: 21339.743 Thread 0x000001f08ec562d0 Uncommon trap: reason=class_check action=maybe_recompile pc=0x000001f0398aa600 method=org.eclipse.jdt.internal.compiler.lookup.Scope.findMemberType([CLorg/eclipse/jdt/internal/compiler/lookup/ReferenceBinding;)Lorg/eclipse/jdt/internal/compiler/lookup/Ref
Event: 21339.743 Thread 0x000001f08ec562d0 DEOPT PACKING pc=0x000001f0398aa600 sp=0x0000006a570fe3e0
Event: 21339.743 Thread 0x000001f08ec562d0 DEOPT UNPACKING pc=0x000001f038a43aa2 sp=0x0000006a570fe3b8 mode 2
Event: 21339.744 Thread 0x000001f08ec562d0 Uncommon trap: trap_request=0xffffffde fr.pc=0x000001f0390912c4 relative=0x00000000000005e4
Event: 21339.744 Thread 0x000001f08ec562d0 Uncommon trap: reason=class_check action=maybe_recompile pc=0x000001f0390912c4 method=org.eclipse.jdt.internal.compiler.lookup.LookupEnvironment.convertToRawType(Lorg/eclipse/jdt/internal/compiler/lookup/TypeBinding;Z)Lorg/eclipse/jdt/internal/compiler/lo
Event: 21339.744 Thread 0x000001f08ec562d0 DEOPT PACKING pc=0x000001f0390912c4 sp=0x0000006a570fe6b0
Event: 21339.744 Thread 0x000001f08ec562d0 DEOPT UNPACKING pc=0x000001f038a43aa2 sp=0x0000006a570fe638 mode 2

Classes loaded (20 events):
Event: 7453.539 Loading class jdk/internal/module/IllegalAccessLogger
Event: 7453.539 Loading class jdk/internal/module/IllegalAccessLogger done
Event: 7695.268 Loading class jdk/internal/module/IllegalAccessLogger
Event: 7695.268 Loading class jdk/internal/module/IllegalAccessLogger done
Event: 7720.864 Loading class jdk/internal/module/IllegalAccessLogger
Event: 7720.864 Loading class jdk/internal/module/IllegalAccessLogger done
Event: 7784.365 Loading class jdk/internal/module/IllegalAccessLogger
Event: 7784.365 Loading class jdk/internal/module/IllegalAccessLogger done
Event: 19493.573 Loading class jdk/internal/module/IllegalAccessLogger
Event: 19493.573 Loading class jdk/internal/module/IllegalAccessLogger done
Event: 20686.461 Loading class java/util/stream/FindOps$FindSink$OfLong
Event: 20686.462 Loading class java/util/stream/FindOps$FindSink$OfLong done
Event: 20686.464 Loading class java/util/OptionalLong
Event: 20686.464 Loading class java/util/OptionalLong done
Event: 20686.475 Loading class java/nio/HeapByteBufferR
Event: 20686.476 Loading class java/nio/HeapByteBufferR done
Event: 20828.261 Loading class jdk/internal/module/IllegalAccessLogger
Event: 20828.261 Loading class jdk/internal/module/IllegalAccessLogger done
Event: 21339.668 Loading class jdk/internal/module/IllegalAccessLogger
Event: 21339.668 Loading class jdk/internal/module/IllegalAccessLogger done

Classes unloaded (20 events):
Event: 6168.159 Thread 0x000001f045372fe0 Unloading class 0x000001f04700cc00 'java/lang/invoke/LambdaForm$MH+0x000001f04700cc00'
Event: 6168.159 Thread 0x000001f045372fe0 Unloading class 0x000001f04700c800 'java/lang/invoke/LambdaForm$BMH+0x000001f04700c800'
Event: 6168.159 Thread 0x000001f045372fe0 Unloading class 0x000001f04700c000 'java/lang/invoke/LambdaForm$DMH+0x000001f04700c000'
Event: 6168.159 Thread 0x000001f045372fe0 Unloading class 0x000001f047008c00 'java/lang/invoke/LambdaForm$MH+0x000001f047008c00'
Event: 6168.159 Thread 0x000001f045372fe0 Unloading class 0x000001f047008800 'java/lang/invoke/LambdaForm$MH+0x000001f047008800'
Event: 6168.159 Thread 0x000001f045372fe0 Unloading class 0x000001f047008400 'java/lang/invoke/LambdaForm$MH+0x000001f047008400'
Event: 6168.159 Thread 0x000001f045372fe0 Unloading class 0x000001f047007000 'java/lang/invoke/LambdaForm$MH+0x000001f047007000'
Event: 6168.159 Thread 0x000001f045372fe0 Unloading class 0x000001f047006800 'java/lang/invoke/LambdaForm$MH+0x000001f047006800'
Event: 6168.159 Thread 0x000001f045372fe0 Unloading class 0x000001f047006400 'java/lang/invoke/LambdaForm$MH+0x000001f047006400'
Event: 6168.159 Thread 0x000001f045372fe0 Unloading class 0x000001f047006000 'java/lang/invoke/LambdaForm$MH+0x000001f047006000'
Event: 6168.159 Thread 0x000001f045372fe0 Unloading class 0x000001f047005c00 'java/lang/invoke/LambdaForm$BMH+0x000001f047005c00'
Event: 6168.159 Thread 0x000001f045372fe0 Unloading class 0x000001f047004800 'java/lang/invoke/LambdaForm$DMH+0x000001f047004800'
Event: 6168.159 Thread 0x000001f045372fe0 Unloading class 0x000001f047002800 'java/lang/invoke/LambdaForm$MH+0x000001f047002800'
Event: 6168.159 Thread 0x000001f045372fe0 Unloading class 0x000001f047002400 'java/lang/invoke/LambdaForm$MH+0x000001f047002400'
Event: 6168.159 Thread 0x000001f045372fe0 Unloading class 0x000001f047002000 'java/lang/invoke/LambdaForm$MH+0x000001f047002000'
Event: 6168.159 Thread 0x000001f045372fe0 Unloading class 0x000001f047001800 'java/lang/invoke/LambdaForm$MH+0x000001f047001800'
Event: 6168.159 Thread 0x000001f045372fe0 Unloading class 0x000001f047000400 'java/lang/invoke/LambdaForm$MH+0x000001f047000400'
Event: 7784.435 Thread 0x000001f045372fe0 Unloading class 0x000001f04717c800 'java/lang/invoke/LambdaForm$MH+0x000001f04717c800'
Event: 7784.435 Thread 0x000001f045372fe0 Unloading class 0x000001f047118000 'java/lang/invoke/LambdaForm$MH+0x000001f047118000'
Event: 7784.435 Thread 0x000001f045372fe0 Unloading class 0x000001f047014800 'java/lang/invoke/LambdaForm$MH+0x000001f047014800'

Classes redefined (0 events):
No events

Internal exceptions (20 events):
Event: 20685.509 Thread 0x000001f08ef6a930 Implicit null exception at 0x000001f039d4831a to 0x000001f039d487fc
Event: 20685.991 Thread 0x000001f08ef6d090 Implicit null exception at 0x000001f039d330e7 to 0x000001f039d3382c
Event: 20686.000 Thread 0x000001f08ef6d090 Implicit null exception at 0x000001f03948ee73 to 0x000001f039491c38
Event: 20828.095 Thread 0x000001f08e2264d0 Exception <a 'sun/nio/fs/WindowsException'{0x00000000d5734588}> (0x00000000d5734588) 
thrown [s\src\hotspot\share\prims\jni.cpp, line 520]
Event: 20828.445 Thread 0x000001f08e2264d0 Exception <a 'sun/nio/fs/WindowsException'{0x00000000d56e4958}> (0x00000000d56e4958) 
thrown [s\src\hotspot\share\prims\jni.cpp, line 520]
Event: 20828.770 Thread 0x000001f08ec5ab00 Implicit null exception at 0x000001f039dc9654 to 0x000001f039dca7f4
Event: 20828.770 Thread 0x000001f08ec5ab00 Implicit null exception at 0x000001f039c63619 to 0x000001f039c63764
Event: 20835.591 Thread 0x000001f08ef6a930 Implicit null exception at 0x000001f039e8f139 to 0x000001f039e8f340
Event: 20835.594 Thread 0x000001f08ef6a930 Exception <a 'java/lang/NoSuchMethodError'{0x00000000d56bd7b0}: 'void java.lang.invoke.DelegatingMethodHandle$Holder.reinvoke_L(java.lang.Object, java.lang.Object, int)'> (0x00000000d56bd7b0) 
thrown [s\src\hotspot\share\interpreter\linkResolver.cpp, line 773]
Event: 20835.594 Thread 0x000001f08ef6a930 Implicit null exception at 0x000001f039dafe1e to 0x000001f039db03cc
Event: 20899.695 Thread 0x000001f08f4d69c0 Exception <a 'sun/nio/fs/WindowsException'{0x00000000d56b2e90}> (0x00000000d56b2e90) 
thrown [s\src\hotspot\share\prims\jni.cpp, line 520]
Event: 20899.696 Thread 0x000001f08f4d69c0 Exception <a 'sun/nio/fs/WindowsException'{0x00000000d56b3720}> (0x00000000d56b3720) 
thrown [s\src\hotspot\share\prims\jni.cpp, line 520]
Event: 20902.456 Thread 0x000001f08f4d69c0 Exception <a 'sun/nio/fs/WindowsException'{0x00000000d55daae8}> (0x00000000d55daae8) 
thrown [s\src\hotspot\share\prims\jni.cpp, line 520]
Event: 20902.456 Thread 0x000001f08f4d69c0 Exception <a 'sun/nio/fs/WindowsException'{0x00000000d55db378}> (0x00000000d55db378) 
thrown [s\src\hotspot\share\prims\jni.cpp, line 520]
Event: 21128.098 Thread 0x000001f08ec5a470 Exception <a 'sun/nio/fs/WindowsException'{0x00000000d5587fd8}> (0x00000000d5587fd8) 
thrown [s\src\hotspot\share\prims\jni.cpp, line 520]
Event: 21128.099 Thread 0x000001f08ec5a470 Exception <a 'sun/nio/fs/WindowsException'{0x00000000d5589890}> (0x00000000d5589890) 
thrown [s\src\hotspot\share\prims\jni.cpp, line 520]
Event: 21339.526 Thread 0x000001f08e2264d0 Exception <a 'sun/nio/fs/WindowsException'{0x00000000d58ab1f8}> (0x00000000d58ab1f8) 
thrown [s\src\hotspot\share\prims\jni.cpp, line 520]
Event: 21339.801 Thread 0x000001f08e2264d0 Exception <a 'sun/nio/fs/WindowsException'{0x00000000d5724778}> (0x00000000d5724778) 
thrown [s\src\hotspot\share\prims\jni.cpp, line 520]
Event: 21639.504 Thread 0x000001f08f4d2820 Exception <a 'sun/nio/fs/WindowsException'{0x00000000d5ad2400}> (0x00000000d5ad2400) 
thrown [s\src\hotspot\share\prims\jni.cpp, line 520]
Event: 21639.504 Thread 0x000001f08f4d2820 Exception <a 'sun/nio/fs/WindowsException'{0x00000000d5ad31a0}> (0x00000000d5ad31a0) 
thrown [s\src\hotspot\share\prims\jni.cpp, line 520]

ZGC Phase Switch (0 events):
No events

VM Operations (20 events):
Event: 21339.658 Executing safepoint VM operation: ParallelGCFailedAllocation (Allocation Failure)
Event: 21339.662 Executing safepoint VM operation: ParallelGCFailedAllocation (Allocation Failure) done
Event: 21339.681 Executing safepoint VM operation: ParallelGCFailedAllocation (Allocation Failure)
Event: 21339.684 Executing safepoint VM operation: ParallelGCFailedAllocation (Allocation Failure) done
Event: 21339.700 Executing safepoint VM operation: ParallelGCFailedAllocation (Allocation Failure)
Event: 21339.704 Executing safepoint VM operation: ParallelGCFailedAllocation (Allocation Failure) done
Event: 21339.715 Executing safepoint VM operation: ParallelGCFailedAllocation (Allocation Failure)
Event: 21339.719 Executing safepoint VM operation: ParallelGCFailedAllocation (Allocation Failure) done
Event: 21339.734 Executing safepoint VM operation: ParallelGCFailedAllocation (Allocation Failure)
Event: 21339.740 Executing safepoint VM operation: ParallelGCFailedAllocation (Allocation Failure) done
Event: 21339.819 Executing safepoint VM operation: ParallelGCFailedAllocation (Allocation Failure)
Event: 21339.825 Executing safepoint VM operation: ParallelGCFailedAllocation (Allocation Failure) done
Event: 21340.825 Executing safepoint VM operation: Cleanup
Event: 21340.825 Executing safepoint VM operation: Cleanup done
Event: 21391.322 Executing non-safepoint VM operation: HandshakeAllThreads (HandshakeForDeflation)
Event: 21391.322 Executing non-safepoint VM operation: HandshakeAllThreads (HandshakeForDeflation) done
Event: 21391.322 Executing non-safepoint VM operation: RendezvousGCThreads
Event: 21391.322 Executing non-safepoint VM operation: RendezvousGCThreads done
Event: 21639.636 Executing safepoint VM operation: ParallelGCFailedAllocation (Allocation Failure)
Event: 21639.638 Executing safepoint VM operation: ParallelGCFailedAllocation (Allocation Failure) done

Memory protections (0 events):
No events

Nmethod flushes (20 events):
Event: 7784.508 Thread 0x000001f045372fe0 flushing  nmethod 0x000001f033bbd610
Event: 7784.508 Thread 0x000001f045372fe0 flushing  nmethod 0x000001f033bc4510
Event: 7784.508 Thread 0x000001f045372fe0 flushing  nmethod 0x000001f033bd9510
Event: 7784.508 Thread 0x000001f045372fe0 flushing  nmethod 0x000001f033be0610
Event: 7784.508 Thread 0x000001f045372fe0 flushing  nmethod 0x000001f033be7d10
Event: 7784.508 Thread 0x000001f045372fe0 flushing  nmethod 0x000001f033bf5190
Event: 7784.508 Thread 0x000001f045372fe0 flushing  nmethod 0x000001f033c0f010
Event: 7784.508 Thread 0x000001f045372fe0 flushing  nmethod 0x000001f033c63190
Event: 7784.508 Thread 0x000001f045372fe0 flushing  nmethod 0x000001f033c6e790
Event: 7784.508 Thread 0x000001f045372fe0 flushing  nmethod 0x000001f033c9e110
Event: 7784.508 Thread 0x000001f045372fe0 flushing  nmethod 0x000001f033cbe310
Event: 7784.508 Thread 0x000001f045372fe0 flushing  nmethod 0x000001f033cd2a10
Event: 7784.508 Thread 0x000001f045372fe0 flushing  nmethod 0x000001f033cf1790
Event: 7784.508 Thread 0x000001f045372fe0 flushing  nmethod 0x000001f033cfc510
Event: 7784.508 Thread 0x000001f045372fe0 flushing  nmethod 0x000001f033cfe610
Event: 7784.508 Thread 0x000001f045372fe0 flushing  nmethod 0x000001f033cfff90
Event: 7784.508 Thread 0x000001f045372fe0 flushing  nmethod 0x000001f033d00290
Event: 7784.508 Thread 0x000001f045372fe0 flushing  nmethod 0x000001f033d03590
Event: 7784.508 Thread 0x000001f045372fe0 flushing  nmethod 0x000001f033d1a110
Event: 7784.508 Thread 0x000001f045372fe0 flushing  nmethod 0x000001f033d1b710

Events (20 events):
Event: 21399.916 Thread 0x000001f08f4d76e0 Thread exited: 0x000001f08f4d76e0
Event: 21399.916 Thread 0x000001f08ec58a30 Thread exited: 0x000001f08ec58a30
Event: 21399.916 Thread 0x000001f08f4d69c0 Thread exited: 0x000001f08f4d69c0
Event: 21434.452 Thread 0x000001f08f4d2190 Thread exited: 0x000001f08f4d2190
Event: 21494.455 Thread 0x000001f08f4d48f0 Thread exited: 0x000001f08f4d48f0
Event: 21636.157 Thread 0x000001f08ef6ca00 Thread exited: 0x000001f08ef6ca00
Event: 21639.502 Thread 0x000001f08f4d2820 Thread added: 0x000001f0900aaa40
Event: 21639.503 Thread 0x000001f0900aaa40 Thread exited: 0x000001f0900aaa40
Event: 21639.505 Thread 0x000001f08f4d2820 Thread added: 0x000001f0900ac480
Event: 21639.505 Thread 0x000001f0900ac480 Thread exited: 0x000001f0900ac480
Event: 21639.642 Thread 0x000001f08ec56ff0 Thread exited: 0x000001f08ec56ff0
Event: 21639.689 Thread 0x000001f08ec5c540 Thread exited: 0x000001f08ec5c540
Event: 21639.689 Thread 0x000001f08ec5b190 Thread exited: 0x000001f08ec5b190
Event: 21639.689 Thread 0x000001f08ec5beb0 Thread exited: 0x000001f08ec5beb0
Event: 21639.689 Thread 0x000001f08ec5ab00 Thread exited: 0x000001f08ec5ab00
Event: 21639.689 Thread 0x000001f0900abdf0 Thread exited: 0x000001f0900abdf0
Event: 21639.689 Thread 0x000001f08ec5d8f0 Thread exited: 0x000001f08ec5d8f0
Event: 21639.689 Thread 0x000001f08ec5cbd0 Thread exited: 0x000001f08ec5cbd0
Event: 21639.689 Thread 0x000001f0900acb10 Thread exited: 0x000001f0900acb10
Event: 21639.689 Thread 0x000001f08ec59de0 Thread exited: 0x000001f08ec59de0


Dynamic libraries:
0x00007ff6a2300000 - 0x00007ff6a230e000 	c:\Users\Administrator\.vscode\extensions\redhat.java-1.55.0-win32-x64\jre\21.0.11-win32-x86_64\bin\java.exe
0x00007ffa7d440000 - 0x00007ffa7d6a6000 	C:\WINDOWS\SYSTEM32\ntdll.dll
0x00007ffa7bde0000 - 0x00007ffa7bea9000 	C:\WINDOWS\System32\KERNEL32.DLL
0x00007ffa7a970000 - 0x00007ffa7ad6e000 	C:\WINDOWS\System32\KERNELBASE.dll
0x00007ffa7a690000 - 0x00007ffa7a7dc000 	C:\WINDOWS\System32\ucrtbase.dll
0x00007ffa57d40000 - 0x00007ffa57d58000 	c:\Users\Administrator\.vscode\extensions\redhat.java-1.55.0-win32-x64\jre\21.0.11-win32-x86_64\bin\jli.dll
0x00007ff9f0e20000 - 0x00007ff9f0e3e000 	c:\Users\Administrator\.vscode\extensions\redhat.java-1.55.0-win32-x64\jre\21.0.11-win32-x86_64\bin\VCRUNTIME140.dll
0x00007ffa7cfe0000 - 0x00007ffa7d1a7000 	C:\WINDOWS\System32\USER32.dll
0x00007ffa6d780000 - 0x00007ffa6da12000 	C:\WINDOWS\WinSxS\amd64_microsoft.windows.common-controls_6595b64144ccf1df_6.0.26100.8875_none_3e0d5d42e32fe9dd\COMCTL32.dll
0x00007ffa7a660000 - 0x00007ffa7a687000 	C:\WINDOWS\System32\win32u.dll
0x00007ffa7cda0000 - 0x00007ffa7cdcb000 	C:\WINDOWS\System32\GDI32.dll
0x00007ffa7c670000 - 0x00007ffa7c719000 	C:\WINDOWS\System32\msvcrt.dll
0x00007ffa7afb0000 - 0x00007ffa7b0da000 	C:\WINDOWS\System32\gdi32full.dll
0x00007ffa7ae40000 - 0x00007ffa7aee3000 	C:\WINDOWS\System32\msvcp_win.dll
0x00007ffa7b340000 - 0x00007ffa7b372000 	C:\WINDOWS\System32\IMM32.DLL
0x00007ffa73ea0000 - 0x00007ffa73eac000 	c:\Users\Administrator\.vscode\extensions\redhat.java-1.55.0-win32-x64\jre\21.0.11-win32-x86_64\bin\vcruntime140_1.dll
0x00007ff9850a0000 - 0x00007ff98512d000 	c:\Users\Administrator\.vscode\extensions\redhat.java-1.55.0-win32-x64\jre\21.0.11-win32-x86_64\bin\msvcp140.dll
0x00007ff9842f0000 - 0x00007ff985092000 	c:\Users\Administrator\.vscode\extensions\redhat.java-1.55.0-win32-x64\jre\21.0.11-win32-x86_64\bin\server\jvm.dll
0x00007ffa7d2b0000 - 0x00007ffa7d367000 	C:\WINDOWS\System32\ADVAPI32.dll
0x00007ffa7b220000 - 0x00007ffa7b2ca000 	C:\WINDOWS\System32\sechost.dll
0x00007ffa7c720000 - 0x00007ffa7c838000 	C:\WINDOWS\System32\RPCRT4.dll
0x00007ffa7b180000 - 0x00007ffa7b200000 	C:\WINDOWS\System32\WS2_32.dll
0x00007ffa7a4e0000 - 0x00007ffa7a53e000 	C:\WINDOWS\SYSTEM32\POWRPROF.dll
0x00007ffa727f0000 - 0x00007ffa72826000 	C:\WINDOWS\SYSTEM32\WINMM.dll
0x00007ffa72830000 - 0x00007ffa7283b000 	C:\WINDOWS\SYSTEM32\VERSION.dll
0x00007ffa7a4c0000 - 0x00007ffa7a4d4000 	C:\WINDOWS\SYSTEM32\UMPDC.dll
0x00007ffa79300000 - 0x00007ffa7931b000 	C:\WINDOWS\SYSTEM32\kernel.appcore.dll
0x00007ffa6ba40000 - 0x00007ffa6ba4a000 	c:\Users\Administrator\.vscode\extensions\redhat.java-1.55.0-win32-x64\jre\21.0.11-win32-x86_64\bin\jimage.dll
0x00007ffa77a70000 - 0x00007ffa77cb2000 	C:\WINDOWS\SYSTEM32\DBGHELP.DLL
0x00007ffa7ca10000 - 0x00007ffa7cd93000 	C:\WINDOWS\System32\combase.dll
0x00007ffa7bd00000 - 0x00007ffa7bdd9000 	C:\WINDOWS\System32\OLEAUT32.dll
0x00007ffa54d20000 - 0x00007ffa54d5b000 	C:\WINDOWS\SYSTEM32\dbgcore.DLL
0x00007ffa7aef0000 - 0x00007ffa7af9c000 	C:\WINDOWS\System32\bcryptPrimitives.dll
0x00007ffa57dc0000 - 0x00007ffa57dcf000 	c:\Users\Administrator\.vscode\extensions\redhat.java-1.55.0-win32-x64\jre\21.0.11-win32-x86_64\bin\instrument.dll
0x00007ff9b6d50000 - 0x00007ff9b6d70000 	c:\Users\Administrator\.vscode\extensions\redhat.java-1.55.0-win32-x64\jre\21.0.11-win32-x86_64\bin\java.dll
0x00007ffa7beb0000 - 0x00007ffa7c642000 	C:\WINDOWS\System32\SHELL32.dll
0x00007ffa780c0000 - 0x00007ffa78952000 	C:\WINDOWS\SYSTEM32\windows.storage.dll
0x00007ffa7b390000 - 0x00007ffa7b487000 	C:\WINDOWS\System32\SHCORE.dll
0x00007ffa7b2d0000 - 0x00007ffa7b337000 	C:\WINDOWS\System32\shlwapi.dll
0x00007ffa7a580000 - 0x00007ffa7a5a9000 	C:\WINDOWS\SYSTEM32\profapi.dll
0x00007ff9842d0000 - 0x00007ff9842e8000 	c:\Users\Administrator\.vscode\extensions\redhat.java-1.55.0-win32-x64\jre\21.0.11-win32-x86_64\bin\zip.dll
0x00007ffa39c60000 - 0x00007ffa39c70000 	C:\Users\Administrator\.vscode\extensions\redhat.java-1.55.0-win32-x64\jre\21.0.11-win32-x86_64\bin\net.dll
0x00007ffa72d10000 - 0x00007ffa72e37000 	C:\WINDOWS\SYSTEM32\WINHTTP.dll
0x00007ffa79890000 - 0x00007ffa798fc000 	C:\WINDOWS\system32\mswsock.dll
0x00007ff9842b0000 - 0x00007ff9842c6000 	C:\Users\Administrator\.vscode\extensions\redhat.java-1.55.0-win32-x64\jre\21.0.11-win32-x86_64\bin\nio.dll
0x00007ff9fba60000 - 0x00007ff9fba70000 	c:\Users\Administrator\.vscode\extensions\redhat.java-1.55.0-win32-x64\jre\21.0.11-win32-x86_64\bin\verify.dll
0x00007ff983940000 - 0x00007ff983985000 	C:\Users\Administrator\AppData\Roaming\Code\User\globalStorage\redhat.java\1.55.0\config_win\org.eclipse.equinox.launcher\org.eclipse.equinox.launcher.win32.win32.x86_64_1.3.100.v20260613-0559\eclipse_11924.dll
0x00007ffa7ce20000 - 0x00007ffa7cfb9000 	C:\WINDOWS\System32\ole32.dll
0x00007ffa79cc0000 - 0x00007ffa79cdb000 	C:\WINDOWS\SYSTEM32\CRYPTSP.dll
0x00007ffa79260000 - 0x00007ffa79299000 	C:\WINDOWS\system32\rsaenh.dll
0x00007ffa79950000 - 0x00007ffa79982000 	C:\WINDOWS\SYSTEM32\USERENV.dll
0x00007ffa7a550000 - 0x00007ffa7a57a000 	C:\WINDOWS\SYSTEM32\bcrypt.dll
0x00007ffa79c90000 - 0x00007ffa79c9c000 	C:\WINDOWS\SYSTEM32\CRYPTBASE.dll
0x00007ffa78cb0000 - 0x00007ffa78ce3000 	C:\WINDOWS\SYSTEM32\IPHLPAPI.DLL
0x00007ffa7b170000 - 0x00007ffa7b17a000 	C:\WINDOWS\System32\NSI.dll
0x00007ff9f1350000 - 0x00007ff9f1399000 	C:\Users\Administrator\AppData\Local\Temp\jna-146731693\jna14505793531179007121.dll
0x00007ffa7b210000 - 0x00007ffa7b218000 	C:\WINDOWS\System32\PSAPI.DLL
0x00007ffa745e0000 - 0x00007ffa745fd000 	C:\WINDOWS\SYSTEM32\dhcpcsvc6.DLL
0x00007ffa74530000 - 0x00007ffa74555000 	C:\WINDOWS\SYSTEM32\dhcpcsvc.DLL
0x00007ffa5b390000 - 0x00007ffa5b39e000 	C:\Users\Administrator\.vscode\extensions\redhat.java-1.55.0-win32-x64\jre\21.0.11-win32-x86_64\bin\sunmscapi.dll
0x00007ffa7a7f0000 - 0x00007ffa7a968000 	C:\WINDOWS\System32\CRYPT32.dll
0x00007ffa79e30000 - 0x00007ffa79e60000 	C:\WINDOWS\SYSTEM32\ncrypt.dll
0x00007ffa79de0000 - 0x00007ffa79e1f000 	C:\WINDOWS\SYSTEM32\NTASN1.dll
0x00007ffa74070000 - 0x00007ffa74078000 	C:\WINDOWS\system32\wshunix.dll
0x00007ffa5b380000 - 0x00007ffa5b389000 	C:\Users\Administrator\.vscode\extensions\redhat.java-1.55.0-win32-x64\jre\21.0.11-win32-x86_64\bin\extnet.dll
0x00007ffa78d40000 - 0x00007ffa78e96000 	C:\WINDOWS\SYSTEM32\DNSAPI.dll
0x00007ffa79690000 - 0x00007ffa7969d000 	C:\WINDOWS\SYSTEM32\DSPARSE.dll
0x00007ffa727e0000 - 0x00007ffa727eb000 	C:\Windows\System32\rasadhlp.dll
0x00007ffa74820000 - 0x00007ffa748a6000 	C:\WINDOWS\System32\fwpuclnt.dll

JVMTI agents:
c:\Users\Administrator\.vscode\extensions\redhat.java-1.55.0-win32-x64\lombok\lombok-1.18.39-4050.jar path:c:\Users\Administrator\.vscode\extensions\redhat.java-1.55.0-win32-x64\jre\21.0.11-win32-x86_64\bin\instrument.dll, loaded, initialized, instrumentlib options:none

dbghelp: loaded successfully - version: 4.0.5 - missing functions: none
symbol engine: initialized successfully - sym options: 0x614 - pdb path: .;c:\Users\Administrator\.vscode\extensions\redhat.java-1.55.0-win32-x64\jre\21.0.11-win32-x86_64\bin;C:\WINDOWS\SYSTEM32;C:\WINDOWS\WinSxS\amd64_microsoft.windows.common-controls_6595b64144ccf1df_6.0.26100.8875_none_3e0d5d42e32fe9dd;c:\Users\Administrator\.vscode\extensions\redhat.java-1.55.0-win32-x64\jre\21.0.11-win32-x86_64\bin\server;C:\Users\Administrator\AppData\Roaming\Code\User\globalStorage\redhat.java\1.55.0\config_win\org.eclipse.equinox.launcher\org.eclipse.equinox.launcher.win32.win32.x86_64_1.3.100.v20260613-0559;C:\Users\Administrator\AppData\Local\Temp\jna-146731693

VM Arguments:
jvm_args: --add-modules=ALL-SYSTEM --add-opens=java.base/java.util=ALL-UNNAMED --add-opens=java.base/java.lang=ALL-UNNAMED --add-opens=java.base/sun.nio.fs=ALL-UNNAMED -Declipse.application=org.eclipse.jdt.ls.core.id1 -Dosgi.bundles.defaultStartLevel=4 -Declipse.product=org.eclipse.jdt.ls.core.product -Djava.import.generatesMetadataFilesAtProjectRoot=false -DDetectVMInstallationsJob.disabled=true -Dfile.encoding=utf8 -XX:+UseParallelGC -XX:GCTimeRatio=4 -XX:AdaptiveSizePolicyWeight=90 -Dsun.zip.disableMemoryMapping=true -Xmx2G -Xms100m -Xlog:disable -javaagent:c:\Users\Administrator\.vscode\extensions\redhat.java-1.55.0-win32-x64\lombok\lombok-1.18.39-4050.jar -XX:+HeapDumpOnOutOfMemoryError -XX:HeapDumpPath=c:\Users\Administrator\AppData\Roaming\Code\User\workspaceStorage\47d38d0315a5049dedd72c8bc73d439b\redhat.java -Daether.dependencyCollector.impl=bf 
java_command: c:\Users\Administrator\.vscode\extensions\redhat.java-1.55.0-win32-x64\server\plugins\org.eclipse.equinox.launcher_1.7.200.v20260619-2039.jar -configuration c:\Users\Administrator\AppData\Roaming\Code\User\globalStorage\redhat.java\1.55.0\config_win -data c:\Users\Administrator\AppData\Roaming\Code\User\workspaceStorage\47d38d0315a5049dedd72c8bc73d439b\redhat.java\jdt_ws --pipe=\\.\pipe\lsp-626b3567e7383dec8532f7037e2abc27-sock
java_class_path (initial): c:\Users\Administrator\.vscode\extensions\redhat.java-1.55.0-win32-x64\server\plugins\org.eclipse.equinox.launcher_1.7.200.v20260619-2039.jar
Launcher Type: SUN_STANDARD

[Global flags]
    uintx AdaptiveSizePolicyWeight                 = 90                                        {product} {command line}
     intx CICompilerCount                          = 4                                         {product} {ergonomic}
    uintx GCTimeRatio                              = 4                                         {product} {command line}
     bool HeapDumpOnOutOfMemoryError               = true                                   {manageable} {command line}
    ccstr HeapDumpPath                             = c:\Users\Administrator\AppData\Roaming\Code\User\workspaceStorage\47d38d0315a5049dedd72c8bc73d439b\redhat.java         {manageable} {command line}
   size_t InitialHeapSize                          = 104857600                                 {product} {command line}
   size_t MaxHeapSize                              = 2147483648                                {product} {command line}
   size_t MaxNewSize                               = 715653120                                 {product} {ergonomic}
   size_t MinHeapDeltaBytes                        = 524288                                    {product} {ergonomic}
   size_t MinHeapSize                              = 104857600                                 {product} {command line}
   size_t NewSize                                  = 34603008                                  {product} {ergonomic}
    uintx NonNMethodCodeHeapSize                   = 5839372                                {pd product} {ergonomic}
    uintx NonProfiledCodeHeapSize                  = 122909434                              {pd product} {ergonomic}
   size_t OldSize                                  = 70254592                                  {product} {ergonomic}
    uintx ProfiledCodeHeapSize                     = 122909434                              {pd product} {ergonomic}
    uintx ReservedCodeCacheSize                    = 251658240                              {pd product} {ergonomic}
     bool SegmentedCodeCache                       = true                                      {product} {ergonomic}
   size_t SoftMaxHeapSize                          = 2147483648                             {manageable} {ergonomic}
     bool UseCompressedOops                        = true                           {product lp64_product} {ergonomic}
     bool UseLargePagesIndividualAllocation        = false                                  {pd product} {ergonomic}
     bool UseParallelGC                            = true                                      {product} {command line}

Logging:
Log output configuration:
 #0: stdout all=off uptime,level,tags foldmultilines=false
 #1: stderr all=off uptime,level,tags foldmultilines=false

Release file:
JAVA_VERSION="21.0.11" 
MODULES="java.base java.compiler java.datatransfer java.xml java.prefs java.desktop java.instrument java.logging java.management java.security.sasl java.naming java.rmi java.management.rmi java.net.http java.scripting java.security.jgss java.transaction.xa java.sql java.sql.rowset java.xml.crypto java.se java.smartcardio jdk.accessibility jdk.internal.jvmstat jdk.attach jdk.charsets jdk.internal.opt jdk.zipfs jdk.compiler jdk.crypto.ec jdk.crypto.cryptoki jdk.crypto.mscapi jdk.dynalink jdk.internal.ed jdk.editpad jdk.hotspot.agent jdk.httpserver jdk.internal.le jdk.internal.vm.ci jdk.internal.vm.compiler jdk.internal.vm.compiler.management jdk.jartool jdk.javadoc jdk.jcmd jdk.management jdk.management.agent jdk.jconsole jdk.jdeps jdk.jdwp.agent jdk.jdi jdk.jfr jdk.jshell jdk.jsobject jdk.jstatd jdk.localedata jdk.management.jfr jdk.naming.dns jdk.naming.rmi jdk.net jdk.nio.mapmode jdk.random jdk.sctp jdk.security.auth jdk.security.jgss jdk.unsupported jdk.unsupported.desktop jdk.xml.dom" 

Environment Variables:
PATH=C:\Program Files\Common Files\Oracle\Java\javapath;C:\WINDOWS\system32;C:\WINDOWS;C:\WINDOWS\System32\Wbem;C:\WINDOWS\System32\WindowsPowerShell\v1.0\;C:\WINDOWS\System32\OpenSSH\;C:\Program Files\nodejs\;C:\Program Files\Git\cmd;C:\Users\Administrator\AppData\Local\Programs\Python\Python313\Scripts\;C:\Users\Administrator\AppData\Local\Programs\Python\Python313\;C:\Users\Administrator\AppData\Local\Programs\Python\Launcher\;C:\Users\Administrator\AppData\Local\Microsoft\WindowsApps;C:\Users\Administrator\AppData\Local\Programs\Microsoft VS Code\bin;C:\Users\Administrator\AppData\Local\GitHubDesktop\bin;C:\Users\Administrator\AppData\Roaming\npm;C:\Users\Administrator\AppData\Local\Programs\Antigravity\bin
USERNAME=Administrator
OS=Windows_NT
PROCESSOR_IDENTIFIER=AMD64 Family 25 Model 80 Stepping 0, AuthenticAMD
TMP=C:\Users\ADMINI~1\AppData\Local\Temp
TEMP=C:\Users\ADMINI~1\AppData\Local\Temp




Periodic native trim disabled

---------------  S Y S T E M  ---------------

OS:
 Windows 11 , 64 bit Build 26100 (10.0.26100.8875)
OS uptime: 0 days 6:03 hours
Hyper-V role detected

CPU: total 12 (initial active 12) (12 cores per cpu, 2 threads per core) family 25 model 80 stepping 0 microcode 0xa500014, cx8, cmov, fxsr, ht, mmx, 3dnowpref, sse, sse2, sse3, ssse3, sse4a, sse4.1, sse4.2, popcnt, lzcnt, tsc, tscinvbit, avx, avx2, aes, erms, clmul, bmi1, bmi2, adx, sha, fma, vzeroupper, clflush, clflushopt, hv, rdtscp, rdpid, fsrm, f16c, cet_ss
Processor Information for processor 0
  Max Mhz: 2301, Current Mhz: 2301, Mhz Limit: 2301
Processor Information for processor 1
  Max Mhz: 2301, Current Mhz: 2301, Mhz Limit: 2301
Processor Information for processor 2
  Max Mhz: 2301, Current Mhz: 2301, Mhz Limit: 2301
Processor Information for processor 3
  Max Mhz: 2301, Current Mhz: 1990, Mhz Limit: 2301
Processor Information for processor 4
  Max Mhz: 2301, Current Mhz: 2301, Mhz Limit: 2301
Processor Information for processor 5
  Max Mhz: 2301, Current Mhz: 2301, Mhz Limit: 2301
Processor Information for processor 6
  Max Mhz: 2301, Current Mhz: 1990, Mhz Limit: 2301
Processor Information for processor 7
  Max Mhz: 2301, Current Mhz: 2301, Mhz Limit: 2301
Processor Information for processor 8
  Max Mhz: 2301, Current Mhz: 1990, Mhz Limit: 2301
Processor Information for processor 9
  Max Mhz: 2301, Current Mhz: 1990, Mhz Limit: 2301
Processor Information for processor 10
  Max Mhz: 2301, Current Mhz: 2301, Mhz Limit: 2301
Processor Information for processor 11
  Max Mhz: 2301, Current Mhz: 1990, Mhz Limit: 2301

Memory: 4k page, system-wide physical 15681M (2564M free)
TotalPageFile size 46088M (AvailPageFile size 10M)
current process WorkingSet (physical memory assigned to process): 812M, peak: 1694M
current process commit charge ("private bytes"): 1079M, peak: 1786M

vm_info: OpenJDK 64-Bit Server VM (21.0.11+10-LTS) for windows-amd64 JRE (21.0.11+10-LTS), built on 2026-04-21T00:00:00Z by "admin" with MS VC++ 17.12 (VS2022)

END.
