#
# There is insufficient memory for the Java Runtime Environment to continue.
# Native memory allocation (malloc) failed to allocate 1084016 bytes. Error detail: Chunk::new
# Possible reasons:
#   The system is out of physical RAM or swap space
#   This process is running with CompressedOops enabled, and the Java Heap may be blocking the growth of the native heap
# Possible solutions:
#   Reduce memory load on the system
#   Increase physical memory or swap space
#   Check if swap backing store is full
#   Decrease Java heap size (-Xmx/-Xms)
#   Decrease number of Java threads
#   Decrease Java thread stack sizes (-Xss)
#   Set larger code cache with -XX:ReservedCodeCacheSize=
#   JVM is running with Unscaled Compressed Oops mode in which the Java heap is
#     placed in the first 4GB address space. The Java Heap base address is the
#     maximum limit for the native heap growth. Please use -XX:HeapBaseMinAddress
#     to set the Java Heap base and to place the Java Heap above 4GB virtual address.
# This output file may be truncated or incomplete.
#
#  Out of Memory Error (arena.cpp:168), pid=27500, tid=30588
#
# JRE version: OpenJDK Runtime Environment Temurin-21.0.11+10 (21.0.11+10) (build 21.0.11+10-LTS)
# Java VM: OpenJDK 64-Bit Server VM Temurin-21.0.11+10 (21.0.11+10-LTS, mixed mode, sharing, tiered, compressed oops, compressed class ptrs, parallel gc, windows-amd64)
# No core dump will be written. Minidumps are not enabled by default on client versions of Windows
#

---------------  S U M M A R Y ------------

Command Line: --add-modules=ALL-SYSTEM --add-opens=java.base/java.util=ALL-UNNAMED --add-opens=java.base/java.lang=ALL-UNNAMED --add-opens=java.base/sun.nio.fs=ALL-UNNAMED -Declipse.application=org.eclipse.jdt.ls.core.id1 -Dosgi.bundles.defaultStartLevel=4 -Declipse.product=org.eclipse.jdt.ls.core.product -Djava.import.generatesMetadataFilesAtProjectRoot=false -DDetectVMInstallationsJob.disabled=true -Dfile.encoding=utf8 -XX:+UseParallelGC -XX:GCTimeRatio=4 -XX:AdaptiveSizePolicyWeight=90 -Dsun.zip.disableMemoryMapping=true -Xmx2G -Xms100m -Xlog:disable -javaagent:c:\Users\Administrator\.vscode\extensions\redhat.java-1.55.0-win32-x64\lombok\lombok-1.18.39-4050.jar -XX:+HeapDumpOnOutOfMemoryError -XX:HeapDumpPath=c:\Users\Administrator\AppData\Roaming\Code\User\workspaceStorage\47d38d0315a5049dedd72c8bc73d439b\redhat.java -Daether.dependencyCollector.impl=bf c:\Users\Administrator\.vscode\extensions\redhat.java-1.55.0-win32-x64\server\plugins\org.eclipse.equinox.launcher_1.7.200.v20260619-2039.jar -configuration c:\Users\Administrator\AppData\Roaming\Code\User\globalStorage\redhat.java\1.55.0\config_win -data c:\Users\Administrator\AppData\Roaming\Code\User\workspaceStorage\47d38d0315a5049dedd72c8bc73d439b\redhat.java\jdt_ws --pipe=\\.\pipe\lsp-253c1e71d867cd058f92561f320fe5b1-sock

Host: AMD Ryzen 5 PRO 5650U with Radeon Graphics     , 12 cores, 15G,  Windows 11 , 64 bit Build 26100 (10.0.26100.8875)
Time: Tue Aug  4 14:44:52 2026 E. Africa Standard Time elapsed time: 185.660319 seconds (0d 0h 3m 5s)

---------------  T H R E A D  ---------------

Current thread (0x00000293c11cd790):  JavaThread "C2 CompilerThread2" daemon [_thread_in_native, id=30588, stack(0x000000f66c000000,0x000000f66c100000) (1024K)]


Current CompileTask:
C2:185660 13111       4       org.eclipse.jdt.internal.compiler.lookup.LookupEnvironment::getTypeFromTypeSignature (770 bytes)

Stack: [0x000000f66c000000,0x000000f66c100000]
Native frames: (J=compiled Java code, j=interpreted, Vv=VM code, C=native code)
V  [jvm.dll+0x6d7e19]
V  [jvm.dll+0x8b5096]
V  [jvm.dll+0x8b764e]
V  [jvm.dll+0x8b7d33]
V  [jvm.dll+0x284596]
V  [jvm.dll+0xc685d]
V  [jvm.dll+0xc6da1]
V  [jvm.dll+0x2fb4ee]
V  [jvm.dll+0x5fe9a4]
V  [jvm.dll+0x255d67]
V  [jvm.dll+0x25612d]
V  [jvm.dll+0x24e6a0]
V  [jvm.dll+0x24bbe6]
V  [jvm.dll+0x1cb4ae]
V  [jvm.dll+0x25baad]
V  [jvm.dll+0x25a03a]
V  [jvm.dll+0x3f868e]
V  [jvm.dll+0x85fb0d]
V  [jvm.dll+0x6d664d]
C  [ucrtbase.dll+0x2cd30]
C  [KERNEL32.DLL+0x2e957]
C  [ntdll.dll+0xaad6c]


---------------  P R O C E S S  ---------------

Threads class SMR info:
_java_thread_list=0x00000293c61eccd0, length=57, elements={
0x00000293dfe21790, 0x00000293dfdcd6e0, 0x00000293f86e6400, 0x00000293f86e9590,
0x00000293f86ebcf0, 0x00000293f86e9c20, 0x00000293f86eafd0, 0x00000293f8704870,
0x00000293f8708900, 0x00000293f86ea2b0, 0x00000293f86eb660, 0x00000293f86ea940,
0x00000293f86ec380, 0x00000293f86eca10, 0x00000293f883c200, 0x00000293f8839aa0,
0x00000293f883b4e0, 0x00000293f883a7c0, 0x00000293f8838d80, 0x00000293f883bb70,
0x00000293f883d5b0, 0x00000293f883a130, 0x00000293f883f680, 0x00000293f883dc40,
0x00000293f883e960, 0x00000293f883e2d0, 0x00000293f883eff0, 0x00000293f88403a0,
0x00000293c19aca10, 0x00000293c19ae450, 0x00000293c19aeae0, 0x00000293c19ac380,
0x00000293c19addc0, 0x00000293c19ad0a0, 0x00000293c19af170, 0x00000293c19abcf0,
0x00000293c19b0520, 0x00000293c19b0bb0, 0x00000293c19af800, 0x00000293c19afe90,
0x00000293c19ad730, 0x00000293c19b1240, 0x00000293c19b3310, 0x00000293c19b18d0,
0x00000293c19b25f0, 0x00000293c19b2c80, 0x00000293c19b1f60, 0x00000293c1c481e0,
0x00000293c1c474c0, 0x00000293c1c48f00, 0x00000293c1c45a80, 0x00000293c1c47b50,
0x00000293c1c49590, 0x00000293c1c49c20, 0x00000293c1c4a940, 0x00000293c11cc9f0,
0x00000293c11cd790
}

Java Threads: ( => current thread )
  0x00000293dfe21790 JavaThread "main"                              [_thread_blocked, id=27960, stack(0x000000f66c200000,0x000000f66c300000) (1024K)]
  0x00000293dfdcd6e0 JavaThread "Reference Handler"          daemon [_thread_blocked, id=2128, stack(0x000000f66c600000,0x000000f66c700000) (1024K)]
  0x00000293f86e6400 JavaThread "Finalizer"                  daemon [_thread_blocked, id=21128, stack(0x000000f66c700000,0x000000f66c800000) (1024K)]
  0x00000293f86e9590 JavaThread "Signal Dispatcher"          daemon [_thread_blocked, id=4304, stack(0x000000f66c800000,0x000000f66c900000) (1024K)]
  0x00000293f86ebcf0 JavaThread "Attach Listener"            daemon [_thread_blocked, id=8808, stack(0x000000f66c900000,0x000000f66ca00000) (1024K)]
  0x00000293f86e9c20 JavaThread "Service Thread"             daemon [_thread_blocked, id=26796, stack(0x000000f66ca00000,0x000000f66cb00000) (1024K)]
  0x00000293f86eafd0 JavaThread "Monitor Deflation Thread"   daemon [_thread_blocked, id=27620, stack(0x000000f66cb00000,0x000000f66cc00000) (1024K)]
  0x00000293f8704870 JavaThread "C2 CompilerThread0"         daemon [_thread_in_native, id=18808, stack(0x000000f66cc00000,0x000000f66cd00000) (1024K)]
  0x00000293f8708900 JavaThread "C1 CompilerThread0"         daemon [_thread_blocked, id=25884, stack(0x000000f66cd00000,0x000000f66ce00000) (1024K)]
  0x00000293f86ea2b0 JavaThread "Common-Cleaner"             daemon [_thread_blocked, id=21596, stack(0x000000f66cf00000,0x000000f66d000000) (1024K)]
  0x00000293f86eb660 JavaThread "Notification Thread"        daemon [_thread_blocked, id=5512, stack(0x000000f66d000000,0x000000f66d100000) (1024K)]
  0x00000293f86ea940 JavaThread "Active Thread: Equinox Container: 9434d562-1fa3-432b-80d7-cca5b8e5137c"        [_thread_blocked, id=19012, stack(0x000000f66d800000,0x000000f66d900000) (1024K)]
  0x00000293f86ec380 JavaThread "Refresh Thread: Equinox Container: 9434d562-1fa3-432b-80d7-cca5b8e5137c" daemon [_thread_blocked, id=19276, stack(0x000000f66d100000,0x000000f66d200000) (1024K)]
  0x00000293f86eca10 JavaThread "Framework Event Dispatcher: Equinox Container: 9434d562-1fa3-432b-80d7-cca5b8e5137c" daemon [_thread_blocked, id=14192, stack(0x000000f66d900000,0x000000f66da00000) (1024K)]
  0x00000293f883c200 JavaThread "Start Level: Equinox Container: 9434d562-1fa3-432b-80d7-cca5b8e5137c" daemon [_thread_blocked, id=27696, stack(0x000000f66da00000,0x000000f66db00000) (1024K)]
  0x00000293f8839aa0 JavaThread "Bundle File Closer"         daemon [_thread_blocked, id=30380, stack(0x000000f66de00000,0x000000f66df00000) (1024K)]
  0x00000293f883b4e0 JavaThread "SCR Component Actor"        daemon [_thread_blocked, id=29308, stack(0x000000f66db00000,0x000000f66dc00000) (1024K)]
  0x00000293f883a7c0 JavaThread "Worker-JM"                         [_thread_blocked, id=22472, stack(0x000000f66e100000,0x000000f66e200000) (1024K)]
  0x00000293f8838d80 JavaThread "JNA Cleaner"                daemon [_thread_blocked, id=30144, stack(0x000000f66df00000,0x000000f66e000000) (1024K)]
  0x00000293f883bb70 JavaThread "Worker-0"                          [_thread_blocked, id=1456, stack(0x000000f66e200000,0x000000f66e300000) (1024K)]
  0x00000293f883d5b0 JavaThread "Java indexing"              daemon [_thread_blocked, id=5696, stack(0x000000f66e600000,0x000000f66e700000) (1024K)]
  0x00000293f883a130 JavaThread "Worker-3"                          [_thread_blocked, id=16028, stack(0x000000f66ea00000,0x000000f66eb00000) (1024K)]
  0x00000293f883f680 JavaThread "Thread-1"                   daemon [_thread_in_native, id=3876, stack(0x000000f66ec00000,0x000000f66ed00000) (1024K)]
  0x00000293f883dc40 JavaThread "Thread-2"                   daemon [_thread_in_native, id=27900, stack(0x000000f66ed00000,0x000000f66ee00000) (1024K)]
  0x00000293f883e960 JavaThread "Thread-3"                   daemon [_thread_in_native, id=192, stack(0x000000f66ee00000,0x000000f66ef00000) (1024K)]
  0x00000293f883e2d0 JavaThread "Thread-4"                   daemon [_thread_in_native, id=26464, stack(0x000000f66ef00000,0x000000f66f000000) (1024K)]
  0x00000293f883eff0 JavaThread "Thread-5"                   daemon [_thread_in_native, id=4688, stack(0x000000f66f000000,0x000000f66f100000) (1024K)]
  0x00000293f88403a0 JavaThread "Thread-6"                   daemon [_thread_in_native, id=13800, stack(0x000000f66f100000,0x000000f66f200000) (1024K)]
  0x00000293c19aca10 JavaThread "Thread-7"                   daemon [_thread_in_native, id=18752, stack(0x000000f66f200000,0x000000f66f300000) (1024K)]
  0x00000293c19ae450 JavaThread "Thread-8"                   daemon [_thread_in_native, id=2848, stack(0x000000f66f300000,0x000000f66f400000) (1024K)]
  0x00000293c19aeae0 JavaThread "Thread-9"                   daemon [_thread_in_native, id=3164, stack(0x000000f66f400000,0x000000f66f500000) (1024K)]
  0x00000293c19ac380 JavaThread "Thread-10"                  daemon [_thread_in_native, id=29768, stack(0x000000f66f500000,0x000000f66f600000) (1024K)]
  0x00000293c19addc0 JavaThread "Thread-11"                  daemon [_thread_in_native, id=27364, stack(0x000000f66f600000,0x000000f66f700000) (1024K)]
  0x00000293c19ad0a0 JavaThread "Thread-12"                  daemon [_thread_in_native, id=11600, stack(0x000000f66f700000,0x000000f66f800000) (1024K)]
  0x00000293c19af170 JavaThread "Thread-13"                  daemon [_thread_in_native, id=30624, stack(0x000000f66f800000,0x000000f66f900000) (1024K)]
  0x00000293c19abcf0 JavaThread "pool-2-thread-1"                   [_thread_blocked, id=17060, stack(0x000000f66f900000,0x000000f66fa00000) (1024K)]
  0x00000293c19b0520 JavaThread "WorkspaceEventsHandler"            [_thread_blocked, id=14012, stack(0x000000f66fa00000,0x000000f66fb00000) (1024K)]
  0x00000293c19b0bb0 JavaThread "pool-1-thread-1"                   [_thread_blocked, id=10272, stack(0x000000f66fb00000,0x000000f66fc00000) (1024K)]
  0x00000293c19af800 JavaThread "PatternSearchJob-worker-1"  daemon [_thread_blocked, id=11336, stack(0x000000f66fc00000,0x000000f66fd00000) (1024K)]
  0x00000293c19afe90 JavaThread "PatternSearchJob-worker-2"  daemon [_thread_blocked, id=28352, stack(0x000000f66fd00000,0x000000f66fe00000) (1024K)]
  0x00000293c19ad730 JavaThread "PatternSearchJob-worker-3"  daemon [_thread_blocked, id=29056, stack(0x000000f66fe00000,0x000000f66ff00000) (1024K)]
  0x00000293c19b1240 JavaThread "PatternSearchJob-worker-4"  daemon [_thread_blocked, id=27988, stack(0x000000f66ff00000,0x000000f670000000) (1024K)]
  0x00000293c19b3310 JavaThread "PatternSearchJob-worker-5"  daemon [_thread_blocked, id=24680, stack(0x000000f670000000,0x000000f670100000) (1024K)]
  0x00000293c19b18d0 JavaThread "PatternSearchJob-worker-6"  daemon [_thread_blocked, id=28068, stack(0x000000f670100000,0x000000f670200000) (1024K)]
  0x00000293c19b25f0 JavaThread "PatternSearchJob-worker-7"  daemon [_thread_blocked, id=23764, stack(0x000000f670200000,0x000000f670300000) (1024K)]
  0x00000293c19b2c80 JavaThread "PatternSearchJob-worker-8"  daemon [_thread_blocked, id=28216, stack(0x000000f670300000,0x000000f670400000) (1024K)]
  0x00000293c19b1f60 JavaThread "PatternSearchJob-worker-9"  daemon [_thread_blocked, id=21848, stack(0x000000f670400000,0x000000f670500000) (1024K)]
  0x00000293c1c481e0 JavaThread "PatternSearchJob-worker-10" daemon [_thread_blocked, id=29820, stack(0x000000f670500000,0x000000f670600000) (1024K)]
  0x00000293c1c474c0 JavaThread "PatternSearchJob-worker-11" daemon [_thread_blocked, id=29020, stack(0x000000f670600000,0x000000f670700000) (1024K)]
  0x00000293c1c48f00 JavaThread "ForkJoinPool.commonPool-worker-1" daemon [_thread_blocked, id=7320, stack(0x000000f670700000,0x000000f670800000) (1024K)]
  0x00000293c1c45a80 JavaThread "ForkJoinPool.commonPool-worker-3" daemon [_thread_blocked, id=16104, stack(0x000000f670900000,0x000000f670a00000) (1024K)]
  0x00000293c1c47b50 JavaThread "ForkJoinPool.commonPool-worker-4" daemon [_thread_blocked, id=29200, stack(0x000000f670a00000,0x000000f670b00000) (1024K)]
  0x00000293c1c49590 JavaThread "ForkJoinPool.commonPool-worker-5" daemon [_thread_blocked, id=28560, stack(0x000000f670b00000,0x000000f670c00000) (1024K)]
  0x00000293c1c49c20 JavaThread "ForkJoinPool.commonPool-worker-6" daemon [_thread_blocked, id=27164, stack(0x000000f670c00000,0x000000f670d00000) (1024K)]
  0x00000293c1c4a940 JavaThread "Cleaner-0"                  daemon [_thread_blocked, id=8240, stack(0x000000f670e00000,0x000000f670f00000) (1024K)]
  0x00000293c11cc9f0 JavaThread "C2 CompilerThread1"         daemon [_thread_in_native, id=10112, stack(0x000000f66bf00000,0x000000f66c000000) (1024K)]
=>0x00000293c11cd790 JavaThread "C2 CompilerThread2"         daemon [_thread_in_native, id=30588, stack(0x000000f66c000000,0x000000f66c100000) (1024K)]
Total: 57

Other Threads:
  0x00000293dfede9c0 VMThread "VM Thread"                           [id=7932, stack(0x000000f66c500000,0x000000f66c600000) (1024K)]
  0x00000293dfcaca00 WatcherThread "VM Periodic Task Thread"        [id=21396, stack(0x000000f66c400000,0x000000f66c500000) (1024K)]
  0x00000293dfe3efc0 WorkerThread "GC Thread#0"                     [id=28660, stack(0x000000f66c300000,0x000000f66c400000) (1024K)]
  0x00000293fd43a010 WorkerThread "GC Thread#1"                     [id=24300, stack(0x000000f66d200000,0x000000f66d300000) (1024K)]
  0x00000293fd43a5d0 WorkerThread "GC Thread#2"                     [id=27564, stack(0x000000f66d300000,0x000000f66d400000) (1024K)]
  0x00000293fd43a980 WorkerThread "GC Thread#3"                     [id=17308, stack(0x000000f66d400000,0x000000f66d500000) (1024K)]
  0x00000293fd43ad30 WorkerThread "GC Thread#4"                     [id=20388, stack(0x000000f66d500000,0x000000f66d600000) (1024K)]
  0x00000293fd43b0e0 WorkerThread "GC Thread#5"                     [id=23888, stack(0x000000f66d600000,0x000000f66d700000) (1024K)]
  0x00000293fd3f9fe0 WorkerThread "GC Thread#6"                     [id=27528, stack(0x000000f66d700000,0x000000f66d800000) (1024K)]
  0x00000293fd8fd1a0 WorkerThread "GC Thread#7"                     [id=9720, stack(0x000000f66ce00000,0x000000f66cf00000) (1024K)]
  0x00000293fdb00ee0 WorkerThread "GC Thread#8"                     [id=25988, stack(0x000000f66dc00000,0x000000f66dd00000) (1024K)]
  0x00000293fd1210f0 WorkerThread "GC Thread#9"                     [id=23720, stack(0x000000f66dd00000,0x000000f66de00000) (1024K)]
Total: 12

Threads with active compile tasks:
C2 CompilerThread0  188707 13160       4       org.eclipse.jdt.internal.compiler.lookup.LookupEnvironment::getAnalysisAnnotationBit (323 bytes)
C2 CompilerThread1  188707 13173       4       java.net.URI$Parser::at (23 bytes)
C2 CompilerThread2  188707 13111       4       org.eclipse.jdt.internal.compiler.lookup.LookupEnvironment::getTypeFromTypeSignature (770 bytes)
Total: 3

VM state: not at safepoint (normal execution)

VM Mutex/Monitor currently owned by a thread: None

Heap address: 0x0000000080000000, size: 2048 MB, Compressed Oops mode: 32-bit

CDS archive(s) mapped at: [0x0000029380000000-0x0000029380ba0000-0x0000029380ba0000), size 12189696, SharedBaseAddress: 0x0000029380000000, ArchiveRelocationMode: 1.
Compressed class space mapped at: 0x0000029381000000-0x00000293c1000000, reserved size: 1073741824
Narrow klass base: 0x0000029380000000, Narrow klass shift: 0, Narrow klass range: 0x100000000

GC Precious Log:
 CardTable entry size: 512
 CPUs: 12 total, 12 available
 Memory: 15681M
 Large Page Support: Disabled
 NUMA Support: Disabled
 Compressed Oops: Enabled (32-bit)
 Alignments: Space 512K, Generation 512K, Heap 2M
 Heap Min Capacity: 100M
 Heap Initial Capacity: 100M
 Heap Max Capacity: 2G
 Pre-touch: Disabled
 Parallel Workers: 10

Heap:
 PSYoungGen      total 15360K, used 6711K [0x00000000d5580000, 0x00000000d6e80000, 0x0000000100000000)
  eden space 13824K, 41% used [0x00000000d5580000,0x00000000d5b0cc58,0x00000000d6300000)
  from space 1536K, 66% used [0x00000000d6d00000,0x00000000d6e01230,0x00000000d6e80000)
  to   space 4096K, 0% used [0x00000000d6680000,0x00000000d6680000,0x00000000d6a80000)
 ParOldGen       total 116736K, used 116404K [0x0000000080000000, 0x0000000087200000, 0x00000000d5580000)
  object space 116736K, 99% used [0x0000000080000000,0x00000000871ad178,0x0000000087200000)
 Metaspace       used 68780K, committed 70144K, reserved 1114112K
  class space    used 7167K, committed 7744K, reserved 1048576K

Card table byte_map: [0x00000293df7c0000,0x00000293dfbd0000] _byte_map_base: 0x00000293df3c0000

Marking Bits: (ParMarkBitMap*) 0x00007ff984fb4460
 Begin Bits: [0x00000293f22d0000, 0x00000293f42d0000)
 End Bits:   [0x00000293f42d0000, 0x00000293f62d0000)

Polling page: 0x00000293ddbb0000

Metaspace:

Usage:
  Non-class:     60.17 MB used.
      Class:      7.00 MB used.
       Both:     67.17 MB used.

Virtual space:
  Non-class space:       64.00 MB reserved,      60.94 MB ( 95%) committed,  1 nodes.
      Class space:        1.00 GB reserved,       7.56 MB ( <1%) committed,  1 nodes.
             Both:        1.06 GB reserved,      68.50 MB (  6%) committed. 

Chunk freelists:
   Non-Class:  2.70 MB
       Class:  8.25 MB
        Both:  10.96 MB

MaxMetaspaceSize: unlimited
CompressedClassSpaceSize: 1.00 GB
Initial GC threshold: 21.00 MB
Current GC threshold: 97.31 MB
CDS: on
 - commit_granule_bytes: 65536.
 - commit_granule_words: 8192.
 - virtual_space_node_default_size: 8388608.
 - enlarge_chunks_in_place: 1.
 - use_allocation_guard: 0.


Internal statistics:

num_allocs_failed_limit: 9.
num_arena_births: 1248.
num_arena_deaths: 14.
num_vsnodes_births: 2.
num_vsnodes_deaths: 0.
num_space_committed: 1096.
num_space_uncommitted: 0.
num_chunks_returned_to_freelist: 23.
num_chunks_taken_from_freelist: 4556.
num_chunk_merges: 15.
num_chunk_splits: 2777.
num_chunks_enlarged: 1511.
num_inconsistent_stats: 0.

CodeHeap 'non-profiled nmethods': size=120000Kb used=9092Kb max_used=9092Kb free=110907Kb
 bounds [0x00000293eaaf0000, 0x00000293eb3e0000, 0x00000293f2020000]
CodeHeap 'profiled nmethods': size=120000Kb used=28144Kb max_used=28144Kb free=91855Kb
 bounds [0x00000293e3020000, 0x00000293e4ba0000, 0x00000293ea550000]
CodeHeap 'non-nmethods': size=5760Kb used=1459Kb max_used=1545Kb free=4300Kb
 bounds [0x00000293ea550000, 0x00000293ea7c0000, 0x00000293eaaf0000]
CodeCache: size=245760Kb, used=38695Kb, max_used=38781Kb, free=207062Kb
 total_blobs=13160, nmethods=12388, adapters=676, full_count=0
Compilation: enabled, stopped_count=0, restarted_count=0

Compilation events (20 events):
Event: 184.616 Thread 0x00000293f8708900 nmethod 13148 0x00000293e4b80510 code [0x00000293e4b80b60, 0x00000293e4b84e20]
Event: 184.616 Thread 0x00000293f8708900 13151       3       com.google.gson.internal.bind.JsonElementTypeAdapter::readTerminal (123 bytes)
Event: 184.617 Thread 0x00000293f8708900 nmethod 13151 0x00000293e4b86990 code [0x00000293e4b86d20, 0x00000293e4b88360]
Event: 184.617 Thread 0x00000293f8708900 13149   !   3       org.eclipse.jdt.internal.core.JavaElement::exists (10 bytes)
Event: 184.617 Thread 0x00000293f8708900 nmethod 13149 0x00000293e4b88b10 code [0x00000293e4b88cc0, 0x00000293e4b88ed8]
Event: 184.617 Thread 0x00000293f8708900 13152       1       org.eclipse.lsp4j.CodeActionLiteralSupportCapabilities::getCodeActionKind (5 bytes)
Event: 184.617 Thread 0x00000293f8708900 nmethod 13152 0x00000293eb3ca310 code [0x00000293eb3ca4a0, 0x00000293eb3ca568]
Event: 185.297 Thread 0x00000293f8708900 13155       3       sun.nio.ch.WindowsAsynchronousFileChannelImpl::getByOverlapped (9 bytes)
Event: 185.297 Thread 0x00000293f8708900 nmethod 13155 0x00000293e4b88f90 code [0x00000293e4b89140, 0x00000293e4b89288]
Event: 185.297 Thread 0x00000293f8708900 13156   !   3       sun.nio.ch.PendingFuture::setResult (67 bytes)
Event: 185.297 Thread 0x00000293f8708900 nmethod 13156 0x00000293e4b89390 code [0x00000293e4b89580, 0x00000293e4b89b10]
Event: 185.297 Thread 0x00000293f8708900 13157       3       sun.nio.ch.Invoker::invokeUnchecked (47 bytes)
Event: 185.298 Thread 0x00000293f8708900 nmethod 13157 0x00000293e4b89d90 code [0x00000293e4b89f60, 0x00000293e4b8a2c0]
Event: 185.299 Thread 0x00000293f8704870 13158       4       org.eclipse.jdt.internal.compiler.classfmt.ModuleInfo::hashCode (35 bytes)
Event: 185.300 Thread 0x00000293c11cc9f0 13159       4       org.eclipse.jdt.internal.compiler.lookup.PlainPackageBinding::<init> (10 bytes)
Event: 185.301 Thread 0x00000293f8708900 13161       3       org.eclipse.jdt.internal.compiler.lookup.TypeVariableBinding::setSuperClass (124 bytes)
Event: 185.302 Thread 0x00000293f8708900 nmethod 13161 0x00000293e4b8a410 code [0x00000293e4b8a620, 0x00000293e4b8aef8]
Event: 185.302 Thread 0x00000293f8708900 13162   !   3       lombok.launch.PatchFixesHider$PatchFixes::convertAnnotations (215 bytes)
Event: 185.303 Thread 0x00000293f8708900 nmethod 13162 0x00000293e4b8b210 code [0x00000293e4b8b500, 0x00000293e4b8c698]
Event: 185.303 Thread 0x00000293f8708900 13165   !   3       org.eclipse.jdt.internal.compiler.lookup.BinaryTypeBinding::cachePartsFrom2 (1809 bytes)

GC Heap History (20 events):
Event: 32.970 GC heap before
{Heap before GC invocations=116 (full 3):
 PSYoungGen      total 14848K, used 14816K [0x00000000d5580000, 0x00000000d6700000, 0x0000000100000000)
  eden space 13824K, 100% used [0x00000000d5580000,0x00000000d6300000,0x00000000d6300000)
  from space 1024K, 96% used [0x00000000d6600000,0x00000000d66f8000,0x00000000d6700000)
  to   space 1536K, 0% used [0x00000000d6400000,0x00000000d6400000,0x00000000d6580000)
 ParOldGen       total 101888K, used 101831K [0x0000000080000000, 0x0000000086380000, 0x00000000d5580000)
  object space 101888K, 99% used [0x0000000080000000,0x0000000086371f90,0x0000000086380000)
 Metaspace       used 67431K, committed 68864K, reserved 1114112K
  class space    used 7059K, committed 7680K, reserved 1048576K
}
Event: 32.971 GC heap after
{Heap after GC invocations=116 (full 3):
 PSYoungGen      total 15360K, used 1056K [0x00000000d5580000, 0x00000000d6680000, 0x0000000100000000)
  eden space 13824K, 0% used [0x00000000d5580000,0x00000000d5580000,0x00000000d6300000)
  from space 1536K, 68% used [0x00000000d6400000,0x00000000d6508000,0x00000000d6580000)
  to   space 1024K, 0% used [0x00000000d6580000,0x00000000d6580000,0x00000000d6680000)
 ParOldGen       total 102400K, used 102359K [0x0000000080000000, 0x0000000086400000, 0x00000000d5580000)
  object space 102400K, 99% used [0x0000000080000000,0x00000000863f5f90,0x0000000086400000)
 Metaspace       used 67431K, committed 68864K, reserved 1114112K
  class space    used 7059K, committed 7680K, reserved 1048576K
}
Event: 33.425 GC heap before
{Heap before GC invocations=117 (full 3):
 PSYoungGen      total 15360K, used 14880K [0x00000000d5580000, 0x00000000d6680000, 0x0000000100000000)
  eden space 13824K, 100% used [0x00000000d5580000,0x00000000d6300000,0x00000000d6300000)
  from space 1536K, 68% used [0x00000000d6400000,0x00000000d6508000,0x00000000d6580000)
  to   space 1024K, 0% used [0x00000000d6580000,0x00000000d6580000,0x00000000d6680000)
 ParOldGen       total 102400K, used 102359K [0x0000000080000000, 0x0000000086400000, 0x00000000d5580000)
  object space 102400K, 99% used [0x0000000080000000,0x00000000863f5f90,0x0000000086400000)
 Metaspace       used 67523K, committed 68928K, reserved 1114112K
  class space    used 7059K, committed 7680K, reserved 1048576K
}
Event: 33.426 GC heap after
{Heap after GC invocations=117 (full 3):
 PSYoungGen      total 14848K, used 1024K [0x00000000d5580000, 0x00000000d6700000, 0x0000000100000000)
  eden space 13824K, 0% used [0x00000000d5580000,0x00000000d5580000,0x00000000d6300000)
  from space 1024K, 100% used [0x00000000d6580000,0x00000000d6680000,0x00000000d6680000)
  to   space 2048K, 0% used [0x00000000d6300000,0x00000000d6300000,0x00000000d6500000)
 ParOldGen       total 103424K, used 103079K [0x0000000080000000, 0x0000000086500000, 0x00000000d5580000)
  object space 103424K, 99% used [0x0000000080000000,0x00000000864a9f90,0x0000000086500000)
 Metaspace       used 67523K, committed 68928K, reserved 1114112K
  class space    used 7059K, committed 7680K, reserved 1048576K
}
Event: 33.965 GC heap before
{Heap before GC invocations=118 (full 3):
 PSYoungGen      total 14848K, used 14848K [0x00000000d5580000, 0x00000000d6700000, 0x0000000100000000)
  eden space 13824K, 100% used [0x00000000d5580000,0x00000000d6300000,0x00000000d6300000)
  from space 1024K, 100% used [0x00000000d6580000,0x00000000d6680000,0x00000000d6680000)
  to   space 2048K, 0% used [0x00000000d6300000,0x00000000d6300000,0x00000000d6500000)
 ParOldGen       total 103424K, used 103079K [0x0000000080000000, 0x0000000086500000, 0x00000000d5580000)
  object space 103424K, 99% used [0x0000000080000000,0x00000000864a9f90,0x0000000086500000)
 Metaspace       used 67955K, committed 69312K, reserved 1114112K
  class space    used 7098K, committed 7680K, reserved 1048576K
}
Event: 33.968 GC heap after
{Heap after GC invocations=118 (full 3):
 PSYoungGen      total 14848K, used 832K [0x00000000d5580000, 0x00000000d6600000, 0x0000000100000000)
  eden space 13824K, 0% used [0x00000000d5580000,0x00000000d5580000,0x00000000d6300000)
  from space 1024K, 81% used [0x00000000d6300000,0x00000000d63d0020,0x00000000d6400000)
  to   space 1536K, 0% used [0x00000000d6480000,0x00000000d6480000,0x00000000d6600000)
 ParOldGen       total 103936K, used 103919K [0x0000000080000000, 0x0000000086580000, 0x00000000d5580000)
  object space 103936K, 99% used [0x0000000080000000,0x000000008657bf90,0x0000000086580000)
 Metaspace       used 67955K, committed 69312K, reserved 1114112K
  class space    used 7098K, committed 7680K, reserved 1048576K
}
Event: 34.347 GC heap before
{Heap before GC invocations=119 (full 3):
 PSYoungGen      total 14848K, used 14636K [0x00000000d5580000, 0x00000000d6600000, 0x0000000100000000)
  eden space 13824K, 99% used [0x00000000d5580000,0x00000000d62fb3a8,0x00000000d6300000)
  from space 1024K, 81% used [0x00000000d6300000,0x00000000d63d0020,0x00000000d6400000)
  to   space 1536K, 0% used [0x00000000d6480000,0x00000000d6480000,0x00000000d6600000)
 ParOldGen       total 103936K, used 103919K [0x0000000080000000, 0x0000000086580000, 0x00000000d5580000)
  object space 103936K, 99% used [0x0000000080000000,0x000000008657bf90,0x0000000086580000)
 Metaspace       used 68024K, committed 69376K, reserved 1114112K
  class space    used 7102K, committed 7680K, reserved 1048576K
}
Event: 34.348 GC heap after
{Heap after GC invocations=119 (full 3):
 PSYoungGen      total 14336K, used 314K [0x00000000d5580000, 0x00000000d6500000, 0x0000000100000000)
  eden space 13824K, 0% used [0x00000000d5580000,0x00000000d5580000,0x00000000d6300000)
  from space 512K, 61% used [0x00000000d6480000,0x00000000d64ce900,0x00000000d6500000)
  to   space 1024K, 0% used [0x00000000d6300000,0x00000000d6300000,0x00000000d6400000)
 ParOldGen       total 104960K, used 104479K [0x0000000080000000, 0x0000000086680000, 0x00000000d5580000)
  object space 104960K, 99% used [0x0000000080000000,0x0000000086607fb0,0x0000000086680000)
 Metaspace       used 68024K, committed 69376K, reserved 1114112K
  class space    used 7102K, committed 7680K, reserved 1048576K
}
Event: 34.409 GC heap before
{Heap before GC invocations=120 (full 3):
 PSYoungGen      total 14336K, used 14138K [0x00000000d5580000, 0x00000000d6500000, 0x0000000100000000)
  eden space 13824K, 100% used [0x00000000d5580000,0x00000000d6300000,0x00000000d6300000)
  from space 512K, 61% used [0x00000000d6480000,0x00000000d64ce900,0x00000000d6500000)
  to   space 1024K, 0% used [0x00000000d6300000,0x00000000d6300000,0x00000000d6400000)
 ParOldGen       total 104960K, used 104479K [0x0000000080000000, 0x0000000086680000, 0x00000000d5580000)
  object space 104960K, 99% used [0x0000000080000000,0x0000000086607fb0,0x0000000086680000)
 Metaspace       used 68056K, committed 69440K, reserved 1114112K
  class space    used 7105K, committed 7680K, reserved 1048576K
}
Event: 34.410 GC heap after
{Heap after GC invocations=120 (full 3):
 PSYoungGen      total 14848K, used 1000K [0x00000000d5580000, 0x00000000d6600000, 0x0000000100000000)
  eden space 13824K, 0% used [0x00000000d5580000,0x00000000d5580000,0x00000000d6300000)
  from space 1024K, 97% used [0x00000000d6300000,0x00000000d63fa108,0x00000000d6400000)
  to   space 1536K, 0% used [0x00000000d6480000,0x00000000d6480000,0x00000000d6600000)
 ParOldGen       total 104960K, used 104818K [0x0000000080000000, 0x0000000086680000, 0x00000000d5580000)
  object space 104960K, 99% used [0x0000000080000000,0x000000008665cbb0,0x0000000086680000)
 Metaspace       used 68056K, committed 69440K, reserved 1114112K
  class space    used 7105K, committed 7680K, reserved 1048576K
}
Event: 177.551 GC heap before
{Heap before GC invocations=121 (full 3):
 PSYoungGen      total 14848K, used 14824K [0x00000000d5580000, 0x00000000d6600000, 0x0000000100000000)
  eden space 13824K, 100% used [0x00000000d5580000,0x00000000d6300000,0x00000000d6300000)
  from space 1024K, 97% used [0x00000000d6300000,0x00000000d63fa108,0x00000000d6400000)
  to   space 1536K, 0% used [0x00000000d6480000,0x00000000d6480000,0x00000000d6600000)
 ParOldGen       total 104960K, used 104818K [0x0000000080000000, 0x0000000086680000, 0x00000000d5580000)
  object space 104960K, 99% used [0x0000000080000000,0x000000008665cbb0,0x0000000086680000)
 Metaspace       used 68273K, committed 69696K, reserved 1114112K
  class space    used 7129K, committed 7744K, reserved 1048576K
}
Event: 177.553 GC heap after
{Heap after GC invocations=121 (full 3):
 PSYoungGen      total 14848K, used 740K [0x00000000d5580000, 0x00000000d6580000, 0x0000000100000000)
  eden space 13824K, 0% used [0x00000000d5580000,0x00000000d5580000,0x00000000d6300000)
  from space 1024K, 72% used [0x00000000d6480000,0x00000000d6539210,0x00000000d6580000)
  to   space 1024K, 0% used [0x00000000d6300000,0x00000000d6300000,0x00000000d6400000)
 ParOldGen       total 105472K, used 104978K [0x0000000080000000, 0x0000000086700000, 0x00000000d5580000)
  object space 105472K, 99% used [0x0000000080000000,0x0000000086684bb0,0x0000000086700000)
 Metaspace       used 68273K, committed 69696K, reserved 1114112K
  class space    used 7129K, committed 7744K, reserved 1048576K
}
Event: 177.669 GC heap before
{Heap before GC invocations=122 (full 3):
 PSYoungGen      total 14848K, used 14386K [0x00000000d5580000, 0x00000000d6580000, 0x0000000100000000)
  eden space 13824K, 98% used [0x00000000d5580000,0x00000000d62d3978,0x00000000d6300000)
  from space 1024K, 72% used [0x00000000d6480000,0x00000000d6539210,0x00000000d6580000)
  to   space 1024K, 0% used [0x00000000d6300000,0x00000000d6300000,0x00000000d6400000)
 ParOldGen       total 105472K, used 104978K [0x0000000080000000, 0x0000000086700000, 0x00000000d5580000)
  object space 105472K, 99% used [0x0000000080000000,0x0000000086684bb0,0x0000000086700000)
 Metaspace       used 68434K, committed 69888K, reserved 1114112K
  class space    used 7142K, committed 7744K, reserved 1048576K
}
Event: 177.673 GC heap after
{Heap after GC invocations=122 (full 3):
 PSYoungGen      total 14848K, used 1018K [0x00000000d5580000, 0x00000000d7200000, 0x0000000100000000)
  eden space 13824K, 0% used [0x00000000d5580000,0x00000000d5580000,0x00000000d6300000)
  from space 1024K, 99% used [0x00000000d6300000,0x00000000d63fe8a0,0x00000000d6400000)
  to   space 7680K, 0% used [0x00000000d6a80000,0x00000000d6a80000,0x00000000d7200000)
 ParOldGen       total 110592K, used 110390K [0x0000000080000000, 0x0000000086c00000, 0x00000000d5580000)
  object space 110592K, 99% used [0x0000000080000000,0x0000000086bcd940,0x0000000086c00000)
 Metaspace       used 68434K, committed 69888K, reserved 1114112K
  class space    used 7142K, committed 7744K, reserved 1048576K
}
Event: 177.853 GC heap before
{Heap before GC invocations=123 (full 3):
 PSYoungGen      total 14848K, used 14147K [0x00000000d5580000, 0x00000000d7200000, 0x0000000100000000)
  eden space 13824K, 94% used [0x00000000d5580000,0x00000000d6252460,0x00000000d6300000)
  from space 1024K, 99% used [0x00000000d6300000,0x00000000d63fe8a0,0x00000000d6400000)
  to   space 7680K, 0% used [0x00000000d6a80000,0x00000000d6a80000,0x00000000d7200000)
 ParOldGen       total 110592K, used 110390K [0x0000000080000000, 0x0000000086c00000, 0x00000000d5580000)
  object space 110592K, 99% used [0x0000000080000000,0x0000000086bcd940,0x0000000086c00000)
 Metaspace       used 68498K, committed 69888K, reserved 1114112K
  class space    used 7143K, committed 7744K, reserved 1048576K
}
Event: 177.856 GC heap after
{Heap after GC invocations=123 (full 3):
 PSYoungGen      total 15360K, used 1135K [0x00000000d5580000, 0x00000000d6c00000, 0x0000000100000000)
  eden space 13824K, 0% used [0x00000000d5580000,0x00000000d5580000,0x00000000d6300000)
  from space 1536K, 73% used [0x00000000d6a80000,0x00000000d6b9bf80,0x00000000d6c00000)
  to   space 3072K, 0% used [0x00000000d6600000,0x00000000d6600000,0x00000000d6900000)
 ParOldGen       total 110592K, used 110534K [0x0000000080000000, 0x0000000086c00000, 0x00000000d5580000)
  object space 110592K, 99% used [0x0000000080000000,0x0000000086bf1940,0x0000000086c00000)
 Metaspace       used 68498K, committed 69888K, reserved 1114112K
  class space    used 7143K, committed 7744K, reserved 1048576K
}
Event: 178.001 GC heap before
{Heap before GC invocations=124 (full 3):
 PSYoungGen      total 15360K, used 14959K [0x00000000d5580000, 0x00000000d6c00000, 0x0000000100000000)
  eden space 13824K, 100% used [0x00000000d5580000,0x00000000d6300000,0x00000000d6300000)
  from space 1536K, 73% used [0x00000000d6a80000,0x00000000d6b9bf80,0x00000000d6c00000)
  to   space 3072K, 0% used [0x00000000d6600000,0x00000000d6600000,0x00000000d6900000)
 ParOldGen       total 110592K, used 110534K [0x0000000080000000, 0x0000000086c00000, 0x00000000d5580000)
  object space 110592K, 99% used [0x0000000080000000,0x0000000086bf1940,0x0000000086c00000)
 Metaspace       used 68561K, committed 69952K, reserved 1114112K
  class space    used 7149K, committed 7744K, reserved 1048576K
}
Event: 178.005 GC heap after
{Heap after GC invocations=124 (full 3):
 PSYoungGen      total 16896K, used 3069K [0x00000000d5580000, 0x00000000d7700000, 0x0000000100000000)
  eden space 13824K, 0% used [0x00000000d5580000,0x00000000d5580000,0x00000000d6300000)
  from space 3072K, 99% used [0x00000000d6600000,0x00000000d68ff640,0x00000000d6900000)
  to   space 10240K, 0% used [0x00000000d6d00000,0x00000000d6d00000,0x00000000d7700000)
 ParOldGen       total 116224K, used 115925K [0x0000000080000000, 0x0000000087180000, 0x00000000d5580000)
  object space 116224K, 99% used [0x0000000080000000,0x0000000087135418,0x0000000087180000)
 Metaspace       used 68561K, committed 69952K, reserved 1114112K
  class space    used 7149K, committed 7744K, reserved 1048576K
}
Event: 184.549 GC heap before
{Heap before GC invocations=125 (full 3):
 PSYoungGen      total 16896K, used 16891K [0x00000000d5580000, 0x00000000d7700000, 0x0000000100000000)
  eden space 13824K, 99% used [0x00000000d5580000,0x00000000d62ff808,0x00000000d6300000)
  from space 3072K, 99% used [0x00000000d6600000,0x00000000d68ff640,0x00000000d6900000)
  to   space 10240K, 0% used [0x00000000d6d00000,0x00000000d6d00000,0x00000000d7700000)
 ParOldGen       total 116224K, used 115925K [0x0000000080000000, 0x0000000087180000, 0x00000000d5580000)
  object space 116224K, 99% used [0x0000000080000000,0x0000000087135418,0x0000000087180000)
 Metaspace       used 68772K, committed 70144K, reserved 1114112K
  class space    used 7167K, committed 7744K, reserved 1048576K
}
Event: 184.551 GC heap after
{Heap after GC invocations=125 (full 3):
 PSYoungGen      total 15360K, used 1028K [0x00000000d5580000, 0x00000000d6e80000, 0x0000000100000000)
  eden space 13824K, 0% used [0x00000000d5580000,0x00000000d5580000,0x00000000d6300000)
  from space 1536K, 66% used [0x00000000d6d00000,0x00000000d6e01230,0x00000000d6e80000)
  to   space 4096K, 0% used [0x00000000d6680000,0x00000000d6680000,0x00000000d6a80000)
 ParOldGen       total 116736K, used 116404K [0x0000000080000000, 0x0000000087200000, 0x00000000d5580000)
  object space 116736K, 99% used [0x0000000080000000,0x00000000871ad178,0x0000000087200000)
 Metaspace       used 68772K, committed 70144K, reserved 1114112K
  class space    used 7167K, committed 7744K, reserved 1048576K
}

Dll operation events (10 events):
Event: 0.036 Loaded shared library c:\Users\Administrator\.vscode\extensions\redhat.java-1.55.0-win32-x64\jre\21.0.11-win32-x86_64\bin\java.dll
Event: 0.121 Loaded shared library c:\Users\Administrator\.vscode\extensions\redhat.java-1.55.0-win32-x64\jre\21.0.11-win32-x86_64\bin\zip.dll
Event: 0.142 Loaded shared library C:\Users\Administrator\.vscode\extensions\redhat.java-1.55.0-win32-x64\jre\21.0.11-win32-x86_64\bin\instrument.dll
Event: 0.150 Loaded shared library C:\Users\Administrator\.vscode\extensions\redhat.java-1.55.0-win32-x64\jre\21.0.11-win32-x86_64\bin\net.dll
Event: 0.154 Loaded shared library C:\Users\Administrator\.vscode\extensions\redhat.java-1.55.0-win32-x64\jre\21.0.11-win32-x86_64\bin\nio.dll
Event: 0.157 Loaded shared library C:\Users\Administrator\.vscode\extensions\redhat.java-1.55.0-win32-x64\jre\21.0.11-win32-x86_64\bin\zip.dll
Event: 0.175 Loaded shared library C:\Users\Administrator\.vscode\extensions\redhat.java-1.55.0-win32-x64\jre\21.0.11-win32-x86_64\bin\jimage.dll
Event: 0.253 Loaded shared library c:\Users\Administrator\.vscode\extensions\redhat.java-1.55.0-win32-x64\jre\21.0.11-win32-x86_64\bin\verify.dll
Event: 8.631 Loaded shared library C:\Users\Administrator\AppData\Roaming\Code\User\globalStorage\redhat.java\1.55.0\config_win\org.eclipse.equinox.launcher\org.eclipse.equinox.launcher.win32.win32.x86_64_1.3.100.v20260613-0559\eclipse_11924.dll
Event: 19.759 Loaded shared library C:\Users\Administrator\AppData\Local\Temp\jna-146731693\jna11136043976933586323.dll

Deoptimization events (20 events):
Event: 183.306 Thread 0x00000293c1c48f00 DEOPT PACKING pc=0x00000293eb3a9be8 sp=0x000000f6707fd160
Event: 183.306 Thread 0x00000293c1c48f00 DEOPT UNPACKING pc=0x00000293ea5a3aa2 sp=0x000000f6707fce88 mode 2
Event: 183.308 Thread 0x00000293c1c48f00 Uncommon trap: trap_request=0xffffffd6 fr.pc=0x00000293eb3a9be8 relative=0x0000000000008f28
Event: 183.308 Thread 0x00000293c1c48f00 Uncommon trap: reason=array_check action=maybe_recompile pc=0x00000293eb3a9be8 method=org.eclipse.jdt.internal.compiler.lookup.UnresolvedReferenceBinding.addWrapper(Lorg/eclipse/jdt/internal/compiler/lookup/HotSwappable;Lorg/eclipse/jdt/internal/compiler/
Event: 183.308 Thread 0x00000293c1c48f00 DEOPT PACKING pc=0x00000293eb3a9be8 sp=0x000000f6707fcae0
Event: 183.308 Thread 0x00000293c1c48f00 DEOPT UNPACKING pc=0x00000293ea5a3aa2 sp=0x000000f6707fc808 mode 2
Event: 183.308 Thread 0x00000293c1c48f00 Uncommon trap: trap_request=0xffffffd6 fr.pc=0x00000293eb3a9be8 relative=0x0000000000008f28
Event: 183.308 Thread 0x00000293c1c48f00 Uncommon trap: reason=array_check action=maybe_recompile pc=0x00000293eb3a9be8 method=org.eclipse.jdt.internal.compiler.lookup.UnresolvedReferenceBinding.addWrapper(Lorg/eclipse/jdt/internal/compiler/lookup/HotSwappable;Lorg/eclipse/jdt/internal/compiler/
Event: 183.308 Thread 0x00000293c1c48f00 DEOPT PACKING pc=0x00000293eb3a9be8 sp=0x000000f6707fcae0
Event: 183.308 Thread 0x00000293c1c48f00 DEOPT UNPACKING pc=0x00000293ea5a3aa2 sp=0x000000f6707fc808 mode 2
Event: 183.308 Thread 0x00000293c1c48f00 Uncommon trap: trap_request=0xffffffd6 fr.pc=0x00000293eb3a9be8 relative=0x0000000000008f28
Event: 183.308 Thread 0x00000293c1c48f00 Uncommon trap: reason=array_check action=maybe_recompile pc=0x00000293eb3a9be8 method=org.eclipse.jdt.internal.compiler.lookup.UnresolvedReferenceBinding.addWrapper(Lorg/eclipse/jdt/internal/compiler/lookup/HotSwappable;Lorg/eclipse/jdt/internal/compiler/
Event: 183.308 Thread 0x00000293c1c48f00 DEOPT PACKING pc=0x00000293eb3a9be8 sp=0x000000f6707fcae0
Event: 183.308 Thread 0x00000293c1c48f00 DEOPT UNPACKING pc=0x00000293ea5a3aa2 sp=0x000000f6707fc808 mode 2
Event: 183.363 Thread 0x00000293c19b0bb0 Uncommon trap: trap_request=0xffffff45 fr.pc=0x00000293eb19fd98 relative=0x00000000000001d8
Event: 183.363 Thread 0x00000293c19b0bb0 Uncommon trap: reason=unstable_if action=reinterpret pc=0x00000293eb19fd98 method=java.io.BufferedOutputStream.implWrite([BII)V @ 5 c2
Event: 183.363 Thread 0x00000293c19b0bb0 DEOPT PACKING pc=0x00000293eb19fd98 sp=0x000000f66fbfe7d0
Event: 183.363 Thread 0x00000293c19b0bb0 DEOPT UNPACKING pc=0x00000293ea5a3aa2 sp=0x000000f66fbfe7a8 mode 2
Event: 185.303 Thread 0x00000293f883bb70 DEOPT PACKING pc=0x00000293e4495c29 sp=0x000000f66e2fd8d0
Event: 185.303 Thread 0x00000293f883bb70 DEOPT UNPACKING pc=0x00000293ea5a4242 sp=0x000000f66e2fcec0 mode 0

Classes loaded (20 events):
Event: 31.472 Loading class sun/nio/cs/Surrogate$Parser
Event: 31.472 Loading class sun/nio/cs/Surrogate$Parser done
Event: 31.472 Loading class sun/nio/cs/Surrogate
Event: 31.472 Loading class sun/nio/cs/Surrogate done
Event: 33.302 Loading class sun/nio/cs/ISO_8859_1$Decoder
Event: 33.303 Loading class sun/nio/cs/ISO_8859_1$Decoder done
Event: 34.072 Loading class java/lang/invoke/MethodHandleImpl$CountingWrapper$1
Event: 34.072 Loading class java/lang/invoke/MethodHandleImpl$CountingWrapper$1 done
Event: 34.378 Loading class java/util/HashMap$EntrySpliterator
Event: 34.378 Loading class java/util/HashMap$EntrySpliterator done
Event: 34.716 Loading class java/util/stream/ReduceOps$5
Event: 34.716 Loading class java/util/stream/ReduceOps$5 done
Event: 34.716 Loading class java/util/stream/ReduceOps$CountingSink$OfRef
Event: 34.716 Loading class java/util/stream/ReduceOps$CountingSink
Event: 34.716 Loading class java/util/stream/ReduceOps$CountingSink done
Event: 34.716 Loading class java/util/stream/ReduceOps$CountingSink$OfRef done
Event: 34.907 Loading class java/util/stream/ReduceOps$1
Event: 34.908 Loading class java/util/stream/ReduceOps$1 done
Event: 34.908 Loading class java/util/stream/ReduceOps$1ReducingSink
Event: 34.908 Loading class java/util/stream/ReduceOps$1ReducingSink done

Classes unloaded (7 events):
Event: 20.289 Thread 0x00000293dfede9c0 Unloading class 0x00000293811a9400 'java/lang/invoke/LambdaForm$MH+0x00000293811a9400'
Event: 20.289 Thread 0x00000293dfede9c0 Unloading class 0x00000293811a9000 'java/lang/invoke/LambdaForm$MH+0x00000293811a9000'
Event: 20.289 Thread 0x00000293dfede9c0 Unloading class 0x00000293811a8c00 'java/lang/invoke/LambdaForm$MH+0x00000293811a8c00'
Event: 20.289 Thread 0x00000293dfede9c0 Unloading class 0x00000293811a8800 'java/lang/invoke/LambdaForm$MH+0x00000293811a8800'
Event: 20.289 Thread 0x00000293dfede9c0 Unloading class 0x00000293811a8400 'java/lang/invoke/LambdaForm$BMH+0x00000293811a8400'
Event: 20.289 Thread 0x00000293dfede9c0 Unloading class 0x00000293811a8000 'java/lang/invoke/LambdaForm$DMH+0x00000293811a8000'
Event: 20.289 Thread 0x00000293dfede9c0 Unloading class 0x00000293811a6c00 'java/lang/invoke/LambdaForm$DMH+0x00000293811a6c00'

Classes redefined (0 events):
No events

Internal exceptions (20 events):
Event: 30.122 Thread 0x00000293c1c48870 Exception <a 'java/lang/NoSuchMethodError'{0x00000000d647e708}: 'java.lang.Object java.lang.invoke.DirectMethodHandle$Holder.invokeStatic(java.lang.Object, java.lang.Object, int, java.lang.Object, java.lang.Object)'> (0x00000000d647e708) 
thrown [s\src\hotspot\share\interpreter\linkResolver.cpp, line 773]
Event: 30.191 Thread 0x00000293f883c890 Implicit null exception at 0x00000293eb095449 to 0x00000293eb095598
Event: 31.532 Thread 0x00000293f883a130 Exception <a 'java/lang/NoSuchMethodError'{0x00000000d59ab610}: 'void java.lang.invoke.DirectMethodHandle$Holder.invokeInterface(java.lang.Object, java.lang.Object)'> (0x00000000d59ab610) 
thrown [s\src\hotspot\share\interpreter\linkResolver.cpp, line 773]
Event: 33.888 Thread 0x00000293f883a130 Exception <a 'sun/nio/fs/WindowsException'{0x00000000d5fa29a8}> (0x00000000d5fa29a8) 
thrown [s\src\hotspot\share\prims\jni.cpp, line 520]
Event: 33.888 Thread 0x00000293f883a130 Exception <a 'sun/nio/fs/WindowsException'{0x00000000d5fa3500}> (0x00000000d5fa3500) 
thrown [s\src\hotspot\share\prims\jni.cpp, line 520]
Event: 34.340 Thread 0x00000293c1c467a0 Exception <a 'sun/nio/fs/WindowsException'{0x00000000d61363e8}> (0x00000000d61363e8) 
thrown [s\src\hotspot\share\prims\jni.cpp, line 520]
Event: 34.341 Thread 0x00000293c1c467a0 Exception <a 'sun/nio/fs/WindowsException'{0x00000000d6136f60}> (0x00000000d6136f60) 
thrown [s\src\hotspot\share\prims\jni.cpp, line 520]
Event: 34.341 Thread 0x00000293c1c467a0 Exception <a 'sun/nio/fs/WindowsException'{0x00000000d61384a8}> (0x00000000d61384a8) 
thrown [s\src\hotspot\share\prims\jni.cpp, line 520]
Event: 34.341 Thread 0x00000293c1c467a0 Exception <a 'sun/nio/fs/WindowsException'{0x00000000d6139000}> (0x00000000d6139000) 
thrown [s\src\hotspot\share\prims\jni.cpp, line 520]
Event: 34.342 Thread 0x00000293c1c467a0 Exception <a 'sun/nio/fs/WindowsException'{0x00000000d6166250}> (0x00000000d6166250) 
thrown [s\src\hotspot\share\prims\jni.cpp, line 520]
Event: 34.342 Thread 0x00000293c1c467a0 Exception <a 'sun/nio/fs/WindowsException'{0x00000000d6166da8}> (0x00000000d6166da8) 
thrown [s\src\hotspot\share\prims\jni.cpp, line 520]
Event: 34.348 Thread 0x00000293c1c467a0 Exception <a 'sun/nio/fs/WindowsException'{0x00000000d5587460}> (0x00000000d5587460) 
thrown [s\src\hotspot\share\prims\jni.cpp, line 520]
Event: 34.348 Thread 0x00000293c1c467a0 Exception <a 'sun/nio/fs/WindowsException'{0x00000000d5587fb8}> (0x00000000d5587fb8) 
thrown [s\src\hotspot\share\prims\jni.cpp, line 520]
Event: 34.718 Thread 0x00000293f883a130 Exception <a 'sun/nio/fs/WindowsException'{0x00000000d5b58150}> (0x00000000d5b58150) 
thrown [s\src\hotspot\share\prims\jni.cpp, line 520]
Event: 34.718 Thread 0x00000293f883a130 Exception <a 'sun/nio/fs/WindowsException'{0x00000000d5b589f8}> (0x00000000d5b589f8) 
thrown [s\src\hotspot\share\prims\jni.cpp, line 520]
Event: 34.965 Thread 0x00000293f883a130 Exception <a 'java/lang/NoSuchMethodError'{0x00000000d5c60918}: 'java.lang.Object java.lang.invoke.DirectMethodHandle$Holder.invokeStatic(java.lang.Object, java.lang.Object, int, java.lang.Object)'> (0x00000000d5c60918) 
thrown [s\src\hotspot\share\interpreter\linkResolver.cpp, line 773]
Event: 34.965 Thread 0x00000293f883a130 Exception <a 'java/lang/NoSuchMethodError'{0x00000000d5c66f48}: 'java.lang.Object java.lang.invoke.DirectMethodHandle$Holder.newInvokeSpecial(java.lang.Object, java.lang.Object, int)'> (0x00000000d5c66f48) 
thrown [s\src\hotspot\share\interpreter\linkResolver.cpp, line 773]
Event: 35.007 Thread 0x00000293f883a130 Implicit null exception at 0x00000293eaf54ea3 to 0x00000293eaf55200
Event: 177.525 Thread 0x00000293c19b0bb0 Exception <a 'java/lang/IncompatibleClassChangeError'{0x00000000d5ec95d8}: Found class java.lang.Object, but interface was expected> (0x00000000d5ec95d8) 
thrown [s\src\hotspot\share\interpreter\linkResolver.cpp, line 840]
Event: 177.611 Thread 0x00000293c1c49590 Exception <a 'java/lang/NoSuchMethodError'{0x00000000d5c18628}: 'java.lang.Object java.lang.invoke.DirectMethodHandle$Holder.invokeSpecial(java.lang.Object, java.lang.Object, java.lang.Object, java.lang.Object, int, java.lang.Object, java.lang.Object)'> (0x00000000d5c18628) 
thrown [s\src\hotspot\share\interpreter\linkResolver.cpp, line 773]

ZGC Phase Switch (0 events):
No events

VM Operations (20 events):
Event: 177.669 Executing safepoint VM operation: ParallelGCFailedAllocation (Allocation Failure)
Event: 177.673 Executing safepoint VM operation: ParallelGCFailedAllocation (Allocation Failure) done
Event: 177.853 Executing safepoint VM operation: ParallelGCFailedAllocation (Allocation Failure)
Event: 177.856 Executing safepoint VM operation: ParallelGCFailedAllocation (Allocation Failure) done
Event: 178.001 Executing safepoint VM operation: ParallelGCFailedAllocation (Allocation Failure)
Event: 178.005 Executing safepoint VM operation: ParallelGCFailedAllocation (Allocation Failure) done
Event: 179.006 Executing safepoint VM operation: Cleanup
Event: 179.006 Executing safepoint VM operation: Cleanup done
Event: 180.006 Executing safepoint VM operation: Cleanup
Event: 180.006 Executing safepoint VM operation: Cleanup done
Event: 180.235 Executing non-safepoint VM operation: HandshakeAllThreads (HandshakeForDeflation)
Event: 180.235 Executing non-safepoint VM operation: HandshakeAllThreads (HandshakeForDeflation) done
Event: 180.235 Executing non-safepoint VM operation: RendezvousGCThreads
Event: 180.235 Executing non-safepoint VM operation: RendezvousGCThreads done
Event: 184.259 Executing safepoint VM operation: Cleanup
Event: 184.259 Executing safepoint VM operation: Cleanup done
Event: 184.549 Executing safepoint VM operation: ParallelGCFailedAllocation (Allocation Failure)
Event: 184.551 Executing safepoint VM operation: ParallelGCFailedAllocation (Allocation Failure) done
Event: 185.552 Executing safepoint VM operation: Cleanup
Event: 185.552 Executing safepoint VM operation: Cleanup done

Memory protections (0 events):
No events

Nmethod flushes (20 events):
Event: 27.638 Thread 0x00000293dfede9c0 flushing  nmethod 0x00000293e3888410
Event: 27.638 Thread 0x00000293dfede9c0 flushing  nmethod 0x00000293e3893510
Event: 27.638 Thread 0x00000293dfede9c0 flushing  nmethod 0x00000293e3893a90
Event: 27.638 Thread 0x00000293dfede9c0 flushing  nmethod 0x00000293e38c2410
Event: 27.638 Thread 0x00000293dfede9c0 flushing  nmethod 0x00000293e38cb910
Event: 27.638 Thread 0x00000293dfede9c0 flushing osr nmethod 0x00000293e38d0110
Event: 27.638 Thread 0x00000293dfede9c0 flushing osr nmethod 0x00000293e38d1e10
Event: 27.638 Thread 0x00000293dfede9c0 flushing osr nmethod 0x00000293e3909c90
Event: 27.638 Thread 0x00000293dfede9c0 flushing  nmethod 0x00000293e3941010
Event: 27.638 Thread 0x00000293dfede9c0 flushing  nmethod 0x00000293e394ca90
Event: 27.638 Thread 0x00000293dfede9c0 flushing  nmethod 0x00000293e394dd10
Event: 27.638 Thread 0x00000293dfede9c0 flushing  nmethod 0x00000293e3958390
Event: 27.638 Thread 0x00000293dfede9c0 flushing  nmethod 0x00000293e3965f90
Event: 27.638 Thread 0x00000293dfede9c0 flushing  nmethod 0x00000293e3966590
Event: 27.638 Thread 0x00000293dfede9c0 flushing  nmethod 0x00000293e3966b90
Event: 27.638 Thread 0x00000293dfede9c0 flushing  nmethod 0x00000293e3967b10
Event: 27.638 Thread 0x00000293dfede9c0 flushing  nmethod 0x00000293e3969610
Event: 27.638 Thread 0x00000293dfede9c0 flushing  nmethod 0x00000293e3992090
Event: 27.638 Thread 0x00000293dfede9c0 flushing  nmethod 0x00000293e39da110
Event: 27.638 Thread 0x00000293dfede9c0 flushing osr nmethod 0x00000293e39dd790

Events (20 events):
Event: 33.787 Thread 0x00000293ff1639f0 Thread exited: 0x00000293ff1639f0
Event: 33.787 Thread 0x00000293f8708900 Thread added: 0x00000293c76f31f0
Event: 33.802 Thread 0x00000293f8708900 Thread added: 0x00000293c76f2b20
Event: 34.692 Thread 0x00000293c76f2b20 Thread exited: 0x00000293c76f2b20
Event: 34.692 Thread 0x00000293c76f31f0 Thread exited: 0x00000293c76f31f0
Event: 34.708 Thread 0x00000293f8708900 Thread added: 0x00000293c1d288a0
Event: 34.708 Thread 0x00000293f8708900 Thread added: 0x00000293c1d27430
Event: 40.165 Thread 0x00000293c1d27430 Thread exited: 0x00000293c1d27430
Event: 45.151 Thread 0x00000293c1d288a0 Thread exited: 0x00000293c1d288a0
Event: 94.394 Thread 0x00000293f8839410 Thread exited: 0x00000293f8839410
Event: 94.456 Thread 0x00000293f883fd10 Thread exited: 0x00000293f883fd10
Event: 94.721 Thread 0x00000293f883c890 Thread exited: 0x00000293f883c890
Event: 94.721 Thread 0x00000293c1c467a0 Thread exited: 0x00000293c1c467a0
Event: 154.726 Thread 0x00000293c1c48870 Thread exited: 0x00000293c1c48870
Event: 177.526 Thread 0x00000293f8708900 Thread added: 0x00000293c1d27430
Event: 177.526 Thread 0x00000293f8708900 Thread added: 0x00000293c1d27b00
Event: 178.810 Thread 0x00000293c1d27b00 Thread exited: 0x00000293c1d27b00
Event: 178.810 Thread 0x00000293c1d27430 Thread exited: 0x00000293c1d27430
Event: 179.660 Thread 0x00000293f8708900 Thread added: 0x00000293c11cc9f0
Event: 179.660 Thread 0x00000293f8708900 Thread added: 0x00000293c11cd790


Dynamic libraries:
0x00007ff6a2300000 - 0x00007ff6a230e000 	c:\Users\Administrator\.vscode\extensions\redhat.java-1.55.0-win32-x64\jre\21.0.11-win32-x86_64\bin\java.exe
0x00007ffa7d440000 - 0x00007ffa7d6a6000 	C:\WINDOWS\SYSTEM32\ntdll.dll
0x00007ffa7bde0000 - 0x00007ffa7bea9000 	C:\WINDOWS\System32\KERNEL32.DLL
0x00007ffa7a970000 - 0x00007ffa7ad6e000 	C:\WINDOWS\System32\KERNELBASE.dll
0x00007ffa7a690000 - 0x00007ffa7a7dc000 	C:\WINDOWS\System32\ucrtbase.dll
0x00007ffa57d40000 - 0x00007ffa57d58000 	c:\Users\Administrator\.vscode\extensions\redhat.java-1.55.0-win32-x64\jre\21.0.11-win32-x86_64\bin\jli.dll
0x00007ff9f0e20000 - 0x00007ff9f0e3e000 	c:\Users\Administrator\.vscode\extensions\redhat.java-1.55.0-win32-x64\jre\21.0.11-win32-x86_64\bin\VCRUNTIME140.dll
0x00007ffa7cfe0000 - 0x00007ffa7d1a7000 	C:\WINDOWS\System32\USER32.dll
0x00007ffa7a660000 - 0x00007ffa7a687000 	C:\WINDOWS\System32\win32u.dll
0x00007ffa6d780000 - 0x00007ffa6da12000 	C:\WINDOWS\WinSxS\amd64_microsoft.windows.common-controls_6595b64144ccf1df_6.0.26100.8875_none_3e0d5d42e32fe9dd\COMCTL32.dll
0x00007ffa7cda0000 - 0x00007ffa7cdcb000 	C:\WINDOWS\System32\GDI32.dll
0x00007ffa7c670000 - 0x00007ffa7c719000 	C:\WINDOWS\System32\msvcrt.dll
0x00007ffa7afb0000 - 0x00007ffa7b0da000 	C:\WINDOWS\System32\gdi32full.dll
0x00007ffa7ae40000 - 0x00007ffa7aee3000 	C:\WINDOWS\System32\msvcp_win.dll
0x00007ffa7b340000 - 0x00007ffa7b372000 	C:\WINDOWS\System32\IMM32.DLL
0x00007ffa73ea0000 - 0x00007ffa73eac000 	c:\Users\Administrator\.vscode\extensions\redhat.java-1.55.0-win32-x64\jre\21.0.11-win32-x86_64\bin\vcruntime140_1.dll
0x00007ff9850a0000 - 0x00007ff98512d000 	c:\Users\Administrator\.vscode\extensions\redhat.java-1.55.0-win32-x64\jre\21.0.11-win32-x86_64\bin\msvcp140.dll
0x00007ff9842f0000 - 0x00007ff985092000 	c:\Users\Administrator\.vscode\extensions\redhat.java-1.55.0-win32-x64\jre\21.0.11-win32-x86_64\bin\server\jvm.dll
0x00007ffa7d2b0000 - 0x00007ffa7d367000 	C:\WINDOWS\System32\ADVAPI32.dll
0x00007ffa7b220000 - 0x00007ffa7b2ca000 	C:\WINDOWS\System32\sechost.dll
0x00007ffa7c720000 - 0x00007ffa7c838000 	C:\WINDOWS\System32\RPCRT4.dll
0x00007ffa7b180000 - 0x00007ffa7b200000 	C:\WINDOWS\System32\WS2_32.dll
0x00007ffa7a4e0000 - 0x00007ffa7a53e000 	C:\WINDOWS\SYSTEM32\POWRPROF.dll
0x00007ffa727f0000 - 0x00007ffa72826000 	C:\WINDOWS\SYSTEM32\WINMM.dll
0x00007ffa72830000 - 0x00007ffa7283b000 	C:\WINDOWS\SYSTEM32\VERSION.dll
0x00007ffa7a4c0000 - 0x00007ffa7a4d4000 	C:\WINDOWS\SYSTEM32\UMPDC.dll
0x00007ffa79300000 - 0x00007ffa7931b000 	C:\WINDOWS\SYSTEM32\kernel.appcore.dll
0x00007ffa6ba40000 - 0x00007ffa6ba4a000 	c:\Users\Administrator\.vscode\extensions\redhat.java-1.55.0-win32-x64\jre\21.0.11-win32-x86_64\bin\jimage.dll
0x00007ffa77a70000 - 0x00007ffa77cb2000 	C:\WINDOWS\SYSTEM32\DBGHELP.DLL
0x00007ffa7ca10000 - 0x00007ffa7cd93000 	C:\WINDOWS\System32\combase.dll
0x00007ffa7bd00000 - 0x00007ffa7bdd9000 	C:\WINDOWS\System32\OLEAUT32.dll
0x00007ffa54d20000 - 0x00007ffa54d5b000 	C:\WINDOWS\SYSTEM32\dbgcore.DLL
0x00007ffa7aef0000 - 0x00007ffa7af9c000 	C:\WINDOWS\System32\bcryptPrimitives.dll
0x00007ffa75360000 - 0x00007ffa7536f000 	c:\Users\Administrator\.vscode\extensions\redhat.java-1.55.0-win32-x64\jre\21.0.11-win32-x86_64\bin\instrument.dll
0x00007ff9b6d50000 - 0x00007ff9b6d70000 	c:\Users\Administrator\.vscode\extensions\redhat.java-1.55.0-win32-x64\jre\21.0.11-win32-x86_64\bin\java.dll
0x00007ffa7beb0000 - 0x00007ffa7c642000 	C:\WINDOWS\System32\SHELL32.dll
0x00007ffa780c0000 - 0x00007ffa78952000 	C:\WINDOWS\SYSTEM32\windows.storage.dll
0x00007ffa7b390000 - 0x00007ffa7b487000 	C:\WINDOWS\System32\SHCORE.dll
0x00007ffa7b2d0000 - 0x00007ffa7b337000 	C:\WINDOWS\System32\shlwapi.dll
0x00007ffa7a580000 - 0x00007ffa7a5a9000 	C:\WINDOWS\SYSTEM32\profapi.dll
0x00007ff9842d0000 - 0x00007ff9842e8000 	c:\Users\Administrator\.vscode\extensions\redhat.java-1.55.0-win32-x64\jre\21.0.11-win32-x86_64\bin\zip.dll
0x00007ffa39c60000 - 0x00007ffa39c70000 	C:\Users\Administrator\.vscode\extensions\redhat.java-1.55.0-win32-x64\jre\21.0.11-win32-x86_64\bin\net.dll
0x00007ffa72d10000 - 0x00007ffa72e37000 	C:\WINDOWS\SYSTEM32\WINHTTP.dll
0x00007ffa79890000 - 0x00007ffa798fc000 	C:\WINDOWS\system32\mswsock.dll
0x00007ff9842b0000 - 0x00007ff9842c6000 	C:\Users\Administrator\.vscode\extensions\redhat.java-1.55.0-win32-x64\jre\21.0.11-win32-x86_64\bin\nio.dll
0x00007ff9fba60000 - 0x00007ff9fba70000 	c:\Users\Administrator\.vscode\extensions\redhat.java-1.55.0-win32-x64\jre\21.0.11-win32-x86_64\bin\verify.dll
0x00007ffa5a850000 - 0x00007ffa5a895000 	C:\Users\Administrator\AppData\Roaming\Code\User\globalStorage\redhat.java\1.55.0\config_win\org.eclipse.equinox.launcher\org.eclipse.equinox.launcher.win32.win32.x86_64_1.3.100.v20260613-0559\eclipse_11924.dll
0x00007ffa7ce20000 - 0x00007ffa7cfb9000 	C:\WINDOWS\System32\ole32.dll
0x00007ffa79cc0000 - 0x00007ffa79cdb000 	C:\WINDOWS\SYSTEM32\CRYPTSP.dll
0x00007ffa79260000 - 0x00007ffa79299000 	C:\WINDOWS\system32\rsaenh.dll
0x00007ffa79950000 - 0x00007ffa79982000 	C:\WINDOWS\SYSTEM32\USERENV.dll
0x00007ffa7a550000 - 0x00007ffa7a57a000 	C:\WINDOWS\SYSTEM32\bcrypt.dll
0x00007ffa79c90000 - 0x00007ffa79c9c000 	C:\WINDOWS\SYSTEM32\CRYPTBASE.dll
0x00007ffa78cb0000 - 0x00007ffa78ce3000 	C:\WINDOWS\SYSTEM32\IPHLPAPI.DLL
0x00007ffa7b170000 - 0x00007ffa7b17a000 	C:\WINDOWS\System32\NSI.dll
0x00007ffa59fd0000 - 0x00007ffa5a019000 	C:\Users\Administrator\AppData\Local\Temp\jna-146731693\jna11136043976933586323.dll
0x00007ffa7b210000 - 0x00007ffa7b218000 	C:\WINDOWS\System32\PSAPI.DLL
0x00007ffa745e0000 - 0x00007ffa745fd000 	C:\WINDOWS\SYSTEM32\dhcpcsvc6.DLL
0x00007ffa74530000 - 0x00007ffa74555000 	C:\WINDOWS\SYSTEM32\dhcpcsvc.DLL

JVMTI agents:
c:\Users\Administrator\.vscode\extensions\redhat.java-1.55.0-win32-x64\lombok\lombok-1.18.39-4050.jar path:c:\Users\Administrator\.vscode\extensions\redhat.java-1.55.0-win32-x64\jre\21.0.11-win32-x86_64\bin\instrument.dll, loaded, initialized, instrumentlib options:none

dbghelp: loaded successfully - version: 4.0.5 - missing functions: none
symbol engine: initialized successfully - sym options: 0x614 - pdb path: .;c:\Users\Administrator\.vscode\extensions\redhat.java-1.55.0-win32-x64\jre\21.0.11-win32-x86_64\bin;C:\WINDOWS\SYSTEM32;C:\WINDOWS\WinSxS\amd64_microsoft.windows.common-controls_6595b64144ccf1df_6.0.26100.8875_none_3e0d5d42e32fe9dd;c:\Users\Administrator\.vscode\extensions\redhat.java-1.55.0-win32-x64\jre\21.0.11-win32-x86_64\bin\server;C:\Users\Administrator\AppData\Roaming\Code\User\globalStorage\redhat.java\1.55.0\config_win\org.eclipse.equinox.launcher\org.eclipse.equinox.launcher.win32.win32.x86_64_1.3.100.v20260613-0559;C:\Users\Administrator\AppData\Local\Temp\jna-146731693

VM Arguments:
jvm_args: --add-modules=ALL-SYSTEM --add-opens=java.base/java.util=ALL-UNNAMED --add-opens=java.base/java.lang=ALL-UNNAMED --add-opens=java.base/sun.nio.fs=ALL-UNNAMED -Declipse.application=org.eclipse.jdt.ls.core.id1 -Dosgi.bundles.defaultStartLevel=4 -Declipse.product=org.eclipse.jdt.ls.core.product -Djava.import.generatesMetadataFilesAtProjectRoot=false -DDetectVMInstallationsJob.disabled=true -Dfile.encoding=utf8 -XX:+UseParallelGC -XX:GCTimeRatio=4 -XX:AdaptiveSizePolicyWeight=90 -Dsun.zip.disableMemoryMapping=true -Xmx2G -Xms100m -Xlog:disable -javaagent:c:\Users\Administrator\.vscode\extensions\redhat.java-1.55.0-win32-x64\lombok\lombok-1.18.39-4050.jar -XX:+HeapDumpOnOutOfMemoryError -XX:HeapDumpPath=c:\Users\Administrator\AppData\Roaming\Code\User\workspaceStorage\47d38d0315a5049dedd72c8bc73d439b\redhat.java -Daether.dependencyCollector.impl=bf 
java_command: c:\Users\Administrator\.vscode\extensions\redhat.java-1.55.0-win32-x64\server\plugins\org.eclipse.equinox.launcher_1.7.200.v20260619-2039.jar -configuration c:\Users\Administrator\AppData\Roaming\Code\User\globalStorage\redhat.java\1.55.0\config_win -data c:\Users\Administrator\AppData\Roaming\Code\User\workspaceStorage\47d38d0315a5049dedd72c8bc73d439b\redhat.java\jdt_ws --pipe=\\.\pipe\lsp-253c1e71d867cd058f92561f320fe5b1-sock
java_class_path (initial): c:\Users\Administrator\.vscode\extensions\redhat.java-1.55.0-win32-x64\server\plugins\org.eclipse.equinox.launcher_1.7.200.v20260619-2039.jar
Launcher Type: SUN_STANDARD

[Global flags]
    uintx AdaptiveSizePolicyWeight                 = 90                                        {product} {command line}
     intx CICompilerCount                          = 4                                         {product} {ergonomic}
    uintx GCTimeRatio                              = 4                                         {product} {command line}
     bool HeapDumpOnOutOfMemoryError               = true                                   {manageable} {command line}
    ccstr HeapDumpPath                             = c:\Users\Administrator\AppData\Roaming\Code\User\workspaceStorage\47d38d0315a5049dedd72c8bc73d439b\redhat.java         {manageable} {command line}
   size_t InitialHeapSize                          = 104857600                                 {product} {command line}
   size_t MaxHeapSize                              = 2147483648                                {product} {command line}
   size_t MaxNewSize                               = 715653120                                 {product} {ergonomic}
   size_t MinHeapDeltaBytes                        = 524288                                    {product} {ergonomic}
   size_t MinHeapSize                              = 104857600                                 {product} {command line}
   size_t NewSize                                  = 34603008                                  {product} {ergonomic}
    uintx NonNMethodCodeHeapSize                   = 5839372                                {pd product} {ergonomic}
    uintx NonProfiledCodeHeapSize                  = 122909434                              {pd product} {ergonomic}
   size_t OldSize                                  = 70254592                                  {product} {ergonomic}
    uintx ProfiledCodeHeapSize                     = 122909434                              {pd product} {ergonomic}
    uintx ReservedCodeCacheSize                    = 251658240                              {pd product} {ergonomic}
     bool SegmentedCodeCache                       = true                                      {product} {ergonomic}
   size_t SoftMaxHeapSize                          = 2147483648                             {manageable} {ergonomic}
     bool UseCompressedOops                        = true                           {product lp64_product} {ergonomic}
     bool UseLargePagesIndividualAllocation        = false                                  {pd product} {ergonomic}
     bool UseParallelGC                            = true                                      {product} {command line}

Logging:
Log output configuration:
 #0: stdout all=off uptime,level,tags foldmultilines=false
 #1: stderr all=off uptime,level,tags foldmultilines=false

Release file:
JAVA_VERSION="21.0.11" 
MODULES="java.base java.compiler java.datatransfer java.xml java.prefs java.desktop java.instrument java.logging java.management java.security.sasl java.naming java.rmi java.management.rmi java.net.http java.scripting java.security.jgss java.transaction.xa java.sql java.sql.rowset java.xml.crypto java.se java.smartcardio jdk.accessibility jdk.internal.jvmstat jdk.attach jdk.charsets jdk.internal.opt jdk.zipfs jdk.compiler jdk.crypto.ec jdk.crypto.cryptoki jdk.crypto.mscapi jdk.dynalink jdk.internal.ed jdk.editpad jdk.hotspot.agent jdk.httpserver jdk.internal.le jdk.internal.vm.ci jdk.internal.vm.compiler jdk.internal.vm.compiler.management jdk.jartool jdk.javadoc jdk.jcmd jdk.management jdk.management.agent jdk.jconsole jdk.jdeps jdk.jdwp.agent jdk.jdi jdk.jfr jdk.jshell jdk.jsobject jdk.jstatd jdk.localedata jdk.management.jfr jdk.naming.dns jdk.naming.rmi jdk.net jdk.nio.mapmode jdk.random jdk.sctp jdk.security.auth jdk.security.jgss jdk.unsupported jdk.unsupported.desktop jdk.xml.dom" 

Environment Variables:
PATH=C:\Program Files\Common Files\Oracle\Java\javapath;C:\WINDOWS\system32;C:\WINDOWS;C:\WINDOWS\System32\Wbem;C:\WINDOWS\System32\WindowsPowerShell\v1.0\;C:\WINDOWS\System32\OpenSSH\;C:\Program Files\nodejs\;C:\Program Files\Git\cmd;C:\Users\Administrator\AppData\Local\Programs\Python\Python313\Scripts\;C:\Users\Administrator\AppData\Local\Programs\Python\Python313\;C:\Users\Administrator\AppData\Local\Programs\Python\Launcher\;C:\Users\Administrator\AppData\Local\Microsoft\WindowsApps;C:\Users\Administrator\AppData\Local\Programs\Microsoft VS Code\bin;C:\Users\Administrator\AppData\Local\GitHubDesktop\bin;C:\Users\Administrator\AppData\Roaming\npm;C:\Users\Administrator\AppData\Local\Programs\Antigravity\bin
USERNAME=Administrator
OS=Windows_NT
PROCESSOR_IDENTIFIER=AMD64 Family 25 Model 80 Stepping 0, AuthenticAMD
TMP=C:\Users\ADMINI~1\AppData\Local\Temp
TEMP=C:\Users\ADMINI~1\AppData\Local\Temp




Periodic native trim disabled

---------------  S Y S T E M  ---------------

OS:
 Windows 11 , 64 bit Build 26100 (10.0.26100.8875)
OS uptime: 0 days 6:06 hours
Hyper-V role detected

CPU: total 12 (initial active 12) (12 cores per cpu, 2 threads per core) family 25 model 80 stepping 0 microcode 0xa500014, cx8, cmov, fxsr, ht, mmx, 3dnowpref, sse, sse2, sse3, ssse3, sse4a, sse4.1, sse4.2, popcnt, lzcnt, tsc, tscinvbit, avx, avx2, aes, erms, clmul, bmi1, bmi2, adx, sha, fma, vzeroupper, clflush, clflushopt, hv, rdtscp, rdpid, fsrm, f16c, cet_ss
Processor Information for processor 0
  Max Mhz: 2301, Current Mhz: 2301, Mhz Limit: 2301
Processor Information for processor 1
  Max Mhz: 2301, Current Mhz: 1990, Mhz Limit: 2301
Processor Information for processor 2
  Max Mhz: 2301, Current Mhz: 1990, Mhz Limit: 2301
Processor Information for processor 3
  Max Mhz: 2301, Current Mhz: 2301, Mhz Limit: 2301
Processor Information for processor 4
  Max Mhz: 2301, Current Mhz: 1990, Mhz Limit: 2301
Processor Information for processor 5
  Max Mhz: 2301, Current Mhz: 2301, Mhz Limit: 2301
Processor Information for processor 6
  Max Mhz: 2301, Current Mhz: 1990, Mhz Limit: 2301
Processor Information for processor 7
  Max Mhz: 2301, Current Mhz: 2301, Mhz Limit: 2301
Processor Information for processor 8
  Max Mhz: 2301, Current Mhz: 2301, Mhz Limit: 2301
Processor Information for processor 9
  Max Mhz: 2301, Current Mhz: 1990, Mhz Limit: 2301
Processor Information for processor 10
  Max Mhz: 2301, Current Mhz: 1990, Mhz Limit: 2301
Processor Information for processor 11
  Max Mhz: 2301, Current Mhz: 2301, Mhz Limit: 2301

Memory: 4k page, system-wide physical 15681M (3217M free)
TotalPageFile size 46088M (AvailPageFile size 100M)
current process WorkingSet (physical memory assigned to process): 362M, peak: 388M
current process commit charge ("private bytes"): 442M, peak: 478M

vm_info: OpenJDK 64-Bit Server VM (21.0.11+10-LTS) for windows-amd64 JRE (21.0.11+10-LTS), built on 2026-04-21T00:00:00Z by "admin" with MS VC++ 17.12 (VS2022)

END.
