#
# There is insufficient memory for the Java Runtime Environment to continue.
# Native memory allocation (malloc) failed to allocate 2310720 bytes. Error detail: Chunk::new
# Possible reasons:
#   The system is out of physical RAM or swap space
#   This process is running with CompressedOops enabled, and the Java Heap may be blocking the growth of the native heap
# Possible solutions:
#   Reduce memory load on the system
#   Increase physical memory or swap space
#   Check if swap backing store is full
#   Decrease Java heap size (-Xmx/-Xms)
#   Decrease number of Java threads
#   Decrease Java thread stack sizes (-Xss)
#   Set larger code cache with -XX:ReservedCodeCacheSize=
#   JVM is running with Unscaled Compressed Oops mode in which the Java heap is
#     placed in the first 4GB address space. The Java Heap base address is the
#     maximum limit for the native heap growth. Please use -XX:HeapBaseMinAddress
#     to set the Java Heap base and to place the Java Heap above 4GB virtual address.
# This output file may be truncated or incomplete.
#
#  Out of Memory Error (arena.cpp:168), pid=27876, tid=14780
#
# JRE version: OpenJDK Runtime Environment Temurin-21.0.11+10 (21.0.11+10) (build 21.0.11+10-LTS)
# Java VM: OpenJDK 64-Bit Server VM Temurin-21.0.11+10 (21.0.11+10-LTS, mixed mode, sharing, tiered, compressed oops, compressed class ptrs, parallel gc, windows-amd64)
# No core dump will be written. Minidumps are not enabled by default on client versions of Windows
#

---------------  S U M M A R Y ------------

Command Line: --add-modules=ALL-SYSTEM --add-opens=java.base/java.util=ALL-UNNAMED --add-opens=java.base/java.lang=ALL-UNNAMED --add-opens=java.base/sun.nio.fs=ALL-UNNAMED -Declipse.application=org.eclipse.jdt.ls.core.id1 -Dosgi.bundles.defaultStartLevel=4 -Declipse.product=org.eclipse.jdt.ls.core.product -Djava.import.generatesMetadataFilesAtProjectRoot=false -DDetectVMInstallationsJob.disabled=true -Dfile.encoding=utf8 -XX:+UseParallelGC -XX:GCTimeRatio=4 -XX:AdaptiveSizePolicyWeight=90 -Dsun.zip.disableMemoryMapping=true -Xmx2G -Xms100m -Xlog:disable -javaagent:c:\Users\Administrator\.vscode\extensions\redhat.java-1.55.0-win32-x64\lombok\lombok-1.18.39-4050.jar -XX:+HeapDumpOnOutOfMemoryError -XX:HeapDumpPath=c:\Users\Administrator\AppData\Roaming\Code\User\workspaceStorage\47d38d0315a5049dedd72c8bc73d439b\redhat.java -Daether.dependencyCollector.impl=bf c:\Users\Administrator\.vscode\extensions\redhat.java-1.55.0-win32-x64\server\plugins\org.eclipse.equinox.launcher_1.7.200.v20260619-2039.jar -configuration c:\Users\Administrator\AppData\Roaming\Code\User\globalStorage\redhat.java\1.55.0\config_win -data c:\Users\Administrator\AppData\Roaming\Code\User\workspaceStorage\47d38d0315a5049dedd72c8bc73d439b\redhat.java\jdt_ws --pipe=\\.\pipe\lsp-fd45dd199409565ed4af99eb062d22c6-sock

Host: AMD Ryzen 5 PRO 5650U with Radeon Graphics     , 12 cores, 15G,  Windows 11 , 64 bit Build 26100 (10.0.26100.8875)
Time: Thu Aug  6 13:25:16 2026 E. Africa Standard Time elapsed time: 9.570008 seconds (0d 0h 0m 9s)

---------------  T H R E A D  ---------------

Current thread (0x0000025be5018f60):  JavaThread "C2 CompilerThread0" daemon [_thread_in_native, id=14780, stack(0x0000008f50000000,0x0000008f50100000) (1024K)]


Current CompileTask:
C2:9570 8972       4       org.eclipse.jdt.internal.compiler.lookup.BinaryTypeBinding::createMethod (1666 bytes)

Stack: [0x0000008f50000000,0x0000008f50100000]
Native frames: (J=compiled Java code, j=interpreted, Vv=VM code, C=native code)
V  [jvm.dll+0x6d7e19]
V  [jvm.dll+0x8b5096]
V  [jvm.dll+0x8b764e]
V  [jvm.dll+0x8b7d33]
V  [jvm.dll+0x284596]
V  [jvm.dll+0xc685d]
V  [jvm.dll+0xc6da1]
V  [jvm.dll+0x3bed6b]
V  [jvm.dll+0x38b2b2]
V  [jvm.dll+0x38a6fa]
V  [jvm.dll+0x24c700]
V  [jvm.dll+0x24bce0]
V  [jvm.dll+0x1cb4ae]
V  [jvm.dll+0x25baad]
V  [jvm.dll+0x25a03a]
V  [jvm.dll+0x3f868e]
V  [jvm.dll+0x85fb0d]
V  [jvm.dll+0x6d664d]
C  [ucrtbase.dll+0x2cd30]
C  [KERNEL32.DLL+0x2e957]
C  [ntdll.dll+0xaad6c]


---------------  P R O C E S S  ---------------

Threads class SMR info:
_java_thread_list=0x0000025be89fae20, length=78, elements={
0x0000025bc843bf70, 0x0000025bdeeedf30, 0x0000025be50033b0, 0x0000025be5008fa0,
0x0000025be5009cc0, 0x0000025be5009630, 0x0000025be500a9e0, 0x0000025be5018f60,
0x0000025be501ff90, 0x0000025be500a350, 0x0000025be500b070, 0x0000025be5007bf0,
0x0000025be5008910, 0x0000025be5c1d510, 0x0000025be5c1ef50, 0x0000025be5c1c7f0,
0x0000025be5c1bad0, 0x0000025be5f3ead0, 0x0000025be5f3f180, 0x0000025be5c1f5e0,
0x0000025be5c1e230, 0x0000025be5c1e8c0, 0x0000025be5c20300, 0x0000025be5c20990,
0x0000025be5c21020, 0x0000025be5c216b0, 0x0000025be5c22a60, 0x0000025be5c21d40,
0x0000025be5c223d0, 0x0000025be5c230f0, 0x0000025be8d2f630, 0x0000025be8d2e910,
0x0000025be8d31070, 0x0000025be8d309e0, 0x0000025be8d30350, 0x0000025be8d2efa0,
0x0000025be8d2fcc0, 0x0000025be8d31700, 0x0000025be8d2e280, 0x0000025be8d32ab0,
0x0000025be8d344f0, 0x0000025be8d33e60, 0x0000025be8d31d90, 0x0000025be8d33140,
0x0000025be8d34b80, 0x0000025be8d35210, 0x0000025be8d358a0, 0x0000025be8d32420,
0x0000025be8d337d0, 0x0000025be8545860, 0x0000025be85444b0, 0x0000025be8544b40,
0x0000025be85451d0, 0x0000025be8543e20, 0x0000025be8545ef0, 0x0000025be8549a00,
0x0000025be8547930, 0x0000025be8548650, 0x0000025be8547fc0, 0x0000025be8549370,
0x0000025be8546580, 0x0000025be854a090, 0x0000025be8546c10, 0x0000025be854a720,
0x0000025be854adb0, 0x0000025be854b440, 0x0000025be7a701e0, 0x0000025be7a6e7a0,
0x0000025be7a70870, 0x0000025be7a70f00, 0x0000025be7a71590, 0x0000025be7a6fb50,
0x0000025be7a71c20, 0x0000025be7a722b0, 0x0000025be7a6ee30, 0x0000025be7a73660,
0x0000025be7a72940, 0x0000025be7a72fd0
}

Java Threads: ( => current thread )
  0x0000025bc843bf70 JavaThread "main"                              [_thread_blocked, id=17716, stack(0x0000008f4f600000,0x0000008f4f700000) (1024K)]
  0x0000025bdeeedf30 JavaThread "Reference Handler"          daemon [_thread_blocked, id=24216, stack(0x0000008f4fa00000,0x0000008f4fb00000) (1024K)]
  0x0000025be50033b0 JavaThread "Finalizer"                  daemon [_thread_blocked, id=5900, stack(0x0000008f4fb00000,0x0000008f4fc00000) (1024K)]
  0x0000025be5008fa0 JavaThread "Signal Dispatcher"          daemon [_thread_blocked, id=10624, stack(0x0000008f4fc00000,0x0000008f4fd00000) (1024K)]
  0x0000025be5009cc0 JavaThread "Attach Listener"            daemon [_thread_blocked, id=16216, stack(0x0000008f4fd00000,0x0000008f4fe00000) (1024K)]
  0x0000025be5009630 JavaThread "Service Thread"             daemon [_thread_blocked, id=19228, stack(0x0000008f4fe00000,0x0000008f4ff00000) (1024K)]
  0x0000025be500a9e0 JavaThread "Monitor Deflation Thread"   daemon [_thread_blocked, id=21424, stack(0x0000008f4ff00000,0x0000008f50000000) (1024K)]
=>0x0000025be5018f60 JavaThread "C2 CompilerThread0"         daemon [_thread_in_native, id=14780, stack(0x0000008f50000000,0x0000008f50100000) (1024K)]
  0x0000025be501ff90 JavaThread "C1 CompilerThread0"         daemon [_thread_blocked, id=400, stack(0x0000008f50100000,0x0000008f50200000) (1024K)]
  0x0000025be500a350 JavaThread "Common-Cleaner"             daemon [_thread_blocked, id=18584, stack(0x0000008f50300000,0x0000008f50400000) (1024K)]
  0x0000025be500b070 JavaThread "Notification Thread"        daemon [_thread_blocked, id=26884, stack(0x0000008f50400000,0x0000008f50500000) (1024K)]
  0x0000025be5007bf0 JavaThread "Active Thread: Equinox Container: ec00b4e2-834a-4c3a-a86c-91d4d7a3c75d"        [_thread_blocked, id=25988, stack(0x0000008f50c00000,0x0000008f50d00000) (1024K)]
  0x0000025be5008910 JavaThread "Refresh Thread: Equinox Container: ec00b4e2-834a-4c3a-a86c-91d4d7a3c75d" daemon [_thread_blocked, id=18188, stack(0x0000008f50e00000,0x0000008f50f00000) (1024K)]
  0x0000025be5c1d510 JavaThread "Framework Event Dispatcher: Equinox Container: ec00b4e2-834a-4c3a-a86c-91d4d7a3c75d" daemon [_thread_blocked, id=3388, stack(0x0000008f50f00000,0x0000008f51000000) (1024K)]
  0x0000025be5c1ef50 JavaThread "Start Level: Equinox Container: ec00b4e2-834a-4c3a-a86c-91d4d7a3c75d" daemon [_thread_blocked, id=20956, stack(0x0000008f51000000,0x0000008f51100000) (1024K)]
  0x0000025be5c1c7f0 JavaThread "Bundle File Closer"         daemon [_thread_blocked, id=27996, stack(0x0000008f51300000,0x0000008f51400000) (1024K)]
  0x0000025be5c1bad0 JavaThread "SCR Component Actor"        daemon [_thread_blocked, id=27912, stack(0x0000008f50200000,0x0000008f50300000) (1024K)]
  0x0000025be5f3ead0 JavaThread "C2 CompilerThread1"         daemon [_thread_in_native, id=3964, stack(0x0000008f50500000,0x0000008f50600000) (1024K)]
  0x0000025be5f3f180 JavaThread "C2 CompilerThread2"         daemon [_thread_in_native, id=10200, stack(0x0000008f51400000,0x0000008f51500000) (1024K)]
  0x0000025be5c1f5e0 JavaThread "Worker-JM"                         [_thread_blocked, id=8684, stack(0x0000008f51500000,0x0000008f51600000) (1024K)]
  0x0000025be5c1e230 JavaThread "JNA Cleaner"                daemon [_thread_blocked, id=24148, stack(0x0000008f51600000,0x0000008f51700000) (1024K)]
  0x0000025be5c1e8c0 JavaThread "Worker-0"                          [_thread_blocked, id=21588, stack(0x0000008f51700000,0x0000008f51800000) (1024K)]
  0x0000025be5c20300 JavaThread "Worker-1: Building"                [_thread_in_Java, id=21564, stack(0x0000008f51800000,0x0000008f51900000) (1024K)]
  0x0000025be5c20990 JavaThread "Worker-2"                          [_thread_blocked, id=2680, stack(0x0000008f51900000,0x0000008f51a00000) (1024K)]
  0x0000025be5c21020 JavaThread "Java indexing"              daemon [_thread_blocked, id=24348, stack(0x0000008f51a00000,0x0000008f51b00000) (1024K)]
  0x0000025be5c216b0 JavaThread "Worker-3"                          [_thread_blocked, id=12144, stack(0x0000008f51b00000,0x0000008f51c00000) (1024K)]
  0x0000025be5c22a60 JavaThread "Thread-1"                   daemon [_thread_in_native, id=24040, stack(0x0000008f51f00000,0x0000008f52000000) (1024K)]
  0x0000025be5c21d40 JavaThread "Thread-2"                   daemon [_thread_in_native, id=19816, stack(0x0000008f52000000,0x0000008f52100000) (1024K)]
  0x0000025be5c223d0 JavaThread "Thread-3"                   daemon [_thread_in_native, id=22580, stack(0x0000008f52100000,0x0000008f52200000) (1024K)]
  0x0000025be5c230f0 JavaThread "Thread-4"                   daemon [_thread_in_native, id=7332, stack(0x0000008f52200000,0x0000008f52300000) (1024K)]
  0x0000025be8d2f630 JavaThread "Thread-5"                   daemon [_thread_in_native, id=19728, stack(0x0000008f52300000,0x0000008f52400000) (1024K)]
  0x0000025be8d2e910 JavaThread "Thread-6"                   daemon [_thread_in_native, id=15976, stack(0x0000008f52400000,0x0000008f52500000) (1024K)]
  0x0000025be8d31070 JavaThread "Thread-7"                   daemon [_thread_in_native, id=18376, stack(0x0000008f52500000,0x0000008f52600000) (1024K)]
  0x0000025be8d309e0 JavaThread "Thread-8"                   daemon [_thread_in_native, id=7260, stack(0x0000008f52600000,0x0000008f52700000) (1024K)]
  0x0000025be8d30350 JavaThread "Thread-9"                   daemon [_thread_in_native, id=8240, stack(0x0000008f52700000,0x0000008f52800000) (1024K)]
  0x0000025be8d2efa0 JavaThread "Thread-10"                  daemon [_thread_in_native, id=20040, stack(0x0000008f52800000,0x0000008f52900000) (1024K)]
  0x0000025be8d2fcc0 JavaThread "Thread-11"                  daemon [_thread_in_native, id=25080, stack(0x0000008f52900000,0x0000008f52a00000) (1024K)]
  0x0000025be8d31700 JavaThread "Thread-12"                  daemon [_thread_in_native, id=11308, stack(0x0000008f52a00000,0x0000008f52b00000) (1024K)]
  0x0000025be8d2e280 JavaThread "Thread-13"                  daemon [_thread_in_native, id=11732, stack(0x0000008f52b00000,0x0000008f52c00000) (1024K)]
  0x0000025be8d32ab0 JavaThread "pool-2-thread-1"                   [_thread_blocked, id=24208, stack(0x0000008f52c00000,0x0000008f52d00000) (1024K)]
  0x0000025be8d344f0 JavaThread "Worker-4"                          [_thread_blocked, id=22776, stack(0x0000008f52d00000,0x0000008f52e00000) (1024K)]
  0x0000025be8d33e60 JavaThread "WorkspaceEventsHandler"            [_thread_blocked, id=13044, stack(0x0000008f52e00000,0x0000008f52f00000) (1024K)]
  0x0000025be8d31d90 JavaThread "pool-1-thread-1"                   [_thread_blocked, id=8220, stack(0x0000008f52f00000,0x0000008f53000000) (1024K)]
  0x0000025be8d33140 JavaThread "PatternSearchJob-worker-1"  daemon [_thread_blocked, id=15816, stack(0x0000008f53000000,0x0000008f53100000) (1024K)]
  0x0000025be8d34b80 JavaThread "PatternSearchJob-worker-2"  daemon [_thread_blocked, id=29668, stack(0x0000008f53100000,0x0000008f53200000) (1024K)]
  0x0000025be8d35210 JavaThread "PatternSearchJob-worker-3"  daemon [_thread_blocked, id=6456, stack(0x0000008f53200000,0x0000008f53300000) (1024K)]
  0x0000025be8d358a0 JavaThread "PatternSearchJob-worker-4"  daemon [_thread_blocked, id=18756, stack(0x0000008f53300000,0x0000008f53400000) (1024K)]
  0x0000025be8d32420 JavaThread "PatternSearchJob-worker-5"  daemon [_thread_blocked, id=28544, stack(0x0000008f53400000,0x0000008f53500000) (1024K)]
  0x0000025be8d337d0 JavaThread "PatternSearchJob-worker-6"  daemon [_thread_blocked, id=16084, stack(0x0000008f53500000,0x0000008f53600000) (1024K)]
  0x0000025be8545860 JavaThread "PatternSearchJob-worker-7"  daemon [_thread_blocked, id=21188, stack(0x0000008f53600000,0x0000008f53700000) (1024K)]
  0x0000025be85444b0 JavaThread "PatternSearchJob-worker-8"  daemon [_thread_blocked, id=23240, stack(0x0000008f53700000,0x0000008f53800000) (1024K)]
  0x0000025be8544b40 JavaThread "PatternSearchJob-worker-9"  daemon [_thread_blocked, id=23916, stack(0x0000008f53800000,0x0000008f53900000) (1024K)]
  0x0000025be85451d0 JavaThread "PatternSearchJob-worker-10" daemon [_thread_blocked, id=30092, stack(0x0000008f53900000,0x0000008f53a00000) (1024K)]
  0x0000025be8543e20 JavaThread "PatternSearchJob-worker-11" daemon [_thread_blocked, id=28272, stack(0x0000008f53a00000,0x0000008f53b00000) (1024K)]
  0x0000025be8545ef0 JavaThread "LocalFile Deleter"          daemon [_thread_blocked, id=3172, stack(0x0000008f53b00000,0x0000008f53c00000) (1024K)]
  0x0000025be8549a00 JavaThread "LocalFile Deleter"          daemon [_thread_blocked, id=12576, stack(0x0000008f53c00000,0x0000008f53d00000) (1024K)]
  0x0000025be8547930 JavaThread "LocalFile Deleter"          daemon [_thread_blocked, id=15432, stack(0x0000008f53d00000,0x0000008f53e00000) (1024K)]
  0x0000025be8548650 JavaThread "LocalFile Deleter"          daemon [_thread_blocked, id=24228, stack(0x0000008f53e00000,0x0000008f53f00000) (1024K)]
  0x0000025be8547fc0 JavaThread "LocalFile Deleter"          daemon [_thread_blocked, id=21804, stack(0x0000008f53f00000,0x0000008f54000000) (1024K)]
  0x0000025be8549370 JavaThread "LocalFile Deleter"          daemon [_thread_blocked, id=16528, stack(0x0000008f54000000,0x0000008f54100000) (1024K)]
  0x0000025be8546580 JavaThread "LocalFile Deleter"          daemon [_thread_blocked, id=19200, stack(0x0000008f54100000,0x0000008f54200000) (1024K)]
  0x0000025be854a090 JavaThread "LocalFile Deleter"          daemon [_thread_blocked, id=13400, stack(0x0000008f54200000,0x0000008f54300000) (1024K)]
  0x0000025be8546c10 JavaThread "LocalFile Deleter"          daemon [_thread_blocked, id=9964, stack(0x0000008f54300000,0x0000008f54400000) (1024K)]
  0x0000025be854a720 JavaThread "LocalFile Deleter"          daemon [_thread_blocked, id=28188, stack(0x0000008f54400000,0x0000008f54500000) (1024K)]
  0x0000025be854adb0 JavaThread "LocalFile Deleter"          daemon [_thread_blocked, id=9020, stack(0x0000008f54500000,0x0000008f54600000) (1024K)]
  0x0000025be854b440 JavaThread "LocalFile Deleter"          daemon [_thread_blocked, id=26892, stack(0x0000008f54600000,0x0000008f54700000) (1024K)]
  0x0000025be7a701e0 JavaThread "Compiler Source File Reader" daemon [_thread_blocked, id=8204, stack(0x0000008f54700000,0x0000008f54800000) (1024K)]
  0x0000025be7a6e7a0 JavaThread "Compiler Source File Reader" daemon [_thread_blocked, id=20932, stack(0x0000008f54800000,0x0000008f54900000) (1024K)]
  0x0000025be7a70870 JavaThread "Compiler Source File Reader" daemon [_thread_blocked, id=27904, stack(0x0000008f54900000,0x0000008f54a00000) (1024K)]
  0x0000025be7a70f00 JavaThread "Compiler Source File Reader" daemon [_thread_blocked, id=5048, stack(0x0000008f54a00000,0x0000008f54b00000) (1024K)]
  0x0000025be7a71590 JavaThread "Compiler Source File Reader" daemon [_thread_blocked, id=22660, stack(0x0000008f54b00000,0x0000008f54c00000) (1024K)]
  0x0000025be7a6fb50 JavaThread "Compiler Source File Reader" daemon [_thread_blocked, id=22168, stack(0x0000008f54c00000,0x0000008f54d00000) (1024K)]
  0x0000025be7a71c20 JavaThread "Compiler Source File Reader" daemon [_thread_blocked, id=7960, stack(0x0000008f54d00000,0x0000008f54e00000) (1024K)]
  0x0000025be7a722b0 JavaThread "Compiler Source File Reader" daemon [_thread_blocked, id=3984, stack(0x0000008f54e00000,0x0000008f54f00000) (1024K)]
  0x0000025be7a6ee30 JavaThread "Compiler Source File Reader" daemon [_thread_blocked, id=1688, stack(0x0000008f54f00000,0x0000008f55000000) (1024K)]
  0x0000025be7a73660 JavaThread "Compiler Source File Reader" daemon [_thread_blocked, id=11756, stack(0x0000008f55000000,0x0000008f55100000) (1024K)]
  0x0000025be7a72940 JavaThread "Compiler Processing Task"   daemon [_thread_in_vm, id=12844, stack(0x0000008f55100000,0x0000008f55200000) (1024K)]
  0x0000025be7a72fd0 JavaThread "Compiler Class File Writer" daemon [_thread_blocked, id=5316, stack(0x0000008f55200000,0x0000008f55300000) (1024K)]
Total: 78

Other Threads:
  0x0000025bc84fea40 VMThread "VM Thread"                           [id=17244, stack(0x0000008f4f900000,0x0000008f4fa00000) (1024K)]
  0x0000025bdedcca00 WatcherThread "VM Periodic Task Thread"        [id=5068, stack(0x0000008f4f800000,0x0000008f4f900000) (1024K)]
  0x0000025bc84598a0 WorkerThread "GC Thread#0"                     [id=15600, stack(0x0000008f4f700000,0x0000008f4f800000) (1024K)]
  0x0000025be58f2e20 WorkerThread "GC Thread#1"                     [id=13840, stack(0x0000008f50600000,0x0000008f50700000) (1024K)]
  0x0000025be58f1f60 WorkerThread "GC Thread#2"                     [id=4140, stack(0x0000008f50700000,0x0000008f50800000) (1024K)]
  0x0000025be58f3930 WorkerThread "GC Thread#3"                     [id=11908, stack(0x0000008f50800000,0x0000008f50900000) (1024K)]
  0x0000025be58f31d0 WorkerThread "GC Thread#4"                     [id=26480, stack(0x0000008f50900000,0x0000008f50a00000) (1024K)]
  0x0000025be58f26c0 WorkerThread "GC Thread#5"                     [id=25736, stack(0x0000008f50a00000,0x0000008f50b00000) (1024K)]
  0x0000025be58f2310 WorkerThread "GC Thread#6"                     [id=29208, stack(0x0000008f50b00000,0x0000008f50c00000) (1024K)]
  0x0000025be5d8b460 WorkerThread "GC Thread#7"                     [id=6688, stack(0x0000008f50d00000,0x0000008f50e00000) (1024K)]
  0x0000025be5d8d1e0 WorkerThread "GC Thread#8"                     [id=11616, stack(0x0000008f51100000,0x0000008f51200000) (1024K)]
  0x0000025be5d8b0b0 WorkerThread "GC Thread#9"                     [id=24648, stack(0x0000008f51200000,0x0000008f51300000) (1024K)]
Total: 12

Threads with active compile tasks:
C2 CompilerThread0  9610 8972       4       org.eclipse.jdt.internal.compiler.lookup.BinaryTypeBinding::createMethod (1666 bytes)
C1 CompilerThread0  9610 9446       3       org.eclipse.jdt.internal.compiler.codegen.StackMapFrameCodeStream::initializeMaxLocals (34 bytes)
C2 CompilerThread1  9610 9420       4       org.eclipse.jdt.internal.compiler.parser.Parser::consumeRule (7843 bytes)
C2 CompilerThread2  9610 9430   !   4       jdk.internal.reflect.DirectMethodHandleAccessor::invoke (92 bytes)
Total: 4

VM state: not at safepoint (normal execution)

VM Mutex/Monitor currently owned by a thread:  ([mutex/lock_event])
[0x00007ff9e21de070] MethodCompileQueue_lock - owner thread: 0x0000000000000000

Heap address: 0x0000000080000000, size: 2048 MB, Compressed Oops mode: 32-bit

CDS archive(s) mapped at: [0x0000025b80000000-0x0000025b80ba0000-0x0000025b80ba0000), size 12189696, SharedBaseAddress: 0x0000025b80000000, ArchiveRelocationMode: 1.
Compressed class space mapped at: 0x0000025b81000000-0x0000025bc1000000, reserved size: 1073741824
Narrow klass base: 0x0000025b80000000, Narrow klass shift: 0, Narrow klass range: 0x100000000

GC Precious Log:
 CardTable entry size: 512
 CPUs: 12 total, 12 available
 Memory: 15681M
 Large Page Support: Disabled
 NUMA Support: Disabled
 Compressed Oops: Enabled (32-bit)
 Alignments: Space 512K, Generation 512K, Heap 2M
 Heap Min Capacity: 100M
 Heap Initial Capacity: 100M
 Heap Max Capacity: 2G
 Pre-touch: Disabled
 Parallel Workers: 10

Heap:
 PSYoungGen      total 23040K, used 16279K [0x00000000d5580000, 0x00000000d7480000, 0x0000000100000000)
  eden space 20480K, 66% used [0x00000000d5580000,0x00000000d62e5ff0,0x00000000d6980000)
  from space 2560K, 99% used [0x00000000d6a00000,0x00000000d6c7fdf0,0x00000000d6c80000)
  to   space 5632K, 0% used [0x00000000d6f00000,0x00000000d6f00000,0x00000000d7480000)
 ParOldGen       total 68608K, used 61912K [0x0000000080000000, 0x0000000084300000, 0x00000000d5580000)
  object space 68608K, 90% used [0x0000000080000000,0x0000000083c76128,0x0000000084300000)
 Metaspace       used 57646K, committed 59008K, reserved 1114112K
  class space    used 6115K, committed 6784K, reserved 1048576K

Card table byte_map: [0x0000025bc7de0000,0x0000025bc81f0000] _byte_map_base: 0x0000025bc79e0000

Marking Bits: (ParMarkBitMap*) 0x00007ff9e21e4460
 Begin Bits: [0x0000025bda8f0000, 0x0000025bdc8f0000)
 End Bits:   [0x0000025bdc8f0000, 0x0000025bde8f0000)

Polling page: 0x0000025bc6690000

Metaspace:

Usage:
  Non-class:     50.32 MB used.
      Class:      5.97 MB used.
       Both:     56.30 MB used.

Virtual space:
  Non-class space:       64.00 MB reserved,      51.00 MB ( 80%) committed,  1 nodes.
      Class space:        1.00 GB reserved,       6.62 MB ( <1%) committed,  1 nodes.
             Both:        1.06 GB reserved,      57.62 MB (  5%) committed. 

Chunk freelists:
   Non-Class:  12.31 MB
       Class:  9.32 MB
        Both:  21.63 MB

MaxMetaspaceSize: unlimited
CompressedClassSpaceSize: 1.00 GB
Initial GC threshold: 21.00 MB
Current GC threshold: 58.38 MB
CDS: on
 - commit_granule_bytes: 65536.
 - commit_granule_words: 8192.
 - virtual_space_node_default_size: 8388608.
 - enlarge_chunks_in_place: 1.
 - use_allocation_guard: 0.


Internal statistics:

num_allocs_failed_limit: 8.
num_arena_births: 1124.
num_arena_deaths: 14.
num_vsnodes_births: 2.
num_vsnodes_deaths: 0.
num_space_committed: 922.
num_space_uncommitted: 0.
num_chunks_returned_to_freelist: 22.
num_chunks_taken_from_freelist: 3851.
num_chunk_merges: 8.
num_chunk_splits: 2350.
num_chunks_enlarged: 1300.
num_inconsistent_stats: 0.

CodeHeap 'non-profiled nmethods': size=120000Kb used=4879Kb max_used=4879Kb free=115120Kb
 bounds [0x0000025bd3110000, 0x0000025bd35e0000, 0x0000025bda640000]
CodeHeap 'profiled nmethods': size=120000Kb used=20714Kb max_used=20714Kb free=99285Kb
 bounds [0x0000025bcb640000, 0x0000025bcca80000, 0x0000025bd2b70000]
CodeHeap 'non-nmethods': size=5760Kb used=1417Kb max_used=1477Kb free=4342Kb
 bounds [0x0000025bd2b70000, 0x0000025bd2de0000, 0x0000025bd3110000]
CodeCache: size=245760Kb, used=27010Kb, max_used=27070Kb, free=218747Kb
 total_blobs=9548, nmethods=8837, adapters=615, full_count=0
Compilation: enabled, stopped_count=0, restarted_count=0

Compilation events (20 events):
Event: 9.462 Thread 0x0000025be5f3ead0 nmethod 9334 0x0000025bd35c6d90 code [0x0000025bd35c6f20, 0x0000025bd35c7140]
Event: 9.462 Thread 0x0000025be5f3ead0 9281       4       org.eclipse.jdt.internal.core.builder.ReferenceCollection::internSimpleNames (278 bytes)
Event: 9.471 Thread 0x0000025be501ff90 nmethod 9377 0x0000025bcca39190 code [0x0000025bcca39e60, 0x0000025bcca41998]
Event: 9.471 Thread 0x0000025be501ff90 9379       3       org.eclipse.jdt.internal.compiler.env.ITypeAnnotationWalker$1::toSupertype (2 bytes)
Event: 9.471 Thread 0x0000025be501ff90 nmethod 9379 0x0000025bcca44a10 code [0x0000025bcca44ba0, 0x0000025bcca44cb0]
Event: 9.471 Thread 0x0000025be501ff90 9378       3       org.eclipse.jdt.internal.compiler.classfmt.TypeAnnotationWalker::toNextNestedType (6 bytes)
Event: 9.472 Thread 0x0000025be501ff90 nmethod 9378 0x0000025bcca44d90 code [0x0000025bcca44f40, 0x0000025bcca45118]
Event: 9.472 Thread 0x0000025be501ff90 9380       3       org.eclipse.jdt.internal.compiler.lookup.FieldBinding::isVolatile (14 bytes)
Event: 9.472 Thread 0x0000025be501ff90 nmethod 9380 0x0000025bcca45210 code [0x0000025bcca453c0, 0x0000025bcca45538]
Event: 9.473 Thread 0x0000025be501ff90 9381       3       org.eclipse.jdt.internal.compiler.lookup.Scope::findMethod (100 bytes)
Event: 9.474 Thread 0x0000025be501ff90 nmethod 9381 0x0000025bcca45610 code [0x0000025bcca45860, 0x0000025bcca46320]
Event: 9.474 Thread 0x0000025be501ff90 9382       3       org.eclipse.jdt.internal.compiler.lookup.BinaryTypeBinding::getMemberType (170 bytes)
Event: 9.475 Thread 0x0000025be501ff90 nmethod 9382 0x0000025bcca46690 code [0x0000025bcca46940, 0x0000025bcca47648]
Event: 9.475 Thread 0x0000025be501ff90 9383       3       org.eclipse.jdt.internal.compiler.lookup.BinaryTypeBinding::maybeSortedMemberTypes (55 bytes)
Event: 9.476 Thread 0x0000025be501ff90 nmethod 9383 0x0000025bcca47b10 code [0x0000025bcca47ce0, 0x0000025bcca47f78]
Event: 9.479 Thread 0x0000025be501ff90 9384       3       org.eclipse.jdt.internal.compiler.ast.NullAnnotationMatching::checkAssignment (482 bytes)
Event: 9.481 Thread 0x0000025be501ff90 nmethod 9384 0x0000025bcca48090 code [0x0000025bcca48460, 0x0000025bcca4a268]
Event: 9.481 Thread 0x0000025be501ff90 9387       3       org.eclipse.jdt.internal.compiler.ast.Expression::checkNPE (141 bytes)
Event: 9.481 Thread 0x0000025be501ff90 nmethod 9387 0x0000025bcca4ac90 code [0x0000025bcca4aee0, 0x0000025bcca4b918]
Event: 9.482 Thread 0x0000025be501ff90 9388       3       org.eclipse.jdt.internal.compiler.codegen.StackMapFrameCodeStream::removeNotDefinitelyAssignedVariables (116 bytes)

GC Heap History (20 events):
Event: 6.706 GC heap before
{Heap before GC invocations=26 (full 2):
 PSYoungGen      total 24576K, used 22656K [0x00000000d5580000, 0x00000000d7400000, 0x0000000100000000)
  eden space 20992K, 100% used [0x00000000d5580000,0x00000000d6a00000,0x00000000d6a00000)
  from space 3584K, 46% used [0x00000000d6e00000,0x00000000d6fa0000,0x00000000d7180000)
  to   space 2560K, 0% used [0x00000000d7180000,0x00000000d7180000,0x00000000d7400000)
 ParOldGen       total 68608K, used 45902K [0x0000000080000000, 0x0000000084300000, 0x00000000d5580000)
  object space 68608K, 66% used [0x0000000080000000,0x0000000082cd3878,0x0000000084300000)
 Metaspace       used 42285K, committed 43584K, reserved 1114112K
  class space    used 4477K, committed 5056K, reserved 1048576K
}
Event: 6.709 GC heap after
{Heap after GC invocations=26 (full 2):
 PSYoungGen      total 23040K, used 1884K [0x00000000d5580000, 0x00000000d7380000, 0x0000000100000000)
  eden space 20992K, 0% used [0x00000000d5580000,0x00000000d5580000,0x00000000d6a00000)
  from space 2048K, 92% used [0x00000000d7180000,0x00000000d7357288,0x00000000d7380000)
  to   space 2048K, 0% used [0x00000000d6f80000,0x00000000d6f80000,0x00000000d7180000)
 ParOldGen       total 68608K, used 47358K [0x0000000080000000, 0x0000000084300000, 0x00000000d5580000)
  object space 68608K, 69% used [0x0000000080000000,0x0000000082e3fa78,0x0000000084300000)
 Metaspace       used 42285K, committed 43584K, reserved 1114112K
  class space    used 4477K, committed 5056K, reserved 1048576K
}
Event: 6.920 GC heap before
{Heap before GC invocations=27 (full 2):
 PSYoungGen      total 23040K, used 22876K [0x00000000d5580000, 0x00000000d7380000, 0x0000000100000000)
  eden space 20992K, 100% used [0x00000000d5580000,0x00000000d6a00000,0x00000000d6a00000)
  from space 2048K, 92% used [0x00000000d7180000,0x00000000d7357288,0x00000000d7380000)
  to   space 2048K, 0% used [0x00000000d6f80000,0x00000000d6f80000,0x00000000d7180000)
 ParOldGen       total 68608K, used 47358K [0x0000000080000000, 0x0000000084300000, 0x00000000d5580000)
  object space 68608K, 69% used [0x0000000080000000,0x0000000082e3fa78,0x0000000084300000)
 Metaspace       used 44597K, committed 45888K, reserved 1114112K
  class space    used 4766K, committed 5312K, reserved 1048576K
}
Event: 6.922 GC heap after
{Heap after GC invocations=27 (full 2):
 PSYoungGen      total 22016K, used 896K [0x00000000d5580000, 0x00000000d7200000, 0x0000000100000000)
  eden space 20992K, 0% used [0x00000000d5580000,0x00000000d5580000,0x00000000d6a00000)
  from space 1024K, 87% used [0x00000000d6f80000,0x00000000d7060000,0x00000000d7080000)
  to   space 1536K, 0% used [0x00000000d7080000,0x00000000d7080000,0x00000000d7200000)
 ParOldGen       total 68608K, used 48595K [0x0000000080000000, 0x0000000084300000, 0x00000000d5580000)
  object space 68608K, 70% used [0x0000000080000000,0x0000000082f74dd0,0x0000000084300000)
 Metaspace       used 44597K, committed 45888K, reserved 1114112K
  class space    used 4766K, committed 5312K, reserved 1048576K
}
Event: 7.247 GC heap before
{Heap before GC invocations=28 (full 2):
 PSYoungGen      total 22016K, used 21888K [0x00000000d5580000, 0x00000000d7200000, 0x0000000100000000)
  eden space 20992K, 100% used [0x00000000d5580000,0x00000000d6a00000,0x00000000d6a00000)
  from space 1024K, 87% used [0x00000000d6f80000,0x00000000d7060000,0x00000000d7080000)
  to   space 1536K, 0% used [0x00000000d7080000,0x00000000d7080000,0x00000000d7200000)
 ParOldGen       total 68608K, used 48595K [0x0000000080000000, 0x0000000084300000, 0x00000000d5580000)
  object space 68608K, 70% used [0x0000000080000000,0x0000000082f74dd0,0x0000000084300000)
 Metaspace       used 47022K, committed 48256K, reserved 1114112K
  class space    used 5093K, committed 5632K, reserved 1048576K
}
Event: 7.248 GC heap after
{Heap after GC invocations=28 (full 2):
 PSYoungGen      total 22528K, used 1472K [0x00000000d5580000, 0x00000000d7200000, 0x0000000100000000)
  eden space 20992K, 0% used [0x00000000d5580000,0x00000000d5580000,0x00000000d6a00000)
  from space 1536K, 95% used [0x00000000d7080000,0x00000000d71f0000,0x00000000d7200000)
  to   space 2048K, 0% used [0x00000000d6e00000,0x00000000d6e00000,0x00000000d7000000)
 ParOldGen       total 68608K, used 49303K [0x0000000080000000, 0x0000000084300000, 0x00000000d5580000)
  object space 68608K, 71% used [0x0000000080000000,0x0000000083025de0,0x0000000084300000)
 Metaspace       used 47022K, committed 48256K, reserved 1114112K
  class space    used 5093K, committed 5632K, reserved 1048576K
}
Event: 7.429 GC heap before
{Heap before GC invocations=29 (full 2):
 PSYoungGen      total 22528K, used 22450K [0x00000000d5580000, 0x00000000d7200000, 0x0000000100000000)
  eden space 20992K, 99% used [0x00000000d5580000,0x00000000d69fc830,0x00000000d6a00000)
  from space 1536K, 95% used [0x00000000d7080000,0x00000000d71f0000,0x00000000d7200000)
  to   space 2048K, 0% used [0x00000000d6e00000,0x00000000d6e00000,0x00000000d7000000)
 ParOldGen       total 68608K, used 49303K [0x0000000080000000, 0x0000000084300000, 0x00000000d5580000)
  object space 68608K, 71% used [0x0000000080000000,0x0000000083025de0,0x0000000084300000)
 Metaspace       used 49346K, committed 50624K, reserved 1114112K
  class space    used 5352K, committed 5888K, reserved 1048576K
}
Event: 7.432 GC heap after
{Heap after GC invocations=29 (full 2):
 PSYoungGen      total 22528K, used 1409K [0x00000000d5580000, 0x00000000d7100000, 0x0000000100000000)
  eden space 20992K, 0% used [0x00000000d5580000,0x00000000d5580000,0x00000000d6a00000)
  from space 1536K, 91% used [0x00000000d6e00000,0x00000000d6f60688,0x00000000d6f80000)
  to   space 1536K, 0% used [0x00000000d6f80000,0x00000000d6f80000,0x00000000d7100000)
 ParOldGen       total 68608K, used 50646K [0x0000000080000000, 0x0000000084300000, 0x00000000d5580000)
  object space 68608K, 73% used [0x0000000080000000,0x0000000083175b00,0x0000000084300000)
 Metaspace       used 49346K, committed 50624K, reserved 1114112K
  class space    used 5352K, committed 5888K, reserved 1048576K
}
Event: 7.730 GC heap before
{Heap before GC invocations=30 (full 2):
 PSYoungGen      total 22528K, used 22401K [0x00000000d5580000, 0x00000000d7100000, 0x0000000100000000)
  eden space 20992K, 100% used [0x00000000d5580000,0x00000000d6a00000,0x00000000d6a00000)
  from space 1536K, 91% used [0x00000000d6e00000,0x00000000d6f60688,0x00000000d6f80000)
  to   space 1536K, 0% used [0x00000000d6f80000,0x00000000d6f80000,0x00000000d7100000)
 ParOldGen       total 68608K, used 50646K [0x0000000080000000, 0x0000000084300000, 0x00000000d5580000)
  object space 68608K, 73% used [0x0000000080000000,0x0000000083175b00,0x0000000084300000)
 Metaspace       used 51432K, committed 52800K, reserved 1114112K
  class space    used 5605K, committed 6208K, reserved 1048576K
}
Event: 7.732 GC heap after
{Heap after GC invocations=30 (full 2):
 PSYoungGen      total 22016K, used 964K [0x00000000d5580000, 0x00000000d7080000, 0x0000000100000000)
  eden space 20992K, 0% used [0x00000000d5580000,0x00000000d5580000,0x00000000d6a00000)
  from space 1024K, 94% used [0x00000000d6f80000,0x00000000d70711b0,0x00000000d7080000)
  to   space 1536K, 0% used [0x00000000d6d80000,0x00000000d6d80000,0x00000000d6f00000)
 ParOldGen       total 68608K, used 51827K [0x0000000080000000, 0x0000000084300000, 0x00000000d5580000)
  object space 68608K, 75% used [0x0000000080000000,0x000000008329ceb0,0x0000000084300000)
 Metaspace       used 51432K, committed 52800K, reserved 1114112K
  class space    used 5605K, committed 6208K, reserved 1048576K
}
Event: 8.025 GC heap before
{Heap before GC invocations=31 (full 2):
 PSYoungGen      total 22016K, used 21937K [0x00000000d5580000, 0x00000000d7080000, 0x0000000100000000)
  eden space 20992K, 99% used [0x00000000d5580000,0x00000000d69fb308,0x00000000d6a00000)
  from space 1024K, 94% used [0x00000000d6f80000,0x00000000d70711b0,0x00000000d7080000)
  to   space 1536K, 0% used [0x00000000d6d80000,0x00000000d6d80000,0x00000000d6f00000)
 ParOldGen       total 68608K, used 51827K [0x0000000080000000, 0x0000000084300000, 0x00000000d5580000)
  object space 68608K, 75% used [0x0000000080000000,0x000000008329ceb0,0x0000000084300000)
 Metaspace       used 52298K, committed 53632K, reserved 1114112K
  class space    used 5716K, committed 6272K, reserved 1048576K
}
Event: 8.026 GC heap after
{Heap after GC invocations=31 (full 2):
 PSYoungGen      total 22528K, used 352K [0x00000000d5580000, 0x00000000d7000000, 0x0000000100000000)
  eden space 20992K, 0% used [0x00000000d5580000,0x00000000d5580000,0x00000000d6a00000)
  from space 1536K, 22% used [0x00000000d6d80000,0x00000000d6dd8000,0x00000000d6f00000)
  to   space 1024K, 0% used [0x00000000d6f00000,0x00000000d6f00000,0x00000000d7000000)
 ParOldGen       total 68608K, used 52676K [0x0000000080000000, 0x0000000084300000, 0x00000000d5580000)
  object space 68608K, 76% used [0x0000000080000000,0x00000000833710c8,0x0000000084300000)
 Metaspace       used 52298K, committed 53632K, reserved 1114112K
  class space    used 5716K, committed 6272K, reserved 1048576K
}
Event: 8.166 GC heap before
{Heap before GC invocations=32 (full 2):
 PSYoungGen      total 22528K, used 21344K [0x00000000d5580000, 0x00000000d7000000, 0x0000000100000000)
  eden space 20992K, 100% used [0x00000000d5580000,0x00000000d6a00000,0x00000000d6a00000)
  from space 1536K, 22% used [0x00000000d6d80000,0x00000000d6dd8000,0x00000000d6f00000)
  to   space 1024K, 0% used [0x00000000d6f00000,0x00000000d6f00000,0x00000000d7000000)
 ParOldGen       total 68608K, used 52676K [0x0000000080000000, 0x0000000084300000, 0x00000000d5580000)
  object space 68608K, 76% used [0x0000000080000000,0x00000000833710c8,0x0000000084300000)
 Metaspace       used 52997K, committed 54272K, reserved 1114112K
  class space    used 5783K, committed 6336K, reserved 1048576K
}
Event: 8.168 GC heap after
{Heap after GC invocations=32 (full 2):
 PSYoungGen      total 21504K, used 1020K [0x00000000d5580000, 0x00000000d7500000, 0x0000000100000000)
  eden space 20480K, 0% used [0x00000000d5580000,0x00000000d5580000,0x00000000d6980000)
  from space 1024K, 99% used [0x00000000d6f00000,0x00000000d6fff198,0x00000000d7000000)
  to   space 5632K, 0% used [0x00000000d6980000,0x00000000d6980000,0x00000000d6f00000)
 ParOldGen       total 68608K, used 56177K [0x0000000080000000, 0x0000000084300000, 0x00000000d5580000)
  object space 68608K, 81% used [0x0000000080000000,0x00000000836dc638,0x0000000084300000)
 Metaspace       used 52997K, committed 54272K, reserved 1114112K
  class space    used 5783K, committed 6336K, reserved 1048576K
}
Event: 8.573 GC heap before
{Heap before GC invocations=33 (full 2):
 PSYoungGen      total 21504K, used 21500K [0x00000000d5580000, 0x00000000d7500000, 0x0000000100000000)
  eden space 20480K, 100% used [0x00000000d5580000,0x00000000d6980000,0x00000000d6980000)
  from space 1024K, 99% used [0x00000000d6f00000,0x00000000d6fff198,0x00000000d7000000)
  to   space 5632K, 0% used [0x00000000d6980000,0x00000000d6980000,0x00000000d6f00000)
 ParOldGen       total 68608K, used 56177K [0x0000000080000000, 0x0000000084300000, 0x00000000d5580000)
  object space 68608K, 81% used [0x0000000080000000,0x00000000836dc638,0x0000000084300000)
 Metaspace       used 54691K, committed 56064K, reserved 1114112K
  class space    used 5907K, committed 6528K, reserved 1048576K
}
Event: 8.575 GC heap after
{Heap after GC invocations=33 (full 2):
 PSYoungGen      total 23552K, used 2893K [0x00000000d5580000, 0x00000000d7080000, 0x0000000100000000)
  eden space 20480K, 0% used [0x00000000d5580000,0x00000000d5580000,0x00000000d6980000)
  from space 3072K, 94% used [0x00000000d6980000,0x00000000d6c53438,0x00000000d6c80000)
  to   space 3584K, 0% used [0x00000000d6d00000,0x00000000d6d00000,0x00000000d7080000)
 ParOldGen       total 68608K, used 57194K [0x0000000080000000, 0x0000000084300000, 0x00000000d5580000)
  object space 68608K, 83% used [0x0000000080000000,0x00000000837dabf0,0x0000000084300000)
 Metaspace       used 54691K, committed 56064K, reserved 1114112K
  class space    used 5907K, committed 6528K, reserved 1048576K
}
Event: 8.883 GC heap before
{Heap before GC invocations=34 (full 2):
 PSYoungGen      total 23552K, used 23368K [0x00000000d5580000, 0x00000000d7080000, 0x0000000100000000)
  eden space 20480K, 99% used [0x00000000d5580000,0x00000000d697eea0,0x00000000d6980000)
  from space 3072K, 94% used [0x00000000d6980000,0x00000000d6c53438,0x00000000d6c80000)
  to   space 3584K, 0% used [0x00000000d6d00000,0x00000000d6d00000,0x00000000d7080000)
 ParOldGen       total 68608K, used 57194K [0x0000000080000000, 0x0000000084300000, 0x00000000d5580000)
  object space 68608K, 83% used [0x0000000080000000,0x00000000837dabf0,0x0000000084300000)
 Metaspace       used 56074K, committed 57472K, reserved 1114112K
  class space    used 6049K, committed 6720K, reserved 1048576K
}
Event: 8.886 GC heap after
{Heap after GC invocations=34 (full 2):
 PSYoungGen      total 22528K, used 1865K [0x00000000d5580000, 0x00000000d6f00000, 0x0000000100000000)
  eden space 20480K, 0% used [0x00000000d5580000,0x00000000d5580000,0x00000000d6980000)
  from space 2048K, 91% used [0x00000000d6d00000,0x00000000d6ed2660,0x00000000d6f00000)
  to   space 2560K, 0% used [0x00000000d6a00000,0x00000000d6a00000,0x00000000d6c80000)
 ParOldGen       total 68608K, used 59834K [0x0000000080000000, 0x0000000084300000, 0x00000000d5580000)
  object space 68608K, 87% used [0x0000000080000000,0x0000000083a6e9d0,0x0000000084300000)
 Metaspace       used 56074K, committed 57472K, reserved 1114112K
  class space    used 6049K, committed 6720K, reserved 1048576K
}
Event: 9.220 GC heap before
{Heap before GC invocations=35 (full 2):
 PSYoungGen      total 22528K, used 22345K [0x00000000d5580000, 0x00000000d6f00000, 0x0000000100000000)
  eden space 20480K, 100% used [0x00000000d5580000,0x00000000d6980000,0x00000000d6980000)
  from space 2048K, 91% used [0x00000000d6d00000,0x00000000d6ed2660,0x00000000d6f00000)
  to   space 2560K, 0% used [0x00000000d6a00000,0x00000000d6a00000,0x00000000d6c80000)
 ParOldGen       total 68608K, used 59834K [0x0000000080000000, 0x0000000084300000, 0x00000000d5580000)
  object space 68608K, 87% used [0x0000000080000000,0x0000000083a6e9d0,0x0000000084300000)
 Metaspace       used 56964K, committed 58368K, reserved 1114112K
  class space    used 6106K, committed 6784K, reserved 1048576K
}
Event: 9.223 GC heap after
{Heap after GC invocations=35 (full 2):
 PSYoungGen      total 23040K, used 2559K [0x00000000d5580000, 0x00000000d7480000, 0x0000000100000000)
  eden space 20480K, 0% used [0x00000000d5580000,0x00000000d5580000,0x00000000d6980000)
  from space 2560K, 99% used [0x00000000d6a00000,0x00000000d6c7fdf0,0x00000000d6c80000)
  to   space 5632K, 0% used [0x00000000d6f00000,0x00000000d6f00000,0x00000000d7480000)
 ParOldGen       total 68608K, used 61912K [0x0000000080000000, 0x0000000084300000, 0x00000000d5580000)
  object space 68608K, 90% used [0x0000000080000000,0x0000000083c76128,0x0000000084300000)
 Metaspace       used 56964K, committed 58368K, reserved 1114112K
  class space    used 6106K, committed 6784K, reserved 1048576K
}

Dll operation events (10 events):
Event: 0.013 Loaded shared library c:\Users\Administrator\.vscode\extensions\redhat.java-1.55.0-win32-x64\jre\21.0.11-win32-x86_64\bin\java.dll
Event: 0.076 Loaded shared library c:\Users\Administrator\.vscode\extensions\redhat.java-1.55.0-win32-x64\jre\21.0.11-win32-x86_64\bin\zip.dll
Event: 0.091 Loaded shared library C:\Users\Administrator\.vscode\extensions\redhat.java-1.55.0-win32-x64\jre\21.0.11-win32-x86_64\bin\instrument.dll
Event: 0.096 Loaded shared library C:\Users\Administrator\.vscode\extensions\redhat.java-1.55.0-win32-x64\jre\21.0.11-win32-x86_64\bin\net.dll
Event: 0.098 Loaded shared library C:\Users\Administrator\.vscode\extensions\redhat.java-1.55.0-win32-x64\jre\21.0.11-win32-x86_64\bin\nio.dll
Event: 0.100 Loaded shared library C:\Users\Administrator\.vscode\extensions\redhat.java-1.55.0-win32-x64\jre\21.0.11-win32-x86_64\bin\zip.dll
Event: 0.114 Loaded shared library C:\Users\Administrator\.vscode\extensions\redhat.java-1.55.0-win32-x64\jre\21.0.11-win32-x86_64\bin\jimage.dll
Event: 0.186 Loaded shared library c:\Users\Administrator\.vscode\extensions\redhat.java-1.55.0-win32-x64\jre\21.0.11-win32-x86_64\bin\verify.dll
Event: 1.481 Loaded shared library C:\Users\Administrator\AppData\Roaming\Code\User\globalStorage\redhat.java\1.55.0\config_win\org.eclipse.equinox.launcher\org.eclipse.equinox.launcher.win32.win32.x86_64_1.3.100.v20260613-0559\eclipse_11924.dll
Event: 4.419 Loaded shared library C:\Users\Administrator\AppData\Local\Temp\jna-146731693\jna16075577073162074697.dll

Deoptimization events (20 events):
Event: 9.337 Thread 0x0000025be7a72940 Uncommon trap: trap_request=0xffffffd6 fr.pc=0x0000025bd35aede0 relative=0x00000000000001c0
Event: 9.337 Thread 0x0000025be7a72940 Uncommon trap: reason=array_check action=maybe_recompile pc=0x0000025bd35aede0 method=java.util.Arrays.fill([Ljava/lang/Object;Ljava/lang/Object;)V @ 13 c2
Event: 9.337 Thread 0x0000025be7a72940 DEOPT PACKING pc=0x0000025bd35aede0 sp=0x0000008f551fec10
Event: 9.337 Thread 0x0000025be7a72940 DEOPT UNPACKING pc=0x0000025bd2bc3aa2 sp=0x0000008f551febb0 mode 2
Event: 9.337 Thread 0x0000025be7a72940 Uncommon trap: trap_request=0xffffffd6 fr.pc=0x0000025bd35aede0 relative=0x00000000000001c0
Event: 9.337 Thread 0x0000025be7a72940 Uncommon trap: reason=array_check action=maybe_recompile pc=0x0000025bd35aede0 method=java.util.Arrays.fill([Ljava/lang/Object;Ljava/lang/Object;)V @ 13 c2
Event: 9.337 Thread 0x0000025be7a72940 DEOPT PACKING pc=0x0000025bd35aede0 sp=0x0000008f551fec10
Event: 9.337 Thread 0x0000025be7a72940 DEOPT UNPACKING pc=0x0000025bd2bc3aa2 sp=0x0000008f551febb0 mode 2
Event: 9.342 Thread 0x0000025be7a72940 Uncommon trap: trap_request=0xffffffd6 fr.pc=0x0000025bd35aede0 relative=0x00000000000001c0
Event: 9.342 Thread 0x0000025be7a72940 Uncommon trap: reason=array_check action=maybe_recompile pc=0x0000025bd35aede0 method=java.util.Arrays.fill([Ljava/lang/Object;Ljava/lang/Object;)V @ 13 c2
Event: 9.342 Thread 0x0000025be7a72940 DEOPT PACKING pc=0x0000025bd35aede0 sp=0x0000008f551fec10
Event: 9.342 Thread 0x0000025be7a72940 DEOPT UNPACKING pc=0x0000025bd2bc3aa2 sp=0x0000008f551febb0 mode 2
Event: 9.342 Thread 0x0000025be7a72940 Uncommon trap: trap_request=0xffffffd6 fr.pc=0x0000025bd35aede0 relative=0x00000000000001c0
Event: 9.342 Thread 0x0000025be7a72940 Uncommon trap: reason=array_check action=maybe_recompile pc=0x0000025bd35aede0 method=java.util.Arrays.fill([Ljava/lang/Object;Ljava/lang/Object;)V @ 13 c2
Event: 9.342 Thread 0x0000025be7a72940 DEOPT PACKING pc=0x0000025bd35aede0 sp=0x0000008f551fec10
Event: 9.342 Thread 0x0000025be7a72940 DEOPT UNPACKING pc=0x0000025bd2bc3aa2 sp=0x0000008f551febb0 mode 2
Event: 9.456 Thread 0x0000025be7a72940 Uncommon trap: trap_request=0xffffff45 fr.pc=0x0000025bd35c5208 relative=0x0000000000002388
Event: 9.456 Thread 0x0000025be7a72940 Uncommon trap: reason=unstable_if action=reinterpret pc=0x0000025bd35c5208 method=org.eclipse.jdt.internal.compiler.parser.Scanner.getNextToken0()Lorg/eclipse/jdt/internal/compiler/parser/TerminalToken; @ 493 c2
Event: 9.456 Thread 0x0000025be7a72940 DEOPT PACKING pc=0x0000025bd35c5208 sp=0x0000008f551febf0
Event: 9.456 Thread 0x0000025be7a72940 DEOPT UNPACKING pc=0x0000025bd2bc3aa2 sp=0x0000008f551feb28 mode 2

Classes loaded (20 events):
Event: 8.722 Loading class java/util/concurrent/ArrayBlockingQueue
Event: 8.722 Loading class java/util/concurrent/ArrayBlockingQueue done
Event: 8.809 Loading class java/util/Hashtable$ValueCollection
Event: 8.809 Loading class java/util/Hashtable$ValueCollection done
Event: 8.812 Loading class java/util/concurrent/ConcurrentHashMap$KeySpliterator
Event: 8.812 Loading class java/util/concurrent/ConcurrentHashMap$KeySpliterator done
Event: 8.817 Loading class sun/nio/ch/ChannelOutputStream
Event: 8.817 Loading class sun/nio/ch/ChannelOutputStream done
Event: 8.850 Loading class java/util/stream/ReferencePipeline$4
Event: 8.850 Loading class java/util/stream/ReferencePipeline$4 done
Event: 8.850 Loading class java/util/stream/Nodes$IntFixedNodeBuilder
Event: 8.850 Loading class java/util/stream/Node$Builder$OfInt
Event: 8.850 Loading class java/util/stream/Node$Builder$OfInt done
Event: 8.850 Loading class java/util/stream/Nodes$IntArrayNode
Event: 8.851 Loading class java/util/stream/Nodes$IntArrayNode done
Event: 8.851 Loading class java/util/stream/Nodes$IntFixedNodeBuilder done
Event: 8.851 Loading class java/util/stream/ReferencePipeline$4$1
Event: 8.851 Loading class java/util/stream/ReferencePipeline$4$1 done
Event: 8.873 Loading class java/util/WeakHashMap$KeyIterator
Event: 8.874 Loading class java/util/WeakHashMap$KeyIterator done

Classes unloaded (7 events):
Event: 4.771 Thread 0x0000025bc84fea40 Unloading class 0x0000025b811a5000 'java/lang/invoke/LambdaForm$MH+0x0000025b811a5000'
Event: 4.771 Thread 0x0000025bc84fea40 Unloading class 0x0000025b811a4c00 'java/lang/invoke/LambdaForm$MH+0x0000025b811a4c00'
Event: 4.771 Thread 0x0000025bc84fea40 Unloading class 0x0000025b811a4800 'java/lang/invoke/LambdaForm$MH+0x0000025b811a4800'
Event: 4.771 Thread 0x0000025bc84fea40 Unloading class 0x0000025b811a4400 'java/lang/invoke/LambdaForm$MH+0x0000025b811a4400'
Event: 4.771 Thread 0x0000025bc84fea40 Unloading class 0x0000025b811a4000 'java/lang/invoke/LambdaForm$BMH+0x0000025b811a4000'
Event: 4.771 Thread 0x0000025bc84fea40 Unloading class 0x0000025b811a3c00 'java/lang/invoke/LambdaForm$DMH+0x0000025b811a3c00'
Event: 4.771 Thread 0x0000025bc84fea40 Unloading class 0x0000025b811a2800 'java/lang/invoke/LambdaForm$DMH+0x0000025b811a2800'

Classes redefined (0 events):
No events

Internal exceptions (20 events):
Event: 9.427 Thread 0x0000025be7a72940 Exception <a 'java/lang/NullPointerException'{0x00000000d5e21050}> (0x00000000d5e21050) 
thrown [s\src\hotspot\share\interpreter\linkResolver.cpp, line 1372]
Event: 9.427 Thread 0x0000025be7a72940 Exception <a 'java/lang/NullPointerException'{0x00000000d5e224b8}> (0x00000000d5e224b8) 
thrown [s\src\hotspot\share\interpreter\linkResolver.cpp, line 1372]
Event: 9.427 Thread 0x0000025be7a72940 Exception <a 'java/lang/NullPointerException'{0x00000000d5e22980}> (0x00000000d5e22980) 
thrown [s\src\hotspot\share\interpreter\linkResolver.cpp, line 1372]
Event: 9.427 Thread 0x0000025be7a72940 Exception <a 'java/lang/NullPointerException'{0x00000000d5e231d0}> (0x00000000d5e231d0) 
thrown [s\src\hotspot\share\interpreter\linkResolver.cpp, line 1372]
Event: 9.427 Thread 0x0000025be7a72940 Exception <a 'java/lang/NullPointerException'{0x00000000d5e23eb0}> (0x00000000d5e23eb0) 
thrown [s\src\hotspot\share\interpreter\linkResolver.cpp, line 1372]
Event: 9.428 Thread 0x0000025be7a72940 Exception <a 'java/lang/NullPointerException'{0x00000000d5e24360}> (0x00000000d5e24360) 
thrown [s\src\hotspot\share\interpreter\linkResolver.cpp, line 1372]
Event: 9.428 Thread 0x0000025be7a72940 Exception <a 'java/lang/NullPointerException'{0x00000000d5e24bb0}> (0x00000000d5e24bb0) 
thrown [s\src\hotspot\share\interpreter\linkResolver.cpp, line 1372]
Event: 9.428 Thread 0x0000025be7a72940 Exception <a 'java/lang/NullPointerException'{0x00000000d5e25398}> (0x00000000d5e25398) 
thrown [s\src\hotspot\share\interpreter\linkResolver.cpp, line 1372]
Event: 9.429 Thread 0x0000025be7a72940 Exception <a 'java/lang/NullPointerException'{0x00000000d5e278e8}> (0x00000000d5e278e8) 
thrown [s\src\hotspot\share\interpreter\linkResolver.cpp, line 1372]
Event: 9.429 Thread 0x0000025be7a72940 Exception <a 'java/lang/NullPointerException'{0x00000000d5e28048}> (0x00000000d5e28048) 
thrown [s\src\hotspot\share\interpreter\linkResolver.cpp, line 1372]
Event: 9.429 Thread 0x0000025be7a72940 Exception <a 'java/lang/NullPointerException'{0x00000000d5e29ef8}> (0x00000000d5e29ef8) 
thrown [s\src\hotspot\share\interpreter\linkResolver.cpp, line 1372]
Event: 9.429 Thread 0x0000025be7a72940 Exception <a 'java/lang/NullPointerException'{0x00000000d5e2a7e0}> (0x00000000d5e2a7e0) 
thrown [s\src\hotspot\share\interpreter\linkResolver.cpp, line 1372]
Event: 9.429 Thread 0x0000025be7a72940 Exception <a 'java/lang/NullPointerException'{0x00000000d5e2ac18}> (0x00000000d5e2ac18) 
thrown [s\src\hotspot\share\interpreter\linkResolver.cpp, line 1372]
Event: 9.429 Thread 0x0000025be7a72940 Exception <a 'java/lang/NullPointerException'{0x00000000d5e2b070}> (0x00000000d5e2b070) 
thrown [s\src\hotspot\share\interpreter\linkResolver.cpp, line 1372]
Event: 9.456 Thread 0x0000025be7a72940 Exception <a 'java/lang/NullPointerException'{0x00000000d5f94e40}> (0x00000000d5f94e40) 
thrown [s\src\hotspot\share\interpreter\linkResolver.cpp, line 1372]
Event: 9.459 Thread 0x0000025be7a72940 Exception <a 'java/lang/NullPointerException'{0x00000000d5fa4770}> (0x00000000d5fa4770) 
thrown [s\src\hotspot\share\interpreter\linkResolver.cpp, line 1372]
Event: 9.459 Thread 0x0000025be7a72940 Exception <a 'java/lang/NullPointerException'{0x00000000d5fa4c28}> (0x00000000d5fa4c28) 
thrown [s\src\hotspot\share\interpreter\linkResolver.cpp, line 1372]
Event: 9.459 Thread 0x0000025be7a72940 Exception <a 'java/lang/NullPointerException'{0x00000000d5fa53d0}> (0x00000000d5fa53d0) 
thrown [s\src\hotspot\share\interpreter\linkResolver.cpp, line 1372]
Event: 9.460 Thread 0x0000025be7a72940 Exception <a 'java/lang/NullPointerException'{0x00000000d5fa8b88}> (0x00000000d5fa8b88) 
thrown [s\src\hotspot\share\interpreter\linkResolver.cpp, line 1372]
Event: 9.482 Thread 0x0000025be7a72940 Exception <a 'java/lang/NullPointerException'{0x00000000d60a7fe8}> (0x00000000d60a7fe8) 
thrown [s\src\hotspot\share\interpreter\linkResolver.cpp, line 1372]

ZGC Phase Switch (0 events):
No events

VM Operations (20 events):
Event: 8.857 Executing non-safepoint VM operation: HandshakeAllThreads (Deoptimize)
Event: 8.857 Executing non-safepoint VM operation: HandshakeAllThreads (Deoptimize) done
Event: 8.882 Executing safepoint VM operation: ParallelGCFailedAllocation (Allocation Failure)
Event: 8.886 Executing safepoint VM operation: ParallelGCFailedAllocation (Allocation Failure) done
Event: 8.886 Executing non-safepoint VM operation: HandshakeAllThreads (Deoptimize)
Event: 8.886 Executing non-safepoint VM operation: HandshakeAllThreads (Deoptimize) done
Event: 8.982 Executing safepoint VM operation: ICBufferFull
Event: 8.982 Executing safepoint VM operation: ICBufferFull done
Event: 9.029 Executing non-safepoint VM operation: HandshakeAllThreads (Deoptimize)
Event: 9.029 Executing non-safepoint VM operation: HandshakeAllThreads (Deoptimize) done
Event: 9.133 Executing non-safepoint VM operation: HandshakeAllThreads (Deoptimize)
Event: 9.133 Executing non-safepoint VM operation: HandshakeAllThreads (Deoptimize) done
Event: 9.145 Executing safepoint VM operation: ICBufferFull
Event: 9.145 Executing safepoint VM operation: ICBufferFull done
Event: 9.220 Executing safepoint VM operation: ParallelGCFailedAllocation (Allocation Failure)
Event: 9.223 Executing safepoint VM operation: ParallelGCFailedAllocation (Allocation Failure) done
Event: 9.336 Executing non-safepoint VM operation: HandshakeAllThreads (Deoptimize)
Event: 9.336 Executing non-safepoint VM operation: HandshakeAllThreads (Deoptimize) done
Event: 9.360 Executing safepoint VM operation: ICBufferFull
Event: 9.360 Executing safepoint VM operation: ICBufferFull done

Memory protections (0 events):
No events

Nmethod flushes (20 events):
Event: 5.829 Thread 0x0000025bc84fea40 flushing  nmethod 0x0000025bcbcae310
Event: 5.829 Thread 0x0000025bc84fea40 flushing  nmethod 0x0000025bcbcaec10
Event: 5.829 Thread 0x0000025bc84fea40 flushing  nmethod 0x0000025bcbcafe10
Event: 5.829 Thread 0x0000025bc84fea40 flushing  nmethod 0x0000025bcbcb0610
Event: 5.829 Thread 0x0000025bc84fea40 flushing  nmethod 0x0000025bcbcb0d90
Event: 5.829 Thread 0x0000025bc84fea40 flushing  nmethod 0x0000025bcbcb2310
Event: 5.829 Thread 0x0000025bc84fea40 flushing  nmethod 0x0000025bcbcb2e90
Event: 5.829 Thread 0x0000025bc84fea40 flushing  nmethod 0x0000025bcbcb3790
Event: 5.829 Thread 0x0000025bc84fea40 flushing  nmethod 0x0000025bcbcb4890
Event: 5.829 Thread 0x0000025bc84fea40 flushing  nmethod 0x0000025bcbcb6410
Event: 5.829 Thread 0x0000025bc84fea40 flushing  nmethod 0x0000025bcbcb6910
Event: 5.829 Thread 0x0000025bc84fea40 flushing  nmethod 0x0000025bcbcb7790
Event: 5.829 Thread 0x0000025bc84fea40 flushing  nmethod 0x0000025bcbcd4810
Event: 5.829 Thread 0x0000025bc84fea40 flushing  nmethod 0x0000025bcbcdee10
Event: 5.829 Thread 0x0000025bc84fea40 flushing  nmethod 0x0000025bcbcefc90
Event: 5.829 Thread 0x0000025bc84fea40 flushing  nmethod 0x0000025bcbcf1490
Event: 5.829 Thread 0x0000025bc84fea40 flushing  nmethod 0x0000025bcbcf5290
Event: 5.829 Thread 0x0000025bc84fea40 flushing  nmethod 0x0000025bcbcfc210
Event: 5.829 Thread 0x0000025bc84fea40 flushing  nmethod 0x0000025bcbd84290
Event: 5.829 Thread 0x0000025bc84fea40 flushing  nmethod 0x0000025bcbd84710

Events (20 events):
Event: 7.580 Thread 0x0000025be8549a00 Thread added: 0x0000025be8547fc0
Event: 7.580 Thread 0x0000025be8549a00 Thread added: 0x0000025be8549370
Event: 7.580 Thread 0x0000025be8549a00 Thread added: 0x0000025be8546580
Event: 7.580 Thread 0x0000025be8549a00 Thread added: 0x0000025be854a090
Event: 7.581 Thread 0x0000025be8546580 Thread added: 0x0000025be8546c10
Event: 7.581 Thread 0x0000025be854a090 Thread added: 0x0000025be854a720
Event: 7.581 Thread 0x0000025be8549a00 Thread added: 0x0000025be854adb0
Event: 7.581 Thread 0x0000025be8548650 Thread added: 0x0000025be854b440
Event: 7.660 Thread 0x0000025be5c20300 Thread added: 0x0000025be7a701e0
Event: 7.660 Thread 0x0000025be5c20300 Thread added: 0x0000025be7a6e7a0
Event: 7.660 Thread 0x0000025be5c20300 Thread added: 0x0000025be7a70870
Event: 7.660 Thread 0x0000025be5c20300 Thread added: 0x0000025be7a70f00
Event: 7.660 Thread 0x0000025be7a6e7a0 Thread added: 0x0000025be7a71590
Event: 7.660 Thread 0x0000025be7a70f00 Thread added: 0x0000025be7a6fb50
Event: 7.661 Thread 0x0000025be7a701e0 Thread added: 0x0000025be7a71c20
Event: 7.661 Thread 0x0000025be7a6fb50 Thread added: 0x0000025be7a722b0
Event: 7.661 Thread 0x0000025be7a71c20 Thread added: 0x0000025be7a6ee30
Event: 7.661 Thread 0x0000025be7a71590 Thread added: 0x0000025be7a73660
Event: 8.723 Thread 0x0000025be5c20300 Thread added: 0x0000025be7a72940
Event: 8.815 Thread 0x0000025be5c20300 Thread added: 0x0000025be7a72fd0


Dynamic libraries:
0x00007ff7cc8b0000 - 0x00007ff7cc8be000 	c:\Users\Administrator\.vscode\extensions\redhat.java-1.55.0-win32-x64\jre\21.0.11-win32-x86_64\bin\java.exe
0x00007ffa7d440000 - 0x00007ffa7d6a6000 	C:\WINDOWS\SYSTEM32\ntdll.dll
0x00007ffa7bde0000 - 0x00007ffa7bea9000 	C:\WINDOWS\System32\KERNEL32.DLL
0x00007ffa7a970000 - 0x00007ffa7ad6e000 	C:\WINDOWS\System32\KERNELBASE.dll
0x00007ffa7a690000 - 0x00007ffa7a7dc000 	C:\WINDOWS\System32\ucrtbase.dll
0x00007ffa57120000 - 0x00007ffa57138000 	c:\Users\Administrator\.vscode\extensions\redhat.java-1.55.0-win32-x64\jre\21.0.11-win32-x86_64\bin\jli.dll
0x00007ffa40190000 - 0x00007ffa401ae000 	c:\Users\Administrator\.vscode\extensions\redhat.java-1.55.0-win32-x64\jre\21.0.11-win32-x86_64\bin\VCRUNTIME140.dll
0x00007ffa7cfe0000 - 0x00007ffa7d1a7000 	C:\WINDOWS\System32\USER32.dll
0x00007ffa6d780000 - 0x00007ffa6da12000 	C:\WINDOWS\WinSxS\amd64_microsoft.windows.common-controls_6595b64144ccf1df_6.0.26100.8875_none_3e0d5d42e32fe9dd\COMCTL32.dll
0x00007ffa7a660000 - 0x00007ffa7a687000 	C:\WINDOWS\System32\win32u.dll
0x00007ffa7c670000 - 0x00007ffa7c719000 	C:\WINDOWS\System32\msvcrt.dll
0x00007ffa7cda0000 - 0x00007ffa7cdcb000 	C:\WINDOWS\System32\GDI32.dll
0x00007ffa7afb0000 - 0x00007ffa7b0da000 	C:\WINDOWS\System32\gdi32full.dll
0x00007ffa7ae40000 - 0x00007ffa7aee3000 	C:\WINDOWS\System32\msvcp_win.dll
0x00007ffa7b340000 - 0x00007ffa7b372000 	C:\WINDOWS\System32\IMM32.DLL
0x00007ffa753b0000 - 0x00007ffa753bc000 	c:\Users\Administrator\.vscode\extensions\redhat.java-1.55.0-win32-x64\jre\21.0.11-win32-x86_64\bin\vcruntime140_1.dll
0x00007ffa0a8a0000 - 0x00007ffa0a92d000 	c:\Users\Administrator\.vscode\extensions\redhat.java-1.55.0-win32-x64\jre\21.0.11-win32-x86_64\bin\msvcp140.dll
0x00007ff9e1520000 - 0x00007ff9e22c2000 	c:\Users\Administrator\.vscode\extensions\redhat.java-1.55.0-win32-x64\jre\21.0.11-win32-x86_64\bin\server\jvm.dll
0x00007ffa7d2b0000 - 0x00007ffa7d367000 	C:\WINDOWS\System32\ADVAPI32.dll
0x00007ffa7b220000 - 0x00007ffa7b2ca000 	C:\WINDOWS\System32\sechost.dll
0x00007ffa7c720000 - 0x00007ffa7c838000 	C:\WINDOWS\System32\RPCRT4.dll
0x00007ffa7b180000 - 0x00007ffa7b200000 	C:\WINDOWS\System32\WS2_32.dll
0x00007ffa7a4e0000 - 0x00007ffa7a53e000 	C:\WINDOWS\SYSTEM32\POWRPROF.dll
0x00007ffa727f0000 - 0x00007ffa72826000 	C:\WINDOWS\SYSTEM32\WINMM.dll
0x00007ffa72830000 - 0x00007ffa7283b000 	C:\WINDOWS\SYSTEM32\VERSION.dll
0x00007ffa7a4c0000 - 0x00007ffa7a4d4000 	C:\WINDOWS\SYSTEM32\UMPDC.dll
0x00007ffa79300000 - 0x00007ffa7931b000 	C:\WINDOWS\SYSTEM32\kernel.appcore.dll
0x00007ffa6d750000 - 0x00007ffa6d75a000 	c:\Users\Administrator\.vscode\extensions\redhat.java-1.55.0-win32-x64\jre\21.0.11-win32-x86_64\bin\jimage.dll
0x00007ffa77a70000 - 0x00007ffa77cb2000 	C:\WINDOWS\SYSTEM32\DBGHELP.DLL
0x00007ffa7ca10000 - 0x00007ffa7cd93000 	C:\WINDOWS\System32\combase.dll
0x00007ffa7bd00000 - 0x00007ffa7bdd9000 	C:\WINDOWS\System32\OLEAUT32.dll
0x00007ffa54d20000 - 0x00007ffa54d5b000 	C:\WINDOWS\SYSTEM32\dbgcore.DLL
0x00007ffa7aef0000 - 0x00007ffa7af9c000 	C:\WINDOWS\System32\bcryptPrimitives.dll
0x00007ffa6bcb0000 - 0x00007ffa6bcbf000 	c:\Users\Administrator\.vscode\extensions\redhat.java-1.55.0-win32-x64\jre\21.0.11-win32-x86_64\bin\instrument.dll
0x00007ffa3f1a0000 - 0x00007ffa3f1c0000 	c:\Users\Administrator\.vscode\extensions\redhat.java-1.55.0-win32-x64\jre\21.0.11-win32-x86_64\bin\java.dll
0x00007ffa7beb0000 - 0x00007ffa7c642000 	C:\WINDOWS\System32\SHELL32.dll
0x00007ffa780c0000 - 0x00007ffa78952000 	C:\WINDOWS\SYSTEM32\windows.storage.dll
0x00007ffa7b390000 - 0x00007ffa7b487000 	C:\WINDOWS\System32\SHCORE.dll
0x00007ffa7b2d0000 - 0x00007ffa7b337000 	C:\WINDOWS\System32\shlwapi.dll
0x00007ffa7a580000 - 0x00007ffa7a5a9000 	C:\WINDOWS\SYSTEM32\profapi.dll
0x00007ffa3f180000 - 0x00007ffa3f198000 	c:\Users\Administrator\.vscode\extensions\redhat.java-1.55.0-win32-x64\jre\21.0.11-win32-x86_64\bin\zip.dll
0x00007ffa6bc50000 - 0x00007ffa6bc60000 	C:\Users\Administrator\.vscode\extensions\redhat.java-1.55.0-win32-x64\jre\21.0.11-win32-x86_64\bin\net.dll
0x00007ffa72d10000 - 0x00007ffa72e37000 	C:\WINDOWS\SYSTEM32\WINHTTP.dll
0x00007ffa79890000 - 0x00007ffa798fc000 	C:\WINDOWS\system32\mswsock.dll
0x00007ffa38ff0000 - 0x00007ffa39006000 	C:\Users\Administrator\.vscode\extensions\redhat.java-1.55.0-win32-x64\jre\21.0.11-win32-x86_64\bin\nio.dll
0x00007ffa6ba50000 - 0x00007ffa6ba60000 	c:\Users\Administrator\.vscode\extensions\redhat.java-1.55.0-win32-x64\jre\21.0.11-win32-x86_64\bin\verify.dll
0x00007ffa5e4b0000 - 0x00007ffa5e4f5000 	C:\Users\Administrator\AppData\Roaming\Code\User\globalStorage\redhat.java\1.55.0\config_win\org.eclipse.equinox.launcher\org.eclipse.equinox.launcher.win32.win32.x86_64_1.3.100.v20260613-0559\eclipse_11924.dll
0x00007ffa7ce20000 - 0x00007ffa7cfb9000 	C:\WINDOWS\System32\ole32.dll
0x00007ffa79cc0000 - 0x00007ffa79cdb000 	C:\WINDOWS\SYSTEM32\CRYPTSP.dll
0x00007ffa79260000 - 0x00007ffa79299000 	C:\WINDOWS\system32\rsaenh.dll
0x00007ffa79950000 - 0x00007ffa79982000 	C:\WINDOWS\SYSTEM32\USERENV.dll
0x00007ffa7a550000 - 0x00007ffa7a57a000 	C:\WINDOWS\SYSTEM32\bcrypt.dll
0x00007ffa79c90000 - 0x00007ffa79c9c000 	C:\WINDOWS\SYSTEM32\CRYPTBASE.dll
0x00007ffa78cb0000 - 0x00007ffa78ce3000 	C:\WINDOWS\SYSTEM32\IPHLPAPI.DLL
0x00007ffa7b170000 - 0x00007ffa7b17a000 	C:\WINDOWS\System32\NSI.dll
0x00007ffa39040000 - 0x00007ffa39089000 	C:\Users\Administrator\AppData\Local\Temp\jna-146731693\jna16075577073162074697.dll
0x00007ffa7b210000 - 0x00007ffa7b218000 	C:\WINDOWS\System32\PSAPI.DLL
0x00007ffa745e0000 - 0x00007ffa745fd000 	C:\WINDOWS\SYSTEM32\dhcpcsvc6.DLL
0x00007ffa74530000 - 0x00007ffa74555000 	C:\WINDOWS\SYSTEM32\dhcpcsvc.DLL

JVMTI agents:
c:\Users\Administrator\.vscode\extensions\redhat.java-1.55.0-win32-x64\lombok\lombok-1.18.39-4050.jar path:c:\Users\Administrator\.vscode\extensions\redhat.java-1.55.0-win32-x64\jre\21.0.11-win32-x86_64\bin\instrument.dll, loaded, initialized, instrumentlib options:none

dbghelp: loaded successfully - version: 4.0.5 - missing functions: none
symbol engine: initialized successfully - sym options: 0x614 - pdb path: .;c:\Users\Administrator\.vscode\extensions\redhat.java-1.55.0-win32-x64\jre\21.0.11-win32-x86_64\bin;C:\WINDOWS\SYSTEM32;C:\WINDOWS\WinSxS\amd64_microsoft.windows.common-controls_6595b64144ccf1df_6.0.26100.8875_none_3e0d5d42e32fe9dd;c:\Users\Administrator\.vscode\extensions\redhat.java-1.55.0-win32-x64\jre\21.0.11-win32-x86_64\bin\server;C:\Users\Administrator\AppData\Roaming\Code\User\globalStorage\redhat.java\1.55.0\config_win\org.eclipse.equinox.launcher\org.eclipse.equinox.launcher.win32.win32.x86_64_1.3.100.v20260613-0559;C:\Users\Administrator\AppData\Local\Temp\jna-146731693

VM Arguments:
jvm_args: --add-modules=ALL-SYSTEM --add-opens=java.base/java.util=ALL-UNNAMED --add-opens=java.base/java.lang=ALL-UNNAMED --add-opens=java.base/sun.nio.fs=ALL-UNNAMED -Declipse.application=org.eclipse.jdt.ls.core.id1 -Dosgi.bundles.defaultStartLevel=4 -Declipse.product=org.eclipse.jdt.ls.core.product -Djava.import.generatesMetadataFilesAtProjectRoot=false -DDetectVMInstallationsJob.disabled=true -Dfile.encoding=utf8 -XX:+UseParallelGC -XX:GCTimeRatio=4 -XX:AdaptiveSizePolicyWeight=90 -Dsun.zip.disableMemoryMapping=true -Xmx2G -Xms100m -Xlog:disable -javaagent:c:\Users\Administrator\.vscode\extensions\redhat.java-1.55.0-win32-x64\lombok\lombok-1.18.39-4050.jar -XX:+HeapDumpOnOutOfMemoryError -XX:HeapDumpPath=c:\Users\Administrator\AppData\Roaming\Code\User\workspaceStorage\47d38d0315a5049dedd72c8bc73d439b\redhat.java -Daether.dependencyCollector.impl=bf 
java_command: c:\Users\Administrator\.vscode\extensions\redhat.java-1.55.0-win32-x64\server\plugins\org.eclipse.equinox.launcher_1.7.200.v20260619-2039.jar -configuration c:\Users\Administrator\AppData\Roaming\Code\User\globalStorage\redhat.java\1.55.0\config_win -data c:\Users\Administrator\AppData\Roaming\Code\User\workspaceStorage\47d38d0315a5049dedd72c8bc73d439b\redhat.java\jdt_ws --pipe=\\.\pipe\lsp-fd45dd199409565ed4af99eb062d22c6-sock
java_class_path (initial): c:\Users\Administrator\.vscode\extensions\redhat.java-1.55.0-win32-x64\server\plugins\org.eclipse.equinox.launcher_1.7.200.v20260619-2039.jar
Launcher Type: SUN_STANDARD

[Global flags]
    uintx AdaptiveSizePolicyWeight                 = 90                                        {product} {command line}
     intx CICompilerCount                          = 4                                         {product} {ergonomic}
    uintx GCTimeRatio                              = 4                                         {product} {command line}
     bool HeapDumpOnOutOfMemoryError               = true                                   {manageable} {command line}
    ccstr HeapDumpPath                             = c:\Users\Administrator\AppData\Roaming\Code\User\workspaceStorage\47d38d0315a5049dedd72c8bc73d439b\redhat.java         {manageable} {command line}
   size_t InitialHeapSize                          = 104857600                                 {product} {command line}
   size_t MaxHeapSize                              = 2147483648                                {product} {command line}
   size_t MaxNewSize                               = 715653120                                 {product} {ergonomic}
   size_t MinHeapDeltaBytes                        = 524288                                    {product} {ergonomic}
   size_t MinHeapSize                              = 104857600                                 {product} {command line}
   size_t NewSize                                  = 34603008                                  {product} {ergonomic}
    uintx NonNMethodCodeHeapSize                   = 5839372                                {pd product} {ergonomic}
    uintx NonProfiledCodeHeapSize                  = 122909434                              {pd product} {ergonomic}
   size_t OldSize                                  = 70254592                                  {product} {ergonomic}
    uintx ProfiledCodeHeapSize                     = 122909434                              {pd product} {ergonomic}
    uintx ReservedCodeCacheSize                    = 251658240                              {pd product} {ergonomic}
     bool SegmentedCodeCache                       = true                                      {product} {ergonomic}
   size_t SoftMaxHeapSize                          = 2147483648                             {manageable} {ergonomic}
     bool UseCompressedOops                        = true                           {product lp64_product} {ergonomic}
     bool UseLargePagesIndividualAllocation        = false                                  {pd product} {ergonomic}
     bool UseParallelGC                            = true                                      {product} {command line}

Logging:
Log output configuration:
 #0: stdout all=off uptime,level,tags foldmultilines=false
 #1: stderr all=off uptime,level,tags foldmultilines=false

Release file:
JAVA_VERSION="21.0.11" 
MODULES="java.base java.compiler java.datatransfer java.xml java.prefs java.desktop java.instrument java.logging java.management java.security.sasl java.naming java.rmi java.management.rmi java.net.http java.scripting java.security.jgss java.transaction.xa java.sql java.sql.rowset java.xml.crypto java.se java.smartcardio jdk.accessibility jdk.internal.jvmstat jdk.attach jdk.charsets jdk.internal.opt jdk.zipfs jdk.compiler jdk.crypto.ec jdk.crypto.cryptoki jdk.crypto.mscapi jdk.dynalink jdk.internal.ed jdk.editpad jdk.hotspot.agent jdk.httpserver jdk.internal.le jdk.internal.vm.ci jdk.internal.vm.compiler jdk.internal.vm.compiler.management jdk.jartool jdk.javadoc jdk.jcmd jdk.management jdk.management.agent jdk.jconsole jdk.jdeps jdk.jdwp.agent jdk.jdi jdk.jfr jdk.jshell jdk.jsobject jdk.jstatd jdk.localedata jdk.management.jfr jdk.naming.dns jdk.naming.rmi jdk.net jdk.nio.mapmode jdk.random jdk.sctp jdk.security.auth jdk.security.jgss jdk.unsupported jdk.unsupported.desktop jdk.xml.dom" 

Environment Variables:
PATH=C:\Program Files\Common Files\Oracle\Java\javapath;C:\WINDOWS\system32;C:\WINDOWS;C:\WINDOWS\System32\Wbem;C:\WINDOWS\System32\WindowsPowerShell\v1.0\;C:\WINDOWS\System32\OpenSSH\;C:\Program Files\nodejs\;C:\Program Files\Git\cmd;C:\Users\Administrator\AppData\Local\Programs\Python\Python313\Scripts\;C:\Users\Administrator\AppData\Local\Programs\Python\Python313\;C:\Users\Administrator\AppData\Local\Programs\Python\Launcher\;C:\Users\Administrator\AppData\Local\Microsoft\WindowsApps;C:\Users\Administrator\AppData\Local\Programs\Microsoft VS Code\bin;C:\Users\Administrator\AppData\Local\GitHubDesktop\bin;C:\Users\Administrator\AppData\Roaming\npm;C:\Users\Administrator\AppData\Local\Programs\Antigravity\bin
USERNAME=Administrator
OS=Windows_NT
PROCESSOR_IDENTIFIER=AMD64 Family 25 Model 80 Stepping 0, AuthenticAMD
TMP=C:\Users\ADMINI~1\AppData\Local\Temp
TEMP=C:\Users\ADMINI~1\AppData\Local\Temp




Periodic native trim disabled

---------------  S Y S T E M  ---------------

OS:
 Windows 11 , 64 bit Build 26100 (10.0.26100.8875)
OS uptime: 2 days 4:46 hours
Hyper-V role detected

CPU: total 12 (initial active 12) (12 cores per cpu, 2 threads per core) family 25 model 80 stepping 0 microcode 0xa500014, cx8, cmov, fxsr, ht, mmx, 3dnowpref, sse, sse2, sse3, ssse3, sse4a, sse4.1, sse4.2, popcnt, lzcnt, tsc, tscinvbit, avx, avx2, aes, erms, clmul, bmi1, bmi2, adx, sha, fma, vzeroupper, clflush, clflushopt, hv, rdtscp, rdpid, fsrm, f16c, cet_ss
Processor Information for processor 0
  Max Mhz: 2301, Current Mhz: 2301, Mhz Limit: 2301
Processor Information for processor 1
  Max Mhz: 2301, Current Mhz: 2301, Mhz Limit: 2301
Processor Information for processor 2
  Max Mhz: 2301, Current Mhz: 1990, Mhz Limit: 2301
Processor Information for processor 3
  Max Mhz: 2301, Current Mhz: 1990, Mhz Limit: 2301
Processor Information for processor 4
  Max Mhz: 2301, Current Mhz: 2301, Mhz Limit: 2301
Processor Information for processor 5
  Max Mhz: 2301, Current Mhz: 1990, Mhz Limit: 2301
Processor Information for processor 6
  Max Mhz: 2301, Current Mhz: 2301, Mhz Limit: 2301
Processor Information for processor 7
  Max Mhz: 2301, Current Mhz: 2301, Mhz Limit: 2301
Processor Information for processor 8
  Max Mhz: 2301, Current Mhz: 2301, Mhz Limit: 2301
Processor Information for processor 9
  Max Mhz: 2301, Current Mhz: 2301, Mhz Limit: 2301
Processor Information for processor 10
  Max Mhz: 2301, Current Mhz: 2301, Mhz Limit: 2301
Processor Information for processor 11
  Max Mhz: 2301, Current Mhz: 2301, Mhz Limit: 2301

Memory: 4k page, system-wide physical 15681M (3671M free)
TotalPageFile size 46088M (AvailPageFile size 4M)
current process WorkingSet (physical memory assigned to process): 301M, peak: 301M
current process commit charge ("private bytes"): 391M, peak: 393M

vm_info: OpenJDK 64-Bit Server VM (21.0.11+10-LTS) for windows-amd64 JRE (21.0.11+10-LTS), built on 2026-04-21T00:00:00Z by "admin" with MS VC++ 17.12 (VS2022)

END.
