#
# There is insufficient memory for the Java Runtime Environment to continue.
# Native memory allocation (malloc) failed to allocate 1048576 bytes. Error detail: AllocateHeap
# Possible reasons:
#   The system is out of physical RAM or swap space
#   This process is running with CompressedOops enabled, and the Java Heap may be blocking the growth of the native heap
# Possible solutions:
#   Reduce memory load on the system
#   Increase physical memory or swap space
#   Check if swap backing store is full
#   Decrease Java heap size (-Xmx/-Xms)
#   Decrease number of Java threads
#   Decrease Java thread stack sizes (-Xss)
#   Set larger code cache with -XX:ReservedCodeCacheSize=
#   JVM is running with Unscaled Compressed Oops mode in which the Java heap is
#     placed in the first 4GB address space. The Java Heap base address is the
#     maximum limit for the native heap growth. Please use -XX:HeapBaseMinAddress
#     to set the Java Heap base and to place the Java Heap above 4GB virtual address.
# This output file may be truncated or incomplete.
#
#  Out of Memory Error (allocation.cpp:44), pid=9240, tid=33140
#
# JRE version: OpenJDK Runtime Environment Temurin-21.0.11+10 (21.0.11+10) (build 21.0.11+10-LTS)
# Java VM: OpenJDK 64-Bit Server VM Temurin-21.0.11+10 (21.0.11+10-LTS, mixed mode, sharing, tiered, compressed oops, compressed class ptrs, parallel gc, windows-amd64)
# No core dump will be written. Minidumps are not enabled by default on client versions of Windows
#

---------------  S U M M A R Y ------------

Command Line: --add-modules=ALL-SYSTEM --add-opens=java.base/java.util=ALL-UNNAMED --add-opens=java.base/java.lang=ALL-UNNAMED --add-opens=java.base/sun.nio.fs=ALL-UNNAMED -Declipse.application=org.eclipse.jdt.ls.core.id1 -Dosgi.bundles.defaultStartLevel=4 -Declipse.product=org.eclipse.jdt.ls.core.product -Djava.import.generatesMetadataFilesAtProjectRoot=false -DDetectVMInstallationsJob.disabled=true -Dfile.encoding=utf8 -XX:+UseParallelGC -XX:GCTimeRatio=4 -XX:AdaptiveSizePolicyWeight=90 -Dsun.zip.disableMemoryMapping=true -Xmx2G -Xms100m -Xlog:disable -javaagent:c:\Users\Administrator\.vscode\extensions\redhat.java-1.55.0-win32-x64\lombok\lombok-1.18.39-4050.jar -XX:+HeapDumpOnOutOfMemoryError -XX:HeapDumpPath=c:\Users\Administrator\AppData\Roaming\Code\User\workspaceStorage\47d38d0315a5049dedd72c8bc73d439b\redhat.java -Daether.dependencyCollector.impl=bf c:\Users\Administrator\.vscode\extensions\redhat.java-1.55.0-win32-x64\server\plugins\org.eclipse.equinox.launcher_1.7.200.v20260619-2039.jar -configuration c:\Users\Administrator\AppData\Roaming\Code\User\globalStorage\redhat.java\1.55.0\config_win -data c:\Users\Administrator\AppData\Roaming\Code\User\workspaceStorage\47d38d0315a5049dedd72c8bc73d439b\redhat.java\jdt_ws --pipe=\\.\pipe\lsp-b0510544b4197b8d795bc345783a5d9e-sock

Host: AMD Ryzen 5 PRO 5650U with Radeon Graphics     , 12 cores, 15G,  Windows 11 , 64 bit Build 26100 (10.0.26100.8875)
Time: Sun Aug  2 14:04:09 2026 E. Africa Standard Time elapsed time: 2290.851678 seconds (0d 0h 38m 10s)

---------------  T H R E A D  ---------------

Current thread (0x000001e336478c80):  JavaThread "Attach Listener" daemon [_thread_in_vm, id=33140, stack(0x00000039a1600000,0x00000039a1700000) (1024K)]

Stack: [0x00000039a1600000,0x00000039a1700000]
Native frames: (J=compiled Java code, j=interpreted, Vv=VM code, C=native code)
V  [jvm.dll+0x6d7e19]
V  [jvm.dll+0x8b5096]
V  [jvm.dll+0x8b764e]
V  [jvm.dll+0x8b7d33]
V  [jvm.dll+0x284596]
V  [jvm.dll+0xc13c7]
V  [jvm.dll+0x6d86c9]
V  [jvm.dll+0x133616]
V  [jvm.dll+0x3f868e]
V  [jvm.dll+0x85fb0d]
V  [jvm.dll+0x6d664d]
C  [ucrtbase.dll+0x2cd30]
C  [KERNEL32.DLL+0x2e957]
C  [ntdll.dll+0xaad6c]


---------------  P R O C E S S  ---------------

Threads class SMR info:
_java_thread_list=0x000001e3979baf50, length=48, elements={
0x000001e333fb7ba0, 0x000001e336475400, 0x000001e34ce7d990, 0x000001e3364782f0,
0x000001e336478c80, 0x000001e33647e7a0, 0x000001e33647d3f0, 0x000001e38f241fb0,
0x000001e38f244d90, 0x000001e33647c040, 0x000001e33647cd60, 0x000001e33647e110,
0x000001e33647ee30, 0x000001e33647c6d0, 0x000001e33647da80, 0x000001e395673b70,
0x000001e395672130, 0x000001e395672e50, 0x000001e3956727c0, 0x000001e395674890,
0x000001e395676ff0, 0x000001e395677680, 0x000001e395674f20, 0x000001e3956755b0,
0x000001e3956762d0, 0x000001e395675c40, 0x000001e395676960, 0x000001e39577c0b0,
0x000001e39577c740, 0x000001e39577b390, 0x000001e395779fe0, 0x000001e39577a670,
0x000001e39577e180, 0x000001e39577ad00, 0x000001e39577ba20, 0x000001e39577fbc0,
0x000001e39794e9a0, 0x000001e39794f6c0, 0x000001e39794c8d0, 0x000001e3979524b0,
0x000001e3979503e0, 0x000001e399073060, 0x000001e39908cdf0, 0x000001e399087f30,
0x000001e399088c50, 0x000001e3990892e0, 0x000001e3990878a0, 0x000001e39908b3b0
}

Java Threads: ( => current thread )
  0x000001e333fb7ba0 JavaThread "main"                              [_thread_blocked, id=13084, stack(0x00000039a0f00000,0x00000039a1000000) (1024K)]
  0x000001e336475400 JavaThread "Reference Handler"          daemon [_thread_blocked, id=21956, stack(0x00000039a1300000,0x00000039a1400000) (1024K)]
  0x000001e34ce7d990 JavaThread "Finalizer"                  daemon [_thread_blocked, id=20104, stack(0x00000039a1400000,0x00000039a1500000) (1024K)]
  0x000001e3364782f0 JavaThread "Signal Dispatcher"          daemon [_thread_blocked, id=19052, stack(0x00000039a1500000,0x00000039a1600000) (1024K)]
=>0x000001e336478c80 JavaThread "Attach Listener"            daemon [_thread_in_vm, id=33140, stack(0x00000039a1600000,0x00000039a1700000) (1024K)]
  0x000001e33647e7a0 JavaThread "Service Thread"             daemon [_thread_blocked, id=12840, stack(0x00000039a1700000,0x00000039a1800000) (1024K)]
  0x000001e33647d3f0 JavaThread "Monitor Deflation Thread"   daemon [_thread_blocked, id=33216, stack(0x00000039a1800000,0x00000039a1900000) (1024K)]
  0x000001e38f241fb0 JavaThread "C2 CompilerThread0"         daemon [_thread_blocked, id=7220, stack(0x00000039a1900000,0x00000039a1a00000) (1024K)]
  0x000001e38f244d90 JavaThread "C1 CompilerThread0"         daemon [_thread_blocked, id=29904, stack(0x00000039a1a00000,0x00000039a1b00000) (1024K)]
  0x000001e33647c040 JavaThread "Common-Cleaner"             daemon [_thread_blocked, id=24692, stack(0x00000039a1c00000,0x00000039a1d00000) (1024K)]
  0x000001e33647cd60 JavaThread "Notification Thread"        daemon [_thread_blocked, id=7916, stack(0x00000039a1d00000,0x00000039a1e00000) (1024K)]
  0x000001e33647e110 JavaThread "Active Thread: Equinox Container: 9729cf92-8407-4c3c-8c35-f58fab02f69d"        [_thread_blocked, id=24504, stack(0x00000039a2500000,0x00000039a2600000) (1024K)]
  0x000001e33647ee30 JavaThread "Refresh Thread: Equinox Container: 9729cf92-8407-4c3c-8c35-f58fab02f69d" daemon [_thread_blocked, id=34240, stack(0x00000039a1e00000,0x00000039a1f00000) (1024K)]
  0x000001e33647c6d0 JavaThread "Framework Event Dispatcher: Equinox Container: 9729cf92-8407-4c3c-8c35-f58fab02f69d" daemon [_thread_blocked, id=5676, stack(0x00000039a2600000,0x00000039a2700000) (1024K)]
  0x000001e33647da80 JavaThread "Start Level: Equinox Container: 9729cf92-8407-4c3c-8c35-f58fab02f69d" daemon [_thread_blocked, id=7972, stack(0x00000039a2700000,0x00000039a2800000) (1024K)]
  0x000001e395673b70 JavaThread "Bundle File Closer"         daemon [_thread_blocked, id=2580, stack(0x00000039a2b00000,0x00000039a2c00000) (1024K)]
  0x000001e395672130 JavaThread "SCR Component Actor"        daemon [_thread_blocked, id=33872, stack(0x00000039a2800000,0x00000039a2900000) (1024K)]
  0x000001e395672e50 JavaThread "Worker-JM"                         [_thread_blocked, id=28116, stack(0x00000039a2e00000,0x00000039a2f00000) (1024K)]
  0x000001e3956727c0 JavaThread "JNA Cleaner"                daemon [_thread_blocked, id=24368, stack(0x00000039a2f00000,0x00000039a3000000) (1024K)]
  0x000001e395674890 JavaThread "Java indexing"              daemon [_thread_blocked, id=25824, stack(0x00000039a3200000,0x00000039a3300000) (1024K)]
  0x000001e395676ff0 JavaThread "Thread-1"                   daemon [_thread_in_native, id=13812, stack(0x00000039a3800000,0x00000039a3900000) (1024K)]
  0x000001e395677680 JavaThread "Thread-2"                   daemon [_thread_in_native, id=33468, stack(0x00000039a3900000,0x00000039a3a00000) (1024K)]
  0x000001e395674f20 JavaThread "Thread-3"                   daemon [_thread_in_native, id=17312, stack(0x00000039a3a00000,0x00000039a3b00000) (1024K)]
  0x000001e3956755b0 JavaThread "Thread-4"                   daemon [_thread_in_native, id=34120, stack(0x00000039a3b00000,0x00000039a3c00000) (1024K)]
  0x000001e3956762d0 JavaThread "Thread-5"                   daemon [_thread_in_native, id=30860, stack(0x00000039a3c00000,0x00000039a3d00000) (1024K)]
  0x000001e395675c40 JavaThread "Thread-6"                   daemon [_thread_in_native, id=4940, stack(0x00000039a3d00000,0x00000039a3e00000) (1024K)]
  0x000001e395676960 JavaThread "Thread-7"                   daemon [_thread_in_native, id=16036, stack(0x00000039a3e00000,0x00000039a3f00000) (1024K)]
  0x000001e39577c0b0 JavaThread "Thread-8"                   daemon [_thread_in_native, id=26600, stack(0x00000039a3f00000,0x00000039a4000000) (1024K)]
  0x000001e39577c740 JavaThread "Thread-9"                   daemon [_thread_in_native, id=14236, stack(0x00000039a4000000,0x00000039a4100000) (1024K)]
  0x000001e39577b390 JavaThread "Thread-10"                  daemon [_thread_in_native, id=32560, stack(0x00000039a4100000,0x00000039a4200000) (1024K)]
  0x000001e395779fe0 JavaThread "Thread-11"                  daemon [_thread_in_native, id=25412, stack(0x00000039a4200000,0x00000039a4300000) (1024K)]
  0x000001e39577a670 JavaThread "Thread-12"                  daemon [_thread_in_native, id=30732, stack(0x00000039a4300000,0x00000039a4400000) (1024K)]
  0x000001e39577e180 JavaThread "Thread-13"                  daemon [_thread_in_native, id=32784, stack(0x00000039a4400000,0x00000039a4500000) (1024K)]
  0x000001e39577ad00 JavaThread "pool-2-thread-1"                   [_thread_blocked, id=4336, stack(0x00000039a4500000,0x00000039a4600000) (1024K)]
  0x000001e39577ba20 JavaThread "WorkspaceEventsHandler"            [_thread_blocked, id=10276, stack(0x00000039a4600000,0x00000039a4700000) (1024K)]
  0x000001e39577fbc0 JavaThread "pool-1-thread-1"                   [_thread_blocked, id=23268, stack(0x00000039a4700000,0x00000039a4800000) (1024K)]
  0x000001e39794e9a0 JavaThread "PatternSearchJob-worker-4"  daemon [_thread_blocked, id=33300, stack(0x00000039a5200000,0x00000039a5300000) (1024K)]
  0x000001e39794f6c0 JavaThread "PatternSearchJob-worker-5"  daemon [_thread_blocked, id=34340, stack(0x00000039a5300000,0x00000039a5400000) (1024K)]
  0x000001e39794c8d0 JavaThread "PatternSearchJob-worker-8"  daemon [_thread_blocked, id=13876, stack(0x00000039a5600000,0x00000039a5700000) (1024K)]
  0x000001e3979524b0 JavaThread "PatternSearchJob-worker-9"  daemon [_thread_blocked, id=2768, stack(0x00000039a5700000,0x00000039a5800000) (1024K)]
  0x000001e3979503e0 JavaThread "PatternSearchJob-worker-11" daemon [_thread_blocked, id=5388, stack(0x00000039a5900000,0x00000039a5a00000) (1024K)]
  0x000001e399073060 JavaThread "Cleaner-0"                  daemon [_thread_blocked, id=21188, stack(0x00000039a5c00000,0x00000039a5d00000) (1024K)]
  0x000001e39908cdf0 JavaThread "Worker-5"                          [_thread_blocked, id=26900, stack(0x00000039a7300000,0x00000039a7400000) (1024K)]
  0x000001e399087f30 JavaThread "Worker-6"                          [_thread_blocked, id=18892, stack(0x00000039a0e00000,0x00000039a0f00000) (1024K)]
  0x000001e399088c50 JavaThread "ForkJoinPool.commonPool-worker-10" daemon [_thread_blocked, id=20372, stack(0x00000039a2c00000,0x00000039a2d00000) (1024K)]
  0x000001e3990892e0 JavaThread "ForkJoinPool.commonPool-worker-11" daemon [_thread_blocked, id=16152, stack(0x00000039a2d00000,0x00000039a2e00000) (1024K)]
  0x000001e3990878a0 JavaThread "ForkJoinPool.commonPool-worker-13" daemon [_thread_blocked, id=18176, stack(0x00000039a3100000,0x00000039a3200000) (1024K)]
  0x000001e39908b3b0 JavaThread "ForkJoinPool.commonPool-worker-14" daemon [_thread_blocked, id=28668, stack(0x00000039a3300000,0x00000039a3400000) (1024K)]
Total: 48

Other Threads:
  0x000001e38f2414a0 VMThread "VM Thread"                           [id=4648, stack(0x00000039a1200000,0x00000039a1300000) (1024K)]
  0x000001e34cd5ca00 WatcherThread "VM Periodic Task Thread"        [id=23164, stack(0x00000039a1100000,0x00000039a1200000) (1024K)]
  0x000001e3363eaf60 WorkerThread "GC Thread#0"                     [id=24616, stack(0x00000039a1000000,0x00000039a1100000) (1024K)]
  0x000001e3902d65a0 WorkerThread "GC Thread#1"                     [id=28948, stack(0x00000039a1f00000,0x00000039a2000000) (1024K)]
  0x000001e3902d6950 WorkerThread "GC Thread#2"                     [id=24260, stack(0x00000039a2000000,0x00000039a2100000) (1024K)]
  0x000001e3902d6d00 WorkerThread "GC Thread#3"                     [id=16792, stack(0x00000039a2100000,0x00000039a2200000) (1024K)]
  0x000001e3951ebd40 WorkerThread "GC Thread#4"                     [id=28244, stack(0x00000039a2200000,0x00000039a2300000) (1024K)]
  0x000001e3951ec0f0 WorkerThread "GC Thread#5"                     [id=32860, stack(0x00000039a2300000,0x00000039a2400000) (1024K)]
  0x000001e3951ec4a0 WorkerThread "GC Thread#6"                     [id=11688, stack(0x00000039a2400000,0x00000039a2500000) (1024K)]
  0x000001e395261200 WorkerThread "GC Thread#7"                     [id=11512, stack(0x00000039a1b00000,0x00000039a1c00000) (1024K)]
  0x000001e3954dcce0 WorkerThread "GC Thread#8"                     [id=15856, stack(0x00000039a2900000,0x00000039a2a00000) (1024K)]
  0x000001e39514c3d0 WorkerThread "GC Thread#9"                     [id=30796, stack(0x00000039a2a00000,0x00000039a2b00000) (1024K)]
Total: 12

Threads with active compile tasks:
Total: 0

VM state: not at safepoint (normal execution)

VM Mutex/Monitor currently owned by a thread: None

Heap address: 0x0000000080000000, size: 2048 MB, Compressed Oops mode: 32-bit

CDS archive(s) mapped at: [0x000001e34d000000-0x000001e34dba0000-0x000001e34dba0000), size 12189696, SharedBaseAddress: 0x000001e34d000000, ArchiveRelocationMode: 1.
Compressed class space mapped at: 0x000001e34e000000-0x000001e38e000000, reserved size: 1073741824
Narrow klass base: 0x000001e34d000000, Narrow klass shift: 0, Narrow klass range: 0x100000000

GC Precious Log:
 CardTable entry size: 512
 CPUs: 12 total, 12 available
 Memory: 15681M
 Large Page Support: Disabled
 NUMA Support: Disabled
 Compressed Oops: Enabled (32-bit)
 Alignments: Space 512K, Generation 512K, Heap 2M
 Heap Min Capacity: 100M
 Heap Initial Capacity: 100M
 Heap Max Capacity: 2G
 Pre-touch: Disabled
 Parallel Workers: 10

Heap:
 PSYoungGen      total 2560K, used 1851K [0x00000000d5580000, 0x00000000d5900000, 0x0000000100000000)
  eden space 2048K, 79% used [0x00000000d5580000,0x00000000d5716e08,0x00000000d5780000)
  from space 512K, 43% used [0x00000000d5800000,0x00000000d5838000,0x00000000d5880000)
  to   space 512K, 0% used [0x00000000d5880000,0x00000000d5880000,0x00000000d5900000)
 ParOldGen       total 147456K, used 147400K [0x0000000080000000, 0x0000000089000000, 0x00000000d5580000)
  object space 147456K, 99% used [0x0000000080000000,0x0000000088ff2030,0x0000000089000000)
 Metaspace       used 81306K, committed 83264K, reserved 1179648K
  class space    used 8692K, committed 9536K, reserved 1048576K

Card table byte_map: [0x000001e335d70000,0x000001e336180000] _byte_map_base: 0x000001e335970000

Marking Bits: (ParMarkBitMap*) 0x00007ffae2cc4460
 Begin Bits: [0x000001e348880000, 0x000001e34a880000)
 End Bits:   [0x000001e34a880000, 0x000001e34c880000)

Polling page: 0x000001e334630000

Metaspace:

Usage:
  Non-class:     70.91 MB used.
      Class:      8.49 MB used.
       Both:     79.40 MB used.

Virtual space:
  Non-class space:      128.00 MB reserved,      72.00 MB ( 56%) committed,  2 nodes.
      Class space:        1.00 GB reserved,       9.31 MB ( <1%) committed,  1 nodes.
             Both:        1.12 GB reserved,      81.31 MB (  7%) committed. 

Chunk freelists:
   Non-Class:  7.67 MB
       Class:  6.54 MB
        Both:  14.21 MB

MaxMetaspaceSize: unlimited
CompressedClassSpaceSize: 1.00 GB
Initial GC threshold: 21.00 MB
Current GC threshold: 97.31 MB
CDS: on
 - commit_granule_bytes: 65536.
 - commit_granule_words: 8192.
 - virtual_space_node_default_size: 8388608.
 - enlarge_chunks_in_place: 1.
 - use_allocation_guard: 0.


Internal statistics:

num_allocs_failed_limit: 11.
num_arena_births: 1654.
num_arena_deaths: 14.
num_vsnodes_births: 3.
num_vsnodes_deaths: 0.
num_space_committed: 1301.
num_space_uncommitted: 0.
num_chunks_returned_to_freelist: 25.
num_chunks_taken_from_freelist: 5431.
num_chunk_merges: 16.
num_chunk_splits: 3321.
num_chunks_enlarged: 1864.
num_inconsistent_stats: 0.

CodeHeap 'non-profiled nmethods': size=120000Kb used=11873Kb max_used=11873Kb free=108126Kb
 bounds [0x000001e3410a0000, 0x000001e341c40000, 0x000001e3485d0000]
CodeHeap 'profiled nmethods': size=120000Kb used=34401Kb max_used=34401Kb free=85598Kb
 bounds [0x000001e3395d0000, 0x000001e33b770000, 0x000001e340b00000]
CodeHeap 'non-nmethods': size=5760Kb used=1509Kb max_used=1593Kb free=4251Kb
 bounds [0x000001e340b00000, 0x000001e340d70000, 0x000001e3410a0000]
CodeCache: size=245760Kb, used=47783Kb, max_used=47867Kb, free=197975Kb
 total_blobs=15588, nmethods=14762, adapters=730, full_count=0
Compilation: enabled, stopped_count=0, restarted_count=0

Compilation events (20 events):
Event: 2277.170 Thread 0x000001e38f244d90 15528   !   3       sun.nio.ch.WindowsAsynchronousFileChannelImpl$ReadTask::updatePosition (65 bytes)
Event: 2277.171 Thread 0x000001e38f244d90 nmethod 15528 0x000001e33b766c10 code [0x000001e33b766e20, 0x000001e33b7673b8]
Event: 2277.174 Thread 0x000001e38f241fb0 15529       4       org.eclipse.jdt.core.dom.ASTVisitor::endVisit (1 bytes)
Event: 2277.174 Thread 0x000001e38f241fb0 nmethod 15529 0x000001e341c34510 code [0x000001e341c346a0, 0x000001e341c34728]
Event: 2277.176 Thread 0x000001e38f241fb0 15530       4       org.eclipse.jdt.core.Signature::getSignatureQualifier (121 bytes)
Event: 2277.177 Thread 0x000001e38f244d90 15531       3       org.eclipse.jdt.internal.core.SourceMethod::equals (43 bytes)
Event: 2277.177 Thread 0x000001e38f244d90 nmethod 15531 0x000001e33b767590 code [0x000001e33b767780, 0x000001e33b767c08]
Event: 2277.178 Thread 0x000001e38f244d90 15532       1       org.eclipse.jdt.core.dom.ASTVisitor::visit (2 bytes)
Event: 2277.178 Thread 0x000001e38f244d90 nmethod 15532 0x000001e341c34810 code [0x000001e341c349a0, 0x000001e341c34a68]
Event: 2277.193 Thread 0x000001e38f241fb0 nmethod 15530 0x000001e341c34b10 code [0x000001e341c34d20, 0x000001e341c357d8]
Event: 2277.421 Thread 0x000001e38f244d90 15533       1       org.eclipse.jdt.core.dom.ASTVisitor::visit (2 bytes)
Event: 2277.421 Thread 0x000001e38f244d90 nmethod 15533 0x000001e341c35d10 code [0x000001e341c35ea0, 0x000001e341c35f68]
Event: 2277.422 Thread 0x000001e38f241fb0 15534       4       org.eclipse.jdt.core.dom.ASTNode$NodeList::size (8 bytes)
Event: 2277.422 Thread 0x000001e38f244d90 15535       3       org.eclipse.jdt.core.dom.ASTVisitor::endVisit (1 bytes)
Event: 2277.422 Thread 0x000001e38f244d90 nmethod 15535 0x000001e33b767d10 code [0x000001e33b767ea0, 0x000001e33b767fa8]
Event: 2277.422 Thread 0x000001e38f244d90 15537       3       com.google.gson.TypeAdapter$NullSafeTypeAdapter::write (22 bytes)
Event: 2277.422 Thread 0x000001e38f244d90 nmethod 15537 0x000001e33b768010 code [0x000001e33b7681e0, 0x000001e33b7684e0]
Event: 2277.423 Thread 0x000001e38f241fb0 nmethod 15534 0x000001e341c36010 code [0x000001e341c361a0, 0x000001e341c36240]
Event: 2277.423 Thread 0x000001e38f241fb0 15536       4       org.eclipse.jdt.core.dom.MethodInvocation::accept0 (63 bytes)
Event: 2277.465 Thread 0x000001e38f241fb0 nmethod 15536 0x000001e341c36310 code [0x000001e341c36620, 0x000001e341c37da0]

GC Heap History (20 events):
Event: 2188.810 GC heap before
{Heap before GC invocations=217 (full 3):
 PSYoungGen      total 2560K, used 2267K [0x00000000d5580000, 0x00000000d5900000, 0x0000000100000000)
  eden space 2048K, 100% used [0x00000000d5580000,0x00000000d5780000,0x00000000d5780000)
  from space 512K, 42% used [0x00000000d5800000,0x00000000d5836e50,0x00000000d5880000)
  to   space 512K, 0% used [0x00000000d5880000,0x00000000d5880000,0x00000000d5900000)
 ParOldGen       total 146944K, used 146894K [0x0000000080000000, 0x0000000088f80000, 0x00000000d5580000)
  object space 146944K, 99% used [0x0000000080000000,0x0000000088f73ad0,0x0000000088f80000)
 Metaspace       used 81107K, committed 83008K, reserved 1179648K
  class space    used 8684K, committed 9472K, reserved 1048576K
}
Event: 2188.812 GC heap after
{Heap after GC invocations=217 (full 3):
 PSYoungGen      total 2560K, used 436K [0x00000000d5580000, 0x00000000d5900000, 0x0000000100000000)
  eden space 2048K, 0% used [0x00000000d5580000,0x00000000d5580000,0x00000000d5780000)
  from space 512K, 85% used [0x00000000d5880000,0x00000000d58ed200,0x00000000d5900000)
  to   space 512K, 0% used [0x00000000d5800000,0x00000000d5800000,0x00000000d5880000)
 ParOldGen       total 147456K, used 147034K [0x0000000080000000, 0x0000000089000000, 0x00000000d5580000)
  object space 147456K, 99% used [0x0000000080000000,0x0000000088f96920,0x0000000089000000)
 Metaspace       used 81107K, committed 83008K, reserved 1179648K
  class space    used 8684K, committed 9472K, reserved 1048576K
}
Event: 2190.337 GC heap before
{Heap before GC invocations=218 (full 3):
 PSYoungGen      total 2560K, used 2484K [0x00000000d5580000, 0x00000000d5900000, 0x0000000100000000)
  eden space 2048K, 100% used [0x00000000d5580000,0x00000000d5780000,0x00000000d5780000)
  from space 512K, 85% used [0x00000000d5880000,0x00000000d58ed200,0x00000000d5900000)
  to   space 512K, 0% used [0x00000000d5800000,0x00000000d5800000,0x00000000d5880000)
 ParOldGen       total 147456K, used 147034K [0x0000000080000000, 0x0000000089000000, 0x00000000d5580000)
  object space 147456K, 99% used [0x0000000080000000,0x0000000088f96920,0x0000000089000000)
 Metaspace       used 81126K, committed 83008K, reserved 1179648K
  class space    used 8684K, committed 9472K, reserved 1048576K
}
Event: 2190.339 GC heap after
{Heap after GC invocations=218 (full 3):
 PSYoungGen      total 2560K, used 314K [0x00000000d5580000, 0x00000000d5900000, 0x0000000100000000)
  eden space 2048K, 0% used [0x00000000d5580000,0x00000000d5580000,0x00000000d5780000)
  from space 512K, 61% used [0x00000000d5800000,0x00000000d584e900,0x00000000d5880000)
  to   space 512K, 0% used [0x00000000d5880000,0x00000000d5880000,0x00000000d5900000)
 ParOldGen       total 147456K, used 147104K [0x0000000080000000, 0x0000000089000000, 0x00000000d5580000)
  object space 147456K, 99% used [0x0000000080000000,0x0000000088fa8030,0x0000000089000000)
 Metaspace       used 81126K, committed 83008K, reserved 1179648K
  class space    used 8684K, committed 9472K, reserved 1048576K
}
Event: 2190.747 GC heap before
{Heap before GC invocations=219 (full 3):
 PSYoungGen      total 2560K, used 2362K [0x00000000d5580000, 0x00000000d5900000, 0x0000000100000000)
  eden space 2048K, 100% used [0x00000000d5580000,0x00000000d5780000,0x00000000d5780000)
  from space 512K, 61% used [0x00000000d5800000,0x00000000d584e900,0x00000000d5880000)
  to   space 512K, 0% used [0x00000000d5880000,0x00000000d5880000,0x00000000d5900000)
 ParOldGen       total 147456K, used 147104K [0x0000000080000000, 0x0000000089000000, 0x00000000d5580000)
  object space 147456K, 99% used [0x0000000080000000,0x0000000088fa8030,0x0000000089000000)
 Metaspace       used 81141K, committed 83008K, reserved 1179648K
  class space    used 8684K, committed 9472K, reserved 1048576K
}
Event: 2190.749 GC heap after
{Heap after GC invocations=219 (full 3):
 PSYoungGen      total 2560K, used 256K [0x00000000d5580000, 0x00000000d5900000, 0x0000000100000000)
  eden space 2048K, 0% used [0x00000000d5580000,0x00000000d5580000,0x00000000d5780000)
  from space 512K, 50% used [0x00000000d5880000,0x00000000d58c0000,0x00000000d5900000)
  to   space 512K, 0% used [0x00000000d5800000,0x00000000d5800000,0x00000000d5880000)
 ParOldGen       total 147456K, used 147136K [0x0000000080000000, 0x0000000089000000, 0x00000000d5580000)
  object space 147456K, 99% used [0x0000000080000000,0x0000000088fb0030,0x0000000089000000)
 Metaspace       used 81141K, committed 83008K, reserved 1179648K
  class space    used 8684K, committed 9472K, reserved 1048576K
}
Event: 2191.868 GC heap before
{Heap before GC invocations=220 (full 3):
 PSYoungGen      total 2560K, used 2304K [0x00000000d5580000, 0x00000000d5900000, 0x0000000100000000)
  eden space 2048K, 100% used [0x00000000d5580000,0x00000000d5780000,0x00000000d5780000)
  from space 512K, 50% used [0x00000000d5880000,0x00000000d58c0000,0x00000000d5900000)
  to   space 512K, 0% used [0x00000000d5800000,0x00000000d5800000,0x00000000d5880000)
 ParOldGen       total 147456K, used 147136K [0x0000000080000000, 0x0000000089000000, 0x00000000d5580000)
  object space 147456K, 99% used [0x0000000080000000,0x0000000088fb0030,0x0000000089000000)
 Metaspace       used 81177K, committed 83072K, reserved 1179648K
  class space    used 8691K, committed 9472K, reserved 1048576K
}
Event: 2191.869 GC heap after
{Heap after GC invocations=220 (full 3):
 PSYoungGen      total 2560K, used 224K [0x00000000d5580000, 0x00000000d5900000, 0x0000000100000000)
  eden space 2048K, 0% used [0x00000000d5580000,0x00000000d5580000,0x00000000d5780000)
  from space 512K, 43% used [0x00000000d5800000,0x00000000d5838000,0x00000000d5880000)
  to   space 512K, 0% used [0x00000000d5880000,0x00000000d5880000,0x00000000d5900000)
 ParOldGen       total 147456K, used 147168K [0x0000000080000000, 0x0000000089000000, 0x00000000d5580000)
  object space 147456K, 99% used [0x0000000080000000,0x0000000088fb8030,0x0000000089000000)
 Metaspace       used 81177K, committed 83072K, reserved 1179648K
  class space    used 8691K, committed 9472K, reserved 1048576K
}
Event: 2194.751 GC heap before
{Heap before GC invocations=221 (full 3):
 PSYoungGen      total 2560K, used 2271K [0x00000000d5580000, 0x00000000d5900000, 0x0000000100000000)
  eden space 2048K, 99% used [0x00000000d5580000,0x00000000d577ff68,0x00000000d5780000)
  from space 512K, 43% used [0x00000000d5800000,0x00000000d5838000,0x00000000d5880000)
  to   space 512K, 0% used [0x00000000d5880000,0x00000000d5880000,0x00000000d5900000)
 ParOldGen       total 147456K, used 147168K [0x0000000080000000, 0x0000000089000000, 0x00000000d5580000)
  object space 147456K, 99% used [0x0000000080000000,0x0000000088fb8030,0x0000000089000000)
 Metaspace       used 81199K, committed 83072K, reserved 1179648K
  class space    used 8691K, committed 9472K, reserved 1048576K
}
Event: 2194.753 GC heap after
{Heap after GC invocations=221 (full 3):
 PSYoungGen      total 2560K, used 192K [0x00000000d5580000, 0x00000000d5900000, 0x0000000100000000)
  eden space 2048K, 0% used [0x00000000d5580000,0x00000000d5580000,0x00000000d5780000)
  from space 512K, 37% used [0x00000000d5880000,0x00000000d58b0000,0x00000000d5900000)
  to   space 512K, 0% used [0x00000000d5800000,0x00000000d5800000,0x00000000d5880000)
 ParOldGen       total 147456K, used 147216K [0x0000000080000000, 0x0000000089000000, 0x00000000d5580000)
  object space 147456K, 99% used [0x0000000080000000,0x0000000088fc4030,0x0000000089000000)
 Metaspace       used 81199K, committed 83072K, reserved 1179648K
  class space    used 8691K, committed 9472K, reserved 1048576K
}
Event: 2262.963 GC heap before
{Heap before GC invocations=222 (full 3):
 PSYoungGen      total 2560K, used 2240K [0x00000000d5580000, 0x00000000d5900000, 0x0000000100000000)
  eden space 2048K, 100% used [0x00000000d5580000,0x00000000d5780000,0x00000000d5780000)
  from space 512K, 37% used [0x00000000d5880000,0x00000000d58b0000,0x00000000d5900000)
  to   space 512K, 0% used [0x00000000d5800000,0x00000000d5800000,0x00000000d5880000)
 ParOldGen       total 147456K, used 147216K [0x0000000080000000, 0x0000000089000000, 0x00000000d5580000)
  object space 147456K, 99% used [0x0000000080000000,0x0000000088fc4030,0x0000000089000000)
 Metaspace       used 81215K, committed 83136K, reserved 1179648K
  class space    used 8692K, committed 9536K, reserved 1048576K
}
Event: 2262.965 GC heap after
{Heap after GC invocations=222 (full 3):
 PSYoungGen      total 2560K, used 244K [0x00000000d5580000, 0x00000000d5900000, 0x0000000100000000)
  eden space 2048K, 0% used [0x00000000d5580000,0x00000000d5580000,0x00000000d5780000)
  from space 512K, 47% used [0x00000000d5800000,0x00000000d583d200,0x00000000d5880000)
  to   space 512K, 0% used [0x00000000d5880000,0x00000000d5880000,0x00000000d5900000)
 ParOldGen       total 147456K, used 147240K [0x0000000080000000, 0x0000000089000000, 0x00000000d5580000)
  object space 147456K, 99% used [0x0000000080000000,0x0000000088fca030,0x0000000089000000)
 Metaspace       used 81215K, committed 83136K, reserved 1179648K
  class space    used 8692K, committed 9536K, reserved 1048576K
}
Event: 2274.267 GC heap before
{Heap before GC invocations=223 (full 3):
 PSYoungGen      total 2560K, used 2292K [0x00000000d5580000, 0x00000000d5900000, 0x0000000100000000)
  eden space 2048K, 99% used [0x00000000d5580000,0x00000000d577fff0,0x00000000d5780000)
  from space 512K, 47% used [0x00000000d5800000,0x00000000d583d200,0x00000000d5880000)
  to   space 512K, 0% used [0x00000000d5880000,0x00000000d5880000,0x00000000d5900000)
 ParOldGen       total 147456K, used 147240K [0x0000000080000000, 0x0000000089000000, 0x00000000d5580000)
  object space 147456K, 99% used [0x0000000080000000,0x0000000088fca030,0x0000000089000000)
 Metaspace       used 81241K, committed 83136K, reserved 1179648K
  class space    used 8692K, committed 9536K, reserved 1048576K
}
Event: 2274.269 GC heap after
{Heap after GC invocations=223 (full 3):
 PSYoungGen      total 2560K, used 192K [0x00000000d5580000, 0x00000000d5900000, 0x0000000100000000)
  eden space 2048K, 0% used [0x00000000d5580000,0x00000000d5580000,0x00000000d5780000)
  from space 512K, 37% used [0x00000000d5880000,0x00000000d58b0000,0x00000000d5900000)
  to   space 512K, 0% used [0x00000000d5800000,0x00000000d5800000,0x00000000d5880000)
 ParOldGen       total 147456K, used 147280K [0x0000000080000000, 0x0000000089000000, 0x00000000d5580000)
  object space 147456K, 99% used [0x0000000080000000,0x0000000088fd4030,0x0000000089000000)
 Metaspace       used 81241K, committed 83136K, reserved 1179648K
  class space    used 8692K, committed 9536K, reserved 1048576K
}
Event: 2275.661 GC heap before
{Heap before GC invocations=224 (full 3):
 PSYoungGen      total 2560K, used 2240K [0x00000000d5580000, 0x00000000d5900000, 0x0000000100000000)
  eden space 2048K, 100% used [0x00000000d5580000,0x00000000d5780000,0x00000000d5780000)
  from space 512K, 37% used [0x00000000d5880000,0x00000000d58b0000,0x00000000d5900000)
  to   space 512K, 0% used [0x00000000d5800000,0x00000000d5800000,0x00000000d5880000)
 ParOldGen       total 147456K, used 147280K [0x0000000080000000, 0x0000000089000000, 0x00000000d5580000)
  object space 147456K, 99% used [0x0000000080000000,0x0000000088fd4030,0x0000000089000000)
 Metaspace       used 81258K, committed 83200K, reserved 1179648K
  class space    used 8692K, committed 9536K, reserved 1048576K
}
Event: 2275.662 GC heap after
{Heap after GC invocations=224 (full 3):
 PSYoungGen      total 2560K, used 224K [0x00000000d5580000, 0x00000000d5900000, 0x0000000100000000)
  eden space 2048K, 0% used [0x00000000d5580000,0x00000000d5580000,0x00000000d5780000)
  from space 512K, 43% used [0x00000000d5800000,0x00000000d5838000,0x00000000d5880000)
  to   space 512K, 0% used [0x00000000d5880000,0x00000000d5880000,0x00000000d5900000)
 ParOldGen       total 147456K, used 147320K [0x0000000080000000, 0x0000000089000000, 0x00000000d5580000)
  object space 147456K, 99% used [0x0000000080000000,0x0000000088fde030,0x0000000089000000)
 Metaspace       used 81258K, committed 83200K, reserved 1179648K
  class space    used 8692K, committed 9536K, reserved 1048576K
}
Event: 2276.583 GC heap before
{Heap before GC invocations=225 (full 3):
 PSYoungGen      total 2560K, used 2272K [0x00000000d5580000, 0x00000000d5900000, 0x0000000100000000)
  eden space 2048K, 100% used [0x00000000d5580000,0x00000000d5780000,0x00000000d5780000)
  from space 512K, 43% used [0x00000000d5800000,0x00000000d5838000,0x00000000d5880000)
  to   space 512K, 0% used [0x00000000d5880000,0x00000000d5880000,0x00000000d5900000)
 ParOldGen       total 147456K, used 147320K [0x0000000080000000, 0x0000000089000000, 0x00000000d5580000)
  object space 147456K, 99% used [0x0000000080000000,0x0000000088fde030,0x0000000089000000)
 Metaspace       used 81288K, committed 83200K, reserved 1179648K
  class space    used 8692K, committed 9536K, reserved 1048576K
}
Event: 2276.585 GC heap after
{Heap after GC invocations=225 (full 3):
 PSYoungGen      total 2560K, used 256K [0x00000000d5580000, 0x00000000d5900000, 0x0000000100000000)
  eden space 2048K, 0% used [0x00000000d5580000,0x00000000d5580000,0x00000000d5780000)
  from space 512K, 50% used [0x00000000d5880000,0x00000000d58c0000,0x00000000d5900000)
  to   space 512K, 0% used [0x00000000d5800000,0x00000000d5800000,0x00000000d5880000)
 ParOldGen       total 147456K, used 147360K [0x0000000080000000, 0x0000000089000000, 0x00000000d5580000)
  object space 147456K, 99% used [0x0000000080000000,0x0000000088fe8030,0x0000000089000000)
 Metaspace       used 81288K, committed 83200K, reserved 1179648K
  class space    used 8692K, committed 9536K, reserved 1048576K
}
Event: 2276.901 GC heap before
{Heap before GC invocations=226 (full 3):
 PSYoungGen      total 2560K, used 2301K [0x00000000d5580000, 0x00000000d5900000, 0x0000000100000000)
  eden space 2048K, 99% used [0x00000000d5580000,0x00000000d577f6b0,0x00000000d5780000)
  from space 512K, 50% used [0x00000000d5880000,0x00000000d58c0000,0x00000000d5900000)
  to   space 512K, 0% used [0x00000000d5800000,0x00000000d5800000,0x00000000d5880000)
 ParOldGen       total 147456K, used 147360K [0x0000000080000000, 0x0000000089000000, 0x00000000d5580000)
  object space 147456K, 99% used [0x0000000080000000,0x0000000088fe8030,0x0000000089000000)
 Metaspace       used 81299K, committed 83264K, reserved 1179648K
  class space    used 8692K, committed 9536K, reserved 1048576K
}
Event: 2276.903 GC heap after
{Heap after GC invocations=226 (full 3):
 PSYoungGen      total 2560K, used 224K [0x00000000d5580000, 0x00000000d5900000, 0x0000000100000000)
  eden space 2048K, 0% used [0x00000000d5580000,0x00000000d5580000,0x00000000d5780000)
  from space 512K, 43% used [0x00000000d5800000,0x00000000d5838000,0x00000000d5880000)
  to   space 512K, 0% used [0x00000000d5880000,0x00000000d5880000,0x00000000d5900000)
 ParOldGen       total 147456K, used 147400K [0x0000000080000000, 0x0000000089000000, 0x00000000d5580000)
  object space 147456K, 99% used [0x0000000080000000,0x0000000088ff2030,0x0000000089000000)
 Metaspace       used 81299K, committed 83264K, reserved 1179648K
  class space    used 8692K, committed 9536K, reserved 1048576K
}

Dll operation events (12 events):
Event: 0.019 Loaded shared library c:\Users\Administrator\.vscode\extensions\redhat.java-1.55.0-win32-x64\jre\21.0.11-win32-x86_64\bin\java.dll
Event: 0.118 Loaded shared library c:\Users\Administrator\.vscode\extensions\redhat.java-1.55.0-win32-x64\jre\21.0.11-win32-x86_64\bin\zip.dll
Event: 0.156 Loaded shared library C:\Users\Administrator\.vscode\extensions\redhat.java-1.55.0-win32-x64\jre\21.0.11-win32-x86_64\bin\instrument.dll
Event: 0.164 Loaded shared library C:\Users\Administrator\.vscode\extensions\redhat.java-1.55.0-win32-x64\jre\21.0.11-win32-x86_64\bin\net.dll
Event: 0.168 Loaded shared library C:\Users\Administrator\.vscode\extensions\redhat.java-1.55.0-win32-x64\jre\21.0.11-win32-x86_64\bin\nio.dll
Event: 0.175 Loaded shared library C:\Users\Administrator\.vscode\extensions\redhat.java-1.55.0-win32-x64\jre\21.0.11-win32-x86_64\bin\zip.dll
Event: 0.205 Loaded shared library C:\Users\Administrator\.vscode\extensions\redhat.java-1.55.0-win32-x64\jre\21.0.11-win32-x86_64\bin\jimage.dll
Event: 0.305 Loaded shared library c:\Users\Administrator\.vscode\extensions\redhat.java-1.55.0-win32-x64\jre\21.0.11-win32-x86_64\bin\verify.dll
Event: 5.929 Loaded shared library C:\Users\Administrator\AppData\Roaming\Code\User\globalStorage\redhat.java\1.55.0\config_win\org.eclipse.equinox.launcher\org.eclipse.equinox.launcher.win32.win32.x86_64_1.3.100.v20260613-0559\eclipse_11924.dll
Event: 17.172 Loaded shared library C:\Users\Administrator\AppData\Local\Temp\jna-146731693\jna12001277208193962181.dll
Event: 654.440 Loaded shared library C:\Users\Administrator\.vscode\extensions\redhat.java-1.55.0-win32-x64\jre\21.0.11-win32-x86_64\bin\sunmscapi.dll
Event: 655.435 Loaded shared library C:\Users\Administrator\.vscode\extensions\redhat.java-1.55.0-win32-x64\jre\21.0.11-win32-x86_64\bin\extnet.dll

Deoptimization events (20 events):
Event: 2188.819 Thread 0x000001e399087210 Uncommon trap: trap_request=0xffffffd6 fr.pc=0x000001e341bea2e4 relative=0x00000000000011c4
Event: 2188.819 Thread 0x000001e399087210 Uncommon trap: reason=array_check action=maybe_recompile pc=0x000001e341bea2e4 method=java.util.TimSort.reverseRange([Ljava/lang/Object;II)V @ 20 c2
Event: 2188.819 Thread 0x000001e399087210 DEOPT PACKING pc=0x000001e341bea2e4 sp=0x00000039a30fe900
Event: 2188.819 Thread 0x000001e399087210 DEOPT UNPACKING pc=0x000001e340b53aa2 sp=0x00000039a30fe7a8 mode 2
Event: 2188.820 Thread 0x000001e399087210 Uncommon trap: trap_request=0xffffffbe fr.pc=0x000001e341be94b8 relative=0x0000000000000398
Event: 2188.820 Thread 0x000001e399087210 Uncommon trap: reason=profile_predicate action=maybe_recompile pc=0x000001e341be94b8 method=java.util.TimSort.binarySort([Ljava/lang/Object;IIILjava/util/Comparator;)V @ 34 c2
Event: 2188.820 Thread 0x000001e399087210 DEOPT PACKING pc=0x000001e341be94b8 sp=0x00000039a30fe8d0
Event: 2188.820 Thread 0x000001e399087210 DEOPT UNPACKING pc=0x000001e340b53aa2 sp=0x00000039a30fe7d8 mode 2
Event: 2188.820 Thread 0x000001e399087210 Uncommon trap: trap_request=0xffffffd6 fr.pc=0x000001e341bea2e4 relative=0x00000000000011c4
Event: 2188.820 Thread 0x000001e399087210 Uncommon trap: reason=array_check action=maybe_recompile pc=0x000001e341bea2e4 method=java.util.TimSort.reverseRange([Ljava/lang/Object;II)V @ 20 c2
Event: 2188.820 Thread 0x000001e399087210 DEOPT PACKING pc=0x000001e341bea2e4 sp=0x00000039a30fe130
Event: 2188.820 Thread 0x000001e399087210 DEOPT UNPACKING pc=0x000001e340b53aa2 sp=0x00000039a30fdfd8 mode 2
Event: 2188.820 Thread 0x000001e399087210 Uncommon trap: trap_request=0xffffffde fr.pc=0x000001e341afe798 relative=0x0000000000000e98
Event: 2188.820 Thread 0x000001e399087210 Uncommon trap: reason=class_check action=maybe_recompile pc=0x000001e341afe798 method=org.eclipse.jdt.internal.compiler.parser.Parser.consumeToken(Lorg/eclipse/jdt/internal/compiler/parser/TerminalToken;)V @ 1597 c2
Event: 2188.820 Thread 0x000001e399087210 DEOPT PACKING pc=0x000001e341afe798 sp=0x00000039a30fe7b0
Event: 2188.820 Thread 0x000001e399087210 DEOPT UNPACKING pc=0x000001e340b53aa2 sp=0x00000039a30fe770 mode 2
Event: 2188.821 Thread 0x000001e399087210 Uncommon trap: trap_request=0xffffffde fr.pc=0x000001e341afe798 relative=0x0000000000000e98
Event: 2188.821 Thread 0x000001e399087210 Uncommon trap: reason=class_check action=maybe_recompile pc=0x000001e341afe798 method=org.eclipse.jdt.internal.compiler.parser.Parser.consumeToken(Lorg/eclipse/jdt/internal/compiler/parser/TerminalToken;)V @ 1597 c2
Event: 2188.821 Thread 0x000001e399087210 DEOPT PACKING pc=0x000001e341afe798 sp=0x00000039a30fe7b0
Event: 2188.821 Thread 0x000001e399087210 DEOPT UNPACKING pc=0x000001e340b53aa2 sp=0x00000039a30fe770 mode 2

Classes loaded (20 events):
Event: 656.372 Loading class sun/net/www/http/KeepAliveCache$ClientVector
Event: 656.372 Loading class sun/net/www/http/KeepAliveCache$ClientVector done
Event: 656.375 Loading class sun/net/www/http/KeepAliveEntry
Event: 656.375 Loading class sun/net/www/http/KeepAliveEntry done
Event: 656.858 Loading class sun/security/ssl/Alert
Event: 656.859 Loading class sun/security/ssl/Alert done
Event: 656.859 Loading class sun/security/ssl/Alert$AlertConsumer
Event: 656.859 Loading class sun/security/ssl/Alert$AlertConsumer done
Event: 656.859 Loading class sun/security/ssl/Alert$Level
Event: 656.860 Loading class sun/security/ssl/Alert$Level done
Event: 2173.896 Loading class java/util/regex/Pattern$Behind
Event: 2173.897 Loading class java/util/regex/Pattern$Behind done
Event: 2173.897 Loading class java/util/regex/Pattern$Neg
Event: 2173.897 Loading class java/util/regex/Pattern$Neg done
Event: 2188.761 Loading class java/util/function/IntPredicate
Event: 2188.762 Loading class java/util/function/IntPredicate done
Event: 2188.774 Loading class java/util/regex/Pattern$Bound
Event: 2188.774 Loading class java/util/regex/Pattern$Bound done
Event: 2194.754 Loading class java/lang/StringLatin1$CharsSpliterator
Event: 2194.754 Loading class java/lang/StringLatin1$CharsSpliterator done

Classes unloaded (7 events):
Event: 17.673 Thread 0x000001e38f2414a0 Unloading class 0x000001e34e1a4000 'java/lang/invoke/LambdaForm$MH+0x000001e34e1a4000'
Event: 17.673 Thread 0x000001e38f2414a0 Unloading class 0x000001e34e1a3c00 'java/lang/invoke/LambdaForm$MH+0x000001e34e1a3c00'
Event: 17.673 Thread 0x000001e38f2414a0 Unloading class 0x000001e34e1a3800 'java/lang/invoke/LambdaForm$MH+0x000001e34e1a3800'
Event: 17.673 Thread 0x000001e38f2414a0 Unloading class 0x000001e34e1a3400 'java/lang/invoke/LambdaForm$MH+0x000001e34e1a3400'
Event: 17.673 Thread 0x000001e38f2414a0 Unloading class 0x000001e34e1a3000 'java/lang/invoke/LambdaForm$BMH+0x000001e34e1a3000'
Event: 17.673 Thread 0x000001e38f2414a0 Unloading class 0x000001e34e1a2c00 'java/lang/invoke/LambdaForm$DMH+0x000001e34e1a2c00'
Event: 17.673 Thread 0x000001e38f2414a0 Unloading class 0x000001e34e1a1800 'java/lang/invoke/LambdaForm$DMH+0x000001e34e1a1800'

Classes redefined (0 events):
No events

Internal exceptions (20 events):
Event: 655.717 Thread 0x000001e399087210 Exception <a 'sun/nio/fs/WindowsException'{0x00000000d55e9a80}> (0x00000000d55e9a80) 
thrown [s\src\hotspot\share\prims\jni.cpp, line 520]
Event: 655.733 Thread 0x000001e399087210 Exception <a 'sun/nio/fs/WindowsException'{0x00000000d57a39d8}> (0x00000000d57a39d8) 
thrown [s\src\hotspot\share\prims\jni.cpp, line 520]
Event: 655.733 Thread 0x000001e399087210 Exception <a 'sun/nio/fs/WindowsException'{0x00000000d57acda8}> (0x00000000d57acda8) 
thrown [s\src\hotspot\share\prims\jni.cpp, line 520]
Event: 655.802 Thread 0x000001e399087210 Exception <a 'sun/nio/fs/WindowsException'{0x00000000d5a12980}> (0x00000000d5a12980) 
thrown [s\src\hotspot\share\prims\jni.cpp, line 520]
Event: 655.803 Thread 0x000001e399087210 Exception <a 'sun/nio/fs/WindowsException'{0x00000000d5a134d8}> (0x00000000d5a134d8) 
thrown [s\src\hotspot\share\prims\jni.cpp, line 520]
Event: 656.000 Thread 0x000001e399087210 Exception <a 'sun/nio/fs/WindowsException'{0x00000000d5b174d0}> (0x00000000d5b174d0) 
thrown [s\src\hotspot\share\prims\jni.cpp, line 520]
Event: 656.000 Thread 0x000001e399087210 Exception <a 'sun/nio/fs/WindowsException'{0x00000000d5b18028}> (0x00000000d5b18028) 
thrown [s\src\hotspot\share\prims\jni.cpp, line 520]
Event: 656.270 Thread 0x000001e3990892e0 Exception <a 'java/lang/NoSuchMethodError'{0x00000000d5814a40}: 'java.lang.Object java.lang.invoke.DirectMethodHandle$Holder.invokeStaticInit(java.lang.Object, java.lang.Object, java.lang.Object, java.lang.Object, java.lang.Object)'> (0x00000000d5814a40) 
thrown [s\src\hotspot\share\interpreter\linkResolver.cpp, line 773]
Event: 656.271 Thread 0x000001e3990892e0 Exception <a 'java/lang/NoSuchMethodError'{0x00000000d581f028}: 'java.lang.Object java.lang.invoke.Invokers$Holder.invoke_MT(java.lang.Object, java.lang.Object, java.lang.Object, java.lang.Object, java.lang.Object, java.lang.Object)'> (0x00000000d581f028) 
thrown [s\src\hotspot\share\interpreter\linkResolver.cpp, line 773]
Event: 656.272 Thread 0x000001e3990892e0 Exception <a 'java/lang/NoSuchMethodError'{0x00000000d584a3a8}: 'int java.lang.invoke.DirectMethodHandle$Holder.invokeStaticInit(java.lang.Object, java.lang.Object, java.lang.Object, java.lang.Object, java.lang.Object)'> (0x00000000d584a3a8) 
thrown [s\src\hotspot\share\interpreter\linkResolver.cpp, line 773]
Event: 656.272 Thread 0x000001e3990892e0 Exception <a 'java/lang/NoSuchMethodError'{0x00000000d5852440}: 'int java.lang.invoke.DirectMethodHandle$Holder.invokeStaticInit(java.lang.Object, int)'> (0x00000000d5852440) 
thrown [s\src\hotspot\share\interpreter\linkResolver.cpp, line 773]
Event: 656.273 Thread 0x000001e3990892e0 Exception <a 'java/lang/NoSuchMethodError'{0x00000000d58617b0}: 'int java.lang.invoke.DirectMethodHandle$Holder.invokeStaticInit(java.lang.Object, java.lang.Object, java.lang.Object, java.lang.Object, java.lang.Object, java.lang.Object)'> (0x00000000d58617b0) 
thrown [s\src\hotspot\share\interpreter\linkResolver.cpp, line 773]
Event: 656.276 Thread 0x000001e3990892e0 Implicit null exception at 0x000001e3418ac11b to 0x000001e3418ac444
Event: 656.280 Thread 0x000001e3990892e0 Implicit null exception at 0x000001e3417ab7f5 to 0x000001e3417ab8d0
Event: 656.282 Thread 0x000001e3990892e0 Exception <a 'java/lang/NoSuchMethodError'{0x00000000d55afa38}: 'int java.lang.invoke.DirectMethodHandle$Holder.invokeSpecial(java.lang.Object, java.lang.Object, int)'> (0x00000000d55afa38) 
thrown [s\src\hotspot\share\interpreter\linkResolver.cpp, line 773]
Event: 656.283 Thread 0x000001e3990892e0 Exception <a 'java/lang/NoSuchMethodError'{0x00000000d55b76c8}: 'int java.lang.invoke.Invokers$Holder.linkToTargetMethod(java.lang.Object, int, java.lang.Object)'> (0x00000000d55b76c8) 
thrown [s\src\hotspot\share\interpreter\linkResolver.cpp, line 773]
Event: 2163.817 Thread 0x000001e39908cdf0 Implicit null exception at 0x000001e341950634 to 0x000001e3419512a0
Event: 2165.615 Thread 0x000001e39577fbc0 Exception <a 'java/lang/IncompatibleClassChangeError'{0x00000000d5810bf0}: Found class java.lang.Object, but interface was expected> (0x00000000d5810bf0) 
thrown [s\src\hotspot\share\interpreter\linkResolver.cpp, line 840]
Event: 2173.797 Thread 0x000001e399087210 Implicit null exception at 0x000001e341a89f8b to 0x000001e341a8a3d8
Event: 2173.845 Thread 0x000001e399087210 Exception <a 'java/lang/NoSuchMethodError'{0x00000000d567c740}: 'void java.lang.invoke.DirectMethodHandle$Holder.invokeSpecial(java.lang.Object, java.lang.Object, int)'> (0x00000000d567c740) 
thrown [s\src\hotspot\share\interpreter\linkResolver.cpp, line 773]

ZGC Phase Switch (0 events):
No events

VM Operations (20 events):
Event: 2262.963 Executing safepoint VM operation: ParallelGCFailedAllocation (Allocation Failure)
Event: 2262.965 Executing safepoint VM operation: ParallelGCFailedAllocation (Allocation Failure) done
Event: 2274.081 Executing safepoint VM operation: Cleanup
Event: 2274.081 Executing safepoint VM operation: Cleanup done
Event: 2274.267 Executing safepoint VM operation: ParallelGCFailedAllocation (Allocation Failure)
Event: 2274.269 Executing safepoint VM operation: ParallelGCFailedAllocation (Allocation Failure) done
Event: 2275.280 Executing safepoint VM operation: Cleanup
Event: 2275.280 Executing safepoint VM operation: Cleanup done
Event: 2275.660 Executing safepoint VM operation: ParallelGCFailedAllocation (Allocation Failure)
Event: 2275.662 Executing safepoint VM operation: ParallelGCFailedAllocation (Allocation Failure) done
Event: 2276.583 Executing safepoint VM operation: ParallelGCFailedAllocation (Allocation Failure)
Event: 2276.585 Executing safepoint VM operation: ParallelGCFailedAllocation (Allocation Failure) done
Event: 2276.901 Executing safepoint VM operation: ParallelGCFailedAllocation (Allocation Failure)
Event: 2276.903 Executing safepoint VM operation: ParallelGCFailedAllocation (Allocation Failure) done
Event: 2277.905 Executing safepoint VM operation: Cleanup
Event: 2277.905 Executing safepoint VM operation: Cleanup done
Event: 2285.015 Executing non-safepoint VM operation: HandshakeAllThreads (HandshakeForDeflation)
Event: 2285.016 Executing non-safepoint VM operation: HandshakeAllThreads (HandshakeForDeflation) done
Event: 2285.016 Executing non-safepoint VM operation: RendezvousGCThreads
Event: 2285.016 Executing non-safepoint VM operation: RendezvousGCThreads done

Memory protections (0 events):
No events

Nmethod flushes (20 events):
Event: 23.846 Thread 0x000001e38f2414a0 flushing  nmethod 0x000001e339e6e310
Event: 23.846 Thread 0x000001e38f2414a0 flushing  nmethod 0x000001e339e6ea10
Event: 23.846 Thread 0x000001e38f2414a0 flushing  nmethod 0x000001e339e6f290
Event: 23.846 Thread 0x000001e38f2414a0 flushing  nmethod 0x000001e339e6fc10
Event: 23.846 Thread 0x000001e38f2414a0 flushing  nmethod 0x000001e339e71690
Event: 23.846 Thread 0x000001e38f2414a0 flushing  nmethod 0x000001e339e81490
Event: 23.846 Thread 0x000001e38f2414a0 flushing  nmethod 0x000001e339e8ec90
Event: 23.846 Thread 0x000001e38f2414a0 flushing  nmethod 0x000001e339e97490
Event: 23.846 Thread 0x000001e38f2414a0 flushing  nmethod 0x000001e339e97e10
Event: 23.846 Thread 0x000001e38f2414a0 flushing  nmethod 0x000001e339e9e410
Event: 23.846 Thread 0x000001e38f2414a0 flushing  nmethod 0x000001e339ebb390
Event: 23.846 Thread 0x000001e38f2414a0 flushing  nmethod 0x000001e339f1e990
Event: 23.846 Thread 0x000001e38f2414a0 flushing  nmethod 0x000001e339f20290
Event: 23.846 Thread 0x000001e38f2414a0 flushing  nmethod 0x000001e339f21d10
Event: 23.846 Thread 0x000001e38f2414a0 flushing  nmethod 0x000001e339f27f10
Event: 23.846 Thread 0x000001e38f2414a0 flushing  nmethod 0x000001e339f2dd90
Event: 23.846 Thread 0x000001e38f2414a0 flushing  nmethod 0x000001e339f2ed10
Event: 23.846 Thread 0x000001e38f2414a0 flushing  nmethod 0x000001e339f30d90
Event: 23.846 Thread 0x000001e38f2414a0 flushing  nmethod 0x000001e339f31e90
Event: 23.846 Thread 0x000001e38f2414a0 flushing  nmethod 0x000001e339f3fe90

Events (20 events):
Event: 2173.375 Thread 0x000001e395f56420 Thread exited: 0x000001e395f56420
Event: 2173.426 Thread 0x000001e399087f30 Thread added: 0x000001e39908d480
Event: 2173.571 Thread 0x000001e38f241fb0 Thread added: 0x000001e395f56420
Event: 2173.824 Thread 0x000001e38f244d90 Thread added: 0x000001e395f58630
Event: 2174.434 Thread 0x000001e395f58630 Thread exited: 0x000001e395f58630
Event: 2174.434 Thread 0x000001e395f56420 Thread exited: 0x000001e395f56420
Event: 2174.448 Thread 0x000001e38f241fb0 Thread added: 0x000001e395f55680
Event: 2174.482 Thread 0x000001e38f241fb0 Thread added: 0x000001e395f55d50
Event: 2179.542 Thread 0x000001e395f55d50 Thread exited: 0x000001e395f55d50
Event: 2184.557 Thread 0x000001e395f55680 Thread exited: 0x000001e395f55680
Event: 2187.020 Thread 0x000001e38f244d90 Thread added: 0x000001e395f55680
Event: 2187.050 Thread 0x000001e38f244d90 Thread added: 0x000001e395f55d50
Event: 2187.549 Thread 0x000001e395f55d50 Thread exited: 0x000001e395f55d50
Event: 2188.821 Thread 0x000001e38f244d90 Thread added: 0x000001e395f58630
Event: 2189.492 Thread 0x000001e395f58630 Thread exited: 0x000001e395f58630
Event: 2189.495 Thread 0x000001e395f55680 Thread exited: 0x000001e395f55680
Event: 2234.455 Thread 0x000001e39908c760 Thread exited: 0x000001e39908c760
Event: 2234.455 Thread 0x000001e39908d480 Thread exited: 0x000001e39908d480
Event: 2234.504 Thread 0x000001e395671410 Thread exited: 0x000001e395671410
Event: 2254.771 Thread 0x000001e399087210 Thread exited: 0x000001e399087210


Dynamic libraries:
0x00007ff7c8890000 - 0x00007ff7c889e000 	c:\Users\Administrator\.vscode\extensions\redhat.java-1.55.0-win32-x64\jre\21.0.11-win32-x86_64\bin\java.exe
0x00007ffba1200000 - 0x00007ffba1466000 	C:\WINDOWS\SYSTEM32\ntdll.dll
0x00007ffb9f740000 - 0x00007ffb9f809000 	C:\WINDOWS\System32\KERNEL32.DLL
0x00007ffb9e930000 - 0x00007ffb9ed2e000 	C:\WINDOWS\System32\KERNELBASE.dll
0x00007ffb9edd0000 - 0x00007ffb9ef1c000 	C:\WINDOWS\System32\ucrtbase.dll
0x00007ffb9baf0000 - 0x00007ffb9bb08000 	c:\Users\Administrator\.vscode\extensions\redhat.java-1.55.0-win32-x64\jre\21.0.11-win32-x86_64\bin\jli.dll
0x00007ffb8fb20000 - 0x00007ffb8fb3e000 	c:\Users\Administrator\.vscode\extensions\redhat.java-1.55.0-win32-x64\jre\21.0.11-win32-x86_64\bin\VCRUNTIME140.dll
0x00007ffba07c0000 - 0x00007ffba0987000 	C:\WINDOWS\System32\USER32.dll
0x00007ffb9e650000 - 0x00007ffb9e677000 	C:\WINDOWS\System32\win32u.dll
0x00007ffb91830000 - 0x00007ffb91ac2000 	C:\WINDOWS\WinSxS\amd64_microsoft.windows.common-controls_6595b64144ccf1df_6.0.26100.8875_none_3e0d5d42e32fe9dd\COMCTL32.dll
0x00007ffba0c10000 - 0x00007ffba0c3b000 	C:\WINDOWS\System32\GDI32.dll
0x00007ffba0fd0000 - 0x00007ffba1079000 	C:\WINDOWS\System32\msvcrt.dll
0x00007ffb9e680000 - 0x00007ffb9e7aa000 	C:\WINDOWS\System32\gdi32full.dll
0x00007ffb9e420000 - 0x00007ffb9e4c3000 	C:\WINDOWS\System32\msvcp_win.dll
0x00007ffba0a70000 - 0x00007ffba0aa2000 	C:\WINDOWS\System32\IMM32.DLL
0x00007ffb9b7c0000 - 0x00007ffb9b7cc000 	c:\Users\Administrator\.vscode\extensions\redhat.java-1.55.0-win32-x64\jre\21.0.11-win32-x86_64\bin\vcruntime140_1.dll
0x00007ffb7be20000 - 0x00007ffb7bead000 	c:\Users\Administrator\.vscode\extensions\redhat.java-1.55.0-win32-x64\jre\21.0.11-win32-x86_64\bin\msvcp140.dll
0x00007ffae2000000 - 0x00007ffae2da2000 	c:\Users\Administrator\.vscode\extensions\redhat.java-1.55.0-win32-x64\jre\21.0.11-win32-x86_64\bin\server\jvm.dll
0x00007ffba0700000 - 0x00007ffba07b7000 	C:\WINDOWS\System32\ADVAPI32.dll
0x00007ffba0ad0000 - 0x00007ffba0b7a000 	C:\WINDOWS\System32\sechost.dll
0x00007ffb9ffb0000 - 0x00007ffba00c8000 	C:\WINDOWS\System32\RPCRT4.dll
0x00007ffb9f290000 - 0x00007ffb9f310000 	C:\WINDOWS\System32\WS2_32.dll
0x00007ffb96b90000 - 0x00007ffb96bc6000 	C:\WINDOWS\SYSTEM32\WINMM.dll
0x00007ffb9e2a0000 - 0x00007ffb9e2fe000 	C:\WINDOWS\SYSTEM32\POWRPROF.dll
0x00007ffb96bd0000 - 0x00007ffb96bdb000 	C:\WINDOWS\SYSTEM32\VERSION.dll
0x00007ffb9e280000 - 0x00007ffb9e294000 	C:\WINDOWS\SYSTEM32\UMPDC.dll
0x00007ffb9d0c0000 - 0x00007ffb9d0db000 	C:\WINDOWS\SYSTEM32\kernel.appcore.dll
0x00007ffb9b760000 - 0x00007ffb9b76a000 	c:\Users\Administrator\.vscode\extensions\redhat.java-1.55.0-win32-x64\jre\21.0.11-win32-x86_64\bin\jimage.dll
0x00007ffb9b830000 - 0x00007ffb9ba72000 	C:\WINDOWS\SYSTEM32\DBGHELP.DLL
0x00007ffba0c40000 - 0x00007ffba0fc3000 	C:\WINDOWS\System32\combase.dll
0x00007ffba0990000 - 0x00007ffba0a69000 	C:\WINDOWS\System32\OLEAUT32.dll
0x00007ffb77d90000 - 0x00007ffb77dcb000 	C:\WINDOWS\SYSTEM32\dbgcore.DLL
0x00007ffb9e590000 - 0x00007ffb9e63c000 	C:\WINDOWS\System32\bcryptPrimitives.dll
0x00007ffb9aa70000 - 0x00007ffb9aa7f000 	c:\Users\Administrator\.vscode\extensions\redhat.java-1.55.0-win32-x64\jre\21.0.11-win32-x86_64\bin\instrument.dll
0x00007ffb87c60000 - 0x00007ffb87c80000 	c:\Users\Administrator\.vscode\extensions\redhat.java-1.55.0-win32-x64\jre\21.0.11-win32-x86_64\bin\java.dll
0x00007ffb9f810000 - 0x00007ffb9ffa2000 	C:\WINDOWS\System32\SHELL32.dll
0x00007ffb9be80000 - 0x00007ffb9c712000 	C:\WINDOWS\SYSTEM32\windows.storage.dll
0x00007ffb9efb0000 - 0x00007ffb9f0a7000 	C:\WINDOWS\System32\SHCORE.dll
0x00007ffba0690000 - 0x00007ffba06f7000 	C:\WINDOWS\System32\shlwapi.dll
0x00007ffb9e340000 - 0x00007ffb9e369000 	C:\WINDOWS\SYSTEM32\profapi.dll
0x00007ffb87be0000 - 0x00007ffb87bf8000 	c:\Users\Administrator\.vscode\extensions\redhat.java-1.55.0-win32-x64\jre\21.0.11-win32-x86_64\bin\zip.dll
0x00007ffb98e30000 - 0x00007ffb98e40000 	C:\Users\Administrator\.vscode\extensions\redhat.java-1.55.0-win32-x64\jre\21.0.11-win32-x86_64\bin\net.dll
0x00007ffb964e0000 - 0x00007ffb96607000 	C:\WINDOWS\SYSTEM32\WINHTTP.dll
0x00007ffb9d650000 - 0x00007ffb9d6bc000 	C:\WINDOWS\system32\mswsock.dll
0x00007ffb86bc0000 - 0x00007ffb86bd6000 	C:\Users\Administrator\.vscode\extensions\redhat.java-1.55.0-win32-x64\jre\21.0.11-win32-x86_64\bin\nio.dll
0x00007ffb971d0000 - 0x00007ffb971e0000 	c:\Users\Administrator\.vscode\extensions\redhat.java-1.55.0-win32-x64\jre\21.0.11-win32-x86_64\bin\verify.dll
0x00007ffb7bc90000 - 0x00007ffb7bcd5000 	C:\Users\Administrator\AppData\Roaming\Code\User\globalStorage\redhat.java\1.55.0\config_win\org.eclipse.equinox.launcher\org.eclipse.equinox.launcher.win32.win32.x86_64_1.3.100.v20260613-0559\eclipse_11924.dll
0x00007ffb9f500000 - 0x00007ffb9f699000 	C:\WINDOWS\System32\ole32.dll
0x00007ffb9da80000 - 0x00007ffb9da9b000 	C:\WINDOWS\SYSTEM32\CRYPTSP.dll
0x00007ffb9d020000 - 0x00007ffb9d059000 	C:\WINDOWS\system32\rsaenh.dll
0x00007ffb9d710000 - 0x00007ffb9d742000 	C:\WINDOWS\SYSTEM32\USERENV.dll
0x00007ffb9e310000 - 0x00007ffb9e33a000 	C:\WINDOWS\SYSTEM32\bcrypt.dll
0x00007ffb9da50000 - 0x00007ffb9da5c000 	C:\WINDOWS\SYSTEM32\CRYPTBASE.dll
0x00007ffb9ca70000 - 0x00007ffb9caa3000 	C:\WINDOWS\SYSTEM32\IPHLPAPI.DLL
0x00007ffba0620000 - 0x00007ffba062a000 	C:\WINDOWS\System32\NSI.dll
0x00007ffb74d10000 - 0x00007ffb74d59000 	C:\Users\Administrator\AppData\Local\Temp\jna-146731693\jna12001277208193962181.dll
0x00007ffb9f730000 - 0x00007ffb9f738000 	C:\WINDOWS\System32\PSAPI.DLL
0x00007ffb97990000 - 0x00007ffb979ad000 	C:\WINDOWS\SYSTEM32\dhcpcsvc6.DLL
0x00007ffb97960000 - 0x00007ffb97985000 	C:\WINDOWS\SYSTEM32\dhcpcsvc.DLL
0x00007ffb969a0000 - 0x00007ffb969ae000 	C:\Users\Administrator\.vscode\extensions\redhat.java-1.55.0-win32-x64\jre\21.0.11-win32-x86_64\bin\sunmscapi.dll
0x00007ffb9e7b0000 - 0x00007ffb9e928000 	C:\WINDOWS\System32\CRYPT32.dll
0x00007ffb9dbf0000 - 0x00007ffb9dc20000 	C:\WINDOWS\SYSTEM32\ncrypt.dll
0x00007ffb9dba0000 - 0x00007ffb9dbdf000 	C:\WINDOWS\SYSTEM32\NTASN1.dll
0x00007ffb9cb00000 - 0x00007ffb9cc56000 	C:\WINDOWS\SYSTEM32\DNSAPI.dll
0x00007ffb9d470000 - 0x00007ffb9d47d000 	C:\WINDOWS\SYSTEM32\DSPARSE.dll
0x00007ffb94110000 - 0x00007ffb9411b000 	C:\Windows\System32\rasadhlp.dll
0x00007ffb98240000 - 0x00007ffb982c6000 	C:\WINDOWS\System32\fwpuclnt.dll
0x00007ffb8fa40000 - 0x00007ffb8fa49000 	C:\Users\Administrator\.vscode\extensions\redhat.java-1.55.0-win32-x64\jre\21.0.11-win32-x86_64\bin\extnet.dll

JVMTI agents:
c:\Users\Administrator\.vscode\extensions\redhat.java-1.55.0-win32-x64\lombok\lombok-1.18.39-4050.jar path:c:\Users\Administrator\.vscode\extensions\redhat.java-1.55.0-win32-x64\jre\21.0.11-win32-x86_64\bin\instrument.dll, loaded, initialized, instrumentlib options:none

dbghelp: loaded successfully - version: 4.0.5 - missing functions: none
symbol engine: initialized successfully - sym options: 0x614 - pdb path: .;c:\Users\Administrator\.vscode\extensions\redhat.java-1.55.0-win32-x64\jre\21.0.11-win32-x86_64\bin;C:\WINDOWS\SYSTEM32;C:\WINDOWS\WinSxS\amd64_microsoft.windows.common-controls_6595b64144ccf1df_6.0.26100.8875_none_3e0d5d42e32fe9dd;c:\Users\Administrator\.vscode\extensions\redhat.java-1.55.0-win32-x64\jre\21.0.11-win32-x86_64\bin\server;C:\Users\Administrator\AppData\Roaming\Code\User\globalStorage\redhat.java\1.55.0\config_win\org.eclipse.equinox.launcher\org.eclipse.equinox.launcher.win32.win32.x86_64_1.3.100.v20260613-0559;C:\Users\Administrator\AppData\Local\Temp\jna-146731693

VM Arguments:
jvm_args: --add-modules=ALL-SYSTEM --add-opens=java.base/java.util=ALL-UNNAMED --add-opens=java.base/java.lang=ALL-UNNAMED --add-opens=java.base/sun.nio.fs=ALL-UNNAMED -Declipse.application=org.eclipse.jdt.ls.core.id1 -Dosgi.bundles.defaultStartLevel=4 -Declipse.product=org.eclipse.jdt.ls.core.product -Djava.import.generatesMetadataFilesAtProjectRoot=false -DDetectVMInstallationsJob.disabled=true -Dfile.encoding=utf8 -XX:+UseParallelGC -XX:GCTimeRatio=4 -XX:AdaptiveSizePolicyWeight=90 -Dsun.zip.disableMemoryMapping=true -Xmx2G -Xms100m -Xlog:disable -javaagent:c:\Users\Administrator\.vscode\extensions\redhat.java-1.55.0-win32-x64\lombok\lombok-1.18.39-4050.jar -XX:+HeapDumpOnOutOfMemoryError -XX:HeapDumpPath=c:\Users\Administrator\AppData\Roaming\Code\User\workspaceStorage\47d38d0315a5049dedd72c8bc73d439b\redhat.java -Daether.dependencyCollector.impl=bf 
java_command: c:\Users\Administrator\.vscode\extensions\redhat.java-1.55.0-win32-x64\server\plugins\org.eclipse.equinox.launcher_1.7.200.v20260619-2039.jar -configuration c:\Users\Administrator\AppData\Roaming\Code\User\globalStorage\redhat.java\1.55.0\config_win -data c:\Users\Administrator\AppData\Roaming\Code\User\workspaceStorage\47d38d0315a5049dedd72c8bc73d439b\redhat.java\jdt_ws --pipe=\\.\pipe\lsp-b0510544b4197b8d795bc345783a5d9e-sock
java_class_path (initial): c:\Users\Administrator\.vscode\extensions\redhat.java-1.55.0-win32-x64\server\plugins\org.eclipse.equinox.launcher_1.7.200.v20260619-2039.jar
Launcher Type: SUN_STANDARD

[Global flags]
    uintx AdaptiveSizePolicyWeight                 = 90                                        {product} {command line}
     intx CICompilerCount                          = 4                                         {product} {ergonomic}
    uintx GCTimeRatio                              = 4                                         {product} {command line}
     bool HeapDumpOnOutOfMemoryError               = true                                   {manageable} {command line}
    ccstr HeapDumpPath                             = c:\Users\Administrator\AppData\Roaming\Code\User\workspaceStorage\47d38d0315a5049dedd72c8bc73d439b\redhat.java         {manageable} {command line}
   size_t InitialHeapSize                          = 104857600                                 {product} {command line}
   size_t MaxHeapSize                              = 2147483648                                {product} {command line}
   size_t MaxNewSize                               = 715653120                                 {product} {ergonomic}
   size_t MinHeapDeltaBytes                        = 524288                                    {product} {ergonomic}
   size_t MinHeapSize                              = 104857600                                 {product} {command line}
   size_t NewSize                                  = 34603008                                  {product} {ergonomic}
    uintx NonNMethodCodeHeapSize                   = 5839372                                {pd product} {ergonomic}
    uintx NonProfiledCodeHeapSize                  = 122909434                              {pd product} {ergonomic}
   size_t OldSize                                  = 70254592                                  {product} {ergonomic}
    uintx ProfiledCodeHeapSize                     = 122909434                              {pd product} {ergonomic}
    uintx ReservedCodeCacheSize                    = 251658240                              {pd product} {ergonomic}
     bool SegmentedCodeCache                       = true                                      {product} {ergonomic}
   size_t SoftMaxHeapSize                          = 2147483648                             {manageable} {ergonomic}
     bool UseCompressedOops                        = true                           {product lp64_product} {ergonomic}
     bool UseLargePagesIndividualAllocation        = false                                  {pd product} {ergonomic}
     bool UseParallelGC                            = true                                      {product} {command line}

Logging:
Log output configuration:
 #0: stdout all=off uptime,level,tags foldmultilines=false
 #1: stderr all=off uptime,level,tags foldmultilines=false

Release file:
JAVA_VERSION="21.0.11" 
MODULES="java.base java.compiler java.datatransfer java.xml java.prefs java.desktop java.instrument java.logging java.management java.security.sasl java.naming java.rmi java.management.rmi java.net.http java.scripting java.security.jgss java.transaction.xa java.sql java.sql.rowset java.xml.crypto java.se java.smartcardio jdk.accessibility jdk.internal.jvmstat jdk.attach jdk.charsets jdk.internal.opt jdk.zipfs jdk.compiler jdk.crypto.ec jdk.crypto.cryptoki jdk.crypto.mscapi jdk.dynalink jdk.internal.ed jdk.editpad jdk.hotspot.agent jdk.httpserver jdk.internal.le jdk.internal.vm.ci jdk.internal.vm.compiler jdk.internal.vm.compiler.management jdk.jartool jdk.javadoc jdk.jcmd jdk.management jdk.management.agent jdk.jconsole jdk.jdeps jdk.jdwp.agent jdk.jdi jdk.jfr jdk.jshell jdk.jsobject jdk.jstatd jdk.localedata jdk.management.jfr jdk.naming.dns jdk.naming.rmi jdk.net jdk.nio.mapmode jdk.random jdk.sctp jdk.security.auth jdk.security.jgss jdk.unsupported jdk.unsupported.desktop jdk.xml.dom" 

Environment Variables:
PATH=C:\Program Files\Common Files\Oracle\Java\javapath;C:\WINDOWS\system32;C:\WINDOWS;C:\WINDOWS\System32\Wbem;C:\WINDOWS\System32\WindowsPowerShell\v1.0\;C:\WINDOWS\System32\OpenSSH\;C:\Program Files\nodejs\;C:\Program Files\Git\cmd;C:\Users\Administrator\AppData\Local\Programs\Python\Python313\Scripts\;C:\Users\Administrator\AppData\Local\Programs\Python\Python313\;C:\Users\Administrator\AppData\Local\Programs\Python\Launcher\;C:\Users\Administrator\AppData\Local\Microsoft\WindowsApps;C:\Users\Administrator\AppData\Local\Programs\Microsoft VS Code\bin;C:\Users\Administrator\AppData\Local\GitHubDesktop\bin;C:\Users\Administrator\AppData\Roaming\npm;C:\Users\Administrator\AppData\Local\Programs\Antigravity\bin
USERNAME=Administrator
OS=Windows_NT
PROCESSOR_IDENTIFIER=AMD64 Family 25 Model 80 Stepping 0, AuthenticAMD
TMP=C:\Users\ADMINI~1\AppData\Local\Temp
TEMP=C:\Users\ADMINI~1\AppData\Local\Temp




Periodic native trim disabled

---------------  S Y S T E M  ---------------

OS:
 Windows 11 , 64 bit Build 26100 (10.0.26100.8875)
OS uptime: 0 days 18:35 hours
Hyper-V role detected

CPU: total 12 (initial active 12) (12 cores per cpu, 2 threads per core) family 25 model 80 stepping 0 microcode 0xa500014, cx8, cmov, fxsr, ht, mmx, 3dnowpref, sse, sse2, sse3, ssse3, sse4a, sse4.1, sse4.2, popcnt, lzcnt, tsc, tscinvbit, avx, avx2, aes, erms, clmul, bmi1, bmi2, adx, sha, fma, vzeroupper, clflush, clflushopt, hv, rdtscp, rdpid, fsrm, f16c, cet_ss
Processor Information for processor 0
  Max Mhz: 2301, Current Mhz: 1783, Mhz Limit: 2301
Processor Information for processor 1
  Max Mhz: 2301, Current Mhz: 1783, Mhz Limit: 2301
Processor Information for processor 2
  Max Mhz: 2301, Current Mhz: 1783, Mhz Limit: 2301
Processor Information for processor 3
  Max Mhz: 2301, Current Mhz: 1783, Mhz Limit: 2301
Processor Information for processor 4
  Max Mhz: 2301, Current Mhz: 1783, Mhz Limit: 2301
Processor Information for processor 5
  Max Mhz: 2301, Current Mhz: 2301, Mhz Limit: 2301
Processor Information for processor 6
  Max Mhz: 2301, Current Mhz: 1783, Mhz Limit: 2301
Processor Information for processor 7
  Max Mhz: 2301, Current Mhz: 1783, Mhz Limit: 2301
Processor Information for processor 8
  Max Mhz: 2301, Current Mhz: 1783, Mhz Limit: 2301
Processor Information for processor 9
  Max Mhz: 2301, Current Mhz: 1783, Mhz Limit: 2301
Processor Information for processor 10
  Max Mhz: 2301, Current Mhz: 2301, Mhz Limit: 2301
Processor Information for processor 11
  Max Mhz: 2301, Current Mhz: 1783, Mhz Limit: 2301

Memory: 4k page, system-wide physical 15681M (4840M free)
TotalPageFile size 46088M (AvailPageFile size 18M)
current process WorkingSet (physical memory assigned to process): 287M, peak: 405M
current process commit charge ("private bytes"): 476M, peak: 488M

vm_info: OpenJDK 64-Bit Server VM (21.0.11+10-LTS) for windows-amd64 JRE (21.0.11+10-LTS), built on 2026-04-21T00:00:00Z by "admin" with MS VC++ 17.12 (VS2022)

END.
