#
# There is insufficient memory for the Java Runtime Environment to continue.
# Native memory allocation (malloc) failed to allocate 1048576 bytes. Error detail: AllocateHeap
# Possible reasons:
#   The system is out of physical RAM or swap space
#   This process is running with CompressedOops enabled, and the Java Heap may be blocking the growth of the native heap
# Possible solutions:
#   Reduce memory load on the system
#   Increase physical memory or swap space
#   Check if swap backing store is full
#   Decrease Java heap size (-Xmx/-Xms)
#   Decrease number of Java threads
#   Decrease Java thread stack sizes (-Xss)
#   Set larger code cache with -XX:ReservedCodeCacheSize=
#   JVM is running with Unscaled Compressed Oops mode in which the Java heap is
#     placed in the first 4GB address space. The Java Heap base address is the
#     maximum limit for the native heap growth. Please use -XX:HeapBaseMinAddress
#     to set the Java Heap base and to place the Java Heap above 4GB virtual address.
# This output file may be truncated or incomplete.
#
#  Out of Memory Error (allocation.cpp:44), pid=17104, tid=21892
#
# JRE version: OpenJDK Runtime Environment Temurin-21.0.11+10 (21.0.11+10) (build 21.0.11+10-LTS)
# Java VM: OpenJDK 64-Bit Server VM Temurin-21.0.11+10 (21.0.11+10-LTS, mixed mode, sharing, tiered, compressed oops, compressed class ptrs, parallel gc, windows-amd64)
# No core dump will be written. Minidumps are not enabled by default on client versions of Windows
#

---------------  S U M M A R Y ------------

Command Line: --add-modules=ALL-SYSTEM --add-opens=java.base/java.util=ALL-UNNAMED --add-opens=java.base/java.lang=ALL-UNNAMED --add-opens=java.base/sun.nio.fs=ALL-UNNAMED -Declipse.application=org.eclipse.jdt.ls.core.id1 -Dosgi.bundles.defaultStartLevel=4 -Declipse.product=org.eclipse.jdt.ls.core.product -Djava.import.generatesMetadataFilesAtProjectRoot=false -DDetectVMInstallationsJob.disabled=true -Dfile.encoding=utf8 -XX:+UseParallelGC -XX:GCTimeRatio=4 -XX:AdaptiveSizePolicyWeight=90 -Dsun.zip.disableMemoryMapping=true -Xmx2G -Xms100m -Xlog:disable -javaagent:c:\Users\Administrator\.vscode\extensions\redhat.java-1.55.0-win32-x64\lombok\lombok-1.18.39-4050.jar -XX:+HeapDumpOnOutOfMemoryError -XX:HeapDumpPath=c:\Users\Administrator\AppData\Roaming\Code\User\workspaceStorage\47d38d0315a5049dedd72c8bc73d439b\redhat.java -Daether.dependencyCollector.impl=bf c:\Users\Administrator\.vscode\extensions\redhat.java-1.55.0-win32-x64\server\plugins\org.eclipse.equinox.launcher_1.7.200.v20260619-2039.jar -configuration c:\Users\Administrator\AppData\Roaming\Code\User\globalStorage\redhat.java\1.55.0\config_win -data c:\Users\Administrator\AppData\Roaming\Code\User\workspaceStorage\47d38d0315a5049dedd72c8bc73d439b\redhat.java\jdt_ws --pipe=\\.\pipe\lsp-9a16a7a5b186326bc50e31f24c7b353b-sock

Host: AMD Ryzen 5 PRO 5650U with Radeon Graphics     , 12 cores, 15G,  Windows 11 , 64 bit Build 26100 (10.0.26100.8875)
Time: Mon Aug  3 00:24:31 2026 E. Africa Standard Time elapsed time: 457.754402 seconds (0d 0h 7m 37s)

---------------  T H R E A D  ---------------

Current thread (0x0000016129b15f60):  JavaThread "Attach Listener" daemon [_thread_in_vm, id=21892, stack(0x000000416a000000,0x000000416a100000) (1024K)]

Stack: [0x000000416a000000,0x000000416a100000]
Native frames: (J=compiled Java code, j=interpreted, Vv=VM code, C=native code)
V  [jvm.dll+0x6d7e19]
V  [jvm.dll+0x8b5096]
V  [jvm.dll+0x8b764e]
V  [jvm.dll+0x8b7d33]
V  [jvm.dll+0x284596]
V  [jvm.dll+0xc13c7]
V  [jvm.dll+0x6d86c9]
V  [jvm.dll+0x133616]
V  [jvm.dll+0x3f868e]
V  [jvm.dll+0x85fb0d]
V  [jvm.dll+0x6d664d]
C  [ucrtbase.dll+0x2cd30]
C  [KERNEL32.DLL+0x2e957]
C  [ntdll.dll+0xaad6c]


---------------  P R O C E S S  ---------------

Threads class SMR info:
_java_thread_list=0x0000016189b75b60, length=52, elements={
0x0000016129a6ee80, 0x0000016129b127f0, 0x0000016129b13f70, 0x0000016129b15500,
0x0000016129b15f60, 0x0000016129b169c0, 0x0000016129b19430, 0x0000016129b1a270,
0x00000161827fc700, 0x0000016182a275f0, 0x0000016183758ed0, 0x00000161880b2fc0,
0x0000016188287bf0, 0x000001618836f710, 0x0000016188370560, 0x00000161888267a0,
0x00000161837fab80, 0x0000016183a13af0, 0x00000161839dfbe0, 0x00000161839de1a0,
0x00000161839dd480, 0x00000161839ddb10, 0x00000161839df550, 0x00000161839de830,
0x000001618ad9fd10, 0x000001618ad9d5b0, 0x000001618ad9c890, 0x000001618ada03a0,
0x000001618ad9f680, 0x000001618ad9e960, 0x000001618ad9dc40, 0x000001618ad9eff0,
0x000001618ad9cf20, 0x000001618ada0a30, 0x000001618ada1750, 0x000001618ada10c0,
0x000001618ad9e2d0, 0x000001618ada1de0, 0x000001618ada2470, 0x000001618ada2b00,
0x000001618ada3190, 0x000001618ada3820, 0x000001618ada3eb0, 0x000001618a40d5c0,
0x000001618a40e970, 0x000001618a40cf30, 0x000001618a40f690, 0x000001618a40dc50,
0x000001618a40fd20, 0x000001618a412480, 0x000001618a40f000, 0x000001618b84c810
}

Java Threads: ( => current thread )
  0x0000016129a6ee80 JavaThread "main"                              [_thread_blocked, id=12732, stack(0x0000004169900000,0x0000004169a00000) (1024K)]
  0x0000016129b127f0 JavaThread "Reference Handler"          daemon [_thread_blocked, id=27952, stack(0x0000004169d00000,0x0000004169e00000) (1024K)]
  0x0000016129b13f70 JavaThread "Finalizer"                  daemon [_thread_blocked, id=24376, stack(0x0000004169e00000,0x0000004169f00000) (1024K)]
  0x0000016129b15500 JavaThread "Signal Dispatcher"          daemon [_thread_blocked, id=7328, stack(0x0000004169f00000,0x000000416a000000) (1024K)]
=>0x0000016129b15f60 JavaThread "Attach Listener"            daemon [_thread_in_vm, id=21892, stack(0x000000416a000000,0x000000416a100000) (1024K)]
  0x0000016129b169c0 JavaThread "Service Thread"             daemon [_thread_blocked, id=12892, stack(0x000000416a100000,0x000000416a200000) (1024K)]
  0x0000016129b19430 JavaThread "Monitor Deflation Thread"   daemon [_thread_blocked, id=27724, stack(0x000000416a200000,0x000000416a300000) (1024K)]
  0x0000016129b1a270 JavaThread "C2 CompilerThread0"         daemon [_thread_blocked, id=13004, stack(0x000000416a300000,0x000000416a400000) (1024K)]
  0x00000161827fc700 JavaThread "C1 CompilerThread0"         daemon [_thread_blocked, id=6900, stack(0x000000416a400000,0x000000416a500000) (1024K)]
  0x0000016182a275f0 JavaThread "Common-Cleaner"             daemon [_thread_blocked, id=19696, stack(0x000000416a500000,0x000000416a600000) (1024K)]
  0x0000016183758ed0 JavaThread "Notification Thread"        daemon [_thread_blocked, id=19252, stack(0x000000416a600000,0x000000416a700000) (1024K)]
  0x00000161880b2fc0 JavaThread "Active Thread: Equinox Container: 4597382d-1c50-4713-9173-8a4d7e4f3fc4"        [_thread_blocked, id=9948, stack(0x000000416a800000,0x000000416a900000) (1024K)]
  0x0000016188287bf0 JavaThread "Refresh Thread: Equinox Container: 4597382d-1c50-4713-9173-8a4d7e4f3fc4" daemon [_thread_blocked, id=2208, stack(0x000000416b000000,0x000000416b100000) (1024K)]
  0x000001618836f710 JavaThread "Framework Event Dispatcher: Equinox Container: 4597382d-1c50-4713-9173-8a4d7e4f3fc4" daemon [_thread_blocked, id=13920, stack(0x000000416b100000,0x000000416b200000) (1024K)]
  0x0000016188370560 JavaThread "Start Level: Equinox Container: 4597382d-1c50-4713-9173-8a4d7e4f3fc4" daemon [_thread_blocked, id=22584, stack(0x000000416b200000,0x000000416b300000) (1024K)]
  0x00000161888267a0 JavaThread "Bundle File Closer"         daemon [_thread_blocked, id=24888, stack(0x000000416b500000,0x000000416b600000) (1024K)]
  0x00000161837fab80 JavaThread "SCR Component Actor"        daemon [_thread_blocked, id=9620, stack(0x000000416a700000,0x000000416a800000) (1024K)]
  0x0000016183a13af0 JavaThread "Worker-JM"                         [_thread_blocked, id=352, stack(0x000000416b800000,0x000000416b900000) (1024K)]
  0x00000161839dfbe0 JavaThread "JNA Cleaner"                daemon [_thread_blocked, id=23652, stack(0x000000416b700000,0x000000416b800000) (1024K)]
  0x00000161839de1a0 JavaThread "Worker-1"                          [_thread_blocked, id=19632, stack(0x000000416ba00000,0x000000416bb00000) (1024K)]
  0x00000161839dd480 JavaThread "Java indexing"              daemon [_thread_blocked, id=8240, stack(0x000000416bc00000,0x000000416bd00000) (1024K)]
  0x00000161839ddb10 JavaThread "Worker-3"                          [_thread_blocked, id=12784, stack(0x000000416c100000,0x000000416c200000) (1024K)]
  0x00000161839df550 JavaThread "Worker-4: Initialize Workspace"        [_thread_blocked, id=19016, stack(0x000000416c200000,0x000000416c300000) (1024K)]
  0x00000161839de830 JavaThread "Thread-1"                   daemon [_thread_in_native, id=13880, stack(0x000000416c300000,0x000000416c400000) (1024K)]
  0x000001618ad9fd10 JavaThread "Thread-2"                   daemon [_thread_in_native, id=14248, stack(0x000000416c400000,0x000000416c500000) (1024K)]
  0x000001618ad9d5b0 JavaThread "Thread-3"                   daemon [_thread_in_native, id=11808, stack(0x000000416c500000,0x000000416c600000) (1024K)]
  0x000001618ad9c890 JavaThread "Thread-4"                   daemon [_thread_in_native, id=6260, stack(0x000000416c600000,0x000000416c700000) (1024K)]
  0x000001618ada03a0 JavaThread "Thread-5"                   daemon [_thread_in_native, id=7108, stack(0x000000416c700000,0x000000416c800000) (1024K)]
  0x000001618ad9f680 JavaThread "Thread-6"                   daemon [_thread_in_native, id=7364, stack(0x000000416c800000,0x000000416c900000) (1024K)]
  0x000001618ad9e960 JavaThread "Thread-7"                   daemon [_thread_in_native, id=19624, stack(0x000000416c900000,0x000000416ca00000) (1024K)]
  0x000001618ad9dc40 JavaThread "Thread-8"                   daemon [_thread_in_native, id=20848, stack(0x000000416ca00000,0x000000416cb00000) (1024K)]
  0x000001618ad9eff0 JavaThread "Thread-9"                   daemon [_thread_in_native, id=12832, stack(0x000000416cb00000,0x000000416cc00000) (1024K)]
  0x000001618ad9cf20 JavaThread "Thread-10"                  daemon [_thread_in_native, id=9584, stack(0x000000416cc00000,0x000000416cd00000) (1024K)]
  0x000001618ada0a30 JavaThread "Thread-11"                  daemon [_thread_in_native, id=14072, stack(0x000000416cd00000,0x000000416ce00000) (1024K)]
  0x000001618ada1750 JavaThread "Thread-12"                  daemon [_thread_in_native, id=15184, stack(0x000000416ce00000,0x000000416cf00000) (1024K)]
  0x000001618ada10c0 JavaThread "Thread-13"                  daemon [_thread_in_native, id=13748, stack(0x000000416cf00000,0x000000416d000000) (1024K)]
  0x000001618ad9e2d0 JavaThread "pool-2-thread-1"                   [_thread_blocked, id=8408, stack(0x000000416d000000,0x000000416d100000) (1024K)]
  0x000001618ada1de0 JavaThread "WorkspaceEventsHandler"            [_thread_blocked, id=11248, stack(0x000000416d100000,0x000000416d200000) (1024K)]
  0x000001618ada2470 JavaThread "pool-1-thread-1"                   [_thread_blocked, id=13220, stack(0x000000416d200000,0x000000416d300000) (1024K)]
  0x000001618ada2b00 JavaThread "PatternSearchJob-worker-1"  daemon [_thread_blocked, id=3276, stack(0x000000416d300000,0x000000416d400000) (1024K)]
  0x000001618ada3190 JavaThread "PatternSearchJob-worker-2"  daemon [_thread_blocked, id=19400, stack(0x000000416d400000,0x000000416d500000) (1024K)]
  0x000001618ada3820 JavaThread "PatternSearchJob-worker-3"  daemon [_thread_blocked, id=22412, stack(0x000000416d500000,0x000000416d600000) (1024K)]
  0x000001618ada3eb0 JavaThread "PatternSearchJob-worker-4"  daemon [_thread_blocked, id=19012, stack(0x000000416d600000,0x000000416d700000) (1024K)]
  0x000001618a40d5c0 JavaThread "PatternSearchJob-worker-5"  daemon [_thread_blocked, id=19028, stack(0x000000416d700000,0x000000416d800000) (1024K)]
  0x000001618a40e970 JavaThread "PatternSearchJob-worker-6"  daemon [_thread_blocked, id=7780, stack(0x000000416d800000,0x000000416d900000) (1024K)]
  0x000001618a40cf30 JavaThread "PatternSearchJob-worker-7"  daemon [_thread_blocked, id=13568, stack(0x000000416d900000,0x000000416da00000) (1024K)]
  0x000001618a40f690 JavaThread "PatternSearchJob-worker-9"  daemon [_thread_blocked, id=4652, stack(0x000000416db00000,0x000000416dc00000) (1024K)]
  0x000001618a40dc50 JavaThread "PatternSearchJob-worker-10" daemon [_thread_blocked, id=10008, stack(0x000000416dc00000,0x000000416dd00000) (1024K)]
  0x000001618a40fd20 JavaThread "PatternSearchJob-worker-11" daemon [_thread_blocked, id=7336, stack(0x000000416dd00000,0x000000416de00000) (1024K)]
  0x000001618a412480 JavaThread "ForkJoinPool.commonPool-worker-3" daemon [_thread_blocked, id=2728, stack(0x000000416e000000,0x000000416e100000) (1024K)]
  0x000001618a40f000 JavaThread "ForkJoinPool.commonPool-worker-4" daemon [_thread_blocked, id=5036, stack(0x000000416e100000,0x000000416e200000) (1024K)]
  0x000001618b84c810 JavaThread "ForkJoinPool.commonPool-worker-10" daemon [_thread_blocked, id=19264, stack(0x000000416e700000,0x000000416e800000) (1024K)]
Total: 52

Other Threads:
  0x0000016129b11920 VMThread "VM Thread"                           [id=18336, stack(0x0000004169c00000,0x0000004169d00000) (1024K)]
  0x00000161298fca00 WatcherThread "VM Periodic Task Thread"        [id=20104, stack(0x0000004169b00000,0x0000004169c00000) (1024K)]
  0x0000016129a8ceb0 WorkerThread "GC Thread#0"                     [id=24648, stack(0x0000004169a00000,0x0000004169b00000) (1024K)]
  0x0000016183a6bc40 WorkerThread "GC Thread#1"                     [id=19080, stack(0x000000416a900000,0x000000416aa00000) (1024K)]
  0x0000016183a6ceb0 WorkerThread "GC Thread#2"                     [id=16704, stack(0x000000416aa00000,0x000000416ab00000) (1024K)]
  0x0000016183a6c3a0 WorkerThread "GC Thread#3"                     [id=26216, stack(0x000000416ab00000,0x000000416ac00000) (1024K)]
  0x0000016183a6c750 WorkerThread "GC Thread#4"                     [id=616, stack(0x000000416ac00000,0x000000416ad00000) (1024K)]
  0x0000016183a6bff0 WorkerThread "GC Thread#5"                     [id=18588, stack(0x000000416ad00000,0x000000416ae00000) (1024K)]
  0x0000016183a6b4e0 WorkerThread "GC Thread#6"                     [id=11652, stack(0x000000416ae00000,0x000000416af00000) (1024K)]
  0x0000016183a6cb00 WorkerThread "GC Thread#7"                     [id=11472, stack(0x000000416af00000,0x000000416b000000) (1024K)]
  0x00000161885b9f00 WorkerThread "GC Thread#8"                     [id=6020, stack(0x000000416b300000,0x000000416b400000) (1024K)]
  0x00000161885bb170 WorkerThread "GC Thread#9"                     [id=28320, stack(0x000000416b400000,0x000000416b500000) (1024K)]
Total: 12

Threads with active compile tasks:
Total: 0

VM state: not at safepoint (normal execution)

VM Mutex/Monitor currently owned by a thread: None

Heap address: 0x0000000080000000, size: 2048 MB, Compressed Oops mode: 32-bit

CDS archive(s) mapped at: [0x0000016141000000-0x0000016141ba0000-0x0000016141ba0000), size 12189696, SharedBaseAddress: 0x0000016141000000, ArchiveRelocationMode: 1.
Compressed class space mapped at: 0x0000016142000000-0x0000016182000000, reserved size: 1073741824
Narrow klass base: 0x0000016141000000, Narrow klass shift: 0, Narrow klass range: 0x100000000

GC Precious Log:
 CardTable entry size: 512
 CPUs: 12 total, 12 available
 Memory: 15681M
 Large Page Support: Disabled
 NUMA Support: Disabled
 Compressed Oops: Enabled (32-bit)
 Alignments: Space 512K, Generation 512K, Heap 2M
 Heap Min Capacity: 100M
 Heap Initial Capacity: 100M
 Heap Max Capacity: 2G
 Pre-touch: Disabled
 Parallel Workers: 10

Heap:
 PSYoungGen      total 19968K, used 3771K [0x00000000d5580000, 0x00000000d6d80000, 0x0000000100000000)
  eden space 18432K, 12% used [0x00000000d5580000,0x00000000d57b0580,0x00000000d6780000)
  from space 1536K, 99% used [0x00000000d6780000,0x00000000d68fe890,0x00000000d6900000)
  to   space 3072K, 0% used [0x00000000d6a80000,0x00000000d6a80000,0x00000000d6d80000)
 ParOldGen       total 79872K, used 64132K [0x0000000080000000, 0x0000000084e00000, 0x00000000d5580000)
  object space 79872K, 80% used [0x0000000080000000,0x0000000083ea11e0,0x0000000084e00000)
 Metaspace       used 60402K, committed 61888K, reserved 1114112K
  class space    used 6451K, committed 7104K, reserved 1048576K

Card table byte_map: [0x0000016129410000,0x0000016129820000] _byte_map_base: 0x0000016129010000

Marking Bits: (ParMarkBitMap*) 0x00007ffc89094460
 Begin Bits: [0x000001613bf20000, 0x000001613df20000)
 End Bits:   [0x000001613df20000, 0x000001613ff20000)

Polling page: 0x00000161278e0000

Metaspace:

Usage:
  Non-class:     52.69 MB used.
      Class:      6.30 MB used.
       Both:     58.99 MB used.

Virtual space:
  Non-class space:       64.00 MB reserved,      53.50 MB ( 84%) committed,  1 nodes.
      Class space:        1.00 GB reserved,       6.94 MB ( <1%) committed,  1 nodes.
             Both:        1.06 GB reserved,      60.44 MB (  6%) committed. 

Chunk freelists:
   Non-Class:  10.41 MB
       Class:  9.06 MB
        Both:  19.47 MB

MaxMetaspaceSize: unlimited
CompressedClassSpaceSize: 1.00 GB
Initial GC threshold: 21.00 MB
Current GC threshold: 97.31 MB
CDS: on
 - commit_granule_bytes: 65536.
 - commit_granule_words: 8192.
 - virtual_space_node_default_size: 8388608.
 - enlarge_chunks_in_place: 1.
 - use_allocation_guard: 0.


Internal statistics:

num_allocs_failed_limit: 9.
num_arena_births: 1146.
num_arena_deaths: 22.
num_vsnodes_births: 2.
num_vsnodes_deaths: 0.
num_space_committed: 967.
num_space_uncommitted: 0.
num_chunks_returned_to_freelist: 35.
num_chunks_taken_from_freelist: 4020.
num_chunk_merges: 19.
num_chunk_splits: 2449.
num_chunks_enlarged: 1337.
num_inconsistent_stats: 0.

CodeHeap 'non-profiled nmethods': size=120000Kb used=6057Kb max_used=6057Kb free=113942Kb
 bounds [0x0000016134740000, 0x0000016134d30000, 0x000001613bc70000]
CodeHeap 'profiled nmethods': size=120000Kb used=20864Kb max_used=20864Kb free=99135Kb
 bounds [0x000001612cc70000, 0x000001612e0e0000, 0x00000161341a0000]
CodeHeap 'non-nmethods': size=5760Kb used=1415Kb max_used=1473Kb free=4344Kb
 bounds [0x00000161341a0000, 0x0000016134410000, 0x0000016134740000]
CodeCache: size=245760Kb, used=28336Kb, max_used=28394Kb, free=217421Kb
 total_blobs=10468, nmethods=9743, adapters=631, full_count=0
Compilation: enabled, stopped_count=0, restarted_count=0

Compilation events (20 events):
Event: 35.394 Thread 0x00000161884c1690 nmethod 10504 0x0000016134d1bc90 code [0x0000016134d1c060, 0x0000016134d1d8d8]
Event: 35.606 Thread 0x0000016129b1a270 nmethod 10478 0x0000016134d1f010 code [0x0000016134d1fa20, 0x0000016134d25ee8]
Event: 44.090 Thread 0x00000161827fc700 10519       3       java.util.concurrent.locks.AbstractQueuedSynchronizer::acquire (20 bytes)
Event: 44.091 Thread 0x00000161827fc700 nmethod 10519 0x000001612e0cd710 code [0x000001612e0cd8e0, 0x000001612e0cdb50]
Event: 82.721 Thread 0x0000016129b1a270 10520       4       java.lang.Thread::interrupted (7 bytes)
Event: 82.722 Thread 0x0000016129b1a270 nmethod 10520 0x0000016134d2a190 code [0x0000016134d2a320, 0x0000016134d2a3d8]
Event: 153.168 Thread 0x00000161827fc700 10521       1       org.eclipse.core.internal.jobs.JobManager::isActive (5 bytes)
Event: 153.168 Thread 0x00000161827fc700 nmethod 10521 0x0000016134d2a490 code [0x0000016134d2a620, 0x0000016134d2a6f0]
Event: 202.819 Thread 0x00000161827fc700 10522       3       java.util.concurrent.ThreadPoolExecutor::workerCountOf (5 bytes)
Event: 202.819 Thread 0x00000161827fc700 nmethod 10522 0x000001612d3bac90 code [0x000001612d3bae20, 0x000001612d3baf18]
Event: 292.890 Thread 0x00000161827fc700 10523       3       java.util.concurrent.Executors$RunnableAdapter::call (14 bytes)
Event: 292.890 Thread 0x00000161827fc700 nmethod 10523 0x000001612e0cdc10 code [0x000001612e0cddc0, 0x000001612e0cdfa8]
Event: 302.906 Thread 0x00000161827fc700 10524       3       java.util.concurrent.locks.AbstractQueuedSynchronizer$ConditionObject::canReacquire (38 bytes)
Event: 302.907 Thread 0x00000161827fc700 nmethod 10524 0x000001612e0ce090 code [0x000001612e0ce260, 0x000001612e0ce5a8]
Event: 310.049 Thread 0x00000161827fc700 10525       3       java.util.HashMap::putVal (300 bytes)
Event: 310.050 Thread 0x00000161827fc700 nmethod 10525 0x000001612e0ce710 code [0x000001612e0ce9c0, 0x000001612e0cfa78]
Event: 310.050 Thread 0x00000161827fc700 10526       3       org.eclipse.core.internal.utils.StringPool::add (50 bytes)
Event: 310.050 Thread 0x00000161827fc700 nmethod 10526 0x000001612e0cff10 code [0x000001612e0d0100, 0x000001612e0d05d0]
Event: 335.467 Thread 0x00000161827fc700 10527       3       java.util.concurrent.locks.ReentrantLock$NonfairSync::tryAcquire (27 bytes)
Event: 335.467 Thread 0x00000161827fc700 nmethod 10527 0x000001612e0d0790 code [0x000001612e0d0940, 0x000001612e0d0b88]

GC Heap History (20 events):
Event: 31.735 GC heap before
{Heap before GC invocations=57 (full 2):
 PSYoungGen      total 19968K, used 19961K [0x00000000d5580000, 0x00000000d7000000, 0x0000000100000000)
  eden space 18944K, 100% used [0x00000000d5580000,0x00000000d6800000,0x00000000d6800000)
  from space 1024K, 99% used [0x00000000d6b00000,0x00000000d6bfe5a8,0x00000000d6c00000)
  to   space 3072K, 0% used [0x00000000d6800000,0x00000000d6800000,0x00000000d6b00000)
 ParOldGen       total 74240K, used 73872K [0x0000000080000000, 0x0000000084880000, 0x00000000d5580000)
  object space 74240K, 99% used [0x0000000080000000,0x0000000084824048,0x0000000084880000)
 Metaspace       used 57789K, committed 59264K, reserved 1114112K
  class space    used 6219K, committed 6848K, reserved 1048576K
}
Event: 31.737 GC heap after
{Heap after GC invocations=57 (full 2):
 PSYoungGen      total 19968K, used 928K [0x00000000d5580000, 0x00000000d6b80000, 0x0000000100000000)
  eden space 18944K, 0% used [0x00000000d5580000,0x00000000d5580000,0x00000000d6800000)
  from space 1024K, 90% used [0x00000000d6800000,0x00000000d68e8000,0x00000000d6900000)
  to   space 1536K, 0% used [0x00000000d6a00000,0x00000000d6a00000,0x00000000d6b80000)
 ParOldGen       total 75264K, used 74845K [0x0000000080000000, 0x0000000084980000, 0x00000000d5580000)
  object space 75264K, 99% used [0x0000000080000000,0x0000000084917450,0x0000000084980000)
 Metaspace       used 57789K, committed 59264K, reserved 1114112K
  class space    used 6219K, committed 6848K, reserved 1048576K
}
Event: 31.761 GC heap before
{Heap before GC invocations=58 (full 2):
 PSYoungGen      total 19968K, used 19872K [0x00000000d5580000, 0x00000000d6b80000, 0x0000000100000000)
  eden space 18944K, 100% used [0x00000000d5580000,0x00000000d6800000,0x00000000d6800000)
  from space 1024K, 90% used [0x00000000d6800000,0x00000000d68e8000,0x00000000d6900000)
  to   space 1536K, 0% used [0x00000000d6a00000,0x00000000d6a00000,0x00000000d6b80000)
 ParOldGen       total 76288K, used 75629K [0x0000000080000000, 0x0000000084a80000, 0x00000000d5580000)
  object space 76288K, 99% used [0x0000000080000000,0x00000000849db450,0x0000000084a80000)
 Metaspace       used 57789K, committed 59264K, reserved 1114112K
  class space    used 6219K, committed 6848K, reserved 1048576K
}
Event: 31.763 GC heap after
{Heap after GC invocations=58 (full 2):
 PSYoungGen      total 19968K, used 992K [0x00000000d5580000, 0x00000000d6b00000, 0x0000000100000000)
  eden space 18944K, 0% used [0x00000000d5580000,0x00000000d5580000,0x00000000d6800000)
  from space 1024K, 96% used [0x00000000d6a00000,0x00000000d6af8020,0x00000000d6b00000)
  to   space 1536K, 0% used [0x00000000d6800000,0x00000000d6800000,0x00000000d6980000)
 ParOldGen       total 76800K, used 76441K [0x0000000080000000, 0x0000000084b00000, 0x00000000d5580000)
  object space 76800K, 99% used [0x0000000080000000,0x0000000084aa67b8,0x0000000084b00000)
 Metaspace       used 57789K, committed 59264K, reserved 1114112K
  class space    used 6219K, committed 6848K, reserved 1048576K
}
Event: 31.796 GC heap before
{Heap before GC invocations=59 (full 2):
 PSYoungGen      total 19968K, used 19936K [0x00000000d5580000, 0x00000000d6b00000, 0x0000000100000000)
  eden space 18944K, 100% used [0x00000000d5580000,0x00000000d6800000,0x00000000d6800000)
  from space 1024K, 96% used [0x00000000d6a00000,0x00000000d6af8020,0x00000000d6b00000)
  to   space 1536K, 0% used [0x00000000d6800000,0x00000000d6800000,0x00000000d6980000)
 ParOldGen       total 76800K, used 76443K [0x0000000080000000, 0x0000000084b00000, 0x00000000d5580000)
  object space 76800K, 99% used [0x0000000080000000,0x0000000084aa6e68,0x0000000084b00000)
 Metaspace       used 57796K, committed 59264K, reserved 1114112K
  class space    used 6219K, committed 6848K, reserved 1048576K
}
Event: 31.798 GC heap after
{Heap after GC invocations=59 (full 2):
 PSYoungGen      total 20480K, used 1045K [0x00000000d5580000, 0x00000000d6b00000, 0x0000000100000000)
  eden space 18944K, 0% used [0x00000000d5580000,0x00000000d5580000,0x00000000d6800000)
  from space 1536K, 68% used [0x00000000d6800000,0x00000000d6905538,0x00000000d6980000)
  to   space 1536K, 0% used [0x00000000d6980000,0x00000000d6980000,0x00000000d6b00000)
 ParOldGen       total 77824K, used 77323K [0x0000000080000000, 0x0000000084c00000, 0x00000000d5580000)
  object space 77824K, 99% used [0x0000000080000000,0x0000000084b82e88,0x0000000084c00000)
 Metaspace       used 57796K, committed 59264K, reserved 1114112K
  class space    used 6219K, committed 6848K, reserved 1048576K
}
Event: 31.829 GC heap before
{Heap before GC invocations=60 (full 2):
 PSYoungGen      total 20480K, used 19989K [0x00000000d5580000, 0x00000000d6b00000, 0x0000000100000000)
  eden space 18944K, 100% used [0x00000000d5580000,0x00000000d6800000,0x00000000d6800000)
  from space 1536K, 68% used [0x00000000d6800000,0x00000000d6905538,0x00000000d6980000)
  to   space 1536K, 0% used [0x00000000d6980000,0x00000000d6980000,0x00000000d6b00000)
 ParOldGen       total 77824K, used 77323K [0x0000000080000000, 0x0000000084c00000, 0x00000000d5580000)
  object space 77824K, 99% used [0x0000000080000000,0x0000000084b82e88,0x0000000084c00000)
 Metaspace       used 57799K, committed 59328K, reserved 1114112K
  class space    used 6219K, committed 6848K, reserved 1048576K
}
Event: 31.831 GC heap after
{Heap after GC invocations=60 (full 2):
 PSYoungGen      total 19968K, used 738K [0x00000000d5580000, 0x00000000d6a80000, 0x0000000100000000)
  eden space 18944K, 0% used [0x00000000d5580000,0x00000000d5580000,0x00000000d6800000)
  from space 1024K, 72% used [0x00000000d6980000,0x00000000d6a388a8,0x00000000d6a80000)
  to   space 1024K, 0% used [0x00000000d6880000,0x00000000d6880000,0x00000000d6980000)
 ParOldGen       total 78336K, used 78176K [0x0000000080000000, 0x0000000084c80000, 0x00000000d5580000)
  object space 78336K, 99% used [0x0000000080000000,0x0000000084c58150,0x0000000084c80000)
 Metaspace       used 57799K, committed 59328K, reserved 1114112K
  class space    used 6219K, committed 6848K, reserved 1048576K
}
Event: 31.864 GC heap before
{Heap before GC invocations=61 (full 2):
 PSYoungGen      total 19968K, used 19682K [0x00000000d5580000, 0x00000000d6a80000, 0x0000000100000000)
  eden space 18944K, 100% used [0x00000000d5580000,0x00000000d6800000,0x00000000d6800000)
  from space 1024K, 72% used [0x00000000d6980000,0x00000000d6a388a8,0x00000000d6a80000)
  to   space 1024K, 0% used [0x00000000d6880000,0x00000000d6880000,0x00000000d6980000)
 ParOldGen       total 78336K, used 78176K [0x0000000080000000, 0x0000000084c80000, 0x00000000d5580000)
  object space 78336K, 99% used [0x0000000080000000,0x0000000084c58150,0x0000000084c80000)
 Metaspace       used 57805K, committed 59328K, reserved 1114112K
  class space    used 6219K, committed 6848K, reserved 1048576K
}
Event: 31.867 GC heap after
{Heap after GC invocations=61 (full 2):
 PSYoungGen      total 19968K, used 550K [0x00000000d5580000, 0x00000000d6a00000, 0x0000000100000000)
  eden space 18944K, 0% used [0x00000000d5580000,0x00000000d5580000,0x00000000d6800000)
  from space 1024K, 53% used [0x00000000d6880000,0x00000000d6909b18,0x00000000d6980000)
  to   space 512K, 0% used [0x00000000d6980000,0x00000000d6980000,0x00000000d6a00000)
 ParOldGen       total 78848K, used 78748K [0x0000000080000000, 0x0000000084d00000, 0x00000000d5580000)
  object space 78848K, 99% used [0x0000000080000000,0x0000000084ce7140,0x0000000084d00000)
 Metaspace       used 57805K, committed 59328K, reserved 1114112K
  class space    used 6219K, committed 6848K, reserved 1048576K
}
Event: 31.909 GC heap before
{Heap before GC invocations=62 (full 2):
 PSYoungGen      total 19968K, used 19494K [0x00000000d5580000, 0x00000000d6a00000, 0x0000000100000000)
  eden space 18944K, 100% used [0x00000000d5580000,0x00000000d6800000,0x00000000d6800000)
  from space 1024K, 53% used [0x00000000d6880000,0x00000000d6909b18,0x00000000d6980000)
  to   space 512K, 0% used [0x00000000d6980000,0x00000000d6980000,0x00000000d6a00000)
 ParOldGen       total 78848K, used 78748K [0x0000000080000000, 0x0000000084d00000, 0x00000000d5580000)
  object space 78848K, 99% used [0x0000000080000000,0x0000000084ce7140,0x0000000084d00000)
 Metaspace       used 57820K, committed 59328K, reserved 1114112K
  class space    used 6220K, committed 6848K, reserved 1048576K
}
Event: 31.911 GC heap after
{Heap after GC invocations=62 (full 2):
 PSYoungGen      total 19456K, used 480K [0x00000000d5580000, 0x00000000d6a00000, 0x0000000100000000)
  eden space 18944K, 0% used [0x00000000d5580000,0x00000000d5580000,0x00000000d6800000)
  from space 512K, 93% used [0x00000000d6980000,0x00000000d69f8390,0x00000000d6a00000)
  to   space 1024K, 0% used [0x00000000d6800000,0x00000000d6800000,0x00000000d6900000)
 ParOldGen       total 79360K, used 79211K [0x0000000080000000, 0x0000000084d80000, 0x00000000d5580000)
  object space 79360K, 99% used [0x0000000080000000,0x0000000084d5af50,0x0000000084d80000)
 Metaspace       used 57820K, committed 59328K, reserved 1114112K
  class space    used 6220K, committed 6848K, reserved 1048576K
}
Event: 32.008 GC heap before
{Heap before GC invocations=63 (full 2):
 PSYoungGen      total 19456K, used 16062K [0x00000000d5580000, 0x00000000d6a00000, 0x0000000100000000)
  eden space 18944K, 82% used [0x00000000d5580000,0x00000000d64b77a8,0x00000000d6800000)
  from space 512K, 93% used [0x00000000d6980000,0x00000000d69f8390,0x00000000d6a00000)
  to   space 1024K, 0% used [0x00000000d6800000,0x00000000d6800000,0x00000000d6900000)
 ParOldGen       total 79360K, used 79211K [0x0000000080000000, 0x0000000084d80000, 0x00000000d5580000)
  object space 79360K, 99% used [0x0000000080000000,0x0000000084d5af50,0x0000000084d80000)
 Metaspace       used 58316K, committed 59776K, reserved 1114112K
  class space    used 6273K, committed 6912K, reserved 1048576K
}
Event: 32.010 GC heap after
{Heap after GC invocations=63 (full 2):
 PSYoungGen      total 19968K, used 474K [0x00000000d5580000, 0x00000000d6a00000, 0x0000000100000000)
  eden space 18944K, 0% used [0x00000000d5580000,0x00000000d5580000,0x00000000d6800000)
  from space 1024K, 46% used [0x00000000d6800000,0x00000000d6876900,0x00000000d6900000)
  to   space 1024K, 0% used [0x00000000d6900000,0x00000000d6900000,0x00000000d6a00000)
 ParOldGen       total 79872K, used 79580K [0x0000000080000000, 0x0000000084e00000, 0x00000000d5580000)
  object space 79872K, 99% used [0x0000000080000000,0x0000000084db73d0,0x0000000084e00000)
 Metaspace       used 58316K, committed 59776K, reserved 1114112K
  class space    used 6273K, committed 6912K, reserved 1048576K
}
Event: 32.010 GC heap before
{Heap before GC invocations=64 (full 3):
 PSYoungGen      total 19968K, used 474K [0x00000000d5580000, 0x00000000d6a00000, 0x0000000100000000)
  eden space 18944K, 0% used [0x00000000d5580000,0x00000000d5580000,0x00000000d6800000)
  from space 1024K, 46% used [0x00000000d6800000,0x00000000d6876900,0x00000000d6900000)
  to   space 1024K, 0% used [0x00000000d6900000,0x00000000d6900000,0x00000000d6a00000)
 ParOldGen       total 79872K, used 79580K [0x0000000080000000, 0x0000000084e00000, 0x00000000d5580000)
  object space 79872K, 99% used [0x0000000080000000,0x0000000084db73d0,0x0000000084e00000)
 Metaspace       used 58316K, committed 59776K, reserved 1114112K
  class space    used 6273K, committed 6912K, reserved 1048576K
}
Event: 32.139 GC heap after
{Heap after GC invocations=64 (full 3):
 PSYoungGen      total 19968K, used 0K [0x00000000d5580000, 0x00000000d6a00000, 0x0000000100000000)
  eden space 18944K, 0% used [0x00000000d5580000,0x00000000d5580000,0x00000000d6800000)
  from space 1024K, 0% used [0x00000000d6800000,0x00000000d6800000,0x00000000d6900000)
  to   space 1024K, 0% used [0x00000000d6900000,0x00000000d6900000,0x00000000d6a00000)
 ParOldGen       total 79872K, used 62870K [0x0000000080000000, 0x0000000084e00000, 0x00000000d5580000)
  object space 79872K, 78% used [0x0000000080000000,0x0000000083d65b50,0x0000000084e00000)
 Metaspace       used 58309K, committed 59776K, reserved 1114112K
  class space    used 6271K, committed 6912K, reserved 1048576K
}
Event: 32.663 GC heap before
{Heap before GC invocations=65 (full 3):
 PSYoungGen      total 19968K, used 18944K [0x00000000d5580000, 0x00000000d6a00000, 0x0000000100000000)
  eden space 18944K, 100% used [0x00000000d5580000,0x00000000d6800000,0x00000000d6800000)
  from space 1024K, 0% used [0x00000000d6800000,0x00000000d6800000,0x00000000d6900000)
  to   space 1024K, 0% used [0x00000000d6900000,0x00000000d6900000,0x00000000d6a00000)
 ParOldGen       total 79872K, used 62870K [0x0000000080000000, 0x0000000084e00000, 0x00000000d5580000)
  object space 79872K, 78% used [0x0000000080000000,0x0000000083d65b50,0x0000000084e00000)
 Metaspace       used 59496K, committed 60992K, reserved 1114112K
  class space    used 6385K, committed 7040K, reserved 1048576K
}
Event: 32.667 GC heap after
{Heap after GC invocations=65 (full 3):
 PSYoungGen      total 19456K, used 1022K [0x00000000d5580000, 0x00000000d6b00000, 0x0000000100000000)
  eden space 18432K, 0% used [0x00000000d5580000,0x00000000d5580000,0x00000000d6780000)
  from space 1024K, 99% used [0x00000000d6900000,0x00000000d69ffbb0,0x00000000d6a00000)
  to   space 1536K, 0% used [0x00000000d6780000,0x00000000d6780000,0x00000000d6900000)
 ParOldGen       total 79872K, used 63134K [0x0000000080000000, 0x0000000084e00000, 0x00000000d5580000)
  object space 79872K, 79% used [0x0000000080000000,0x0000000083da7b50,0x0000000084e00000)
 Metaspace       used 59496K, committed 60992K, reserved 1114112K
  class space    used 6385K, committed 7040K, reserved 1048576K
}
Event: 35.335 GC heap before
{Heap before GC invocations=66 (full 3):
 PSYoungGen      total 19456K, used 19454K [0x00000000d5580000, 0x00000000d6b00000, 0x0000000100000000)
  eden space 18432K, 100% used [0x00000000d5580000,0x00000000d6780000,0x00000000d6780000)
  from space 1024K, 99% used [0x00000000d6900000,0x00000000d69ffbb0,0x00000000d6a00000)
  to   space 1536K, 0% used [0x00000000d6780000,0x00000000d6780000,0x00000000d6900000)
 ParOldGen       total 79872K, used 63134K [0x0000000080000000, 0x0000000084e00000, 0x00000000d5580000)
  object space 79872K, 79% used [0x0000000080000000,0x0000000083da7b50,0x0000000084e00000)
 Metaspace       used 60347K, committed 61888K, reserved 1114112K
  class space    used 6448K, committed 7104K, reserved 1048576K
}
Event: 35.337 GC heap after
{Heap after GC invocations=66 (full 3):
 PSYoungGen      total 19968K, used 1530K [0x00000000d5580000, 0x00000000d6d80000, 0x0000000100000000)
  eden space 18432K, 0% used [0x00000000d5580000,0x00000000d5580000,0x00000000d6780000)
  from space 1536K, 99% used [0x00000000d6780000,0x00000000d68fe890,0x00000000d6900000)
  to   space 3072K, 0% used [0x00000000d6a80000,0x00000000d6a80000,0x00000000d6d80000)
 ParOldGen       total 79872K, used 64132K [0x0000000080000000, 0x0000000084e00000, 0x00000000d5580000)
  object space 79872K, 80% used [0x0000000080000000,0x0000000083ea11e0,0x0000000084e00000)
 Metaspace       used 60347K, committed 61888K, reserved 1114112K
  class space    used 6448K, committed 7104K, reserved 1048576K
}

Dll operation events (10 events):
Event: 0.022 Loaded shared library c:\Users\Administrator\.vscode\extensions\redhat.java-1.55.0-win32-x64\jre\21.0.11-win32-x86_64\bin\java.dll
Event: 0.199 Loaded shared library c:\Users\Administrator\.vscode\extensions\redhat.java-1.55.0-win32-x64\jre\21.0.11-win32-x86_64\bin\zip.dll
Event: 0.246 Loaded shared library C:\Users\Administrator\.vscode\extensions\redhat.java-1.55.0-win32-x64\jre\21.0.11-win32-x86_64\bin\instrument.dll
Event: 0.258 Loaded shared library C:\Users\Administrator\.vscode\extensions\redhat.java-1.55.0-win32-x64\jre\21.0.11-win32-x86_64\bin\net.dll
Event: 0.263 Loaded shared library C:\Users\Administrator\.vscode\extensions\redhat.java-1.55.0-win32-x64\jre\21.0.11-win32-x86_64\bin\nio.dll
Event: 0.271 Loaded shared library C:\Users\Administrator\.vscode\extensions\redhat.java-1.55.0-win32-x64\jre\21.0.11-win32-x86_64\bin\zip.dll
Event: 0.315 Loaded shared library C:\Users\Administrator\.vscode\extensions\redhat.java-1.55.0-win32-x64\jre\21.0.11-win32-x86_64\bin\jimage.dll
Event: 1.511 Loaded shared library c:\Users\Administrator\.vscode\extensions\redhat.java-1.55.0-win32-x64\jre\21.0.11-win32-x86_64\bin\verify.dll
Event: 5.809 Loaded shared library C:\Users\Administrator\AppData\Roaming\Code\User\globalStorage\redhat.java\1.55.0\config_win\org.eclipse.equinox.launcher\org.eclipse.equinox.launcher.win32.win32.x86_64_1.3.100.v20260613-0559\eclipse_11924.dll
Event: 9.924 Loaded shared library C:\Users\Administrator\AppData\Local\Temp\jna-146731693\jna6016054317183446096.dll

Deoptimization events (20 events):
Event: 35.339 Thread 0x00000161880b2fc0 DEOPT PACKING pc=0x000001612e081686 sp=0x000000416a8fee30
Event: 35.339 Thread 0x00000161880b2fc0 DEOPT UNPACKING pc=0x00000161341f4242 sp=0x000000416a8fe388 mode 0
Event: 35.339 Thread 0x00000161880b2fc0 DEOPT PACKING pc=0x000001612e081686 sp=0x000000416a8fee30
Event: 35.339 Thread 0x00000161880b2fc0 DEOPT UNPACKING pc=0x00000161341f4242 sp=0x000000416a8fe388 mode 0
Event: 35.339 Thread 0x00000161880b2fc0 DEOPT PACKING pc=0x000001612e081686 sp=0x000000416a8fee30
Event: 35.339 Thread 0x00000161880b2fc0 DEOPT UNPACKING pc=0x00000161341f4242 sp=0x000000416a8fe388 mode 0
Event: 35.339 Thread 0x00000161880b2fc0 DEOPT PACKING pc=0x000001612e081686 sp=0x000000416a8fee30
Event: 35.339 Thread 0x00000161880b2fc0 DEOPT UNPACKING pc=0x00000161341f4242 sp=0x000000416a8fe388 mode 0
Event: 35.340 Thread 0x00000161880b2fc0 DEOPT PACKING pc=0x000001612e081686 sp=0x000000416a8fee30
Event: 35.340 Thread 0x00000161880b2fc0 DEOPT UNPACKING pc=0x00000161341f4242 sp=0x000000416a8fe388 mode 0
Event: 35.340 Thread 0x00000161880b2fc0 DEOPT PACKING pc=0x000001612e081686 sp=0x000000416a8fee30
Event: 35.340 Thread 0x00000161880b2fc0 DEOPT UNPACKING pc=0x00000161341f4242 sp=0x000000416a8fe388 mode 0
Event: 35.340 Thread 0x00000161880b2fc0 DEOPT PACKING pc=0x000001612e081686 sp=0x000000416a8fee30
Event: 35.340 Thread 0x00000161880b2fc0 DEOPT UNPACKING pc=0x00000161341f4242 sp=0x000000416a8fe388 mode 0
Event: 35.340 Thread 0x00000161880b2fc0 DEOPT PACKING pc=0x000001612e081686 sp=0x000000416a8fee30
Event: 35.340 Thread 0x00000161880b2fc0 DEOPT UNPACKING pc=0x00000161341f4242 sp=0x000000416a8fe388 mode 0
Event: 35.341 Thread 0x00000161880b2fc0 DEOPT PACKING pc=0x000001612e081686 sp=0x000000416a8fee30
Event: 35.341 Thread 0x00000161880b2fc0 DEOPT UNPACKING pc=0x00000161341f4242 sp=0x000000416a8fe388 mode 0
Event: 35.341 Thread 0x00000161880b2fc0 DEOPT PACKING pc=0x000001612e081686 sp=0x000000416a8fee30
Event: 35.341 Thread 0x00000161880b2fc0 DEOPT UNPACKING pc=0x00000161341f4242 sp=0x000000416a8fe388 mode 0

Classes loaded (20 events):
Event: 32.641 Loading class java/util/AbstractList$SubList done
Event: 32.641 Loading class java/util/AbstractList$RandomAccessSubList done
Event: 32.641 Loading class java/util/AbstractList$SubList$1
Event: 32.641 Loading class java/util/AbstractList$SubList$1 done
Event: 32.651 Loading class java/util/stream/ReduceOps$5
Event: 32.667 Loading class java/util/stream/ReduceOps$5 done
Event: 32.667 Loading class java/util/stream/ReduceOps$CountingSink$OfRef
Event: 32.668 Loading class java/util/stream/ReduceOps$CountingSink
Event: 32.668 Loading class java/util/stream/ReduceOps$CountingSink done
Event: 32.668 Loading class java/util/stream/ReduceOps$CountingSink$OfRef done
Event: 33.094 Loading class java/util/stream/ReduceOps$1
Event: 33.095 Loading class java/util/stream/ReduceOps$1 done
Event: 33.095 Loading class java/util/stream/ReduceOps$1ReducingSink
Event: 33.095 Loading class java/util/stream/ReduceOps$1ReducingSink done
Event: 35.370 Loading class sun/nio/cs/ISO_8859_1$Encoder
Event: 35.371 Loading class sun/nio/cs/ISO_8859_1$Encoder done
Event: 35.371 Loading class sun/nio/cs/Surrogate$Parser
Event: 35.371 Loading class sun/nio/cs/Surrogate$Parser done
Event: 35.371 Loading class sun/nio/cs/Surrogate
Event: 35.371 Loading class sun/nio/cs/Surrogate done

Classes unloaded (11 events):
Event: 10.822 Thread 0x0000016129b11920 Unloading class 0x00000161421acc00 'java/lang/invoke/LambdaForm$MH+0x00000161421acc00'
Event: 10.822 Thread 0x0000016129b11920 Unloading class 0x00000161421ac800 'java/lang/invoke/LambdaForm$MH+0x00000161421ac800'
Event: 10.822 Thread 0x0000016129b11920 Unloading class 0x00000161421ac400 'java/lang/invoke/LambdaForm$MH+0x00000161421ac400'
Event: 10.822 Thread 0x0000016129b11920 Unloading class 0x00000161421ac000 'java/lang/invoke/LambdaForm$MH+0x00000161421ac000'
Event: 10.822 Thread 0x0000016129b11920 Unloading class 0x00000161421abc00 'java/lang/invoke/LambdaForm$BMH+0x00000161421abc00'
Event: 10.822 Thread 0x0000016129b11920 Unloading class 0x00000161421ab800 'java/lang/invoke/LambdaForm$DMH+0x00000161421ab800'
Event: 10.822 Thread 0x0000016129b11920 Unloading class 0x00000161421aa400 'java/lang/invoke/LambdaForm$DMH+0x00000161421aa400'
Event: 32.029 Thread 0x0000016129b11920 Unloading class 0x00000161426ad000 'java/lang/invoke/LambdaForm$DMH+0x00000161426ad000'
Event: 32.029 Thread 0x0000016129b11920 Unloading class 0x00000161426acc00 'java/lang/invoke/LambdaForm$DMH+0x00000161426acc00'
Event: 32.029 Thread 0x0000016129b11920 Unloading class 0x00000161426ac400 'java/lang/invoke/LambdaForm$DMH+0x00000161426ac400'
Event: 32.029 Thread 0x0000016129b11920 Unloading class 0x00000161426ac800 'java/lang/invoke/LambdaForm$DMH+0x00000161426ac800'

Classes redefined (0 events):
No events

Internal exceptions (20 events):
Event: 31.030 Thread 0x00000161839de1a0 Implicit null exception at 0x0000016134c35c06 to 0x0000016134c35d10
Event: 31.236 Thread 0x00000161839de1a0 Implicit null exception at 0x0000016134c3cb8f to 0x0000016134c42570
Event: 31.326 Thread 0x00000161839de1a0 Implicit null exception at 0x0000016134a91d26 to 0x0000016134a922f4
Event: 31.729 Thread 0x000001618a413ec0 Exception <a 'sun/nio/fs/WindowsException'{0x00000000d648b5e8}> (0x00000000d648b5e8) 
thrown [s\src\hotspot\share\prims\jni.cpp, line 520]
Event: 31.729 Thread 0x000001618a413ec0 Exception <a 'sun/nio/fs/WindowsException'{0x00000000d648c160}> (0x00000000d648c160) 
thrown [s\src\hotspot\share\prims\jni.cpp, line 520]
Event: 31.730 Thread 0x000001618a413ec0 Exception <a 'sun/nio/fs/WindowsException'{0x00000000d648d6a8}> (0x00000000d648d6a8) 
thrown [s\src\hotspot\share\prims\jni.cpp, line 520]
Event: 31.730 Thread 0x000001618a413ec0 Exception <a 'sun/nio/fs/WindowsException'{0x00000000d648e200}> (0x00000000d648e200) 
thrown [s\src\hotspot\share\prims\jni.cpp, line 520]
Event: 31.731 Thread 0x000001618a413ec0 Exception <a 'sun/nio/fs/WindowsException'{0x00000000d657b620}> (0x00000000d657b620) 
thrown [s\src\hotspot\share\prims\jni.cpp, line 520]
Event: 31.731 Thread 0x000001618a413ec0 Exception <a 'sun/nio/fs/WindowsException'{0x00000000d657c178}> (0x00000000d657c178) 
thrown [s\src\hotspot\share\prims\jni.cpp, line 520]
Event: 31.741 Thread 0x000001618a413ec0 Exception <a 'sun/nio/fs/WindowsException'{0x00000000d5827ef0}> (0x00000000d5827ef0) 
thrown [s\src\hotspot\share\prims\jni.cpp, line 520]
Event: 31.741 Thread 0x000001618a413ec0 Exception <a 'sun/nio/fs/WindowsException'{0x00000000d5886978}> (0x00000000d5886978) 
thrown [s\src\hotspot\share\prims\jni.cpp, line 520]
Event: 32.401 Thread 0x00000161839de1a0 Exception <a 'java/io/FileNotFoundException'{0x00000000d5bdec48}> (0x00000000d5bdec48) 
thrown [s\src\hotspot\share\prims\jni.cpp, line 520]
Event: 32.401 Thread 0x00000161839de1a0 Exception <a 'java/io/FileNotFoundException'{0x00000000d5bdfd70}> (0x00000000d5bdfd70) 
thrown [s\src\hotspot\share\prims\jni.cpp, line 520]
Event: 32.402 Thread 0x00000161839de1a0 Exception <a 'java/io/FileNotFoundException'{0x00000000d5be0b18}> (0x00000000d5be0b18) 
thrown [s\src\hotspot\share\prims\jni.cpp, line 520]
Event: 32.619 Thread 0x00000161839de1a0 Exception <a 'java/lang/NoSuchMethodError'{0x00000000d6674af8}: 'int java.lang.invoke.DirectMethodHandle$Holder.invokeSpecialIFC(java.lang.Object, java.lang.Object, java.lang.Object)'> (0x00000000d6674af8) 
thrown [s\src\hotspot\share\interpreter\linkResolver.cpp, line 773]
Event: 32.672 Thread 0x00000161839ddb10 Exception <a 'sun/nio/fs/WindowsException'{0x00000000d558f6b8}> (0x00000000d558f6b8) 
thrown [s\src\hotspot\share\prims\jni.cpp, line 520]
Event: 32.672 Thread 0x00000161839ddb10 Exception <a 'sun/nio/fs/WindowsException'{0x00000000d558ff60}> (0x00000000d558ff60) 
thrown [s\src\hotspot\share\prims\jni.cpp, line 520]
Event: 32.939 Thread 0x00000161839de1a0 Implicit null exception at 0x0000016134cc47bf to 0x0000016134cc5b0c
Event: 33.133 Thread 0x00000161839ddb10 Exception <a 'java/lang/NoSuchMethodError'{0x00000000d6211a18}: 'java.lang.Object java.lang.invoke.DirectMethodHandle$Holder.invokeStatic(java.lang.Object, java.lang.Object, int, java.lang.Object)'> (0x00000000d6211a18) 
thrown [s\src\hotspot\share\interpreter\linkResolver.cpp, line 773]
Event: 33.134 Thread 0x00000161839ddb10 Exception <a 'java/lang/NoSuchMethodError'{0x00000000d6218588}: 'java.lang.Object java.lang.invoke.DirectMethodHandle$Holder.newInvokeSpecial(java.lang.Object, java.lang.Object, int)'> (0x00000000d6218588) 
thrown [s\src\hotspot\share\interpreter\linkResolver.cpp, line 773]

ZGC Phase Switch (0 events):
No events

VM Operations (20 events):
Event: 120.271 Executing non-safepoint VM operation: HandshakeAllThreads (HandshakeForDeflation)
Event: 120.271 Executing non-safepoint VM operation: HandshakeAllThreads (HandshakeForDeflation) done
Event: 120.271 Executing non-safepoint VM operation: RendezvousGCThreads
Event: 120.271 Executing non-safepoint VM operation: RendezvousGCThreads done
Event: 302.952 Executing safepoint VM operation: Cleanup
Event: 302.952 Executing safepoint VM operation: Cleanup done
Event: 305.981 Executing safepoint VM operation: Cleanup
Event: 305.981 Executing safepoint VM operation: Cleanup done
Event: 311.010 Executing safepoint VM operation: Cleanup
Event: 311.010 Executing safepoint VM operation: Cleanup done
Event: 343.314 Executing safepoint VM operation: Cleanup
Event: 343.314 Executing safepoint VM operation: Cleanup done
Event: 360.718 Executing non-safepoint VM operation: HandshakeAllThreads (HandshakeForDeflation)
Event: 360.718 Executing non-safepoint VM operation: HandshakeAllThreads (HandshakeForDeflation) done
Event: 360.718 Executing non-safepoint VM operation: RendezvousGCThreads
Event: 360.718 Executing non-safepoint VM operation: RendezvousGCThreads done
Event: 420.931 Executing non-safepoint VM operation: HandshakeAllThreads (HandshakeForDeflation)
Event: 420.931 Executing non-safepoint VM operation: HandshakeAllThreads (HandshakeForDeflation) done
Event: 420.931 Executing non-safepoint VM operation: RendezvousGCThreads
Event: 420.931 Executing non-safepoint VM operation: RendezvousGCThreads done

Memory protections (0 events):
No events

Nmethod flushes (20 events):
Event: 32.055 Thread 0x0000016129b11920 flushing  nmethod 0x000001612d4f3390
Event: 32.055 Thread 0x0000016129b11920 flushing  nmethod 0x000001612d4f3d10
Event: 32.055 Thread 0x0000016129b11920 flushing  nmethod 0x000001612d4f4190
Event: 32.055 Thread 0x0000016129b11920 flushing  nmethod 0x000001612d4f7690
Event: 32.055 Thread 0x0000016129b11920 flushing  nmethod 0x000001612d4f7a10
Event: 32.055 Thread 0x0000016129b11920 flushing  nmethod 0x000001612d4f8910
Event: 32.055 Thread 0x0000016129b11920 flushing  nmethod 0x000001612d4fc590
Event: 32.055 Thread 0x0000016129b11920 flushing  nmethod 0x000001612d4ff910
Event: 32.055 Thread 0x0000016129b11920 flushing  nmethod 0x000001612d529e10
Event: 32.055 Thread 0x0000016129b11920 flushing  nmethod 0x000001612d52a410
Event: 32.055 Thread 0x0000016129b11920 flushing  nmethod 0x000001612d52ac90
Event: 32.055 Thread 0x0000016129b11920 flushing  nmethod 0x000001612d52b390
Event: 32.055 Thread 0x0000016129b11920 flushing  nmethod 0x000001612d52d190
Event: 32.055 Thread 0x0000016129b11920 flushing  nmethod 0x000001612d536010
Event: 32.055 Thread 0x0000016129b11920 flushing  nmethod 0x000001612d53c410
Event: 32.055 Thread 0x0000016129b11920 flushing  nmethod 0x000001612d54e190
Event: 32.055 Thread 0x0000016129b11920 flushing  nmethod 0x000001612d572690
Event: 32.055 Thread 0x0000016129b11920 flushing  nmethod 0x000001612d572d90
Event: 32.055 Thread 0x0000016129b11920 flushing  nmethod 0x000001612d582b90
Event: 32.055 Thread 0x0000016129b11920 flushing  nmethod 0x000001612d588090

Events (20 events):
Event: 30.763 Thread 0x000001618b84d530 Thread exited: 0x000001618b84d530
Event: 30.763 Thread 0x000001618b84b460 Thread exited: 0x000001618b84b460
Event: 30.763 Thread 0x000001618b84a0b0 Thread exited: 0x000001618b84a0b0
Event: 30.763 Thread 0x000001618b84dbc0 Thread exited: 0x000001618b84dbc0
Event: 35.321 Thread 0x00000161899c5340 Thread exited: 0x00000161899c5340
Event: 35.321 Thread 0x00000161884c1690 Thread exited: 0x00000161884c1690
Event: 35.331 Thread 0x00000161827fc700 Thread added: 0x00000161884c1690
Event: 35.341 Thread 0x00000161827fc700 Thread added: 0x00000161899c5340
Event: 40.387 Thread 0x00000161899c5340 Thread exited: 0x00000161899c5340
Event: 40.402 Thread 0x00000161884c1690 Thread exited: 0x00000161884c1690
Event: 92.655 Thread 0x00000161839dcdf0 Thread exited: 0x00000161839dcdf0
Event: 92.655 Thread 0x00000161839dc760 Thread exited: 0x00000161839dc760
Event: 92.983 Thread 0x000001618a411760 Thread exited: 0x000001618a411760
Event: 152.996 Thread 0x000001618a413ec0 Thread exited: 0x000001618a413ec0
Event: 212.999 Thread 0x000001618a413830 Thread exited: 0x000001618a413830
Event: 273.001 Thread 0x000001618a4131a0 Thread exited: 0x000001618a4131a0
Event: 332.236 Thread 0x000001618a410a40 Thread exited: 0x000001618a410a40
Event: 333.001 Thread 0x000001618a412b10 Thread exited: 0x000001618a412b10
Event: 393.007 Thread 0x000001618a414550 Thread exited: 0x000001618a414550
Event: 453.007 Thread 0x000001618a411df0 Thread exited: 0x000001618a411df0


Dynamic libraries:
0x00007ff7102e0000 - 0x00007ff7102ee000 	c:\Users\Administrator\.vscode\extensions\redhat.java-1.55.0-win32-x64\jre\21.0.11-win32-x86_64\bin\java.exe
0x00007ffd25b00000 - 0x00007ffd25d66000 	C:\WINDOWS\SYSTEM32\ntdll.dll
0x00007ffd24d70000 - 0x00007ffd24e39000 	C:\WINDOWS\System32\KERNEL32.DLL
0x00007ffd22ed0000 - 0x00007ffd232ce000 	C:\WINDOWS\System32\KERNELBASE.dll
0x00007ffd23390000 - 0x00007ffd234dc000 	C:\WINDOWS\System32\ucrtbase.dll
0x00007ffd1f410000 - 0x00007ffd1f428000 	c:\Users\Administrator\.vscode\extensions\redhat.java-1.55.0-win32-x64\jre\21.0.11-win32-x86_64\bin\jli.dll
0x00007ffd25350000 - 0x00007ffd25517000 	C:\WINDOWS\System32\USER32.dll
0x00007ffd22ea0000 - 0x00007ffd22ec7000 	C:\WINDOWS\System32\win32u.dll
0x00007ffd25260000 - 0x00007ffd2528b000 	C:\WINDOWS\System32\GDI32.dll
0x00007ffd1f3f0000 - 0x00007ffd1f40e000 	c:\Users\Administrator\.vscode\extensions\redhat.java-1.55.0-win32-x64\jre\21.0.11-win32-x86_64\bin\VCRUNTIME140.dll
0x00007ffd23700000 - 0x00007ffd2382a000 	C:\WINDOWS\System32\gdi32full.dll
0x00007ffd232e0000 - 0x00007ffd23383000 	C:\WINDOWS\System32\msvcp_win.dll
0x00007ffd09bb0000 - 0x00007ffd09e42000 	C:\WINDOWS\WinSxS\amd64_microsoft.windows.common-controls_6595b64144ccf1df_6.0.26100.8875_none_3e0d5d42e32fe9dd\COMCTL32.dll
0x00007ffd24e70000 - 0x00007ffd24f19000 	C:\WINDOWS\System32\msvcrt.dll
0x00007ffd24400000 - 0x00007ffd24432000 	C:\WINDOWS\System32\IMM32.DLL
0x00007ffd1f3e0000 - 0x00007ffd1f3ec000 	c:\Users\Administrator\.vscode\extensions\redhat.java-1.55.0-win32-x64\jre\21.0.11-win32-x86_64\bin\vcruntime140_1.dll
0x00007ffceea50000 - 0x00007ffceeadd000 	c:\Users\Administrator\.vscode\extensions\redhat.java-1.55.0-win32-x64\jre\21.0.11-win32-x86_64\bin\msvcp140.dll
0x00007ffc883d0000 - 0x00007ffc89172000 	c:\Users\Administrator\.vscode\extensions\redhat.java-1.55.0-win32-x64\jre\21.0.11-win32-x86_64\bin\server\jvm.dll
0x00007ffd25540000 - 0x00007ffd255f7000 	C:\WINDOWS\System32\ADVAPI32.dll
0x00007ffd25290000 - 0x00007ffd2533a000 	C:\WINDOWS\System32\sechost.dll
0x00007ffd24fd0000 - 0x00007ffd250e8000 	C:\WINDOWS\System32\RPCRT4.dll
0x00007ffd250f0000 - 0x00007ffd25170000 	C:\WINDOWS\System32\WS2_32.dll
0x00007ffd22ba0000 - 0x00007ffd22bfe000 	C:\WINDOWS\SYSTEM32\POWRPROF.dll
0x00007ffd1b320000 - 0x00007ffd1b356000 	C:\WINDOWS\SYSTEM32\WINMM.dll
0x00007ffd1b360000 - 0x00007ffd1b36b000 	C:\WINDOWS\SYSTEM32\VERSION.dll
0x00007ffd22b80000 - 0x00007ffd22b94000 	C:\WINDOWS\SYSTEM32\UMPDC.dll
0x00007ffd219c0000 - 0x00007ffd219db000 	C:\WINDOWS\SYSTEM32\kernel.appcore.dll
0x00007ffd1f390000 - 0x00007ffd1f39a000 	c:\Users\Administrator\.vscode\extensions\redhat.java-1.55.0-win32-x64\jre\21.0.11-win32-x86_64\bin\jimage.dll
0x00007ffd202b0000 - 0x00007ffd204f2000 	C:\WINDOWS\SYSTEM32\DBGHELP.DLL
0x00007ffd25730000 - 0x00007ffd25ab3000 	C:\WINDOWS\System32\combase.dll
0x00007ffd25180000 - 0x00007ffd25259000 	C:\WINDOWS\System32\OLEAUT32.dll
0x00007ffd001d0000 - 0x00007ffd0020b000 	C:\WINDOWS\SYSTEM32\dbgcore.DLL
0x00007ffd23640000 - 0x00007ffd236ec000 	C:\WINDOWS\System32\bcryptPrimitives.dll
0x00007ffd1f380000 - 0x00007ffd1f38f000 	c:\Users\Administrator\.vscode\extensions\redhat.java-1.55.0-win32-x64\jre\21.0.11-win32-x86_64\bin\instrument.dll
0x00007ffd1f100000 - 0x00007ffd1f120000 	c:\Users\Administrator\.vscode\extensions\redhat.java-1.55.0-win32-x64\jre\21.0.11-win32-x86_64\bin\java.dll
0x00007ffd24550000 - 0x00007ffd24ce2000 	C:\WINDOWS\System32\SHELL32.dll
0x00007ffd20780000 - 0x00007ffd21012000 	C:\WINDOWS\SYSTEM32\windows.storage.dll
0x00007ffd24450000 - 0x00007ffd24547000 	C:\WINDOWS\System32\SHCORE.dll
0x00007ffd25600000 - 0x00007ffd25667000 	C:\WINDOWS\System32\shlwapi.dll
0x00007ffd22c40000 - 0x00007ffd22c69000 	C:\WINDOWS\SYSTEM32\profapi.dll
0x00007ffd1f190000 - 0x00007ffd1f1a8000 	c:\Users\Administrator\.vscode\extensions\redhat.java-1.55.0-win32-x64\jre\21.0.11-win32-x86_64\bin\zip.dll
0x00007ffd1f180000 - 0x00007ffd1f190000 	C:\Users\Administrator\.vscode\extensions\redhat.java-1.55.0-win32-x64\jre\21.0.11-win32-x86_64\bin\net.dll
0x00007ffd1b370000 - 0x00007ffd1b497000 	C:\WINDOWS\SYSTEM32\WINHTTP.dll
0x00007ffd21f50000 - 0x00007ffd21fbc000 	C:\WINDOWS\system32\mswsock.dll
0x00007ffd1f160000 - 0x00007ffd1f176000 	C:\Users\Administrator\.vscode\extensions\redhat.java-1.55.0-win32-x64\jre\21.0.11-win32-x86_64\bin\nio.dll
0x00007ffd1f150000 - 0x00007ffd1f160000 	c:\Users\Administrator\.vscode\extensions\redhat.java-1.55.0-win32-x64\jre\21.0.11-win32-x86_64\bin\verify.dll
0x00007ffd13580000 - 0x00007ffd135c5000 	C:\Users\Administrator\AppData\Roaming\Code\User\globalStorage\redhat.java\1.55.0\config_win\org.eclipse.equinox.launcher\org.eclipse.equinox.launcher.win32.win32.x86_64_1.3.100.v20260613-0559\eclipse_11924.dll
0x00007ffd23830000 - 0x00007ffd239c9000 	C:\WINDOWS\System32\ole32.dll
0x00007ffd22380000 - 0x00007ffd2239b000 	C:\WINDOWS\SYSTEM32\CRYPTSP.dll
0x00007ffd21920000 - 0x00007ffd21959000 	C:\WINDOWS\system32\rsaenh.dll
0x00007ffd22010000 - 0x00007ffd22042000 	C:\WINDOWS\SYSTEM32\USERENV.dll
0x00007ffd22c10000 - 0x00007ffd22c3a000 	C:\WINDOWS\SYSTEM32\bcrypt.dll
0x00007ffd22350000 - 0x00007ffd2235c000 	C:\WINDOWS\SYSTEM32\CRYPTBASE.dll
0x00007ffd21370000 - 0x00007ffd213a3000 	C:\WINDOWS\SYSTEM32\IPHLPAPI.DLL
0x00007ffd24e60000 - 0x00007ffd24e6a000 	C:\WINDOWS\System32\NSI.dll
0x00007ffd131e0000 - 0x00007ffd13229000 	C:\Users\Administrator\AppData\Local\Temp\jna-146731693\jna6016054317183446096.dll
0x00007ffd25340000 - 0x00007ffd25348000 	C:\WINDOWS\System32\PSAPI.DLL
0x00007ffd1cc00000 - 0x00007ffd1cc1d000 	C:\WINDOWS\SYSTEM32\dhcpcsvc6.DLL
0x00007ffd1cbd0000 - 0x00007ffd1cbf5000 	C:\WINDOWS\SYSTEM32\dhcpcsvc.DLL

JVMTI agents:
c:\Users\Administrator\.vscode\extensions\redhat.java-1.55.0-win32-x64\lombok\lombok-1.18.39-4050.jar path:c:\Users\Administrator\.vscode\extensions\redhat.java-1.55.0-win32-x64\jre\21.0.11-win32-x86_64\bin\instrument.dll, loaded, initialized, instrumentlib options:none

dbghelp: loaded successfully - version: 4.0.5 - missing functions: none
symbol engine: initialized successfully - sym options: 0x614 - pdb path: .;c:\Users\Administrator\.vscode\extensions\redhat.java-1.55.0-win32-x64\jre\21.0.11-win32-x86_64\bin;C:\WINDOWS\SYSTEM32;C:\WINDOWS\WinSxS\amd64_microsoft.windows.common-controls_6595b64144ccf1df_6.0.26100.8875_none_3e0d5d42e32fe9dd;c:\Users\Administrator\.vscode\extensions\redhat.java-1.55.0-win32-x64\jre\21.0.11-win32-x86_64\bin\server;C:\Users\Administrator\AppData\Roaming\Code\User\globalStorage\redhat.java\1.55.0\config_win\org.eclipse.equinox.launcher\org.eclipse.equinox.launcher.win32.win32.x86_64_1.3.100.v20260613-0559;C:\Users\Administrator\AppData\Local\Temp\jna-146731693

VM Arguments:
jvm_args: --add-modules=ALL-SYSTEM --add-opens=java.base/java.util=ALL-UNNAMED --add-opens=java.base/java.lang=ALL-UNNAMED --add-opens=java.base/sun.nio.fs=ALL-UNNAMED -Declipse.application=org.eclipse.jdt.ls.core.id1 -Dosgi.bundles.defaultStartLevel=4 -Declipse.product=org.eclipse.jdt.ls.core.product -Djava.import.generatesMetadataFilesAtProjectRoot=false -DDetectVMInstallationsJob.disabled=true -Dfile.encoding=utf8 -XX:+UseParallelGC -XX:GCTimeRatio=4 -XX:AdaptiveSizePolicyWeight=90 -Dsun.zip.disableMemoryMapping=true -Xmx2G -Xms100m -Xlog:disable -javaagent:c:\Users\Administrator\.vscode\extensions\redhat.java-1.55.0-win32-x64\lombok\lombok-1.18.39-4050.jar -XX:+HeapDumpOnOutOfMemoryError -XX:HeapDumpPath=c:\Users\Administrator\AppData\Roaming\Code\User\workspaceStorage\47d38d0315a5049dedd72c8bc73d439b\redhat.java -Daether.dependencyCollector.impl=bf 
java_command: c:\Users\Administrator\.vscode\extensions\redhat.java-1.55.0-win32-x64\server\plugins\org.eclipse.equinox.launcher_1.7.200.v20260619-2039.jar -configuration c:\Users\Administrator\AppData\Roaming\Code\User\globalStorage\redhat.java\1.55.0\config_win -data c:\Users\Administrator\AppData\Roaming\Code\User\workspaceStorage\47d38d0315a5049dedd72c8bc73d439b\redhat.java\jdt_ws --pipe=\\.\pipe\lsp-9a16a7a5b186326bc50e31f24c7b353b-sock
java_class_path (initial): c:\Users\Administrator\.vscode\extensions\redhat.java-1.55.0-win32-x64\server\plugins\org.eclipse.equinox.launcher_1.7.200.v20260619-2039.jar
Launcher Type: SUN_STANDARD

[Global flags]
    uintx AdaptiveSizePolicyWeight                 = 90                                        {product} {command line}
     intx CICompilerCount                          = 4                                         {product} {ergonomic}
    uintx GCTimeRatio                              = 4                                         {product} {command line}
     bool HeapDumpOnOutOfMemoryError               = true                                   {manageable} {command line}
    ccstr HeapDumpPath                             = c:\Users\Administrator\AppData\Roaming\Code\User\workspaceStorage\47d38d0315a5049dedd72c8bc73d439b\redhat.java         {manageable} {command line}
   size_t InitialHeapSize                          = 104857600                                 {product} {command line}
   size_t MaxHeapSize                              = 2147483648                                {product} {command line}
   size_t MaxNewSize                               = 715653120                                 {product} {ergonomic}
   size_t MinHeapDeltaBytes                        = 524288                                    {product} {ergonomic}
   size_t MinHeapSize                              = 104857600                                 {product} {command line}
   size_t NewSize                                  = 34603008                                  {product} {ergonomic}
    uintx NonNMethodCodeHeapSize                   = 5839372                                {pd product} {ergonomic}
    uintx NonProfiledCodeHeapSize                  = 122909434                              {pd product} {ergonomic}
   size_t OldSize                                  = 70254592                                  {product} {ergonomic}
    uintx ProfiledCodeHeapSize                     = 122909434                              {pd product} {ergonomic}
    uintx ReservedCodeCacheSize                    = 251658240                              {pd product} {ergonomic}
     bool SegmentedCodeCache                       = true                                      {product} {ergonomic}
   size_t SoftMaxHeapSize                          = 2147483648                             {manageable} {ergonomic}
     bool UseCompressedOops                        = true                           {product lp64_product} {ergonomic}
     bool UseLargePagesIndividualAllocation        = false                                  {pd product} {ergonomic}
     bool UseParallelGC                            = true                                      {product} {command line}

Logging:
Log output configuration:
 #0: stdout all=off uptime,level,tags foldmultilines=false
 #1: stderr all=off uptime,level,tags foldmultilines=false

Release file:
JAVA_VERSION="21.0.11" 
MODULES="java.base java.compiler java.datatransfer java.xml java.prefs java.desktop java.instrument java.logging java.management java.security.sasl java.naming java.rmi java.management.rmi java.net.http java.scripting java.security.jgss java.transaction.xa java.sql java.sql.rowset java.xml.crypto java.se java.smartcardio jdk.accessibility jdk.internal.jvmstat jdk.attach jdk.charsets jdk.internal.opt jdk.zipfs jdk.compiler jdk.crypto.ec jdk.crypto.cryptoki jdk.crypto.mscapi jdk.dynalink jdk.internal.ed jdk.editpad jdk.hotspot.agent jdk.httpserver jdk.internal.le jdk.internal.vm.ci jdk.internal.vm.compiler jdk.internal.vm.compiler.management jdk.jartool jdk.javadoc jdk.jcmd jdk.management jdk.management.agent jdk.jconsole jdk.jdeps jdk.jdwp.agent jdk.jdi jdk.jfr jdk.jshell jdk.jsobject jdk.jstatd jdk.localedata jdk.management.jfr jdk.naming.dns jdk.naming.rmi jdk.net jdk.nio.mapmode jdk.random jdk.sctp jdk.security.auth jdk.security.jgss jdk.unsupported jdk.unsupported.desktop jdk.xml.dom" 

Environment Variables:
PATH=C:\Program Files\Common Files\Oracle\Java\javapath;C:\WINDOWS\system32;C:\WINDOWS;C:\WINDOWS\System32\Wbem;C:\WINDOWS\System32\WindowsPowerShell\v1.0\;C:\WINDOWS\System32\OpenSSH\;C:\Program Files\nodejs\;C:\Program Files\Git\cmd;C:\Users\Administrator\AppData\Local\Programs\Python\Python313\Scripts\;C:\Users\Administrator\AppData\Local\Programs\Python\Python313\;C:\Users\Administrator\AppData\Local\Programs\Python\Launcher\;C:\Users\Administrator\AppData\Local\Microsoft\WindowsApps;C:\Users\Administrator\AppData\Local\Programs\Microsoft VS Code\bin;C:\Users\Administrator\AppData\Local\GitHubDesktop\bin;C:\Users\Administrator\AppData\Roaming\npm;C:\Users\Administrator\AppData\Local\Programs\Antigravity\bin
USERNAME=Administrator
OS=Windows_NT
PROCESSOR_IDENTIFIER=AMD64 Family 25 Model 80 Stepping 0, AuthenticAMD
TMP=C:\Users\ADMINI~1\AppData\Local\Temp
TEMP=C:\Users\ADMINI~1\AppData\Local\Temp




Periodic native trim disabled

---------------  S Y S T E M  ---------------

OS:
 Windows 11 , 64 bit Build 26100 (10.0.26100.8875)
OS uptime: 0 days 10:08 hours
Hyper-V role detected

CPU: total 12 (initial active 12) (12 cores per cpu, 2 threads per core) family 25 model 80 stepping 0 microcode 0xa500014, cx8, cmov, fxsr, ht, mmx, 3dnowpref, sse, sse2, sse3, ssse3, sse4a, sse4.1, sse4.2, popcnt, lzcnt, tsc, tscinvbit, avx, avx2, aes, erms, clmul, bmi1, bmi2, adx, sha, fma, vzeroupper, clflush, clflushopt, hv, rdtscp, rdpid, fsrm, f16c, cet_ss
Processor Information for processor 0
  Max Mhz: 2301, Current Mhz: 1990, Mhz Limit: 2301
Processor Information for processor 1
  Max Mhz: 2301, Current Mhz: 1990, Mhz Limit: 2301
Processor Information for processor 2
  Max Mhz: 2301, Current Mhz: 1990, Mhz Limit: 2301
Processor Information for processor 3
  Max Mhz: 2301, Current Mhz: 1990, Mhz Limit: 2301
Processor Information for processor 4
  Max Mhz: 2301, Current Mhz: 1990, Mhz Limit: 2301
Processor Information for processor 5
  Max Mhz: 2301, Current Mhz: 1990, Mhz Limit: 2301
Processor Information for processor 6
  Max Mhz: 2301, Current Mhz: 1990, Mhz Limit: 2301
Processor Information for processor 7
  Max Mhz: 2301, Current Mhz: 1990, Mhz Limit: 2301
Processor Information for processor 8
  Max Mhz: 2301, Current Mhz: 1990, Mhz Limit: 2301
Processor Information for processor 9
  Max Mhz: 2301, Current Mhz: 1990, Mhz Limit: 2301
Processor Information for processor 10
  Max Mhz: 2301, Current Mhz: 2301, Mhz Limit: 2301
Processor Information for processor 11
  Max Mhz: 2301, Current Mhz: 1990, Mhz Limit: 2301

Memory: 4k page, system-wide physical 15681M (6071M free)
TotalPageFile size 46088M (AvailPageFile size 5M)
current process WorkingSet (physical memory assigned to process): 278M, peak: 326M
current process commit charge ("private bytes"): 359M, peak: 402M

vm_info: OpenJDK 64-Bit Server VM (21.0.11+10-LTS) for windows-amd64 JRE (21.0.11+10-LTS), built on 2026-04-21T00:00:00Z by "admin" with MS VC++ 17.12 (VS2022)

END.
