#
# There is insufficient memory for the Java Runtime Environment to continue.
# Native memory allocation (malloc) failed to allocate 658784 bytes. Error detail: Chunk::new
# Possible reasons:
#   The system is out of physical RAM or swap space
#   This process is running with CompressedOops enabled, and the Java Heap may be blocking the growth of the native heap
# Possible solutions:
#   Reduce memory load on the system
#   Increase physical memory or swap space
#   Check if swap backing store is full
#   Decrease Java heap size (-Xmx/-Xms)
#   Decrease number of Java threads
#   Decrease Java thread stack sizes (-Xss)
#   Set larger code cache with -XX:ReservedCodeCacheSize=
#   JVM is running with Unscaled Compressed Oops mode in which the Java heap is
#     placed in the first 4GB address space. The Java Heap base address is the
#     maximum limit for the native heap growth. Please use -XX:HeapBaseMinAddress
#     to set the Java Heap base and to place the Java Heap above 4GB virtual address.
# This output file may be truncated or incomplete.
#
#  Out of Memory Error (arena.cpp:168), pid=16712, tid=9180
#
# JRE version: OpenJDK Runtime Environment Temurin-21.0.11+10 (21.0.11+10) (build 21.0.11+10-LTS)
# Java VM: OpenJDK 64-Bit Server VM Temurin-21.0.11+10 (21.0.11+10-LTS, mixed mode, sharing, tiered, compressed oops, compressed class ptrs, parallel gc, windows-amd64)
# No core dump will be written. Minidumps are not enabled by default on client versions of Windows
#

---------------  S U M M A R Y ------------

Command Line: --add-modules=ALL-SYSTEM --add-opens=java.base/java.util=ALL-UNNAMED --add-opens=java.base/java.lang=ALL-UNNAMED --add-opens=java.base/sun.nio.fs=ALL-UNNAMED -Declipse.application=org.eclipse.jdt.ls.core.id1 -Dosgi.bundles.defaultStartLevel=4 -Declipse.product=org.eclipse.jdt.ls.core.product -Djava.import.generatesMetadataFilesAtProjectRoot=false -DDetectVMInstallationsJob.disabled=true -Dfile.encoding=utf8 -XX:+UseParallelGC -XX:GCTimeRatio=4 -XX:AdaptiveSizePolicyWeight=90 -Dsun.zip.disableMemoryMapping=true -Xmx2G -Xms100m -Xlog:disable -javaagent:c:\Users\Administrator\.vscode\extensions\redhat.java-1.55.0-win32-x64\lombok\lombok-1.18.39-4050.jar c:\Users\Administrator\.vscode\extensions\redhat.java-1.55.0-win32-x64\server\plugins\org.eclipse.equinox.launcher_1.7.200.v20260619-2039.jar -configuration c:\Users\Administrator\AppData\Roaming\Code\User\globalStorage\redhat.java\1.55.0\config_ss_win -data c:\Users\Administrator\AppData\Roaming\Code\User\workspaceStorage\47d38d0315a5049dedd72c8bc73d439b\redhat.java\ss_ws --pipe=\\.\pipe\lsp-ab9eee21d8f479857263b076fb2a0bfe-sock

Host: AMD Ryzen 5 PRO 5650U with Radeon Graphics     , 12 cores, 15G,  Windows 11 , 64 bit Build 26100 (10.0.26100.9168)
Time: Sun Aug 16 20:51:54 2026 E. Africa Standard Time elapsed time: 17.101054 seconds (0d 0h 0m 17s)

---------------  T H R E A D  ---------------

Current thread (0x000001f2e218da10):  JavaThread "C2 CompilerThread0" daemon [_thread_in_native, id=9180, stack(0x0000003554b00000,0x0000003554c00000) (1024K)]


Current CompileTask:
C2:17101 5626  s    4       org.eclipse.jdt.internal.core.JavaModelManager::getInfo (39 bytes)

Stack: [0x0000003554b00000,0x0000003554c00000]
Native frames: (J=compiled Java code, j=interpreted, Vv=VM code, C=native code)
V  [jvm.dll+0x6d7e19]
V  [jvm.dll+0x8b5096]
V  [jvm.dll+0x8b764e]
V  [jvm.dll+0x8b7d33]
V  [jvm.dll+0x284596]
V  [jvm.dll+0xc685d]
V  [jvm.dll+0xc6da1]
V  [jvm.dll+0x3bed6b]
V  [jvm.dll+0x38b2b2]
V  [jvm.dll+0x38a6fa]
V  [jvm.dll+0x24c700]
V  [jvm.dll+0x24bce0]
V  [jvm.dll+0x1cb4ae]
V  [jvm.dll+0x25baad]
V  [jvm.dll+0x25a03a]
V  [jvm.dll+0x3f868e]
V  [jvm.dll+0x85fb0d]
V  [jvm.dll+0x6d664d]
C  [ucrtbase.dll+0x2cd30]
C  [KERNEL32.DLL+0x2ccb7]
C  [ntdll.dll+0xaad6c]


---------------  P R O C E S S  ---------------

Threads class SMR info:
_java_thread_list=0x000001f2f212e770, length=40, elements={
0x000001f2c989c2e0, 0x000001f2e21544b0, 0x000001f2e21551d0, 0x000001f2e2159eb0,
0x000001f2e215a540, 0x000001f2e215abd0, 0x000001f2e2157750, 0x000001f2e218da10,
0x000001f2e2193290, 0x000001f2e2157de0, 0x000001f2e2158470, 0x000001f2e2158b00,
0x000001f2e2159190, 0x000001f2e2159820, 0x000001f2e2d0ce50, 0x000001f2e2d0d4e0,
0x000001f2e2d0a060, 0x000001f2e2d0db70, 0x000001f2e2d0c7c0, 0x000001f2e2d0a6f0,
0x000001f2e2d0e200, 0x000001f2e2d0ad80, 0x000001f2e2d0e890, 0x000001f2e2d0b410,
0x000001f2e2d0ef20, 0x000001f2e2d0baa0, 0x000001f2e2d102d0, 0x000001f2e2d0f5b0,
0x000001f2e2d0fc40, 0x000001f2e2d10ff0, 0x000001f2e2d10960, 0x000001f2e2d11680,
0x000001f2e7a86a70, 0x000001f2e7a856c0, 0x000001f2e7a87e20, 0x000001f2e7a88b40,
0x000001f2e7a85d50, 0x000001f2e7a863e0, 0x000001f2e789fd70, 0x000001f2e86590c0
}

Java Threads: ( => current thread )
  0x000001f2c989c2e0 JavaThread "main"                              [_thread_blocked, id=26508, stack(0x0000003554100000,0x0000003554200000) (1024K)]
  0x000001f2e21544b0 JavaThread "Reference Handler"          daemon [_thread_blocked, id=26056, stack(0x0000003554500000,0x0000003554600000) (1024K)]
  0x000001f2e21551d0 JavaThread "Finalizer"                  daemon [_thread_blocked, id=22736, stack(0x0000003554600000,0x0000003554700000) (1024K)]
  0x000001f2e2159eb0 JavaThread "Signal Dispatcher"          daemon [_thread_blocked, id=3560, stack(0x0000003554700000,0x0000003554800000) (1024K)]
  0x000001f2e215a540 JavaThread "Attach Listener"            daemon [_thread_blocked, id=26240, stack(0x0000003554800000,0x0000003554900000) (1024K)]
  0x000001f2e215abd0 JavaThread "Service Thread"             daemon [_thread_blocked, id=27164, stack(0x0000003554900000,0x0000003554a00000) (1024K)]
  0x000001f2e2157750 JavaThread "Monitor Deflation Thread"   daemon [_thread_blocked, id=25060, stack(0x0000003554a00000,0x0000003554b00000) (1024K)]
=>0x000001f2e218da10 JavaThread "C2 CompilerThread0"         daemon [_thread_in_native, id=9180, stack(0x0000003554b00000,0x0000003554c00000) (1024K)]
  0x000001f2e2193290 JavaThread "C1 CompilerThread0"         daemon [_thread_in_native, id=18312, stack(0x0000003554c00000,0x0000003554d00000) (1024K)]
  0x000001f2e2157de0 JavaThread "Common-Cleaner"             daemon [_thread_blocked, id=17372, stack(0x0000003554d00000,0x0000003554e00000) (1024K)]
  0x000001f2e2158470 JavaThread "Notification Thread"        daemon [_thread_blocked, id=24028, stack(0x0000003554f00000,0x0000003555000000) (1024K)]
  0x000001f2e2158b00 JavaThread "Active Thread: Equinox Container: a2b78b8a-bbc8-42f9-9c29-3f18fce0ddf3"        [_thread_blocked, id=6476, stack(0x0000003555700000,0x0000003555800000) (1024K)]
  0x000001f2e2159190 JavaThread "Framework Event Dispatcher: Equinox Container: a2b78b8a-bbc8-42f9-9c29-3f18fce0ddf3" daemon [_thread_blocked, id=16812, stack(0x0000003555800000,0x0000003555900000) (1024K)]
  0x000001f2e2159820 JavaThread "Start Level: Equinox Container: a2b78b8a-bbc8-42f9-9c29-3f18fce0ddf3" daemon [_thread_blocked, id=4148, stack(0x0000003555900000,0x0000003555a00000) (1024K)]
  0x000001f2e2d0ce50 JavaThread "SCR Component Actor"        daemon [_thread_blocked, id=8980, stack(0x0000003555b00000,0x0000003555c00000) (1024K)]
  0x000001f2e2d0d4e0 JavaThread "Worker-JM"                         [_thread_blocked, id=15588, stack(0x0000003555c00000,0x0000003555d00000) (1024K)]
  0x000001f2e2d0a060 JavaThread "JNA Cleaner"                daemon [_thread_blocked, id=15060, stack(0x0000003554e00000,0x0000003554f00000) (1024K)]
  0x000001f2e2d0db70 JavaThread "Worker-0"                          [_thread_blocked, id=10048, stack(0x0000003555000000,0x0000003555100000) (1024K)]
  0x000001f2e2d0c7c0 JavaThread "Worker-1"                          [_thread_blocked, id=8156, stack(0x0000003555f00000,0x0000003556000000) (1024K)]
  0x000001f2e2d0a6f0 JavaThread "Thread-1"                   daemon [_thread_in_native, id=27420, stack(0x0000003556500000,0x0000003556600000) (1024K)]
  0x000001f2e2d0e200 JavaThread "Thread-2"                   daemon [_thread_in_native, id=23376, stack(0x0000003556600000,0x0000003556700000) (1024K)]
  0x000001f2e2d0ad80 JavaThread "Thread-3"                   daemon [_thread_in_native, id=15508, stack(0x0000003556700000,0x0000003556800000) (1024K)]
  0x000001f2e2d0e890 JavaThread "Thread-4"                   daemon [_thread_in_native, id=12224, stack(0x0000003556800000,0x0000003556900000) (1024K)]
  0x000001f2e2d0b410 JavaThread "Thread-5"                   daemon [_thread_in_native, id=25220, stack(0x0000003556900000,0x0000003556a00000) (1024K)]
  0x000001f2e2d0ef20 JavaThread "Thread-6"                   daemon [_thread_in_native, id=11548, stack(0x0000003556a00000,0x0000003556b00000) (1024K)]
  0x000001f2e2d0baa0 JavaThread "Thread-7"                   daemon [_thread_in_native, id=14328, stack(0x0000003556b00000,0x0000003556c00000) (1024K)]
  0x000001f2e2d102d0 JavaThread "Thread-8"                   daemon [_thread_in_native, id=19200, stack(0x0000003556c00000,0x0000003556d00000) (1024K)]
  0x000001f2e2d0f5b0 JavaThread "Thread-9"                   daemon [_thread_in_native, id=27144, stack(0x0000003556d00000,0x0000003556e00000) (1024K)]
  0x000001f2e2d0fc40 JavaThread "Thread-10"                  daemon [_thread_in_native, id=24360, stack(0x0000003556e00000,0x0000003556f00000) (1024K)]
  0x000001f2e2d10ff0 JavaThread "Thread-11"                  daemon [_thread_in_native, id=12384, stack(0x0000003556f00000,0x0000003557000000) (1024K)]
  0x000001f2e2d10960 JavaThread "Thread-12"                  daemon [_thread_in_native, id=25744, stack(0x0000003557000000,0x0000003557100000) (1024K)]
  0x000001f2e2d11680 JavaThread "Thread-13"                  daemon [_thread_in_native, id=17964, stack(0x0000003557100000,0x0000003557200000) (1024K)]
  0x000001f2e7a86a70 JavaThread "pool-2-thread-1"                   [_thread_blocked, id=27340, stack(0x0000003557200000,0x0000003557300000) (1024K)]
  0x000001f2e7a856c0 JavaThread "Worker-2"                          [_thread_blocked, id=13756, stack(0x0000003557300000,0x0000003557400000) (1024K)]
  0x000001f2e7a87e20 JavaThread "WorkspaceEventsHandler"            [_thread_blocked, id=17544, stack(0x0000003557400000,0x0000003557500000) (1024K)]
  0x000001f2e7a88b40 JavaThread "pool-1-thread-1"                   [_thread_blocked, id=23040, stack(0x0000003557500000,0x0000003557600000) (1024K)]
  0x000001f2e7a85d50 JavaThread "ForkJoinPool.commonPool-worker-1" daemon [_thread_blocked, id=23432, stack(0x0000003556000000,0x0000003556100000) (1024K)]
  0x000001f2e7a863e0 JavaThread "ForkJoinPool.commonPool-worker-2" daemon [_thread_in_Java, id=4724, stack(0x0000003556100000,0x0000003556200000) (1024K)]
  0x000001f2e789fd70 JavaThread "C2 CompilerThread1"         daemon [_thread_in_native, id=17504, stack(0x0000003557600000,0x0000003557700000) (1024K)]
  0x000001f2e86590c0 JavaThread "C2 CompilerThread2"         daemon [_thread_in_vm, id=7300, stack(0x0000003557700000,0x0000003557800000) (1024K)]
Total: 40

Other Threads:
  0x000001f2c9833ff0 VMThread "VM Thread"                           [id=27276, stack(0x0000003554400000,0x0000003554500000) (1024K)]
  0x000001f2c972ca00 WatcherThread "VM Periodic Task Thread"        [id=26168, stack(0x0000003554300000,0x0000003554400000) (1024K)]
  0x000001f2c98baa20 WorkerThread "GC Thread#0"                     [id=19144, stack(0x0000003554200000,0x0000003554300000) (1024K)]
  0x000001f2e70195a0 WorkerThread "GC Thread#1"                     [id=4428, stack(0x0000003555100000,0x0000003555200000) (1024K)]
  0x000001f2e27f43e0 WorkerThread "GC Thread#2"                     [id=22660, stack(0x0000003555200000,0x0000003555300000) (1024K)]
  0x000001f2e27f4790 WorkerThread "GC Thread#3"                     [id=13484, stack(0x0000003555300000,0x0000003555400000) (1024K)]
  0x000001f2e2bf88d0 WorkerThread "GC Thread#4"                     [id=10220, stack(0x0000003555400000,0x0000003555500000) (1024K)]
  0x000001f2e2bf8c80 WorkerThread "GC Thread#5"                     [id=7088, stack(0x0000003555500000,0x0000003555600000) (1024K)]
  0x000001f2e2bf9030 WorkerThread "GC Thread#6"                     [id=17192, stack(0x0000003555600000,0x0000003555700000) (1024K)]
  0x000001f2e2d38af0 WorkerThread "GC Thread#7"                     [id=12836, stack(0x0000003555a00000,0x0000003555b00000) (1024K)]
  0x000001f2e2d38740 WorkerThread "GC Thread#8"                     [id=25540, stack(0x0000003555d00000,0x0000003555e00000) (1024K)]
  0x000001f2e2d38390 WorkerThread "GC Thread#9"                     [id=2460, stack(0x0000003555e00000,0x0000003555f00000) (1024K)]
Total: 12

Threads with active compile tasks:
C2 CompilerThread0  17654 5626  s    4       org.eclipse.jdt.internal.core.JavaModelManager::getInfo (39 bytes)
C1 CompilerThread0  17654 5682       3       org.eclipse.jdt.internal.compiler.lookup.Scope::getTypeOrPackage (1525 bytes)
C2 CompilerThread1  17654 5625       4       org.eclipse.jdt.internal.core.JavaModelCache::getInfo (156 bytes)
C2 CompilerThread2  17654 5661       4       org.eclipse.jdt.internal.compiler.parser.Parser::consumeRule (7843 bytes)
Total: 4

VM state: not at safepoint (normal execution)

VM Mutex/Monitor currently owned by a thread: None

Heap address: 0x0000000080000000, size: 2048 MB, Compressed Oops mode: 32-bit

CDS archive(s) mapped at: [0x000001f280000000-0x000001f280ba0000-0x000001f280ba0000), size 12189696, SharedBaseAddress: 0x000001f280000000, ArchiveRelocationMode: 1.
Compressed class space mapped at: 0x000001f281000000-0x000001f2c1000000, reserved size: 1073741824
Narrow klass base: 0x000001f280000000, Narrow klass shift: 0, Narrow klass range: 0x100000000

GC Precious Log:
 CardTable entry size: 512
 CPUs: 12 total, 12 available
 Memory: 15681M
 Large Page Support: Disabled
 NUMA Support: Disabled
 Compressed Oops: Enabled (32-bit)
 Alignments: Space 512K, Generation 512K, Heap 2M
 Heap Min Capacity: 100M
 Heap Initial Capacity: 100M
 Heap Max Capacity: 2G
 Pre-touch: Disabled
 Parallel Workers: 10

Heap:
 PSYoungGen      total 20992K, used 11837K [0x00000000d5580000, 0x00000000d6f80000, 0x0000000100000000)
  eden space 19968K, 54% used [0x00000000d5580000,0x00000000d6010e88,0x00000000d6900000)
  from space 1024K, 99% used [0x00000000d6b80000,0x00000000d6c7e8c0,0x00000000d6c80000)
  to   space 2560K, 0% used [0x00000000d6900000,0x00000000d6900000,0x00000000d6b80000)
 ParOldGen       total 68608K, used 30111K [0x0000000080000000, 0x0000000084300000, 0x00000000d5580000)
  object space 68608K, 43% used [0x0000000080000000,0x0000000081d67f90,0x0000000084300000)
 Metaspace       used 42054K, committed 43008K, reserved 1114112K
  class space    used 4227K, committed 4672K, reserved 1048576K

Card table byte_map: [0x000001f2c9240000,0x000001f2c9650000] _byte_map_base: 0x000001f2c8e40000

Marking Bits: (ParMarkBitMap*) 0x00007ffe2d774460
 Begin Bits: [0x000001f2dbd50000, 0x000001f2ddd50000)
 End Bits:   [0x000001f2ddd50000, 0x000001f2dfd50000)

Polling page: 0x000001f2c76c0000

Metaspace:

Usage:
  Non-class:     36.94 MB used.
      Class:      4.13 MB used.
       Both:     41.07 MB used.

Virtual space:
  Non-class space:       64.00 MB reserved,      37.44 MB ( 58%) committed,  1 nodes.
      Class space:        1.00 GB reserved,       4.56 MB ( <1%) committed,  1 nodes.
             Both:        1.06 GB reserved,      42.00 MB (  4%) committed. 

Chunk freelists:
   Non-Class:  10.38 MB
       Class:  11.45 MB
        Both:  21.83 MB

MaxMetaspaceSize: unlimited
CompressedClassSpaceSize: 1.00 GB
Initial GC threshold: 21.00 MB
Current GC threshold: 58.38 MB
CDS: on
 - commit_granule_bytes: 65536.
 - commit_granule_words: 8192.
 - virtual_space_node_default_size: 8388608.
 - enlarge_chunks_in_place: 1.
 - use_allocation_guard: 0.


Internal statistics:

num_allocs_failed_limit: 6.
num_arena_births: 774.
num_arena_deaths: 14.
num_vsnodes_births: 2.
num_vsnodes_deaths: 0.
num_space_committed: 672.
num_space_uncommitted: 0.
num_chunks_returned_to_freelist: 20.
num_chunks_taken_from_freelist: 2497.
num_chunk_merges: 12.
num_chunk_splits: 1619.
num_chunks_enlarged: 1040.
num_inconsistent_stats: 0.

CodeHeap 'non-profiled nmethods': size=120000Kb used=3095Kb max_used=3095Kb free=116904Kb
 bounds [0x000001f2d4570000, 0x000001f2d4880000, 0x000001f2dbaa0000]
CodeHeap 'profiled nmethods': size=120000Kb used=11191Kb max_used=11191Kb free=108808Kb
 bounds [0x000001f2ccaa0000, 0x000001f2cd590000, 0x000001f2d3fd0000]
CodeHeap 'non-nmethods': size=5760Kb used=1406Kb max_used=1458Kb free=4353Kb
 bounds [0x000001f2d3fd0000, 0x000001f2d4240000, 0x000001f2d4570000]
CodeCache: size=245760Kb, used=15692Kb, max_used=15744Kb, free=230065Kb
 total_blobs=5993, nmethods=5277, adapters=622, full_count=0
Compilation: enabled, stopped_count=0, restarted_count=0

Compilation events (20 events):
Event: 14.056 Thread 0x000001f2e2193290 5640       3       org.eclipse.jdt.internal.core.JavaModel::getJavaProject (75 bytes)
Event: 14.057 Thread 0x000001f2e2193290 nmethod 5640 0x000001f2cd57b110 code [0x000001f2cd57b360, 0x000001f2cd57bf68]
Event: 14.057 Thread 0x000001f2e2193290 5641       3       org.eclipse.jdt.internal.core.PackageFragment::exists (25 bytes)
Event: 14.057 Thread 0x000001f2e2193290 nmethod 5641 0x000001f2cd57c290 code [0x000001f2cd57c460, 0x000001f2cd57c6c0]
Event: 14.057 Thread 0x000001f2e2193290 5642       3       org.eclipse.jdt.internal.core.PackageFragmentRoot::getKind (11 bytes)
Event: 14.058 Thread 0x000001f2e2193290 nmethod 5642 0x000001f2cd57c790 code [0x000001f2cd57c980, 0x000001f2cd57ce68]
Event: 14.058 Thread 0x000001f2e2193290 5644       3       org.eclipse.jdt.internal.compiler.lookup.LookupEnvironment::getModule (114 bytes)
Event: 14.059 Thread 0x000001f2e2193290 nmethod 5644 0x000001f2cd57d010 code [0x000001f2cd57d280, 0x000001f2cd57db00]
Event: 14.059 Thread 0x000001f2e2193290 5645   !   3       org.eclipse.jdt.internal.core.NameLookup::seekModule (267 bytes)
Event: 15.069 Thread 0x000001f2e2193290 nmethod 5645 0x000001f2cd57de10 code [0x000001f2cd57e1e0, 0x000001f2cd57fb28]
Event: 15.084 Thread 0x000001f2e2193290 5647       3       org.eclipse.jdt.internal.compiler.util.SimpleSetOfCharArray::<init> (36 bytes)
Event: 15.085 Thread 0x000001f2e2193290 nmethod 5647 0x000001f2cd580710 code [0x000001f2cd5808c0, 0x000001f2cd580b28]
Event: 15.085 Thread 0x000001f2e2193290 5648       3       org.eclipse.jdt.internal.compiler.lookup.ModuleBinding::getDeclaredPackage (12 bytes)
Event: 15.085 Thread 0x000001f2e2193290 nmethod 5648 0x000001f2cd580c10 code [0x000001f2cd580e00, 0x000001f2cd581430]
Event: 15.086 Thread 0x000001f2e2193290 5649       1       org.eclipse.jdt.internal.compiler.env.IModuleAwareNameEnvironment$LookupStrategy$3::matchesWithName (2 bytes)
Event: 15.086 Thread 0x000001f2e2193290 nmethod 5649 0x000001f2d4874a10 code [0x000001f2d4874ba0, 0x000001f2d4874c68]
Event: 15.086 Thread 0x000001f2e2193290 5650       3       org.eclipse.jdt.internal.compiler.lookup.BinaryModuleBinding::getDeclaredPackage (18 bytes)
Event: 15.086 Thread 0x000001f2e2193290 nmethod 5650 0x000001f2cd581690 code [0x000001f2cd5818e0, 0x000001f2cd5822a8]
Event: 15.087 Thread 0x000001f2e2193290 5651       3       java.util.stream.ReduceOps$ReduceOp::<init> (10 bytes)
Event: 15.087 Thread 0x000001f2e2193290 nmethod 5651 0x000001f2cd582610 code [0x000001f2cd5827c0, 0x000001f2cd582948]

GC Heap History (20 events):
Event: 6.100 GC heap before
{Heap before GC invocations=15 (full 1):
 PSYoungGen      total 24064K, used 23648K [0x00000000d5580000, 0x00000000d7080000, 0x0000000100000000)
  eden space 21504K, 100% used [0x00000000d5580000,0x00000000d6a80000,0x00000000d6a80000)
  from space 2560K, 83% used [0x00000000d6a80000,0x00000000d6c98000,0x00000000d6d00000)
  to   space 3072K, 0% used [0x00000000d6d80000,0x00000000d6d80000,0x00000000d7080000)
 ParOldGen       total 68608K, used 20524K [0x0000000080000000, 0x0000000084300000, 0x00000000d5580000)
  object space 68608K, 29% used [0x0000000080000000,0x000000008140b090,0x0000000084300000)
 Metaspace       used 32464K, committed 33408K, reserved 1114112K
  class space    used 3282K, committed 3712K, reserved 1048576K
}
Event: 6.103 GC heap after
{Heap after GC invocations=15 (full 1):
 PSYoungGen      total 24064K, used 2116K [0x00000000d5580000, 0x00000000d7000000, 0x0000000100000000)
  eden space 21504K, 0% used [0x00000000d5580000,0x00000000d5580000,0x00000000d6a80000)
  from space 2560K, 82% used [0x00000000d6d80000,0x00000000d6f91000,0x00000000d7000000)
  to   space 2560K, 0% used [0x00000000d6a80000,0x00000000d6a80000,0x00000000d6d00000)
 ParOldGen       total 68608K, used 22484K [0x0000000080000000, 0x0000000084300000, 0x00000000d5580000)
  object space 68608K, 32% used [0x0000000080000000,0x00000000815f5090,0x0000000084300000)
 Metaspace       used 32464K, committed 33408K, reserved 1114112K
  class space    used 3282K, committed 3712K, reserved 1048576K
}
Event: 6.174 GC heap before
{Heap before GC invocations=16 (full 1):
 PSYoungGen      total 24064K, used 23620K [0x00000000d5580000, 0x00000000d7000000, 0x0000000100000000)
  eden space 21504K, 100% used [0x00000000d5580000,0x00000000d6a80000,0x00000000d6a80000)
  from space 2560K, 82% used [0x00000000d6d80000,0x00000000d6f91000,0x00000000d7000000)
  to   space 2560K, 0% used [0x00000000d6a80000,0x00000000d6a80000,0x00000000d6d00000)
 ParOldGen       total 68608K, used 22484K [0x0000000080000000, 0x0000000084300000, 0x00000000d5580000)
  object space 68608K, 32% used [0x0000000080000000,0x00000000815f5090,0x0000000084300000)
 Metaspace       used 32507K, committed 33472K, reserved 1114112K
  class space    used 3285K, committed 3712K, reserved 1048576K
}
Event: 6.178 GC heap after
{Heap after GC invocations=16 (full 1):
 PSYoungGen      total 24064K, used 2144K [0x00000000d5580000, 0x00000000d6f80000, 0x0000000100000000)
  eden space 21504K, 0% used [0x00000000d5580000,0x00000000d5580000,0x00000000d6a80000)
  from space 2560K, 83% used [0x00000000d6a80000,0x00000000d6c98010,0x00000000d6d00000)
  to   space 2560K, 0% used [0x00000000d6d00000,0x00000000d6d00000,0x00000000d6f80000)
 ParOldGen       total 68608K, used 24450K [0x0000000080000000, 0x0000000084300000, 0x00000000d5580000)
  object space 68608K, 35% used [0x0000000080000000,0x00000000817e08a8,0x0000000084300000)
 Metaspace       used 32507K, committed 33472K, reserved 1114112K
  class space    used 3285K, committed 3712K, reserved 1048576K
}
Event: 6.256 GC heap before
{Heap before GC invocations=17 (full 1):
 PSYoungGen      total 24064K, used 23648K [0x00000000d5580000, 0x00000000d6f80000, 0x0000000100000000)
  eden space 21504K, 100% used [0x00000000d5580000,0x00000000d6a80000,0x00000000d6a80000)
  from space 2560K, 83% used [0x00000000d6a80000,0x00000000d6c98010,0x00000000d6d00000)
  to   space 2560K, 0% used [0x00000000d6d00000,0x00000000d6d00000,0x00000000d6f80000)
 ParOldGen       total 68608K, used 24450K [0x0000000080000000, 0x0000000084300000, 0x00000000d5580000)
  object space 68608K, 35% used [0x0000000080000000,0x00000000817e08a8,0x0000000084300000)
 Metaspace       used 32596K, committed 33536K, reserved 1114112K
  class space    used 3286K, committed 3712K, reserved 1048576K
}
Event: 6.261 GC heap after
{Heap after GC invocations=17 (full 1):
 PSYoungGen      total 23552K, used 1880K [0x00000000d5580000, 0x00000000d6f00000, 0x0000000100000000)
  eden space 21504K, 0% used [0x00000000d5580000,0x00000000d5580000,0x00000000d6a80000)
  from space 2048K, 91% used [0x00000000d6d00000,0x00000000d6ed6200,0x00000000d6f00000)
  to   space 2048K, 0% used [0x00000000d6b00000,0x00000000d6b00000,0x00000000d6d00000)
 ParOldGen       total 68608K, used 26474K [0x0000000080000000, 0x0000000084300000, 0x00000000d5580000)
  object space 68608K, 38% used [0x0000000080000000,0x00000000819da8b8,0x0000000084300000)
 Metaspace       used 32596K, committed 33536K, reserved 1114112K
  class space    used 3286K, committed 3712K, reserved 1048576K
}
Event: 6.838 GC heap before
{Heap before GC invocations=18 (full 1):
 PSYoungGen      total 23552K, used 23384K [0x00000000d5580000, 0x00000000d6f00000, 0x0000000100000000)
  eden space 21504K, 100% used [0x00000000d5580000,0x00000000d6a80000,0x00000000d6a80000)
  from space 2048K, 91% used [0x00000000d6d00000,0x00000000d6ed6200,0x00000000d6f00000)
  to   space 2048K, 0% used [0x00000000d6b00000,0x00000000d6b00000,0x00000000d6d00000)
 ParOldGen       total 68608K, used 26474K [0x0000000080000000, 0x0000000084300000, 0x00000000d5580000)
  object space 68608K, 38% used [0x0000000080000000,0x00000000819da8b8,0x0000000084300000)
 Metaspace       used 34533K, committed 35520K, reserved 1114112K
  class space    used 3531K, committed 3968K, reserved 1048576K
}
Event: 6.842 GC heap after
{Heap after GC invocations=18 (full 1):
 PSYoungGen      total 23040K, used 1323K [0x00000000d5580000, 0x00000000d6e80000, 0x0000000100000000)
  eden space 21504K, 0% used [0x00000000d5580000,0x00000000d5580000,0x00000000d6a80000)
  from space 1536K, 86% used [0x00000000d6b00000,0x00000000d6c4ae58,0x00000000d6c80000)
  to   space 2048K, 0% used [0x00000000d6c80000,0x00000000d6c80000,0x00000000d6e80000)
 ParOldGen       total 68608K, used 28266K [0x0000000080000000, 0x0000000084300000, 0x00000000d5580000)
  object space 68608K, 41% used [0x0000000080000000,0x0000000081b9aab8,0x0000000084300000)
 Metaspace       used 34533K, committed 35520K, reserved 1114112K
  class space    used 3531K, committed 3968K, reserved 1048576K
}
Event: 7.185 GC heap before
{Heap before GC invocations=19 (full 1):
 PSYoungGen      total 23040K, used 12626K [0x00000000d5580000, 0x00000000d6e80000, 0x0000000100000000)
  eden space 21504K, 52% used [0x00000000d5580000,0x00000000d6089d38,0x00000000d6a80000)
  from space 1536K, 86% used [0x00000000d6b00000,0x00000000d6c4ae58,0x00000000d6c80000)
  to   space 2048K, 0% used [0x00000000d6c80000,0x00000000d6c80000,0x00000000d6e80000)
 ParOldGen       total 68608K, used 28266K [0x0000000080000000, 0x0000000084300000, 0x00000000d5580000)
  object space 68608K, 41% used [0x0000000080000000,0x0000000081b9aab8,0x0000000084300000)
 Metaspace       used 34878K, committed 35840K, reserved 1114112K
  class space    used 3592K, committed 4032K, reserved 1048576K
}
Event: 7.194 GC heap after
{Heap after GC invocations=19 (full 1):
 PSYoungGen      total 22016K, used 352K [0x00000000d5580000, 0x00000000d6d00000, 0x0000000100000000)
  eden space 21504K, 0% used [0x00000000d5580000,0x00000000d5580000,0x00000000d6a80000)
  from space 512K, 68% used [0x00000000d6c80000,0x00000000d6cd8000,0x00000000d6d00000)
  to   space 1024K, 0% used [0x00000000d6b00000,0x00000000d6b00000,0x00000000d6c00000)
 ParOldGen       total 68608K, used 29412K [0x0000000080000000, 0x0000000084300000, 0x00000000d5580000)
  object space 68608K, 42% used [0x0000000080000000,0x0000000081cb9150,0x0000000084300000)
 Metaspace       used 34878K, committed 35840K, reserved 1114112K
  class space    used 3592K, committed 4032K, reserved 1048576K
}
Event: 7.194 GC heap before
{Heap before GC invocations=20 (full 2):
 PSYoungGen      total 22016K, used 352K [0x00000000d5580000, 0x00000000d6d00000, 0x0000000100000000)
  eden space 21504K, 0% used [0x00000000d5580000,0x00000000d5580000,0x00000000d6a80000)
  from space 512K, 68% used [0x00000000d6c80000,0x00000000d6cd8000,0x00000000d6d00000)
  to   space 1024K, 0% used [0x00000000d6b00000,0x00000000d6b00000,0x00000000d6c00000)
 ParOldGen       total 68608K, used 29412K [0x0000000080000000, 0x0000000084300000, 0x00000000d5580000)
  object space 68608K, 42% used [0x0000000080000000,0x0000000081cb9150,0x0000000084300000)
 Metaspace       used 34878K, committed 35840K, reserved 1114112K
  class space    used 3592K, committed 4032K, reserved 1048576K
}
Event: 7.247 GC heap after
{Heap after GC invocations=20 (full 2):
 PSYoungGen      total 22016K, used 0K [0x00000000d5580000, 0x00000000d6d00000, 0x0000000100000000)
  eden space 21504K, 0% used [0x00000000d5580000,0x00000000d5580000,0x00000000d6a80000)
  from space 512K, 0% used [0x00000000d6c80000,0x00000000d6c80000,0x00000000d6d00000)
  to   space 1024K, 0% used [0x00000000d6b00000,0x00000000d6b00000,0x00000000d6c00000)
 ParOldGen       total 68608K, used 28165K [0x0000000080000000, 0x0000000084300000, 0x00000000d5580000)
  object space 68608K, 41% used [0x0000000080000000,0x0000000081b81568,0x0000000084300000)
 Metaspace       used 34878K, committed 35840K, reserved 1114112K
  class space    used 3592K, committed 4032K, reserved 1048576K
}
Event: 7.862 GC heap before
{Heap before GC invocations=21 (full 2):
 PSYoungGen      total 22016K, used 21504K [0x00000000d5580000, 0x00000000d6d00000, 0x0000000100000000)
  eden space 21504K, 100% used [0x00000000d5580000,0x00000000d6a80000,0x00000000d6a80000)
  from space 512K, 0% used [0x00000000d6c80000,0x00000000d6c80000,0x00000000d6d00000)
  to   space 1024K, 0% used [0x00000000d6b00000,0x00000000d6b00000,0x00000000d6c00000)
 ParOldGen       total 68608K, used 28165K [0x0000000080000000, 0x0000000084300000, 0x00000000d5580000)
  object space 68608K, 41% used [0x0000000080000000,0x0000000081b81568,0x0000000084300000)
 Metaspace       used 36312K, committed 37248K, reserved 1114112K
  class space    used 3721K, committed 4160K, reserved 1048576K
}
Event: 7.863 GC heap after
{Heap after GC invocations=21 (full 2):
 PSYoungGen      total 22528K, used 997K [0x00000000d5580000, 0x00000000d6d80000, 0x0000000100000000)
  eden space 21504K, 0% used [0x00000000d5580000,0x00000000d5580000,0x00000000d6a80000)
  from space 1024K, 97% used [0x00000000d6b00000,0x00000000d6bf9790,0x00000000d6c00000)
  to   space 1536K, 0% used [0x00000000d6c00000,0x00000000d6c00000,0x00000000d6d80000)
 ParOldGen       total 68608K, used 28429K [0x0000000080000000, 0x0000000084300000, 0x00000000d5580000)
  object space 68608K, 41% used [0x0000000080000000,0x0000000081bc3568,0x0000000084300000)
 Metaspace       used 36312K, committed 37248K, reserved 1114112K
  class space    used 3721K, committed 4160K, reserved 1048576K
}
Event: 7.944 GC heap before
{Heap before GC invocations=22 (full 2):
 PSYoungGen      total 22528K, used 22501K [0x00000000d5580000, 0x00000000d6d80000, 0x0000000100000000)
  eden space 21504K, 100% used [0x00000000d5580000,0x00000000d6a80000,0x00000000d6a80000)
  from space 1024K, 97% used [0x00000000d6b00000,0x00000000d6bf9790,0x00000000d6c00000)
  to   space 1536K, 0% used [0x00000000d6c00000,0x00000000d6c00000,0x00000000d6d80000)
 ParOldGen       total 68608K, used 28429K [0x0000000080000000, 0x0000000084300000, 0x00000000d5580000)
  object space 68608K, 41% used [0x0000000080000000,0x0000000081bc3568,0x0000000084300000)
 Metaspace       used 36336K, committed 37312K, reserved 1114112K
  class space    used 3721K, committed 4160K, reserved 1048576K
}
Event: 7.945 GC heap after
{Heap after GC invocations=22 (full 2):
 PSYoungGen      total 23040K, used 1014K [0x00000000d5580000, 0x00000000d6d80000, 0x0000000100000000)
  eden space 21504K, 0% used [0x00000000d5580000,0x00000000d5580000,0x00000000d6a80000)
  from space 1536K, 66% used [0x00000000d6c00000,0x00000000d6cfd9e8,0x00000000d6d80000)
  to   space 1536K, 0% used [0x00000000d6a80000,0x00000000d6a80000,0x00000000d6c00000)
 ParOldGen       total 68608K, used 29058K [0x0000000080000000, 0x0000000084300000, 0x00000000d5580000)
  object space 68608K, 42% used [0x0000000080000000,0x0000000081c60bb8,0x0000000084300000)
 Metaspace       used 36336K, committed 37312K, reserved 1114112K
  class space    used 3721K, committed 4160K, reserved 1048576K
}
Event: 8.870 GC heap before
{Heap before GC invocations=23 (full 2):
 PSYoungGen      total 23040K, used 22518K [0x00000000d5580000, 0x00000000d6d80000, 0x0000000100000000)
  eden space 21504K, 100% used [0x00000000d5580000,0x00000000d6a80000,0x00000000d6a80000)
  from space 1536K, 66% used [0x00000000d6c00000,0x00000000d6cfd9e8,0x00000000d6d80000)
  to   space 1536K, 0% used [0x00000000d6a80000,0x00000000d6a80000,0x00000000d6c00000)
 ParOldGen       total 68608K, used 29058K [0x0000000080000000, 0x0000000084300000, 0x00000000d5580000)
  object space 68608K, 42% used [0x0000000080000000,0x0000000081c60bb8,0x0000000084300000)
 Metaspace       used 38629K, committed 39616K, reserved 1114112K
  class space    used 3906K, committed 4352K, reserved 1048576K
}
Event: 8.872 GC heap after
{Heap after GC invocations=23 (full 2):
 PSYoungGen      total 22016K, used 512K [0x00000000d5580000, 0x00000000d6c80000, 0x0000000100000000)
  eden space 21504K, 0% used [0x00000000d5580000,0x00000000d5580000,0x00000000d6a80000)
  from space 512K, 100% used [0x00000000d6a80000,0x00000000d6b00000,0x00000000d6b00000)
  to   space 1024K, 0% used [0x00000000d6b80000,0x00000000d6b80000,0x00000000d6c80000)
 ParOldGen       total 68608K, used 29082K [0x0000000080000000, 0x0000000084300000, 0x00000000d5580000)
  object space 68608K, 42% used [0x0000000080000000,0x0000000081c66bb8,0x0000000084300000)
 Metaspace       used 38629K, committed 39616K, reserved 1114112K
  class space    used 3906K, committed 4352K, reserved 1048576K
}
Event: 10.307 GC heap before
{Heap before GC invocations=24 (full 2):
 PSYoungGen      total 22016K, used 22016K [0x00000000d5580000, 0x00000000d6c80000, 0x0000000100000000)
  eden space 21504K, 100% used [0x00000000d5580000,0x00000000d6a80000,0x00000000d6a80000)
  from space 512K, 100% used [0x00000000d6a80000,0x00000000d6b00000,0x00000000d6b00000)
  to   space 1024K, 0% used [0x00000000d6b80000,0x00000000d6b80000,0x00000000d6c80000)
 ParOldGen       total 68608K, used 29082K [0x0000000080000000, 0x0000000084300000, 0x00000000d5580000)
  object space 68608K, 42% used [0x0000000080000000,0x0000000081c66bb8,0x0000000084300000)
 Metaspace       used 40953K, committed 41984K, reserved 1114112K
  class space    used 4143K, committed 4608K, reserved 1048576K
}
Event: 10.310 GC heap after
{Heap after GC invocations=24 (full 2):
 PSYoungGen      total 20992K, used 1018K [0x00000000d5580000, 0x00000000d6f80000, 0x0000000100000000)
  eden space 19968K, 0% used [0x00000000d5580000,0x00000000d5580000,0x00000000d6900000)
  from space 1024K, 99% used [0x00000000d6b80000,0x00000000d6c7e8c0,0x00000000d6c80000)
  to   space 2560K, 0% used [0x00000000d6900000,0x00000000d6900000,0x00000000d6b80000)
 ParOldGen       total 68608K, used 30111K [0x0000000080000000, 0x0000000084300000, 0x00000000d5580000)
  object space 68608K, 43% used [0x0000000080000000,0x0000000081d67f90,0x0000000084300000)
 Metaspace       used 40953K, committed 41984K, reserved 1114112K
  class space    used 4143K, committed 4608K, reserved 1048576K
}

Dll operation events (10 events):
Event: 0.014 Loaded shared library c:\Users\Administrator\.vscode\extensions\redhat.java-1.55.0-win32-x64\jre\21.0.11-win32-x86_64\bin\java.dll
Event: 0.083 Loaded shared library c:\Users\Administrator\.vscode\extensions\redhat.java-1.55.0-win32-x64\jre\21.0.11-win32-x86_64\bin\zip.dll
Event: 0.108 Loaded shared library C:\Users\Administrator\.vscode\extensions\redhat.java-1.55.0-win32-x64\jre\21.0.11-win32-x86_64\bin\instrument.dll
Event: 0.113 Loaded shared library C:\Users\Administrator\.vscode\extensions\redhat.java-1.55.0-win32-x64\jre\21.0.11-win32-x86_64\bin\net.dll
Event: 0.115 Loaded shared library C:\Users\Administrator\.vscode\extensions\redhat.java-1.55.0-win32-x64\jre\21.0.11-win32-x86_64\bin\nio.dll
Event: 0.120 Loaded shared library C:\Users\Administrator\.vscode\extensions\redhat.java-1.55.0-win32-x64\jre\21.0.11-win32-x86_64\bin\zip.dll
Event: 0.138 Loaded shared library C:\Users\Administrator\.vscode\extensions\redhat.java-1.55.0-win32-x64\jre\21.0.11-win32-x86_64\bin\jimage.dll
Event: 0.233 Loaded shared library c:\Users\Administrator\.vscode\extensions\redhat.java-1.55.0-win32-x64\jre\21.0.11-win32-x86_64\bin\verify.dll
Event: 1.897 Loaded shared library C:\Users\Administrator\AppData\Roaming\Code\User\globalStorage\redhat.java\1.55.0\config_ss_win\org.eclipse.equinox.launcher\org.eclipse.equinox.launcher.win32.win32.x86_64_1.3.100.v20260613-0559\eclipse_11924.dll
Event: 3.301 Loaded shared library C:\Users\Administrator\AppData\Local\Temp\jna-146731693\jna7891166701920425744.dll

Deoptimization events (20 events):
Event: 10.891 Thread 0x000001f2e7a85d50 Uncommon trap: trap_request=0xffffffc6 fr.pc=0x000001f2d4665298 relative=0x00000000000008d8
Event: 10.891 Thread 0x000001f2e7a85d50 Uncommon trap: reason=bimorphic_or_optimized_type_check action=maybe_recompile pc=0x000001f2d4665298 method=java.util.regex.Matcher.search(I)Z @ 121 c2
Event: 10.891 Thread 0x000001f2e7a85d50 DEOPT PACKING pc=0x000001f2d4665298 sp=0x00000035560fe0b0
Event: 10.891 Thread 0x000001f2e7a85d50 DEOPT UNPACKING pc=0x000001f2d4023aa2 sp=0x00000035560fe070 mode 2
Event: 10.908 Thread 0x000001f2e7a85d50 Uncommon trap: trap_request=0xffffffc6 fr.pc=0x000001f2d4665298 relative=0x00000000000008d8
Event: 10.908 Thread 0x000001f2e7a85d50 Uncommon trap: reason=bimorphic_or_optimized_type_check action=maybe_recompile pc=0x000001f2d4665298 method=java.util.regex.Matcher.search(I)Z @ 121 c2
Event: 10.908 Thread 0x000001f2e7a85d50 DEOPT PACKING pc=0x000001f2d4665298 sp=0x00000035560fe050
Event: 10.908 Thread 0x000001f2e7a85d50 DEOPT UNPACKING pc=0x000001f2d4023aa2 sp=0x00000035560fe010 mode 2
Event: 10.909 Thread 0x000001f2e7a85d50 Uncommon trap: trap_request=0xffffffc6 fr.pc=0x000001f2d4665298 relative=0x00000000000008d8
Event: 10.909 Thread 0x000001f2e7a85d50 Uncommon trap: reason=bimorphic_or_optimized_type_check action=maybe_recompile pc=0x000001f2d4665298 method=java.util.regex.Matcher.search(I)Z @ 121 c2
Event: 10.909 Thread 0x000001f2e7a85d50 DEOPT PACKING pc=0x000001f2d4665298 sp=0x00000035560fe0b0
Event: 10.909 Thread 0x000001f2e7a85d50 DEOPT UNPACKING pc=0x000001f2d4023aa2 sp=0x00000035560fe070 mode 2
Event: 10.938 Thread 0x000001f2e7a85d50 Uncommon trap: trap_request=0xffffff45 fr.pc=0x000001f2d469ecc8 relative=0x0000000000000968
Event: 10.938 Thread 0x000001f2e7a85d50 Uncommon trap: reason=unstable_if action=reinterpret pc=0x000001f2d469ecc8 method=java.util.concurrent.ConcurrentHashMap.putVal(Ljava/lang/Object;Ljava/lang/Object;Z)Ljava/lang/Object; @ 97 c2
Event: 10.938 Thread 0x000001f2e7a85d50 DEOPT PACKING pc=0x000001f2d469ecc8 sp=0x00000035560fd910
Event: 10.938 Thread 0x000001f2e7a85d50 DEOPT UNPACKING pc=0x000001f2d4023aa2 sp=0x00000035560fd898 mode 2
Event: 10.938 Thread 0x000001f2e7a85d50 Uncommon trap: trap_request=0xffffffde fr.pc=0x000001f2d48418d8 relative=0x0000000000000218
Event: 10.938 Thread 0x000001f2e7a85d50 Uncommon trap: reason=class_check action=maybe_recompile pc=0x000001f2d48418d8 method=jdk.internal.util.StrongReferenceKey.equals(Ljava/lang/Object;)Z @ 1 c2
Event: 10.938 Thread 0x000001f2e7a85d50 DEOPT PACKING pc=0x000001f2d48418d8 sp=0x00000035560fd8b0
Event: 10.938 Thread 0x000001f2e7a85d50 DEOPT UNPACKING pc=0x000001f2d4023aa2 sp=0x00000035560fd838 mode 2

Classes loaded (20 events):
Event: 9.619 Loading class java/util/stream/ReduceOps$4ReducingSink
Event: 9.619 Loading class java/util/stream/ReduceOps$4ReducingSink done
Event: 9.914 Loading class java/lang/StringLatin1$LinesSpliterator
Event: 9.914 Loading class java/lang/StringLatin1$LinesSpliterator done
Event: 10.863 Loading class java/util/concurrent/CompletableFuture$UniApply
Event: 10.863 Loading class java/util/concurrent/CompletableFuture$UniCompletion
Event: 10.863 Loading class java/util/concurrent/CompletableFuture$UniCompletion done
Event: 10.863 Loading class java/util/concurrent/CompletableFuture$UniApply done
Event: 10.864 Loading class java/util/concurrent/CancellationException
Event: 10.864 Loading class java/util/concurrent/CancellationException done
Event: 10.865 Loading class java/util/concurrent/CompletableFuture$UniAccept
Event: 10.865 Loading class java/util/concurrent/CompletableFuture$UniAccept done
Event: 10.865 Loading class java/util/concurrent/CompletableFuture$UniExceptionally
Event: 10.865 Loading class java/util/concurrent/CompletableFuture$UniExceptionally done
Event: 10.898 Loading class java/util/regex/PatternSyntaxException
Event: 10.898 Loading class java/util/regex/PatternSyntaxException done
Event: 13.941 Loading class java/io/FileReader
Event: 13.941 Loading class java/io/FileReader done
Event: 13.941 Loading class java/lang/UnsupportedClassVersionError
Event: 13.941 Loading class java/lang/UnsupportedClassVersionError done

Classes unloaded (7 events):
Event: 4.027 Thread 0x000001f2c9833ff0 Unloading class 0x000001f281190c00 'java/lang/invoke/LambdaForm$MH+0x000001f281190c00'
Event: 4.027 Thread 0x000001f2c9833ff0 Unloading class 0x000001f281190800 'java/lang/invoke/LambdaForm$MH+0x000001f281190800'
Event: 4.027 Thread 0x000001f2c9833ff0 Unloading class 0x000001f281190400 'java/lang/invoke/LambdaForm$MH+0x000001f281190400'
Event: 4.027 Thread 0x000001f2c9833ff0 Unloading class 0x000001f281190000 'java/lang/invoke/LambdaForm$MH+0x000001f281190000'
Event: 4.027 Thread 0x000001f2c9833ff0 Unloading class 0x000001f28118fc00 'java/lang/invoke/LambdaForm$BMH+0x000001f28118fc00'
Event: 4.027 Thread 0x000001f2c9833ff0 Unloading class 0x000001f28118f800 'java/lang/invoke/LambdaForm$DMH+0x000001f28118f800'
Event: 4.027 Thread 0x000001f2c9833ff0 Unloading class 0x000001f28118e400 'java/lang/invoke/LambdaForm$DMH+0x000001f28118e400'

Classes redefined (0 events):
No events

Internal exceptions (20 events):
Event: 5.745 Thread 0x000001f2e7a88b40 Exception <a 'java/lang/NoSuchMethodError'{0x00000000d6955cc8}: 'int java.lang.invoke.DirectMethodHandle$Holder.invokeStaticInit(java.lang.Object, float, float)'> (0x00000000d6955cc8) 
thrown [s\src\hotspot\share\interpreter\linkResolver.cpp, line 773]
Event: 5.746 Thread 0x000001f2e7a88b40 Exception <a 'java/lang/NoSuchMethodError'{0x00000000d695cc48}: 'int java.lang.invoke.DirectMethodHandle$Holder.invokeStaticInit(java.lang.Object, double, double)'> (0x00000000d695cc48) 
thrown [s\src\hotspot\share\interpreter\linkResolver.cpp, line 773]
Event: 5.746 Thread 0x000001f2e7a88b40 Exception <a 'java/lang/NoSuchMethodError'{0x00000000d6961460}: 'int java.lang.invoke.DirectMethodHandle$Holder.invokeStatic(java.lang.Object, long)'> (0x00000000d6961460) 
thrown [s\src\hotspot\share\interpreter\linkResolver.cpp, line 773]
Event: 5.750 Thread 0x000001f2e7a88b40 Exception <a 'java/lang/NoSuchMethodError'{0x00000000d69805f8}: 'int java.lang.invoke.Invokers$Holder.linkToTargetMethod(java.lang.Object, java.lang.Object)'> (0x00000000d69805f8) 
thrown [s\src\hotspot\share\interpreter\linkResolver.cpp, line 773]
Event: 8.889 Thread 0x000001f2e7a856c0 Exception <a 'java/lang/NoSuchMethodError'{0x00000000d55f9638}: 'java.lang.Object java.lang.invoke.DirectMethodHandle$Holder.invokeSpecial(java.lang.Object, java.lang.Object, int, long)'> (0x00000000d55f9638) 
thrown [s\src\hotspot\share\interpreter\linkResolver.cpp, line 773]
Event: 9.626 Thread 0x000001f2e7a856c0 Exception <a 'java/lang/NoSuchMethodError'{0x00000000d5ae3970}: 'int java.lang.invoke.DirectMethodHandle$Holder.invokeSpecialIFC(java.lang.Object, java.lang.Object, java.lang.Object)'> (0x00000000d5ae3970) 
thrown [s\src\hotspot\share\interpreter\linkResolver.cpp, line 773]
Event: 9.915 Thread 0x000001f2e7a856c0 Exception <a 'java/lang/NoSuchMethodError'{0x00000000d6218880}: 'java.lang.Object java.lang.invoke.DirectMethodHandle$Holder.invokeStatic(java.lang.Object, int, java.lang.Object)'> (0x00000000d6218880) 
thrown [s\src\hotspot\share\interpreter\linkResolver.cpp, line 773]
Event: 9.975 Thread 0x000001f2e7a856c0 Exception <a 'java/lang/NoSuchMethodError'{0x00000000d63122b8}: 'int java.lang.invoke.DirectMethodHandle$Holder.invokeSpecial(java.lang.Object, java.lang.Object, java.lang.Object, java.lang.Object)'> (0x00000000d63122b8) 
thrown [s\src\hotspot\share\interpreter\linkResolver.cpp, line 773]
Event: 10.076 Thread 0x000001f2e7a856c0 Exception <a 'java/lang/NoSuchMethodError'{0x00000000d6545dc0}: 'java.lang.Object java.lang.invoke.DirectMethodHandle$Holder.invokeStatic(java.lang.Object, java.lang.Object, int, java.lang.Object, java.lang.Object)'> (0x00000000d6545dc0) 
thrown [s\src\hotspot\share\interpreter\linkResolver.cpp, line 773]
Event: 10.234 Thread 0x000001f2e7a856c0 Exception <a 'java/io/FileNotFoundException'{0x00000000d68b9280}> (0x00000000d68b9280) 
thrown [s\src\hotspot\share\prims\jni.cpp, line 520]
Event: 10.235 Thread 0x000001f2e7a856c0 Exception <a 'java/io/FileNotFoundException'{0x00000000d68ba2c0}> (0x00000000d68ba2c0) 
thrown [s\src\hotspot\share\prims\jni.cpp, line 520]
Event: 10.235 Thread 0x000001f2e7a856c0 Exception <a 'java/io/FileNotFoundException'{0x00000000d68bb2e8}> (0x00000000d68bb2e8) 
thrown [s\src\hotspot\share\prims\jni.cpp, line 520]
Event: 10.857 Thread 0x000001f2e7a88b40 Exception <a 'java/lang/IncompatibleClassChangeError'{0x00000000d569fa50}: Found class java.lang.Object, but interface was expected> (0x00000000d569fa50) 
thrown [s\src\hotspot\share\interpreter\linkResolver.cpp, line 840]
Event: 10.873 Thread 0x000001f2e7a85d50 Exception <a 'java/lang/NoSuchMethodError'{0x00000000d571c7e0}: 'java.lang.Object java.lang.invoke.DirectMethodHandle$Holder.invokeSpecial(java.lang.Object, java.lang.Object, java.lang.Object, java.lang.Object, int, java.lang.Object, java.lang.Object)'> (0x00000000d571c7e0) 
thrown [s\src\hotspot\share\interpreter\linkResolver.cpp, line 773]
Event: 11.531 Thread 0x000001f2e7a88b40 Exception <a 'java/lang/IncompatibleClassChangeError'{0x00000000d59d9090}: Found class java.lang.Object, but interface was expected> (0x00000000d59d9090) 
thrown [s\src\hotspot\share\interpreter\linkResolver.cpp, line 840]
Event: 11.552 Thread 0x000001f2e7a863e0 Exception <a 'java/lang/ArrayIndexOutOfBoundsException'{0x00000000d5ad25e0}> (0x00000000d5ad25e0) 
thrown [s\src\hotspot\share\runtime\sharedRuntime.cpp, line 625]
Event: 13.899 Thread 0x000001f2e7a88b40 Exception <a 'java/lang/IncompatibleClassChangeError'{0x00000000d59e8bf0}: Found class java.lang.Object, but interface was expected> (0x00000000d59e8bf0) 
thrown [s\src\hotspot\share\interpreter\linkResolver.cpp, line 840]
Event: 13.982 Thread 0x000001f2e7a863e0 Exception <a 'java/lang/NoSuchMethodError'{0x00000000d5cb1060}: 'int java.lang.invoke.Invokers$Holder.invokeExact_MT(java.lang.Object, java.lang.Object)'> (0x00000000d5cb1060) 
thrown [s\src\hotspot\share\interpreter\linkResolver.cpp, line 773]
Event: 14.036 Thread 0x000001f2e7a863e0 Exception <a 'java/lang/NoSuchMethodError'{0x00000000d5e33080}: 'int java.lang.invoke.DirectMethodHandle$Holder.invokeInterface(java.lang.Object, java.lang.Object)'> (0x00000000d5e33080) 
thrown [s\src\hotspot\share\interpreter\linkResolver.cpp, line 773]
Event: 14.037 Thread 0x000001f2e7a863e0 Exception <a 'java/lang/IncompatibleClassChangeError'{0x00000000d5e365a8}: Found class java.lang.Object, but interface was expected> (0x00000000d5e365a8) 
thrown [s\src\hotspot\share\interpreter\linkResolver.cpp, line 840]

ZGC Phase Switch (0 events):
No events

VM Operations (20 events):
Event: 10.094 Executing safepoint VM operation: ICBufferFull
Event: 10.095 Executing safepoint VM operation: ICBufferFull done
Event: 10.272 Executing safepoint VM operation: ICBufferFull
Event: 10.272 Executing safepoint VM operation: ICBufferFull done
Event: 10.307 Executing safepoint VM operation: ParallelGCFailedAllocation (Allocation Failure)
Event: 10.310 Executing safepoint VM operation: ParallelGCFailedAllocation (Allocation Failure) done
Event: 11.318 Executing safepoint VM operation: Cleanup
Event: 11.318 Executing safepoint VM operation: Cleanup done
Event: 12.333 Executing safepoint VM operation: Cleanup
Event: 12.333 Executing safepoint VM operation: Cleanup done
Event: 13.932 Executing non-safepoint VM operation: HandshakeAllThreads (Deoptimize)
Event: 13.932 Executing non-safepoint VM operation: HandshakeAllThreads (Deoptimize) done
Event: 13.932 Executing safepoint VM operation: Cleanup
Event: 13.932 Executing safepoint VM operation: Cleanup done
Event: 13.975 Executing non-safepoint VM operation: HandshakeAllThreads (Deoptimize)
Event: 13.975 Executing non-safepoint VM operation: HandshakeAllThreads (Deoptimize) done
Event: 14.989 Executing safepoint VM operation: Cleanup
Event: 15.084 Executing safepoint VM operation: Cleanup done
Event: 16.098 Executing safepoint VM operation: Cleanup
Event: 16.098 Executing safepoint VM operation: Cleanup done

Memory protections (0 events):
No events

Nmethod flushes (20 events):
Event: 7.217 Thread 0x000001f2c9833ff0 flushing  nmethod 0x000001f2cce23210
Event: 7.217 Thread 0x000001f2c9833ff0 flushing  nmethod 0x000001f2cce7c790
Event: 7.217 Thread 0x000001f2c9833ff0 flushing  nmethod 0x000001f2ccec8910
Event: 7.217 Thread 0x000001f2c9833ff0 flushing  nmethod 0x000001f2cceef590
Event: 7.217 Thread 0x000001f2c9833ff0 flushing  nmethod 0x000001f2cceeff90
Event: 7.217 Thread 0x000001f2c9833ff0 flushing  nmethod 0x000001f2ccef4890
Event: 7.217 Thread 0x000001f2c9833ff0 flushing  nmethod 0x000001f2ccef6010
Event: 7.217 Thread 0x000001f2c9833ff0 flushing  nmethod 0x000001f2ccf16410
Event: 7.217 Thread 0x000001f2c9833ff0 flushing  nmethod 0x000001f2ccf4a610
Event: 7.217 Thread 0x000001f2c9833ff0 flushing  nmethod 0x000001f2ccf4df90
Event: 7.217 Thread 0x000001f2c9833ff0 flushing  nmethod 0x000001f2ccf4e610
Event: 7.217 Thread 0x000001f2c9833ff0 flushing  nmethod 0x000001f2ccf8b110
Event: 7.217 Thread 0x000001f2c9833ff0 flushing  nmethod 0x000001f2ccf8be10
Event: 7.217 Thread 0x000001f2c9833ff0 flushing  nmethod 0x000001f2ccf8c210
Event: 7.217 Thread 0x000001f2c9833ff0 flushing  nmethod 0x000001f2ccf8c990
Event: 7.217 Thread 0x000001f2c9833ff0 flushing  nmethod 0x000001f2ccf8d310
Event: 7.217 Thread 0x000001f2c9833ff0 flushing  nmethod 0x000001f2ccf95890
Event: 7.217 Thread 0x000001f2c9833ff0 flushing  nmethod 0x000001f2ccf9d410
Event: 7.217 Thread 0x000001f2c9833ff0 flushing  nmethod 0x000001f2ccf9fe10
Event: 7.217 Thread 0x000001f2c9833ff0 flushing  nmethod 0x000001f2ccfa7f90

Events (20 events):
Event: 4.995 Thread 0x000001f2c989c2e0 Thread added: 0x000001f2e7a88b40
Event: 5.476 Thread 0x000001f2e7662730 Thread exited: 0x000001f2e7662730
Event: 5.476 Thread 0x000001f2e7412390 Thread exited: 0x000001f2e7412390
Event: 5.665 Thread 0x000001f2e2193290 Thread added: 0x000001f2e8d62010
Event: 5.827 Thread 0x000001f2e2193290 Thread added: 0x000001f2e252e010
Event: 7.396 Thread 0x000001f2e252e010 Thread exited: 0x000001f2e252e010
Event: 7.398 Thread 0x000001f2e8d62010 Thread exited: 0x000001f2e8d62010
Event: 7.875 Thread 0x000001f2e218da10 Thread added: 0x000001f2e8d62010
Event: 7.902 Thread 0x000001f2e218da10 Thread added: 0x000001f2e2d1d5f0
Event: 8.289 Thread 0x000001f2e2d1d5f0 Thread exited: 0x000001f2e2d1d5f0
Event: 8.487 Thread 0x000001f2e2193290 Thread added: 0x000001f2e2d1d5f0
Event: 9.496 Thread 0x000001f2e2d1d5f0 Thread exited: 0x000001f2e2d1d5f0
Event: 9.512 Thread 0x000001f2e8d62010 Thread exited: 0x000001f2e8d62010
Event: 9.775 Thread 0x000001f2e2193290 Thread added: 0x000001f2e2d1d5f0
Event: 10.349 Thread 0x000001f2e2193290 Thread added: 0x000001f2e2cf3780
Event: 10.858 Thread 0x000001f2e2cf3780 Thread exited: 0x000001f2e2cf3780
Event: 10.858 Thread 0x000001f2e2d1d5f0 Thread exited: 0x000001f2e2d1d5f0
Event: 10.865 Thread 0x000001f2e7a88b40 Thread added: 0x000001f2e7a85d50
Event: 10.917 Thread 0x000001f2e7a88b40 Thread added: 0x000001f2e7a863e0
Event: 14.045 Thread 0x000001f2e2193290 Thread added: 0x000001f2e789fd70


Dynamic libraries:
0x00007ff6e8920000 - 0x00007ff6e892e000 	c:\Users\Administrator\.vscode\extensions\redhat.java-1.55.0-win32-x64\jre\21.0.11-win32-x86_64\bin\java.exe
0x00007ffebf9a0000 - 0x00007ffebfc06000 	C:\WINDOWS\SYSTEM32\ntdll.dll
0x00007ffebd6d0000 - 0x00007ffebd799000 	C:\WINDOWS\System32\KERNEL32.DLL
0x00007ffebcd40000 - 0x00007ffebd13f000 	C:\WINDOWS\System32\KERNELBASE.dll
0x00007ffebd410000 - 0x00007ffebd55c000 	C:\WINDOWS\System32\ucrtbase.dll
0x00007ffea6730000 - 0x00007ffea674e000 	c:\Users\Administrator\.vscode\extensions\redhat.java-1.55.0-win32-x64\jre\21.0.11-win32-x86_64\bin\VCRUNTIME140.dll
0x00007ffea67d0000 - 0x00007ffea67e8000 	c:\Users\Administrator\.vscode\extensions\redhat.java-1.55.0-win32-x64\jre\21.0.11-win32-x86_64\bin\jli.dll
0x00007ffebf790000 - 0x00007ffebf956000 	C:\WINDOWS\System32\USER32.dll
0x00007ffebd6a0000 - 0x00007ffebd6c7000 	C:\WINDOWS\System32\win32u.dll
0x00007ffe9ccb0000 - 0x00007ffe9cf41000 	C:\WINDOWS\WinSxS\amd64_microsoft.windows.common-controls_6595b64144ccf1df_6.0.26100.8972_none_3e0da176e32f9d4b\COMCTL32.dll
0x00007ffebe960000 - 0x00007ffebe98b000 	C:\WINDOWS\System32\GDI32.dll
0x00007ffebd810000 - 0x00007ffebd8b9000 	C:\WINDOWS\System32\msvcrt.dll
0x00007ffebd570000 - 0x00007ffebd699000 	C:\WINDOWS\System32\gdi32full.dll
0x00007ffebd360000 - 0x00007ffebd403000 	C:\WINDOWS\System32\msvcp_win.dll
0x00007ffebe7c0000 - 0x00007ffebe7f2000 	C:\WINDOWS\System32\IMM32.DLL
0x00007ffeb90b0000 - 0x00007ffeb90bc000 	c:\Users\Administrator\.vscode\extensions\redhat.java-1.55.0-win32-x64\jre\21.0.11-win32-x86_64\bin\vcruntime140_1.dll
0x00007ffe977b0000 - 0x00007ffe9783d000 	c:\Users\Administrator\.vscode\extensions\redhat.java-1.55.0-win32-x64\jre\21.0.11-win32-x86_64\bin\msvcp140.dll
0x00007ffe2cab0000 - 0x00007ffe2d852000 	c:\Users\Administrator\.vscode\extensions\redhat.java-1.55.0-win32-x64\jre\21.0.11-win32-x86_64\bin\server\jvm.dll
0x00007ffebf370000 - 0x00007ffebf42c000 	C:\WINDOWS\System32\ADVAPI32.dll
0x00007ffebf570000 - 0x00007ffebf61a000 	C:\WINDOWS\System32\sechost.dll
0x00007ffebda50000 - 0x00007ffebdb68000 	C:\WINDOWS\System32\RPCRT4.dll
0x00007ffebf700000 - 0x00007ffebf782000 	C:\WINDOWS\System32\WS2_32.dll
0x00007ffeb5210000 - 0x00007ffeb521b000 	C:\WINDOWS\SYSTEM32\VERSION.dll
0x00007ffeb50b0000 - 0x00007ffeb50e6000 	C:\WINDOWS\SYSTEM32\WINMM.dll
0x00007ffebca30000 - 0x00007ffebca8e000 	C:\WINDOWS\SYSTEM32\POWRPROF.dll
0x00007ffebca10000 - 0x00007ffebca25000 	C:\WINDOWS\SYSTEM32\UMPDC.dll
0x00007ffebb860000 - 0x00007ffebb87b000 	C:\WINDOWS\SYSTEM32\kernel.appcore.dll
0x00007ffeb50f0000 - 0x00007ffeb50fa000 	c:\Users\Administrator\.vscode\extensions\redhat.java-1.55.0-win32-x64\jre\21.0.11-win32-x86_64\bin\jimage.dll
0x00007ffeb9fc0000 - 0x00007ffeba202000 	C:\WINDOWS\SYSTEM32\DBGHELP.DLL
0x00007ffebe430000 - 0x00007ffebe7b5000 	C:\WINDOWS\System32\combase.dll
0x00007ffebe800000 - 0x00007ffebe8d9000 	C:\WINDOWS\System32\OLEAUT32.dll
0x00007ffe94f90000 - 0x00007ffe94fcb000 	C:\WINDOWS\SYSTEM32\dbgcore.DLL
0x00007ffebd2a0000 - 0x00007ffebd34c000 	C:\WINDOWS\System32\bcryptPrimitives.dll
0x00007ffeb49d0000 - 0x00007ffeb49df000 	c:\Users\Administrator\.vscode\extensions\redhat.java-1.55.0-win32-x64\jre\21.0.11-win32-x86_64\bin\instrument.dll
0x00007ffea66f0000 - 0x00007ffea6710000 	c:\Users\Administrator\.vscode\extensions\redhat.java-1.55.0-win32-x64\jre\21.0.11-win32-x86_64\bin\java.dll
0x00007ffebe9e0000 - 0x00007ffebf168000 	C:\WINDOWS\System32\SHELL32.dll
0x00007ffeba620000 - 0x00007ffebaebb000 	C:\WINDOWS\SYSTEM32\windows.storage.dll
0x00007ffebf450000 - 0x00007ffebf549000 	C:\WINDOWS\System32\SHCORE.dll
0x00007ffebd7a0000 - 0x00007ffebd806000 	C:\WINDOWS\System32\shlwapi.dll
0x00007ffebcad0000 - 0x00007ffebcaf9000 	C:\WINDOWS\SYSTEM32\profapi.dll
0x00007ffea4c00000 - 0x00007ffea4c18000 	c:\Users\Administrator\.vscode\extensions\redhat.java-1.55.0-win32-x64\jre\21.0.11-win32-x86_64\bin\zip.dll
0x00007ffeb0890000 - 0x00007ffeb08a0000 	C:\Users\Administrator\.vscode\extensions\redhat.java-1.55.0-win32-x64\jre\21.0.11-win32-x86_64\bin\net.dll
0x00007ffeb5560000 - 0x00007ffeb5688000 	C:\WINDOWS\SYSTEM32\WINHTTP.dll
0x00007ffebbdf0000 - 0x00007ffebbe5c000 	C:\WINDOWS\system32\mswsock.dll
0x00007ffea4950000 - 0x00007ffea4966000 	C:\Users\Administrator\.vscode\extensions\redhat.java-1.55.0-win32-x64\jre\21.0.11-win32-x86_64\bin\nio.dll
0x00007ffeafc40000 - 0x00007ffeafc50000 	c:\Users\Administrator\.vscode\extensions\redhat.java-1.55.0-win32-x64\jre\21.0.11-win32-x86_64\bin\verify.dll
0x00007ffea4380000 - 0x00007ffea43c5000 	C:\Users\Administrator\AppData\Roaming\Code\User\globalStorage\redhat.java\1.55.0\config_ss_win\org.eclipse.equinox.launcher\org.eclipse.equinox.launcher.win32.win32.x86_64_1.3.100.v20260613-0559\eclipse_11924.dll
0x00007ffebe290000 - 0x00007ffebe429000 	C:\WINDOWS\System32\ole32.dll
0x00007ffebc210000 - 0x00007ffebc22b000 	C:\WINDOWS\SYSTEM32\CRYPTSP.dll
0x00007ffebb7c0000 - 0x00007ffebb7f9000 	C:\WINDOWS\system32\rsaenh.dll
0x00007ffebbea0000 - 0x00007ffebbed2000 	C:\WINDOWS\SYSTEM32\USERENV.dll
0x00007ffebcaa0000 - 0x00007ffebcaca000 	C:\WINDOWS\SYSTEM32\bcrypt.dll
0x00007ffebc1e0000 - 0x00007ffebc1ec000 	C:\WINDOWS\SYSTEM32\CRYPTBASE.dll
0x00007ffebb210000 - 0x00007ffebb243000 	C:\WINDOWS\SYSTEM32\IPHLPAPI.DLL
0x00007ffebf440000 - 0x00007ffebf44a000 	C:\WINDOWS\System32\NSI.dll
0x00007ffe94610000 - 0x00007ffe94659000 	C:\Users\Administrator\AppData\Local\Temp\jna-146731693\jna7891166701920425744.dll
0x00007ffebe280000 - 0x00007ffebe288000 	C:\WINDOWS\System32\PSAPI.DLL
0x00007ffeb65f0000 - 0x00007ffeb660d000 	C:\WINDOWS\SYSTEM32\dhcpcsvc6.DLL
0x00007ffeb60c0000 - 0x00007ffeb60e5000 	C:\WINDOWS\SYSTEM32\dhcpcsvc.DLL

JVMTI agents:
c:\Users\Administrator\.vscode\extensions\redhat.java-1.55.0-win32-x64\lombok\lombok-1.18.39-4050.jar path:c:\Users\Administrator\.vscode\extensions\redhat.java-1.55.0-win32-x64\jre\21.0.11-win32-x86_64\bin\instrument.dll, loaded, initialized, instrumentlib options:none

dbghelp: loaded successfully - version: 4.0.5 - missing functions: none
symbol engine: initialized successfully - sym options: 0x614 - pdb path: .;c:\Users\Administrator\.vscode\extensions\redhat.java-1.55.0-win32-x64\jre\21.0.11-win32-x86_64\bin;C:\WINDOWS\SYSTEM32;C:\WINDOWS\WinSxS\amd64_microsoft.windows.common-controls_6595b64144ccf1df_6.0.26100.8972_none_3e0da176e32f9d4b;c:\Users\Administrator\.vscode\extensions\redhat.java-1.55.0-win32-x64\jre\21.0.11-win32-x86_64\bin\server;C:\Users\Administrator\AppData\Roaming\Code\User\globalStorage\redhat.java\1.55.0\config_ss_win\org.eclipse.equinox.launcher\org.eclipse.equinox.launcher.win32.win32.x86_64_1.3.100.v20260613-0559;C:\Users\Administrator\AppData\Local\Temp\jna-146731693

VM Arguments:
jvm_args: --add-modules=ALL-SYSTEM --add-opens=java.base/java.util=ALL-UNNAMED --add-opens=java.base/java.lang=ALL-UNNAMED --add-opens=java.base/sun.nio.fs=ALL-UNNAMED -Declipse.application=org.eclipse.jdt.ls.core.id1 -Dosgi.bundles.defaultStartLevel=4 -Declipse.product=org.eclipse.jdt.ls.core.product -Djava.import.generatesMetadataFilesAtProjectRoot=false -DDetectVMInstallationsJob.disabled=true -Dfile.encoding=utf8 -XX:+UseParallelGC -XX:GCTimeRatio=4 -XX:AdaptiveSizePolicyWeight=90 -Dsun.zip.disableMemoryMapping=true -Xmx2G -Xms100m -Xlog:disable -javaagent:c:\Users\Administrator\.vscode\extensions\redhat.java-1.55.0-win32-x64\lombok\lombok-1.18.39-4050.jar 
java_command: c:\Users\Administrator\.vscode\extensions\redhat.java-1.55.0-win32-x64\server\plugins\org.eclipse.equinox.launcher_1.7.200.v20260619-2039.jar -configuration c:\Users\Administrator\AppData\Roaming\Code\User\globalStorage\redhat.java\1.55.0\config_ss_win -data c:\Users\Administrator\AppData\Roaming\Code\User\workspaceStorage\47d38d0315a5049dedd72c8bc73d439b\redhat.java\ss_ws --pipe=\\.\pipe\lsp-ab9eee21d8f479857263b076fb2a0bfe-sock
java_class_path (initial): c:\Users\Administrator\.vscode\extensions\redhat.java-1.55.0-win32-x64\server\plugins\org.eclipse.equinox.launcher_1.7.200.v20260619-2039.jar
Launcher Type: SUN_STANDARD

[Global flags]
    uintx AdaptiveSizePolicyWeight                 = 90                                        {product} {command line}
     intx CICompilerCount                          = 4                                         {product} {ergonomic}
    uintx GCTimeRatio                              = 4                                         {product} {command line}
   size_t InitialHeapSize                          = 104857600                                 {product} {command line}
   size_t MaxHeapSize                              = 2147483648                                {product} {command line}
   size_t MaxNewSize                               = 715653120                                 {product} {ergonomic}
   size_t MinHeapDeltaBytes                        = 524288                                    {product} {ergonomic}
   size_t MinHeapSize                              = 104857600                                 {product} {command line}
   size_t NewSize                                  = 34603008                                  {product} {ergonomic}
    uintx NonNMethodCodeHeapSize                   = 5839372                                {pd product} {ergonomic}
    uintx NonProfiledCodeHeapSize                  = 122909434                              {pd product} {ergonomic}
   size_t OldSize                                  = 70254592                                  {product} {ergonomic}
    uintx ProfiledCodeHeapSize                     = 122909434                              {pd product} {ergonomic}
    uintx ReservedCodeCacheSize                    = 251658240                              {pd product} {ergonomic}
     bool SegmentedCodeCache                       = true                                      {product} {ergonomic}
   size_t SoftMaxHeapSize                          = 2147483648                             {manageable} {ergonomic}
     bool UseCompressedOops                        = true                           {product lp64_product} {ergonomic}
     bool UseLargePagesIndividualAllocation        = false                                  {pd product} {ergonomic}
     bool UseParallelGC                            = true                                      {product} {command line}

Logging:
Log output configuration:
 #0: stdout all=off uptime,level,tags foldmultilines=false
 #1: stderr all=off uptime,level,tags foldmultilines=false

Release file:
JAVA_VERSION="21.0.11" 
MODULES="java.base java.compiler java.datatransfer java.xml java.prefs java.desktop java.instrument java.logging java.management java.security.sasl java.naming java.rmi java.management.rmi java.net.http java.scripting java.security.jgss java.transaction.xa java.sql java.sql.rowset java.xml.crypto java.se java.smartcardio jdk.accessibility jdk.internal.jvmstat jdk.attach jdk.charsets jdk.internal.opt jdk.zipfs jdk.compiler jdk.crypto.ec jdk.crypto.cryptoki jdk.crypto.mscapi jdk.dynalink jdk.internal.ed jdk.editpad jdk.hotspot.agent jdk.httpserver jdk.internal.le jdk.internal.vm.ci jdk.internal.vm.compiler jdk.internal.vm.compiler.management jdk.jartool jdk.javadoc jdk.jcmd jdk.management jdk.management.agent jdk.jconsole jdk.jdeps jdk.jdwp.agent jdk.jdi jdk.jfr jdk.jshell jdk.jsobject jdk.jstatd jdk.localedata jdk.management.jfr jdk.naming.dns jdk.naming.rmi jdk.net jdk.nio.mapmode jdk.random jdk.sctp jdk.security.auth jdk.security.jgss jdk.unsupported jdk.unsupported.desktop jdk.xml.dom" 

Environment Variables:
PATH=C:\Program Files\Common Files\Oracle\Java\javapath;C:\WINDOWS\system32;C:\WINDOWS;C:\WINDOWS\System32\Wbem;C:\WINDOWS\System32\WindowsPowerShell\v1.0\;C:\WINDOWS\System32\OpenSSH\;C:\Program Files\nodejs\;C:\Program Files\Git\cmd;C:\Users\Administrator\AppData\Local\Programs\Python\Python313\Scripts\;C:\Users\Administrator\AppData\Local\Programs\Python\Python313\;C:\Users\Administrator\AppData\Local\Programs\Python\Launcher\;C:\Users\Administrator\AppData\Local\Microsoft\WindowsApps;C:\Users\Administrator\AppData\Local\Programs\Microsoft VS Code\bin;C:\Users\Administrator\AppData\Local\GitHubDesktop\bin;C:\Users\Administrator\AppData\Roaming\npm;C:\Users\Administrator\AppData\Local\devin\cli\bin
USERNAME=Administrator
OS=Windows_NT
PROCESSOR_IDENTIFIER=AMD64 Family 25 Model 80 Stepping 0, AuthenticAMD
TMP=C:\Users\ADMINI~1\AppData\Local\Temp
TEMP=C:\Users\ADMINI~1\AppData\Local\Temp




Periodic native trim disabled

---------------  S Y S T E M  ---------------

OS:
 Windows 11 , 64 bit Build 26100 (10.0.26100.9168)
OS uptime: 0 days 8:00 hours
Hyper-V role detected

CPU: total 12 (initial active 12) (12 cores per cpu, 2 threads per core) family 25 model 80 stepping 0 microcode 0xa500014, cx8, cmov, fxsr, ht, mmx, 3dnowpref, sse, sse2, sse3, ssse3, sse4a, sse4.1, sse4.2, popcnt, lzcnt, tsc, tscinvbit, avx, avx2, aes, erms, clmul, bmi1, bmi2, adx, sha, fma, vzeroupper, clflush, clflushopt, hv, rdtscp, rdpid, fsrm, f16c, cet_ss
Processor Information for the first 12 processors :
  Max Mhz: 2301, Current Mhz: 2301, Mhz Limit: 2301

Memory: 4k page, system-wide physical 15681M (2600M free)
TotalPageFile size 46080M (AvailPageFile size 340M)
current process WorkingSet (physical memory assigned to process): 200M, peak: 213M
current process commit charge ("private bytes"): 317M, peak: 328M

vm_info: OpenJDK 64-Bit Server VM (21.0.11+10-LTS) for windows-amd64 JRE (21.0.11+10-LTS), built on 2026-04-21T00:00:00Z by "admin" with MS VC++ 17.12 (VS2022)

END.
